`` Cleaning up...
src/map/if/acd/ac_wrapper.o
src/misc/util/utilPrefix.o
src/opt/rar/rewireMiaig.o
src/opt/eslim/eSLIM.o
src/opt/eslim/eslimCirMan.o
src/opt/eslim/relationGeneration.o
src/opt/eslim/subcircuit.o
src/opt/eslim/relationSynthesiser.o
src/opt/eslim/areaEngine.o
src/opt/eslim/delayEngine.o
src/opt/ufar/UfarCmd.o
src/opt/ufar/UfarPth.o
src/opt/ufar/UfarMgr.o
src/opt/untk/NtkCmd.o
src/opt/untk/Netlist.o
src/opt/untk/NtkNtk.o
src/opt/util/util.o
src/sat/glucose/AbcGlucose.o
src/sat/glucose/AbcGlucoseCmd.o
src/sat/glucose/Glucose.o
src/sat/glucose/Options.o
src/sat/glucose/SimpSolver.o
src/sat/glucose/System.o
src/sat/glucose2/AbcGlucose2.o
src/sat/glucose2/AbcGlucoseCmd2.o
src/sat/glucose2/Glucose2.o
src/sat/glucose2/Options2.o
src/sat/glucose2/SimpSolver2.o
src/sat/glucose2/System2.o
src/sat/cadical/cadical_analyze.o
src/sat/cadical/cadical_arena.o
src/sat/cadical/cadical_assume.o
src/sat/cadical/cadical_averages.o
src/sat/cadical/cadical_backbone.o
src/sat/cadical/cadical_backtrack.o
src/sat/cadical/cadical_backward.o
src/sat/cadical/cadical_bins.o
src/sat/cadical/cadical_block.o
src/sat/cadical/cadical_ccadical.o
src/sat/cadical/cadical_checker.o
src/sat/cadical/cadical_clause.o
src/sat/cadical/cadical_collect.o
src/sat/cadical/cadical_compact.o
src/sat/cadical/cadical_condition.o
src/sat/cadical/cadical_config.o
src/sat/cadical/cadical_congruence.o
src/sat/cadical/cadical_constrain.o
src/sat/cadical/cadical_contract.o
src/sat/cadical/cadical_cover.o
src/sat/cadical/cadical_decide.o
src/sat/cadical/cadical_decompose.o
src/sat/cadical/cadical_deduplicate.o
src/sat/cadical/cadical_definition.o
src/sat/cadical/cadical_drattracer.o
src/sat/cadical/cadical_elim.o
src/sat/cadical/cadical_elimfast.o
src/sat/cadical/cadical_ema.o
src/sat/cadical/cadical_extend.o
src/sat/cadical/cadical_external.o
src/sat/cadical/cadical_external_propagate.o
src/sat/cadical/cadical_factor.o
src/sat/cadical/cadical_file.o
src/sat/cadical/cadical_flags.o
src/sat/cadical/cadical_flip.o
src/sat/cadical/cadical_format.o
src/sat/cadical/cadical_frattracer.o
src/sat/cadical/cadical_gates.o
src/sat/cadical/cadical_idruptracer.o
src/sat/cadical/cadical_instantiate.o
src/sat/cadical/cadical_internal.o
src/sat/cadical/cadical_ipasir.o
src/sat/cadical/cadical_lidruptracer.o
src/sat/cadical/cadical_limit.o
src/sat/cadical/cadical_logging.o
src/sat/cadical/cadical_lookahead.o
src/sat/cadical/cadical_lratchecker.o
src/sat/cadical/cadical_lrattracer.o
src/sat/cadical/cadical_lucky.o
src/sat/cadical/cadical_message.o
src/sat/cadical/cadical_minimize.o
src/sat/cadical/cadical_occs.o
src/sat/cadical/cadical_options.o
src/sat/cadical/cadical_parse.o
src/sat/cadical/cadical_phases.o
src/sat/cadical/cadical_probe.o
src/sat/cadical/cadical_profile.o
src/sat/cadical/cadical_proof.o
src/sat/cadical/cadical_propagate.o
src/sat/cadical/cadical_queue.o
src/sat/cadical/cadical_random.o
src/sat/cadical/cadical_reap.o
src/sat/cadical/cadical_reduce.o
src/sat/cadical/cadical_rephase.o
src/sat/cadical/cadical_report.o
src/sat/cadical/cadical_resources.o
src/sat/cadical/cadical_restart.o
src/sat/cadical/cadical_restore.o
src/sat/cadical/cadical_score.o
src/sat/cadical/cadical_shrink.o
src/sat/cadical/cadical_signal.o
src/sat/cadical/cadical_solution.o
src/sat/cadical/cadical_solver.o
src/sat/cadical/cadical_stable.o
src/sat/cadical/cadical_stats.o
src/sat/cadical/cadical_subsume.o
src/sat/cadical/cadical_sweep.o
src/sat/cadical/cadical_terminal.o
src/sat/cadical/cadical_ternary.o
src/sat/cadical/cadical_tier.o
src/sat/cadical/cadical_transred.o
src/sat/cadical/cadical_unstable.o
src/sat/cadical/cadical_util.o
src/sat/cadical/cadical_var.o
src/sat/cadical/cadical_veripbtracer.o
src/sat/cadical/cadical_version.o
src/sat/cadical/cadical_vivify.o
src/sat/cadical/cadical_walk.o
src/sat/cadical/cadical_walk_full_occs.o
src/sat/cadical/cadical_warmup.o
src/sat/cadical/cadical_watch.o
src/aig/gia/giaRrr.o
src/aig/gia/giaTransduction.o
src/aig/gia/giaTtopt.o
src/aig/gia/giaDecGraph.o
src/base/abc/abcAig.o
src/base/abc/abcBarBuf.o
src/base/abc/abcBlifMv.o
src/base/abc/abcCheck.o
src/base/abc/abcDfs.o
src/base/abc/abcFanio.o
src/base/abc/abcFanOrder.o
src/base/abc/abcFunc.o
src/base/abc/abcHie.o
src/base/abc/abcHieCec.o
src/base/abc/abcHieGia.o
src/base/abc/abcHieNew.o
src/base/abc/abcLatch.o
src/base/abc/abcLib.o
src/base/abc/abcMinBase.o
src/base/abc/abcNames.o
src/base/abc/abcNetlist.o
src/base/abc/abcNtk.o
src/base/abc/abcObj.o
src/base/abc/abcRefs.o
src/base/abc/abcShow.o
src/base/abc/abcSop.o
src/base/abc/abcUtil.o
src/base/abci/abc.o
src/base/abci/abcAttach.o
src/base/abci/abcAuto.o
src/base/abci/abcBalance.o
src/base/abci/abcBidec.o
src/base/abci/abcBm.o
src/base/abci/abcBmc.o
src/base/abci/abcCas.o
src/base/abci/abcCascade.o
src/base/abci/abcCollapse.o
src/base/abci/abcCut.o
src/base/abci/abcDar.o
src/base/abci/abcDebug.o
src/base/abci/abcDec.o
src/base/abci/abcDetect.o
src/base/abci/abcDress.o
src/base/abci/abcDress2.o
src/base/abci/abcDress3.o
src/base/abci/abcDsd.o
src/base/abci/abcEco.o
src/base/abci/abcExact.o
src/base/abci/abcExtract.o
src/base/abci/abcFraig.o
src/base/abci/abcFx.o
src/base/abci/abcFxu.o
src/base/abci/abcGen.o
src/base/abci/abcHaig.o
src/base/abci/abcIf.o
src/base/abci/abcIfif.o
src/base/abci/abcIfMux.o
src/base/abci/abcIvy.o
src/base/abci/abcLog.o
src/base/abci/abcLut.o
src/base/abci/abcLutmin.o
src/base/abci/abcMap.o
src/base/abci/abcMerge.o
src/base/abci/abcMfs.o
src/base/abci/abcMini.o
src/base/abci/abcMiter.o
src/base/abci/abcMulti.o
src/base/abci/abcNtbdd.o
src/base/abci/abcNpn.o
src/base/abci/abcNpnSave.o
src/base/abci/abcOrchestration.o
src/base/abci/abcOdc.o
src/base/abci/abcOrder.o
src/base/abci/abcPart.o
src/base/abci/abcPrint.o
src/base/abci/abcProve.o
src/base/abci/abcQbf.o
src/base/abci/abcQuant.o
src/base/abci/abcRec3.o
src/base/abci/abcReconv.o
src/base/abci/abcReach.o
src/base/abci/abcRefactor.o
src/base/abci/abcRenode.o
src/base/abci/abcReorder.o
src/base/abci/abcRestruct.o
src/base/abci/abcResub.o
src/base/abci/abcRewrite.o
src/base/abci/abcRpo.o
src/base/abci/abcRr.o
src/base/abci/abcRunGen.o
src/base/abci/abcSat.o
src/base/abci/abcSaucy.o
src/base/abci/abcScorr.o
src/base/abci/abcSense.o
src/base/abci/abcSpeedup.o
src/base/abci/abcStmap_0.o
src/base/abci/abcStmap_1.o
src/base/abci/abcStmap_2.o
src/base/abci/abcStmap_3.o
src/base/abci/abcStmap_4.o
src/base/abci/abcStmap_5.o
src/base/abci/abcStmap_6.o
src/base/abci/abcStmap_7.o
src/base/abci/abcStmap_8.o
src/base/abci/abcStmap_9.o
src/base/abci/abcStmap_10.o
src/base/abci/abcStmap_11.o
src/base/abci/abcStmap_12.o
src/base/abci/abcStmap_13.o
src/base/abci/abcStmap_14.o
src/base/abci/abcStmap_15.o
src/base/abci/abcStmap_16.o
src/base/abci/abcStmap_17.o
src/base/abci/abcStmap_18.o
src/base/abci/abcStmap_19.o
src/base/abci/abcStmap_20.o
src/base/abci/abcStmap_21.o
src/base/abci/abcStmap_22.o
src/base/abci/abcStrash.o
src/base/abci/abcSweep.o
src/base/abci/abcSymm.o
src/base/abci/abcTim.o
src/base/abci/abcTiming.o
src/base/abci/abcTopo.o
src/base/abci/abcUnate.o
src/base/abci/abcUnreach.o
src/base/abci/abcVerify.o
src/base/abci/abcXsim.o
src/base/cmd/cmd.o
src/base/cmd/cmdAlias.o
src/base/cmd/cmdApi.o
src/base/cmd/cmdAuto.o
src/base/cmd/cmdFlag.o
src/base/cmd/cmdHist.o
src/base/cmd/cmdLoad.o
src/base/cmd/cmdPlugin.o
src/base/cmd/cmdStarter.o
src/base/cmd/cmdUtils.o
src/base/io/io.o
src/base/io/ioJson.o
src/base/io/ioJsonc.o
src/base/io/ioReadAiger.o
src/base/io/ioReadBaf.o
src/base/io/ioReadBblif.o
src/base/io/ioReadBench.o
src/base/io/ioReadBlif.o
src/base/io/ioReadBlifAig.o
src/base/io/ioReadBlifMv.o
src/base/io/ioReadDsd.o
src/base/io/ioReadEdif.o
src/base/io/ioReadEqn.o
src/base/io/ioReadPla.o
src/base/io/ioReadPlaMo.o
src/base/io/ioReadVerilog.o
src/base/io/ioUtil.o
src/base/io/ioWriteAiger.o
src/base/io/ioWriteBaf.o
src/base/io/ioWriteBblif.o
src/base/io/ioWriteBench.o
src/base/io/ioWriteBlif.o
src/base/io/ioWriteBlifMv.o
src/base/io/ioWriteBook.o
src/base/io/ioWriteCnf.o
src/base/io/ioWriteDot.o
src/base/io/ioWriteEqn.o
src/base/io/ioWriteEdgelist.o
src/base/io/ioWriteGml.o
src/base/io/ioWriteHMetis.o
src/base/io/ioWriteList.o
src/base/io/ioWritePla.o
src/base/io/ioWriteVerilog.o
src/base/io/ioWriteSmv.o
src/base/main/main.o
src/base/main/mainFrame.o
src/base/main/mainInit.o
src/base/main/mainLib.o
src/base/main/mainReal.o
src/base/main/libSupport.o
src/base/main/mainUtils.o
src/base/exor/exor.o
src/base/exor/exorBits.o
src/base/exor/exorCubes.o
src/base/exor/exorLink.o
src/base/exor/exorList.o
src/base/exor/exorUtil.o
src/base/ver/verCore.o
src/base/ver/verFormula.o
src/base/ver/verParse.o
src/base/ver/verStream.o
src/base/wlc/wlcAbs.o
src/base/wlc/wlcAbs2.o
src/base/wlc/wlcAbc.o
src/base/wlc/wlcPth.o
src/base/wlc/wlcBlast.o
src/base/wlc/wlcCom.o
src/base/wlc/wlcGraft.o
src/base/wlc/wlcJson.o
src/base/wlc/wlcMem.o
src/base/wlc/wlcNdr.o
src/base/wlc/wlcNtk.o
src/base/wlc/wlcReadSmt.o
src/base/wlc/wlcReadVer.o
src/base/wlc/wlcSim.o
src/base/wlc/wlcShow.o
src/base/wlc/wlcStdin.o
src/base/wlc/wlcUif.o
src/base/wlc/wlcWin.o
src/base/wlc/wlcWriteVer.o
src/base/wln/wln.o
src/base/wln/wlnBlast.o
src/base/wln/wlnCom.o
src/base/wln/wlnGuide.o
src/base/wln/wlnMem.o
src/base/wln/wlnNdr.o
src/base/wln/wlnNtk.o
src/base/wln/wlnObj.o
src/base/wln/wlnRead.o
src/base/wln/wlnRetime.o
src/base/wln/wlnRtl.o
src/base/wln/wlnWlc.o
src/base/wln/wlnWriteVer.o
src/base/acb/acbAbc.o
src/base/acb/acbAig.o
src/base/acb/acbCom.o
src/base/acb/acbFunc.o
src/base/acb/acbMfs.o
src/base/acb/acbPush.o
src/base/acb/acbSets.o
src/base/acb/acbTest.o
src/base/acb/acbUtil.o
src/base/bac/bacBlast.o
src/base/bac/bacBac.o
src/base/bac/bacCom.o
src/base/bac/bacLib.o
src/base/bac/bacNtk.o
src/base/bac/bacPrsBuild.o
src/base/bac/bacPrsTrans.o
src/base/bac/bacPtr.o
src/base/bac/bacPtrAbc.o
src/base/bac/bacReadBlif.o
src/base/bac/bacReadSmt.o
src/base/bac/bacReadVer.o
src/base/bac/bacWriteBlif.o
src/base/bac/bacWriteSmt.o
src/base/bac/bacWriteVer.o
src/base/cba/cbaBlast.o
src/base/cba/cbaCba.o
src/base/cba/cbaCom.o
src/base/cba/cbaNtk.o
src/base/cba/cbaReadBlif.o
src/base/cba/cbaReadVer.o
src/base/cba/cbaWriteBlif.o
src/base/cba/cbaWriteVer.o
src/base/pla/plaCom.o
src/base/pla/plaHash.o
src/base/pla/plaMan.o
src/base/pla/plaMerge.o
src/base/pla/plaSimple.o
src/base/pla/plaRead.o
src/base/pla/plaWrite.o
src/base/test/test.o
src/map/mapper/mapper.o
src/map/mapper/mapperCanon.o
src/map/mapper/mapperCore.o
src/map/mapper/mapperCreate.o
src/map/mapper/mapperCut.o
src/map/mapper/mapperCutUtils.o
src/map/mapper/mapperLib.o
src/map/mapper/mapperMatch.o
src/map/mapper/mapperRefs.o
src/map/mapper/mapperSuper.o
src/map/mapper/mapperSwitch.o
src/map/mapper/mapperTable.o
src/map/mapper/mapperTime.o
src/map/mapper/mapperTree.o
src/map/mapper/mapperTruth.o
src/map/mapper/mapperUtils.o
src/map/mapper/mapperVec.o
src/map/mio/mio.o
src/map/mio/mioApi.o
src/map/mio/mioFunc.o
src/map/mio/mioParse.o
src/map/mio/mioRead.o
src/map/mio/mioSop.o
src/map/mio/mioUtils.o
src/map/super/super.o
src/map/super/superAnd.o
src/map/super/superGate.o
src/map/if/ifCom.o
src/map/if/ifCache.o
src/map/if/ifCore.o
src/map/if/ifCut.o
src/map/if/ifData2.o
src/map/if/ifDec07.o
src/map/if/ifDec08.o
src/map/if/ifDec10.o
src/map/if/ifDec16.o
src/map/if/ifDec66.o
src/map/if/ifDec75.o
src/map/if/ifDecJ.o
src/map/if/ifTrace.o
src/map/if/ifDelay.o
src/map/if/ifDsd.o
src/map/if/ifLibBox.o
src/map/if/ifLibLut.o
src/map/if/ifMan.o
src/map/if/ifMap.o
src/map/if/ifMatch2.o
src/map/if/ifReduce.o
src/map/if/ifSat.o
src/map/if/ifSelect.o
src/map/if/ifSeq.o
src/map/if/ifTest.o
src/map/if/ifTime.o
src/map/if/ifTruth.o
src/map/if/ifTune.o
src/map/if/ifUtil.o
src/map/amap/amapCore.o
src/map/amap/amapGraph.o
src/map/amap/amapLib.o
src/map/amap/amapLiberty.o
src/map/amap/amapMan.o
src/map/amap/amapMatch.o
src/map/amap/amapMerge.o
src/map/amap/amapOutput.o
src/map/amap/amapParse.o
src/map/amap/amapPerm.o
src/map/amap/amapRead.o
src/map/amap/amapRule.o
src/map/amap/amapUniq.o
src/map/cov/covBuild.o
src/map/cov/covCore.o
src/map/cov/covMan.o
src/map/cov/covMinEsop.o
src/map/cov/covMinMan.o
src/map/cov/covMinSop.o
src/map/cov/covMinUtil.o
src/map/scl/scl.o
src/map/scl/sclBuffer.o
src/map/scl/sclBufSize.o
src/map/scl/sclDnsize.o
src/map/scl/sclLiberty.o
src/map/scl/sclLibScl.o
src/map/scl/sclLibUtil.o
src/map/scl/sclLoad.o
src/map/scl/sclSize.o
src/map/scl/sclUpsize.o
src/map/scl/sclUtil.o
src/map/mpm/mpmAbc.o
src/map/mpm/mpmCore.o
src/map/mpm/mpmDsd.o
src/map/mpm/mpmGates.o
src/map/mpm/mpmLib.o
src/map/mpm/mpmMan.o
src/map/mpm/mpmMap.o
src/map/mpm/mpmMig.o
src/map/mpm/mpmPre.o
src/map/mpm/mpmTruth.o
src/map/mpm/mpmUtil.o
src/misc/extra/extraUtilBitMatrix.o
src/misc/extra/extraUtilCanon.o
src/misc/extra/extraUtilCfs.o
src/misc/extra/extraUtilCube.o
src/misc/extra/extraUtilDsd.o
src/misc/extra/extraUtilEnum.o
src/misc/extra/extraUtilFile.o
src/misc/extra/extraUtilGen.o
src/misc/extra/extraUtilMacc.o
src/misc/extra/extraUtilMaj.o
src/misc/extra/extraUtilMemory.o
src/misc/extra/extraUtilMisc.o
src/misc/extra/extraUtilMult.o
src/misc/extra/extraUtilPath.o
src/misc/extra/extraUtilPerm.o
src/misc/extra/extraUtilProgress.o
src/misc/extra/extraUtilReader.o
src/misc/extra/extraUtilSupp.o
src/misc/extra/extraUtilTruth.o
src/misc/extra/extraUtilUtil.o
src/misc/mvc/mvcApi.o
src/misc/mvc/mvcCompare.o
src/misc/mvc/mvcContain.o
src/misc/mvc/mvcCover.o
src/misc/mvc/mvcCube.o
src/misc/mvc/mvcDivide.o
src/misc/mvc/mvcDivisor.o
src/misc/mvc/mvcList.o
src/misc/mvc/mvcLits.o
src/misc/mvc/mvcMan.o
src/misc/mvc/mvcOpAlg.o
src/misc/mvc/mvcOpBool.o
src/misc/mvc/mvcPrint.o
src/misc/mvc/mvcSort.o
src/misc/mvc/mvcUtils.o
src/misc/st/st.o
src/misc/st/stmm.o
src/misc/util/utilAigSim.o
src/misc/util/utilBridge.o
src/misc/util/utilBipart.o
src/misc/util/utilBSet.o
src/misc/util/utilCex.o
src/misc/util/utilColor.o
src/misc/util/utilFile.o
src/misc/util/utilIsop.o
src/misc/util/utilLinear.o
src/misc/util/utilMiniver.o
src/misc/util/utilMulSim.o
src/misc/util/utilNam.o
src/misc/util/utilNet.o
src/misc/util/utilPth.o
src/misc/util/utilSignal.o
src/misc/util/utilSort.o
src/misc/nm/nmApi.o
src/misc/nm/nmTable.o
src/misc/tim/timBox.o
src/misc/tim/timDump.o
src/misc/tim/timMan.o
src/misc/tim/timTime.o
src/misc/tim/timTrav.o
src/misc/bzlib/blocksort.o
src/misc/bzlib/bzlib.o
src/misc/bzlib/compress.o
src/misc/bzlib/crctable.o
src/misc/bzlib/decompress.o
src/misc/bzlib/huffman.o
src/misc/bzlib/randtable.o
src/misc/zlib/adler32.o
src/misc/zlib/compress_.o
src/misc/zlib/crc32.o
src/misc/zlib/deflate.o
src/misc/zlib/gzclose.o
src/misc/zlib/gzlib.o
src/misc/zlib/gzread.o
src/misc/zlib/gzwrite.o
src/misc/zlib/infback.o
src/misc/zlib/inffast.o
src/misc/zlib/inflate.o
src/misc/zlib/inftrees.o
src/misc/zlib/trees.o
src/misc/zlib/uncompr.o
src/misc/zlib/zutil.o
src/misc/mem/mem.o
src/misc/bar/bar.o
src/misc/bbl/bblif.o
src/misc/parse/parseEqn.o
src/misc/parse/parseStack.o
src/misc/btor/btor2parser.o
src/misc/btor/catbtor.o
src/opt/cut/cutApi.o
src/opt/cut/cutCut.o
src/opt/cut/cutMan.o
src/opt/cut/cutMerge.o
src/opt/cut/cutNode.o
src/opt/cut/cutOracle.o
src/opt/cut/cutPre22.o
src/opt/cut/cutSeq.o
src/opt/cut/cutTruth.o
src/opt/fxu/fxu.o
src/opt/fxu/fxuCreate.o
src/opt/fxu/fxuHeapD.o
src/opt/fxu/fxuHeapS.o
src/opt/fxu/fxuList.o
src/opt/fxu/fxuMatrix.o
src/opt/fxu/fxuPair.o
src/opt/fxu/fxuPrint.o
src/opt/fxu/fxuReduce.o
src/opt/fxu/fxuSelect.o
src/opt/fxu/fxuSingle.o
src/opt/fxu/fxuUpdate.o
src/opt/fxch/Fxch.o
src/opt/fxch/FxchDiv.o
src/opt/fxch/FxchMan.o
src/opt/fxch/FxchSCHashTable.o
src/opt/rwr/rwrDec.o
src/opt/rwr/rwrEva.o
src/opt/rwr/rwrExp.o
src/opt/rwr/rwrLib.o
src/opt/rwr/rwrMan.o
src/opt/rwr/rwrPrint.o
src/opt/rwr/rwrUtil.o
src/opt/mfs/mfsCore.o
src/opt/mfs/mfsDiv.o
src/opt/mfs/mfsInter.o
src/opt/mfs/mfsMan.o
src/opt/mfs/mfsResub.o
src/opt/mfs/mfsSat.o
src/opt/mfs/mfsStrash.o
src/opt/mfs/mfsWin.o
src/opt/sim/simMan.o
src/opt/sim/simSeq.o
src/opt/sim/simSupp.o
src/opt/sim/simSwitch.o
src/opt/sim/simSym.o
src/opt/sim/simSymSat.o
src/opt/sim/simSymSim.o
src/opt/sim/simSymStr.o
src/opt/sim/simUtils.o
src/opt/ret/retArea.o
src/opt/ret/retCore.o
src/opt/ret/retDelay.o
src/opt/ret/retFlow.o
src/opt/ret/retIncrem.o
src/opt/ret/retInit.o
src/opt/ret/retLvalue.o
src/opt/fret/fretMain.o
src/opt/fret/fretFlow.o
src/opt/fret/fretInit.o
src/opt/fret/fretTime.o
src/opt/res/resCore.o
src/opt/res/resDivs.o
src/opt/res/resFilter.o
src/opt/res/resSat.o
src/opt/res/resSim.o
src/opt/res/resStrash.o
src/opt/res/resWin.o
src/opt/lpk/lpkCore.o
src/opt/lpk/lpkAbcDec.o
src/opt/lpk/lpkAbcMux.o
src/opt/lpk/lpkAbcDsd.o
src/opt/lpk/lpkAbcUtil.o
src/opt/lpk/lpkCut.o
src/opt/lpk/lpkMan.o
src/opt/lpk/lpkMap.o
src/opt/lpk/lpkMulti.o
src/opt/lpk/lpkMux.o
src/opt/lpk/lpkSets.o
src/opt/nwk/nwkAig.o
src/opt/nwk/nwkCheck.o
src/opt/nwk/nwkBidec.o
src/opt/nwk/nwkDfs.o
src/opt/nwk/nwkFanio.o
src/opt/nwk/nwkFlow.o
src/opt/nwk/nwkMan.o
src/opt/nwk/nwkMap.o
src/opt/nwk/nwkMerge.o
src/opt/nwk/nwkObj.o
src/opt/nwk/nwkSpeedup.o
src/opt/nwk/nwkStrash.o
src/opt/nwk/nwkTiming.o
src/opt/nwk/nwkUtil.o
src/opt/rwt/rwtDec.o
src/opt/rwt/rwtMan.o
src/opt/rwt/rwtUtil.o
src/opt/rar/rewireRng.o
src/opt/rar/rewireMap.o
src/opt/rar/rewireRar.o
src/opt/cgt/cgtAig.o
src/opt/cgt/cgtCore.o
src/opt/cgt/cgtDecide.o
src/opt/cgt/cgtMan.o
src/opt/cgt/cgtSat.o
src/opt/csw/cswCore.o
src/opt/csw/cswCut.o
src/opt/csw/cswMan.o
src/opt/csw/cswTable.o
src/opt/dar/darBalance.o
src/opt/dar/darCore.o
src/opt/dar/darCut.o
src/opt/dar/darData.o
src/opt/dar/darLib.o
src/opt/dar/darMan.o
src/opt/dar/darPrec.o
src/opt/dar/darRefact.o
src/opt/dar/darScript.o
src/opt/dau/dauCanon.o
src/opt/dau/dauCore.o
src/opt/dau/dauCount.o
src/opt/dau/dauDivs.o
src/opt/dau/dauDsd.o
src/opt/dau/dauEnum.o
src/opt/dau/dauGia.o
src/opt/dau/dauMerge.o
src/opt/dau/dauNonDsd.o
src/opt/dau/dauNpn.o
src/opt/dau/dauNpn2.o
src/opt/dau/dauTree.o
src/opt/dsc/dsc.o
src/opt/sfm/sfmArea.o
src/opt/sfm/sfmCnf.o
src/opt/sfm/sfmCore.o
src/opt/sfm/sfmDec.o
src/opt/sfm/sfmLib.o
src/opt/sfm/sfmNtk.o
src/opt/sfm/sfmSat.o
src/opt/sfm/sfmTim.o
src/opt/sfm/sfmMit.o
src/opt/sfm/sfmWin.o
src/opt/sbd/sbd.o
src/opt/sbd/sbdCnf.o
src/opt/sbd/sbdCore.o
src/opt/sbd/sbdCut.o
src/opt/sbd/sbdCut2.o
src/opt/sbd/sbdLut.o
src/opt/sbd/sbdPath.o
src/opt/sbd/sbdSat.o
src/opt/sbd/sbdWin.o
src/sat/bsat/satMem.o
src/sat/bsat/satInter.o
src/sat/bsat/satInterA.o
src/sat/bsat/satInterB.o
src/sat/bsat/satInterP.o
src/sat/bsat/satProof.o
src/sat/bsat/satSolver.o
src/sat/bsat/satSolver2.o
src/sat/bsat/satSolver2i.o
src/sat/bsat/satSolver3.o
src/sat/bsat/satStore.o
src/sat/bsat/satTrace.o
src/sat/bsat/satTruth.o
src/sat/bsat/satUtil.o
src/sat/xsat/xsatSolver.o
src/sat/xsat/xsatSolverAPI.o
src/sat/xsat/xsatCnfReader.o
src/sat/satoko/solver.o
src/sat/satoko/solver_api.o
src/sat/satoko/cnf_reader.o
src/sat/csat/csat_apis.o
src/sat/msat/msatActivity.o
src/sat/msat/msatClause.o
src/sat/msat/msatClauseVec.o
src/sat/msat/msatMem.o
src/sat/msat/msatOrderH.o
src/sat/msat/msatQueue.o
src/sat/msat/msatRead.o
src/sat/msat/msatSolverApi.o
src/sat/msat/msatSolverCore.o
src/sat/msat/msatSolverIo.o
src/sat/msat/msatSolverSearch.o
src/sat/msat/msatSort.o
src/sat/msat/msatVec.o
src/sat/cnf/cnfCore.o
src/sat/cnf/cnfCut.o
src/sat/cnf/cnfData.o
src/sat/cnf/cnfFast.o
src/sat/cnf/cnfMan.o
src/sat/cnf/cnfMap.o
src/sat/cnf/cnfPost.o
src/sat/cnf/cnfUtil.o
src/sat/cnf/cnfWrite.o
src/sat/bmc/bmcBCore.o
src/sat/bmc/bmcBmc.o
src/sat/bmc/bmcBmc2.o
src/sat/bmc/bmcBmc3.o
src/sat/bmc/bmcBmcAnd.o
src/sat/bmc/bmcBmci.o
src/sat/bmc/bmcBmcG.o
src/sat/bmc/bmcBmcS.o
src/sat/bmc/bmcCexCare.o
src/sat/bmc/bmcCexCut.o
src/sat/bmc/bmcCexDepth.o
src/sat/bmc/bmcCexMin1.o
src/sat/bmc/bmcCexMin2.o
src/sat/bmc/bmcCexTools.o
src/sat/bmc/bmcChain.o
src/sat/bmc/bmcClp.o
src/sat/bmc/bmcEco.o
src/sat/bmc/bmcExpand.o
src/sat/bmc/bmcFault.o
src/sat/bmc/bmcFx.o
src/sat/bmc/bmcGen.o
src/sat/bmc/bmcICheck.o
src/sat/bmc/bmcInse.o
src/sat/bmc/bmcLoad.o
src/sat/bmc/bmcMaj.o
src/sat/bmc/bmcMaj2.o
src/sat/bmc/bmcMaj3.o
src/sat/bmc/bmcMaj7.o
src/sat/bmc/bmcMaj8.o
src/sat/bmc/bmcMaj9.o
src/sat/bmc/bmcMaxi.o
src/sat/bmc/bmcMesh.o
src/sat/bmc/bmcMesh2.o
src/sat/bmc/bmcMulti.o
src/sat/bmc/bmcUnroll.o
src/sat/kissat/kissatSolver.o
src/sat/kissat/kissatTest.o
src/sat/kissat/allocate.o
src/sat/kissat/analyze.o
src/sat/kissat/ands.o
src/sat/kissat/arena.o
src/sat/kissat/assign.o
src/sat/kissat/averages.o
src/sat/kissat/backbone.o
src/sat/kissat/backtrack.o
src/sat/kissat/build.o
src/sat/kissat/bump.o
src/sat/kissat/check.o
src/sat/kissat/classify.o
src/sat/kissat/clause.o
src/sat/kissat/collect.o
src/sat/kissat/colors.o
src/sat/kissat/compact.o
src/sat/kissat/config.o
src/sat/kissat/congruence.o
src/sat/kissat/decide.o
src/sat/kissat/deduce.o
src/sat/kissat/definition.o
src/sat/kissat/dense.o
src/sat/kissat/dump.o
src/sat/kissat/eliminate.o
src/sat/kissat/equivalences.o
src/sat/kissat/error.o
src/sat/kissat/extend.o
src/sat/kissat/factor.o
src/sat/kissat/fastel.o
src/sat/kissat/file.o
src/sat/kissat/flags.o
src/sat/kissat/format.o
src/sat/kissat/forward.o
src/sat/kissat/gates.o
src/sat/kissat/heap.o
src/sat/kissat/ifthenelse.o
src/sat/kissat/import.o
src/sat/kissat/internal.o
src/sat/kissat/kimits.o
src/sat/kissat/kitten.o
src/sat/kissat/krite.o
src/sat/kissat/learn.o
src/sat/kissat/logging.o
src/sat/kissat/kucky.o
src/sat/kissat/minimize.o
src/sat/kissat/mode.o
src/sat/kissat/kptions.o
src/sat/kissat/phases.o
src/sat/kissat/preprocess.o
src/sat/kissat/print.o
src/sat/kissat/probe.o
src/sat/kissat/profile.o
src/sat/kissat/promote.o
src/sat/kissat/proof.o
src/sat/kissat/propbeyond.o
src/sat/kissat/propdense.o
src/sat/kissat/propinitially.o
src/sat/kissat/proprobe.o
src/sat/kissat/propsearch.o
src/sat/kissat/queue.o
src/sat/kissat/reduce.o
src/sat/kissat/reluctant.o
src/sat/kissat/reorder.o
src/sat/kissat/rephase.o
src/sat/kissat/report.o
src/sat/kissat/resize.o
src/sat/kissat/resolve.o
src/sat/kissat/resources.o
src/sat/kissat/restart.o
src/sat/kissat/search.o
src/sat/kissat/shrink.o
src/sat/kissat/smooth.o
src/sat/kissat/sort.o
src/sat/kissat/stack.o
src/sat/kissat/statistics.o
src/sat/kissat/strengthen.o
src/sat/kissat/substitute.o
src/sat/kissat/sweep.o
src/sat/kissat/terminate.o
src/sat/kissat/tiers.o
src/sat/kissat/trail.o
src/sat/kissat/transitive.o
src/sat/kissat/utilities.o
src/sat/kissat/vector.o
src/sat/kissat/vivify.o
src/sat/kissat/walk.o
src/sat/kissat/warmup.o
src/sat/kissat/watch.o
src/sat/kissat/weaken.o
src/sat/cadical/cadicalSolver.o
src/sat/cadical/cadicalTest.o
src/sat/cadical/cadical_kitten.o
src/bool/bdc/bdcCore.o
src/bool/bdc/bdcDec.o
src/bool/bdc/bdcSpfd.o
src/bool/bdc/bdcTable.o
src/bool/dec/decAbc.o
src/bool/dec/decFactor.o
src/bool/dec/decMan.o
src/bool/dec/decPrint.o
src/bool/dec/decUtil.o
src/bool/kit/kitAig.o
src/bool/kit/kitBdd.o
src/bool/kit/kitCloud.o
src/bool/kit/cloud.o
src/bool/kit/kitDsd.o
src/bool/kit/kitFactor.o
src/bool/kit/kitGraph.o
src/bool/kit/kitHop.o
src/bool/kit/kitIsop.o
src/bool/kit/kitPla.o
src/bool/kit/kitSop.o
src/bool/kit/kitTruth.o
src/bool/lucky/lucky.o
src/bool/lucky/luckyFast16.o
src/bool/lucky/luckyFast6.o
src/bool/lucky/luckyRead.o
src/bool/lucky/luckySimple.o
src/bool/lucky/luckySwapIJ.o
src/bool/lucky/luckySwap.o
src/bool/rsb/rsbDec6.o
src/bool/rsb/rsbMan.o
src/bool/rpo/rpo.o
src/proof/pdr/pdrCnf.o
src/proof/pdr/pdrCore.o
src/proof/pdr/pdrIncr.o
src/proof/pdr/pdrInv.o
src/proof/pdr/pdrMan.o
src/proof/pdr/pdrSat.o
src/proof/pdr/pdrTsim.o
src/proof/pdr/pdrTsim2.o
src/proof/pdr/pdrTsim3.o
src/proof/pdr/pdrUtil.o
src/proof/abs/absDup.o
src/proof/abs/absGla.o
src/proof/abs/absGlaOld.o
src/proof/abs/absIter.o
src/proof/abs/absOldCex.o
src/proof/abs/absOldRef.o
src/proof/abs/absOldSat.o
src/proof/abs/absOldSim.o
src/proof/abs/absOut.o
src/proof/abs/absPth.o
src/proof/abs/absRef.o
src/proof/abs/absRefSelect.o
src/proof/abs/absRpm.o
src/proof/abs/absRpmOld.o
src/proof/abs/absVta.o
src/proof/abs/absUtil.o
src/proof/live/liveness.o
src/proof/live/liveness_sim.o
src/proof/live/ltl_parser.o
src/proof/live/kliveness.o
src/proof/live/monotone.o
src/proof/live/disjunctiveMonotone.o
src/proof/live/arenaViolation.o
src/proof/live/kLiveConstraints.o
src/proof/live/combination.o
src/proof/ssc/sscClass.o
src/proof/ssc/sscCore.o
src/proof/ssc/sscSat.o
src/proof/ssc/sscSim.o
src/proof/ssc/sscUtil.o
src/proof/int/intCheck.o
src/proof/int/intContain.o
src/proof/int/intCore.o
src/proof/int/intCtrex.o
src/proof/int/intDup.o
src/proof/int/intFrames.o
src/proof/int/intInter.o
src/proof/int/intM114.o
src/proof/int/intMan.o
src/proof/int/intUtil.o
src/proof/cec/cecCec.o
src/proof/cec/cecChoice.o
src/proof/cec/cecClass.o
src/proof/cec/cecCore.o
src/proof/cec/cecCorr.o
src/proof/cec/cecIso.o
src/proof/cec/cecMan.o
src/proof/cec/cecPat.o
src/proof/cec/cecProve.o
src/proof/cec/cecSat.o
src/proof/cec/cecSatG.o
src/proof/cec/cecSatG2.o
src/proof/cec/cecSatG3.o
src/proof/cec/cecSeq.o
src/proof/cec/cecSim.o
src/proof/cec/cecSolve.o
src/proof/cec/cecSolveG.o
src/proof/cec/cecSplit.o
src/proof/cec/cecSynth.o
src/proof/cec/cecSweep.o
src/proof/acec/acecCl.o
src/proof/acec/acecCore.o
src/proof/acec/acecCo.o
src/proof/acec/acecBo.o
src/proof/acec/acecRe.o
src/proof/acec/acecPa.o
src/proof/acec/acecPo.o
src/proof/acec/acecPool.o
src/proof/acec/acecCover.o
src/proof/acec/acecFadds.o
src/proof/acec/acecMult.o
src/proof/acec/acecNorm.o
src/proof/acec/acecOrder.o
src/proof/acec/acecPolyn.o
src/proof/acec/acecSt.o
src/proof/acec/acecTree.o
src/proof/acec/acecUtil.o
src/proof/acec/acec2Mult.o
src/proof/acec/acecXor.o
src/proof/dch/dchAig.o
src/proof/dch/dchChoice.o
src/proof/dch/dchClass.o
src/proof/dch/dchCnf.o
src/proof/dch/dchCore.o
src/proof/dch/dchMan.o
src/proof/dch/dchSat.o
src/proof/dch/dchSim.o
src/proof/dch/dchSimSat.o
src/proof/dch/dchSweep.o
src/proof/fraig/fraigApi.o
src/proof/fraig/fraigCanon.o
src/proof/fraig/fraigFanout.o
src/proof/fraig/fraigFeed.o
src/proof/fraig/fraigMan.o
src/proof/fraig/fraigMem.o
src/proof/fraig/fraigNode.o
src/proof/fraig/fraigPrime.o
src/proof/fraig/fraigSat.o
src/proof/fraig/fraigTable.o
src/proof/fraig/fraigUtil.o
src/proof/fraig/fraigVec.o
src/proof/fra/fraBmc.o
src/proof/fra/fraCec.o
src/proof/fra/fraClass.o
src/proof/fra/fraClau.o
src/proof/fra/fraClaus.o
src/proof/fra/fraCnf.o
src/proof/fra/fraCore.o
src/proof/fra/fraHot.o
src/proof/fra/fraImp.o
src/proof/fra/fraInd.o
src/proof/fra/fraIndVer.o
src/proof/fra/fraLcr.o
src/proof/fra/fraMan.o
src/proof/fra/fraPart.o
src/proof/fra/fraSat.o
src/proof/fra/fraSec.o
src/proof/fra/fraSim.o
src/proof/ssw/sswAig.o
src/proof/ssw/sswBmc.o
src/proof/ssw/sswClass.o
src/proof/ssw/sswCnf.o
src/proof/ssw/sswConstr.o
src/proof/ssw/sswCore.o
src/proof/ssw/sswDyn.o
src/proof/ssw/sswFilter.o
src/proof/ssw/sswIslands.o
src/proof/ssw/sswLcorr.o
src/proof/ssw/sswMan.o
src/proof/ssw/sswPart.o
src/proof/ssw/sswPairs.o
src/proof/ssw/sswRarity.o
src/proof/ssw/sswSat.o
src/proof/ssw/sswSemi.o
src/proof/ssw/sswSim.o
src/proof/ssw/sswSimSat.o
src/proof/ssw/sswSweep.o
src/proof/ssw/sswUnique.o
src/aig/aig/aigCheck.o
src/aig/aig/aigCanon.o
src/aig/aig/aigCuts.o
src/aig/aig/aigDfs.o
src/aig/aig/aigDup.o
src/aig/aig/aigFanout.o
src/aig/aig/aigFrames.o
src/aig/aig/aigInter.o
src/aig/aig/aigJust.o
src/aig/aig/aigMan.o
src/aig/aig/aigMem.o
src/aig/aig/aigMffc.o
src/aig/aig/aigObj.o
src/aig/aig/aigOper.o
src/aig/aig/aigOrder.o
src/aig/aig/aigPack.o
src/aig/aig/aigPart.o
src/aig/aig/aigPartReg.o
src/aig/aig/aigPartSat.o
src/aig/aig/aigRepr.o
src/aig/aig/aigRet.o
src/aig/aig/aigRetF.o
src/aig/aig/aigScl.o
src/aig/aig/aigShow.o
src/aig/aig/aigSplit.o
src/aig/aig/aigTable.o
src/aig/aig/aigTiming.o
src/aig/aig/aigTruth.o
src/aig/aig/aigTsim.o
src/aig/aig/aigUtil.o
src/aig/aig/aigWin.o
src/aig/saig/saigCone.o
src/aig/saig/saigConstr.o
src/aig/saig/saigConstr2.o
src/aig/saig/saigDual.o
src/aig/saig/saigDup.o
src/aig/saig/saigInd.o
src/aig/saig/saigIoa.o
src/aig/saig/saigIso.o
src/aig/saig/saigIsoFast.o
src/aig/saig/saigIsoSlow.o
src/aig/saig/saigMiter.o
src/aig/saig/saigOutDec.o
src/aig/saig/saigPhase.o
src/aig/saig/saigRetFwd.o
src/aig/saig/saigRetMin.o
src/aig/saig/saigRetStep.o
src/aig/saig/saigScl.o
src/aig/saig/saigSimFast.o
src/aig/saig/saigSimMv.o
src/aig/saig/saigSimSeq.o
src/aig/saig/saigStrSim.o
src/aig/saig/saigSwitch.o
src/aig/saig/saigSynch.o
src/aig/saig/saigTempor.o
src/aig/saig/saigTrans.o
src/aig/saig/saigWnd.o
src/aig/gia/giaAig.o
src/aig/gia/giaAgi.o
src/aig/gia/giaAiger.o
src/aig/gia/giaAigerExt.o
src/aig/gia/giaBalAig.o
src/aig/gia/giaBalLut.o
src/aig/gia/giaBalMap.o
src/aig/gia/giaBidec.o
src/aig/gia/giaBsFind.o
src/aig/gia/giaCCof.o
src/aig/gia/giaCex.o
src/aig/gia/giaClp.o
src/aig/gia/giaCof.o
src/aig/gia/giaCone.o
src/aig/gia/giaCSatOld.o
src/aig/gia/giaCSat.o
src/aig/gia/giaCSat2.o
src/aig/gia/giaCSat3.o
src/aig/gia/giaCSatP.o
src/aig/gia/giaCTas.o
src/aig/gia/giaCut.o
src/aig/gia/giaDecs.o
src/aig/gia/giaDeep.o
src/aig/gia/giaDfs.o
src/aig/gia/giaDup.o
src/aig/gia/giaEdge.o
src/aig/gia/giaEmbed.o
src/aig/gia/giaEnable.o
src/aig/gia/giaEquiv.o
src/aig/gia/giaEra.o
src/aig/gia/giaEra2.o
src/aig/gia/giaEsop.o
src/aig/gia/giaExist.o
src/aig/gia/giaFalse.o
src/aig/gia/giaFanout.o
src/aig/gia/giaForce.o
src/aig/gia/giaFrames.o
src/aig/gia/giaFront.o
src/aig/gia/giaFx.o
src/aig/gia/giaGen.o
src/aig/gia/giaGig.o
src/aig/gia/giaGlitch.o
src/aig/gia/giaHash.o
src/aig/gia/giaIf.o
src/aig/gia/giaIff.o
src/aig/gia/giaIiff.o
src/aig/gia/giaIso.o
src/aig/gia/giaIso2.o
src/aig/gia/giaIso3.o
src/aig/gia/giaJf.o
src/aig/gia/giaKf.o
src/aig/gia/giaLf.o
src/aig/gia/giaLutCas.o
src/aig/gia/giaMf.o
src/aig/gia/giaMan.o
src/aig/gia/giaMem.o
src/aig/gia/giaMfs.o
src/aig/gia/giaMini.o
src/aig/gia/giaMinLut.o
src/aig/gia/giaMinLut2.o
src/aig/gia/giaMulFind.o
src/aig/gia/giaMulFind3.o
src/aig/gia/giaMuxes.o
src/aig/gia/giaNf.o
src/aig/gia/giaOf.o
src/aig/gia/giaPack.o
src/aig/gia/giaPat.o
src/aig/gia/giaPat2.o
src/aig/gia/giaPf.o
src/aig/gia/giaQbf.o
src/aig/gia/giaReshape1.o
src/aig/gia/giaReshape2.o
src/aig/gia/giaResub.o
src/aig/gia/giaResub2.o
src/aig/gia/giaResub3.o
src/aig/gia/giaResub6.o
src/aig/gia/giaRetime.o
src/aig/gia/giaRex.o
src/aig/gia/giaSatEdge.o
src/aig/gia/giaSatLE.o
src/aig/gia/giaSatLut.o
src/aig/gia/giaSatMap.o
src/aig/gia/giaSatoko.o
src/aig/gia/giaSatSyn.o
src/aig/gia/giaSat3.o
src/aig/gia/giaScl.o
src/aig/gia/giaScript.o
src/aig/gia/giaShow.o
src/aig/gia/giaShrink.o
src/aig/gia/giaShrink6.o
src/aig/gia/giaShrink7.o
src/aig/gia/giaSif.o
src/aig/gia/giaSim.o
src/aig/gia/giaSim2.o
src/aig/gia/giaSimBase.o
src/aig/gia/giaSort.o
src/aig/gia/giaSpeedup.o
src/aig/gia/giaSplit.o
src/aig/gia/giaStg.o
src/aig/gia/giaStoch.o
src/aig/gia/giaStr.o
src/aig/gia/giaSupMin.o
src/aig/gia/giaSupp.o
src/aig/gia/giaSupps.o
src/aig/gia/giaSweep.o
src/aig/gia/giaSweeper.o
src/aig/gia/giaSwitch.o
src/aig/gia/giaTim.o
src/aig/gia/giaTis.o
src/aig/gia/giaTranStoch.o
src/aig/gia/giaTruth.o
src/aig/gia/giaTsim.o
src/aig/gia/giaUnate.o
src/aig/gia/giaUtil.o
src/aig/gia/giaBound.o
src/aig/ioa/ioaReadAig.o
src/aig/ioa/ioaWriteAig.o
src/aig/ioa/ioaUtil.o
src/aig/ivy/ivyBalance.o
src/aig/ivy/ivyCanon.o
src/aig/ivy/ivyCheck.o
src/aig/ivy/ivyCut.o
src/aig/ivy/ivyCutTrav.o
src/aig/ivy/ivyDfs.o
src/aig/ivy/ivyDsd.o
src/aig/ivy/ivyFanout.o
src/aig/ivy/ivyFastMap.o
src/aig/ivy/ivyFraig.o
src/aig/ivy/ivyHaig.o
src/aig/ivy/ivyMan.o
src/aig/ivy/ivyMem.o
src/aig/ivy/ivyMulti.o
src/aig/ivy/ivyObj.o
src/aig/ivy/ivyOper.o
src/aig/ivy/ivyResyn.o
src/aig/ivy/ivyRwr.o
src/aig/ivy/ivySeq.o
src/aig/ivy/ivyShow.o
src/aig/ivy/ivyTable.o
src/aig/ivy/ivyUtil.o
src/aig/hop/hopBalance.o
src/aig/hop/hopCheck.o
src/aig/hop/hopDfs.o
src/aig/hop/hopMan.o
src/aig/hop/hopMem.o
src/aig/hop/hopObj.o
src/aig/hop/hopOper.o
src/aig/hop/hopTable.o
src/aig/hop/hopTruth.o
src/aig/hop/hopUtil.o
src/bdd/cudd/cuddAPI.o
src/bdd/cudd/cuddAddAbs.o
src/bdd/cudd/cuddAddApply.o
src/bdd/cudd/cuddAddFind.o
src/bdd/cudd/cuddAddInv.o
src/bdd/cudd/cuddAddIte.o
src/bdd/cudd/cuddAddNeg.o
src/bdd/cudd/cuddAddWalsh.o
src/bdd/cudd/cuddAndAbs.o
src/bdd/cudd/cuddAnneal.o
src/bdd/cudd/cuddApa.o
src/bdd/cudd/cuddApprox.o
src/bdd/cudd/cuddBddAbs.o
src/bdd/cudd/cuddBddCorr.o
src/bdd/cudd/cuddBddIte.o
src/bdd/cudd/cuddBridge.o
src/bdd/cudd/cuddCache.o
src/bdd/cudd/cuddCheck.o
src/bdd/cudd/cuddClip.o
src/bdd/cudd/cuddCof.o
src/bdd/cudd/cuddCompose.o
src/bdd/cudd/cuddDecomp.o
src/bdd/cudd/cuddEssent.o
src/bdd/cudd/cuddExact.o
src/bdd/cudd/cuddExport.o
src/bdd/cudd/cuddGenCof.o
src/bdd/cudd/cuddGenetic.o
src/bdd/cudd/cuddGroup.o
src/bdd/cudd/cuddHarwell.o
src/bdd/cudd/cuddInit.o
src/bdd/cudd/cuddInteract.o
src/bdd/cudd/cuddLCache.o
src/bdd/cudd/cuddLevelQ.o
src/bdd/cudd/cuddLinear.o
src/bdd/cudd/cuddLiteral.o
src/bdd/cudd/cuddMatMult.o
src/bdd/cudd/cuddPriority.o
src/bdd/cudd/cuddRead.o
src/bdd/cudd/cuddRef.o
src/bdd/cudd/cuddReorder.o
src/bdd/cudd/cuddSat.o
src/bdd/cudd/cuddSign.o
src/bdd/cudd/cuddSolve.o
src/bdd/cudd/cuddSplit.o
src/bdd/cudd/cuddSubsetHB.o
src/bdd/cudd/cuddSubsetSP.o
src/bdd/cudd/cuddSymmetry.o
src/bdd/cudd/cuddTable.o
src/bdd/cudd/cuddUtil.o
src/bdd/cudd/cuddWindow.o
src/bdd/cudd/cuddZddCount.o
src/bdd/cudd/cuddZddFuncs.o
src/bdd/cudd/cuddZddGroup.o
src/bdd/cudd/cuddZddIsop.o
src/bdd/cudd/cuddZddLin.o
src/bdd/cudd/cuddZddMisc.o
src/bdd/cudd/cuddZddPort.o
src/bdd/cudd/cuddZddReord.o
src/bdd/cudd/cuddZddSetop.o
src/bdd/cudd/cuddZddSymm.o
src/bdd/cudd/cuddZddUtil.o
src/bdd/extrab/extraBddAuto.o
src/bdd/extrab/extraBddCas.o
src/bdd/extrab/extraBddImage.o
src/bdd/extrab/extraBddKmap.o
src/bdd/extrab/extraBddMaxMin.o
src/bdd/extrab/extraBddMisc.o
src/bdd/extrab/extraBddSet.o
src/bdd/extrab/extraBddSymm.o
src/bdd/extrab/extraBddThresh.o
src/bdd/extrab/extraBddTime.o
src/bdd/extrab/extraBddUnate.o
src/bdd/dsd/dsdApi.o
src/bdd/dsd/dsdCheck.o
src/bdd/dsd/dsdLocal.o
src/bdd/dsd/dsdMan.o
src/bdd/dsd/dsdProc.o
src/bdd/dsd/dsdTree.o
src/bdd/epd/epd.o
src/bdd/mtr/mtrBasic.o
src/bdd/mtr/mtrGroup.o
src/bdd/reo/reoApi.o
src/bdd/reo/reoCore.o
src/bdd/reo/reoProfile.o
src/bdd/reo/reoShuffle.o
src/bdd/reo/reoSift.o
src/bdd/reo/reoSwap.o
src/bdd/reo/reoTransfer.o
src/bdd/reo/reoUnits.o
src/bdd/cas/casCore.o
src/bdd/cas/casDec.o
src/bdd/bbr/bbrCex.o
src/bdd/bbr/bbrImage.o
src/bdd/bbr/bbrNtbdd.o
src/bdd/bbr/bbrReach.o
src/bdd/llb/llb1Cluster.o
src/bdd/llb/llb1Constr.o
src/bdd/llb/llb1Core.o
src/bdd/llb/llb1Group.o
src/bdd/llb/llb1Hint.o
src/bdd/llb/llb1Man.o
src/bdd/llb/llb1Matrix.o
src/bdd/llb/llb1Pivot.o
src/bdd/llb/llb1Reach.o
src/bdd/llb/llb1Sched.o
src/bdd/llb/llb2Bad.o
src/bdd/llb/llb2Core.o
src/bdd/llb/llb2Driver.o
src/bdd/llb/llb2Dump.o
src/bdd/llb/llb2Flow.o
src/bdd/llb/llb2Image.o
src/bdd/llb/llb3Image.o
src/bdd/llb/llb3Nonlin.o
src/bdd/llb/llb4Cex.o
src/bdd/llb/llb4Image.o
src/bdd/llb/llb4Nonlin.o
src/bdd/llb/llb4Sweep.o
arch_flags
src/map/if/acd/ac_wrapper.d
src/misc/util/utilPrefix.d
src/opt/rar/rewireMiaig.d
src/opt/eslim/eSLIM.d
src/opt/eslim/eslimCirMan.d
src/opt/eslim/relationGeneration.d
src/opt/eslim/subcircuit.d
src/opt/eslim/relationSynthesiser.d
src/opt/eslim/areaEngine.d
src/opt/eslim/delayEngine.d
src/opt/ufar/UfarCmd.d
src/opt/ufar/UfarPth.d
src/opt/ufar/UfarMgr.d
src/opt/untk/NtkCmd.d
src/opt/untk/Netlist.d
src/opt/untk/NtkNtk.d
src/opt/util/util.d
src/sat/glucose/AbcGlucose.d
src/sat/glucose/AbcGlucoseCmd.d
src/sat/glucose/Glucose.d
src/sat/glucose/Options.d
src/sat/glucose/SimpSolver.d
src/sat/glucose/System.d
src/sat/glucose2/AbcGlucose2.d
src/sat/glucose2/AbcGlucoseCmd2.d
src/sat/glucose2/Glucose2.d
src/sat/glucose2/Options2.d
src/sat/glucose2/SimpSolver2.d
src/sat/glucose2/System2.d
src/sat/cadical/cadical_analyze.d
src/sat/cadical/cadical_arena.d
src/sat/cadical/cadical_assume.d
src/sat/cadical/cadical_averages.d
src/sat/cadical/cadical_backbone.d
src/sat/cadical/cadical_backtrack.d
src/sat/cadical/cadical_backward.d
src/sat/cadical/cadical_bins.d
src/sat/cadical/cadical_block.d
src/sat/cadical/cadical_ccadical.d
src/sat/cadical/cadical_checker.d
src/sat/cadical/cadical_clause.d
src/sat/cadical/cadical_collect.d
src/sat/cadical/cadical_compact.d
src/sat/cadical/cadical_condition.d
src/sat/cadical/cadical_config.d
src/sat/cadical/cadical_congruence.d
src/sat/cadical/cadical_constrain.d
src/sat/cadical/cadical_contract.d
src/sat/cadical/cadical_cover.d
src/sat/cadical/cadical_decide.d
src/sat/cadical/cadical_decompose.d
src/sat/cadical/cadical_deduplicate.d
src/sat/cadical/cadical_definition.d
src/sat/cadical/cadical_drattracer.d
src/sat/cadical/cadical_elim.d
src/sat/cadical/cadical_elimfast.d
src/sat/cadical/cadical_ema.d
src/sat/cadical/cadical_extend.d
src/sat/cadical/cadical_external.d
src/sat/cadical/cadical_external_propagate.d
src/sat/cadical/cadical_factor.d
src/sat/cadical/cadical_file.d
src/sat/cadical/cadical_flags.d
src/sat/cadical/cadical_flip.d
src/sat/cadical/cadical_format.d
src/sat/cadical/cadical_frattracer.d
src/sat/cadical/cadical_gates.d
src/sat/cadical/cadical_idruptracer.d
src/sat/cadical/cadical_instantiate.d
src/sat/cadical/cadical_internal.d
src/sat/cadical/cadical_ipasir.d
src/sat/cadical/cadical_lidruptracer.d
src/sat/cadical/cadical_limit.d
src/sat/cadical/cadical_logging.d
src/sat/cadical/cadical_lookahead.d
src/sat/cadical/cadical_lratchecker.d
src/sat/cadical/cadical_lrattracer.d
src/sat/cadical/cadical_lucky.d
src/sat/cadical/cadical_message.d
src/sat/cadical/cadical_minimize.d
src/sat/cadical/cadical_occs.d
src/sat/cadical/cadical_options.d
src/sat/cadical/cadical_parse.d
src/sat/cadical/cadical_phases.d
src/sat/cadical/cadical_probe.d
src/sat/cadical/cadical_profile.d
src/sat/cadical/cadical_proof.d
src/sat/cadical/cadical_propagate.d
src/sat/cadical/cadical_queue.d
src/sat/cadical/cadical_random.d
src/sat/cadical/cadical_reap.d
src/sat/cadical/cadical_reduce.d
src/sat/cadical/cadical_rephase.d
src/sat/cadical/cadical_report.d
src/sat/cadical/cadical_resources.d
src/sat/cadical/cadical_restart.d
src/sat/cadical/cadical_restore.d
src/sat/cadical/cadical_score.d
src/sat/cadical/cadical_shrink.d
src/sat/cadical/cadical_signal.d
src/sat/cadical/cadical_solution.d
src/sat/cadical/cadical_solver.d
src/sat/cadical/cadical_stable.d
src/sat/cadical/cadical_stats.d
src/sat/cadical/cadical_subsume.d
src/sat/cadical/cadical_sweep.d
src/sat/cadical/cadical_terminal.d
src/sat/cadical/cadical_ternary.d
src/sat/cadical/cadical_tier.d
src/sat/cadical/cadical_transred.d
src/sat/cadical/cadical_unstable.d
src/sat/cadical/cadical_util.d
src/sat/cadical/cadical_var.d
src/sat/cadical/cadical_veripbtracer.d
src/sat/cadical/cadical_version.d
src/sat/cadical/cadical_vivify.d
src/sat/cadical/cadical_walk.d
src/sat/cadical/cadical_walk_full_occs.d
src/sat/cadical/cadical_warmup.d
src/sat/cadical/cadical_watch.d
src/aig/gia/giaRrr.d
src/aig/gia/giaTransduction.d
src/aig/gia/giaTtopt.d
src/aig/gia/giaDecGraph.d
src/base/abc/abcAig.d
src/base/abc/abcBarBuf.d
src/base/abc/abcBlifMv.d
src/base/abc/abcCheck.d
src/base/abc/abcDfs.d
src/base/abc/abcFanio.d
src/base/abc/abcFanOrder.d
src/base/abc/abcFunc.d
src/base/abc/abcHie.d
src/base/abc/abcHieCec.d
src/base/abc/abcHieGia.d
src/base/abc/abcHieNew.d
src/base/abc/abcLatch.d
src/base/abc/abcLib.d
src/base/abc/abcMinBase.d
src/base/abc/abcNames.d
src/base/abc/abcNetlist.d
src/base/abc/abcNtk.d
src/base/abc/abcObj.d
src/base/abc/abcRefs.d
src/base/abc/abcShow.d
src/base/abc/abcSop.d
src/base/abc/abcUtil.d
src/base/abci/abc.d
src/base/abci/abcAttach.d
src/base/abci/abcAuto.d
src/base/abci/abcBalance.d
src/base/abci/abcBidec.d
src/base/abci/abcBm.d
src/base/abci/abcBmc.d
src/base/abci/abcCas.d
src/base/abci/abcCascade.d
src/base/abci/abcCollapse.d
src/base/abci/abcCut.d
src/base/abci/abcDar.d
src/base/abci/abcDebug.d
src/base/abci/abcDec.d
src/base/abci/abcDetect.d
src/base/abci/abcDress.d
src/base/abci/abcDress2.d
src/base/abci/abcDress3.d
src/base/abci/abcDsd.d
src/base/abci/abcEco.d
src/base/abci/abcExact.d
src/base/abci/abcExtract.d
src/base/abci/abcFraig.d
src/base/abci/abcFx.d
src/base/abci/abcFxu.d
src/base/abci/abcGen.d
src/base/abci/abcHaig.d
src/base/abci/abcIf.d
src/base/abci/abcIfif.d
src/base/abci/abcIfMux.d
src/base/abci/abcIvy.d
src/base/abci/abcLog.d
src/base/abci/abcLut.d
src/base/abci/abcLutmin.d
src/base/abci/abcMap.d
src/base/abci/abcMerge.d
src/base/abci/abcMfs.d
src/base/abci/abcMini.d
src/base/abci/abcMiter.d
src/base/abci/abcMulti.d
src/base/abci/abcNtbdd.d
src/base/abci/abcNpn.d
src/base/abci/abcNpnSave.d
src/base/abci/abcOrchestration.d
src/base/abci/abcOdc.d
src/base/abci/abcOrder.d
src/base/abci/abcPart.d
src/base/abci/abcPrint.d
src/base/abci/abcProve.d
src/base/abci/abcQbf.d
src/base/abci/abcQuant.d
src/base/abci/abcRec3.d
src/base/abci/abcReconv.d
src/base/abci/abcReach.d
src/base/abci/abcRefactor.d
src/base/abci/abcRenode.d
src/base/abci/abcReorder.d
src/base/abci/abcRestruct.d
src/base/abci/abcResub.d
src/base/abci/abcRewrite.d
src/base/abci/abcRpo.d
src/base/abci/abcRr.d
src/base/abci/abcRunGen.d
src/base/abci/abcSat.d
src/base/abci/abcSaucy.d
src/base/abci/abcScorr.d
src/base/abci/abcSense.d
src/base/abci/abcSpeedup.d
src/base/abci/abcStmap_0.d
src/base/abci/abcStmap_1.d
src/base/abci/abcStmap_2.d
src/base/abci/abcStmap_3.d
src/base/abci/abcStmap_4.d
src/base/abci/abcStmap_5.d
src/base/abci/abcStmap_6.d
src/base/abci/abcStmap_7.d
src/base/abci/abcStmap_8.d
src/base/abci/abcStmap_9.d
src/base/abci/abcStmap_10.d
src/base/abci/abcStmap_11.d
src/base/abci/abcStmap_12.d
src/base/abci/abcStmap_13.d
src/base/abci/abcStmap_14.d
src/base/abci/abcStmap_15.d
src/base/abci/abcStmap_16.d
src/base/abci/abcStmap_17.d
src/base/abci/abcStmap_18.d
src/base/abci/abcStmap_19.d
src/base/abci/abcStmap_20.d
src/base/abci/abcStmap_21.d
src/base/abci/abcStmap_22.d
src/base/abci/abcStrash.d
src/base/abci/abcSweep.d
src/base/abci/abcSymm.d
src/base/abci/abcTim.d
src/base/abci/abcTiming.d
src/base/abci/abcTopo.d
src/base/abci/abcUnate.d
src/base/abci/abcUnreach.d
src/base/abci/abcVerify.d
src/base/abci/abcXsim.d
src/base/cmd/cmd.d
src/base/cmd/cmdAlias.d
src/base/cmd/cmdApi.d
src/base/cmd/cmdAuto.d
src/base/cmd/cmdFlag.d
src/base/cmd/cmdHist.d
src/base/cmd/cmdLoad.d
src/base/cmd/cmdPlugin.d
src/base/cmd/cmdStarter.d
src/base/cmd/cmdUtils.d
src/base/io/io.d
src/base/io/ioJson.d
src/base/io/ioJsonc.d
src/base/io/ioReadAiger.d
src/base/io/ioReadBaf.d
src/base/io/ioReadBblif.d
src/base/io/ioReadBench.d
src/base/io/ioReadBlif.d
src/base/io/ioReadBlifAig.d
src/base/io/ioReadBlifMv.d
src/base/io/ioReadDsd.d
src/base/io/ioReadEdif.d
src/base/io/ioReadEqn.d
src/base/io/ioReadPla.d
src/base/io/ioReadPlaMo.d
src/base/io/ioReadVerilog.d
src/base/io/ioUtil.d
src/base/io/ioWriteAiger.d
src/base/io/ioWriteBaf.d
src/base/io/ioWriteBblif.d
src/base/io/ioWriteBench.d
src/base/io/ioWriteBlif.d
src/base/io/ioWriteBlifMv.d
src/base/io/ioWriteBook.d
src/base/io/ioWriteCnf.d
src/base/io/ioWriteDot.d
src/base/io/ioWriteEqn.d
src/base/io/ioWriteEdgelist.d
src/base/io/ioWriteGml.d
src/base/io/ioWriteHMetis.d
src/base/io/ioWriteList.d
src/base/io/ioWritePla.d
src/base/io/ioWriteVerilog.d
src/base/io/ioWriteSmv.d
src/base/main/main.d
src/base/main/mainFrame.d
src/base/main/mainInit.d
src/base/main/mainLib.d
src/base/main/mainReal.d
src/base/main/libSupport.d
src/base/main/mainUtils.d
src/base/exor/exor.d
src/base/exor/exorBits.d
src/base/exor/exorCubes.d
src/base/exor/exorLink.d
src/base/exor/exorList.d
src/base/exor/exorUtil.d
src/base/ver/verCore.d
src/base/ver/verFormula.d
src/base/ver/verParse.d
src/base/ver/verStream.d
src/base/wlc/wlcAbs.d
src/base/wlc/wlcAbs2.d
src/base/wlc/wlcAbc.d
src/base/wlc/wlcPth.d
src/base/wlc/wlcBlast.d
src/base/wlc/wlcCom.d
src/base/wlc/wlcGraft.d
src/base/wlc/wlcJson.d
src/base/wlc/wlcMem.d
src/base/wlc/wlcNdr.d
src/base/wlc/wlcNtk.d
src/base/wlc/wlcReadSmt.d
src/base/wlc/wlcReadVer.d
src/base/wlc/wlcSim.d
src/base/wlc/wlcShow.d
src/base/wlc/wlcStdin.d
src/base/wlc/wlcUif.d
src/base/wlc/wlcWin.d
src/base/wlc/wlcWriteVer.d
src/base/wln/wln.d
src/base/wln/wlnBlast.d
src/base/wln/wlnCom.d
src/base/wln/wlnGuide.d
src/base/wln/wlnMem.d
src/base/wln/wlnNdr.d
src/base/wln/wlnNtk.d
src/base/wln/wlnObj.d
src/base/wln/wlnRead.d
src/base/wln/wlnRetime.d
src/base/wln/wlnRtl.d
src/base/wln/wlnWlc.d
src/base/wln/wlnWriteVer.d
src/base/acb/acbAbc.d
src/base/acb/acbAig.d
src/base/acb/acbCom.d
src/base/acb/acbFunc.d
src/base/acb/acbMfs.d
src/base/acb/acbPush.d
src/base/acb/acbSets.d
src/base/acb/acbTest.d
src/base/acb/acbUtil.d
src/base/bac/bacBlast.d
src/base/bac/bacBac.d
src/base/bac/bacCom.d
src/base/bac/bacLib.d
src/base/bac/bacNtk.d
src/base/bac/bacPrsBuild.d
src/base/bac/bacPrsTrans.d
src/base/bac/bacPtr.d
src/base/bac/bacPtrAbc.d
src/base/bac/bacReadBlif.d
src/base/bac/bacReadSmt.d
src/base/bac/bacReadVer.d
src/base/bac/bacWriteBlif.d
src/base/bac/bacWriteSmt.d
src/base/bac/bacWriteVer.d
src/base/cba/cbaBlast.d
src/base/cba/cbaCba.d
src/base/cba/cbaCom.d
src/base/cba/cbaNtk.d
src/base/cba/cbaReadBlif.d
src/base/cba/cbaReadVer.d
src/base/cba/cbaWriteBlif.d
src/base/cba/cbaWriteVer.d
src/base/pla/plaCom.d
src/base/pla/plaHash.d
src/base/pla/plaMan.d
src/base/pla/plaMerge.d
src/base/pla/plaSimple.d
src/base/pla/plaRead.d
src/base/pla/plaWrite.d
src/base/test/test.d
src/map/mapper/mapper.d
src/map/mapper/mapperCanon.d
src/map/mapper/mapperCore.d
src/map/mapper/mapperCreate.d
src/map/mapper/mapperCut.d
src/map/mapper/mapperCutUtils.d
src/map/mapper/mapperLib.d
src/map/mapper/mapperMatch.d
src/map/mapper/mapperRefs.d
src/map/mapper/mapperSuper.d
src/map/mapper/mapperSwitch.d
src/map/mapper/mapperTable.d
src/map/mapper/mapperTime.d
src/map/mapper/mapperTree.d
src/map/mapper/mapperTruth.d
src/map/mapper/mapperUtils.d
src/map/mapper/mapperVec.d
src/map/mio/mio.d
src/map/mio/mioApi.d
src/map/mio/mioFunc.d
src/map/mio/mioParse.d
src/map/mio/mioRead.d
src/map/mio/mioSop.d
src/map/mio/mioUtils.d
src/map/super/super.d
src/map/super/superAnd.d
src/map/super/superGate.d
src/map/if/ifCom.d
src/map/if/ifCache.d
src/map/if/ifCore.d
src/map/if/ifCut.d
src/map/if/ifData2.d
src/map/if/ifDec07.d
src/map/if/ifDec08.d
src/map/if/ifDec10.d
src/map/if/ifDec16.d
src/map/if/ifDec66.d
src/map/if/ifDec75.d
src/map/if/ifDecJ.d
src/map/if/ifTrace.d
src/map/if/ifDelay.d
src/map/if/ifDsd.d
src/map/if/ifLibBox.d
src/map/if/ifLibLut.d
src/map/if/ifMan.d
src/map/if/ifMap.d
src/map/if/ifMatch2.d
src/map/if/ifReduce.d
src/map/if/ifSat.d
src/map/if/ifSelect.d
src/map/if/ifSeq.d
src/map/if/ifTest.d
src/map/if/ifTime.d
src/map/if/ifTruth.d
src/map/if/ifTune.d
src/map/if/ifUtil.d
src/map/amap/amapCore.d
src/map/amap/amapGraph.d
src/map/amap/amapLib.d
src/map/amap/amapLiberty.d
src/map/amap/amapMan.d
src/map/amap/amapMatch.d
src/map/amap/amapMerge.d
src/map/amap/amapOutput.d
src/map/amap/amapParse.d
src/map/amap/amapPerm.d
src/map/amap/amapRead.d
src/map/amap/amapRule.d
src/map/amap/amapUniq.d
src/map/cov/covBuild.d
src/map/cov/covCore.d
src/map/cov/covMan.d
src/map/cov/covMinEsop.d
src/map/cov/covMinMan.d
src/map/cov/covMinSop.d
src/map/cov/covMinUtil.d
src/map/scl/scl.d
src/map/scl/sclBuffer.d
src/map/scl/sclBufSize.d
src/map/scl/sclDnsize.d
src/map/scl/sclLiberty.d
src/map/scl/sclLibScl.d
src/map/scl/sclLibUtil.d
src/map/scl/sclLoad.d
src/map/scl/sclSize.d
src/map/scl/sclUpsize.d
src/map/scl/sclUtil.d
src/map/mpm/mpmAbc.d
src/map/mpm/mpmCore.d
src/map/mpm/mpmDsd.d
src/map/mpm/mpmGates.d
src/map/mpm/mpmLib.d
src/map/mpm/mpmMan.d
src/map/mpm/mpmMap.d
src/map/mpm/mpmMig.d
src/map/mpm/mpmPre.d
src/map/mpm/mpmTruth.d
src/map/mpm/mpmUtil.d
src/misc/extra/extraUtilBitMatrix.d
src/misc/extra/extraUtilCanon.d
src/misc/extra/extraUtilCfs.d
src/misc/extra/extraUtilCube.d
src/misc/extra/extraUtilDsd.d
src/misc/extra/extraUtilEnum.d
src/misc/extra/extraUtilFile.d
src/misc/extra/extraUtilGen.d
src/misc/extra/extraUtilMacc.d
src/misc/extra/extraUtilMaj.d
src/misc/extra/extraUtilMemory.d
src/misc/extra/extraUtilMisc.d
src/misc/extra/extraUtilMult.d
src/misc/extra/extraUtilPath.d
src/misc/extra/extraUtilPerm.d
src/misc/extra/extraUtilProgress.d
src/misc/extra/extraUtilReader.d
src/misc/extra/extraUtilSupp.d
src/misc/extra/extraUtilTruth.d
src/misc/extra/extraUtilUtil.d
src/misc/mvc/mvcApi.d
src/misc/mvc/mvcCompare.d
src/misc/mvc/mvcContain.d
src/misc/mvc/mvcCover.d
src/misc/mvc/mvcCube.d
src/misc/mvc/mvcDivide.d
src/misc/mvc/mvcDivisor.d
src/misc/mvc/mvcList.d
src/misc/mvc/mvcLits.d
src/misc/mvc/mvcMan.d
src/misc/mvc/mvcOpAlg.d
src/misc/mvc/mvcOpBool.d
src/misc/mvc/mvcPrint.d
src/misc/mvc/mvcSort.d
src/misc/mvc/mvcUtils.d
src/misc/st/st.d
src/misc/st/stmm.d
src/misc/util/utilAigSim.d
src/misc/util/utilBridge.d
src/misc/util/utilBipart.d
src/misc/util/utilBSet.d
src/misc/util/utilCex.d
src/misc/util/utilColor.d
src/misc/util/utilFile.d
src/misc/util/utilIsop.d
src/misc/util/utilLinear.d
src/misc/util/utilMiniver.d
src/misc/util/utilMulSim.d
src/misc/util/utilNam.d
src/misc/util/utilNet.d
src/misc/util/utilPth.d
src/misc/util/utilSignal.d
src/misc/util/utilSort.d
src/misc/nm/nmApi.d
src/misc/nm/nmTable.d
src/misc/tim/timBox.d
src/misc/tim/timDump.d
src/misc/tim/timMan.d
src/misc/tim/timTime.d
src/misc/tim/timTrav.d
src/misc/bzlib/blocksort.d
src/misc/bzlib/bzlib.d
src/misc/bzlib/compress.d
src/misc/bzlib/crctable.d
src/misc/bzlib/decompress.d
src/misc/bzlib/huffman.d
src/misc/bzlib/randtable.d
src/misc/zlib/adler32.d
src/misc/zlib/compress_.d
src/misc/zlib/crc32.d
src/misc/zlib/deflate.d
src/misc/zlib/gzclose.d
src/misc/zlib/gzlib.d
src/misc/zlib/gzread.d
src/misc/zlib/gzwrite.d
src/misc/zlib/infback.d
src/misc/zlib/inffast.d
src/misc/zlib/inflate.d
src/misc/zlib/inftrees.d
src/misc/zlib/trees.d
src/misc/zlib/uncompr.d
src/misc/zlib/zutil.d
src/misc/mem/mem.d
src/misc/bar/bar.d
src/misc/bbl/bblif.d
src/misc/parse/parseEqn.d
src/misc/parse/parseStack.d
src/misc/btor/btor2parser.d
src/misc/btor/catbtor.d
src/opt/cut/cutApi.d
src/opt/cut/cutCut.d
src/opt/cut/cutMan.d
src/opt/cut/cutMerge.d
src/opt/cut/cutNode.d
src/opt/cut/cutOracle.d
src/opt/cut/cutPre22.d
src/opt/cut/cutSeq.d
src/opt/cut/cutTruth.d
src/opt/fxu/fxu.d
src/opt/fxu/fxuCreate.d
src/opt/fxu/fxuHeapD.d
src/opt/fxu/fxuHeapS.d
src/opt/fxu/fxuList.d
src/opt/fxu/fxuMatrix.d
src/opt/fxu/fxuPair.d
src/opt/fxu/fxuPrint.d
src/opt/fxu/fxuReduce.d
src/opt/fxu/fxuSelect.d
src/opt/fxu/fxuSingle.d
src/opt/fxu/fxuUpdate.d
src/opt/fxch/Fxch.d
src/opt/fxch/FxchDiv.d
src/opt/fxch/FxchMan.d
src/opt/fxch/FxchSCHashTable.d
src/opt/rwr/rwrDec.d
src/opt/rwr/rwrEva.d
src/opt/rwr/rwrExp.d
src/opt/rwr/rwrLib.d
src/opt/rwr/rwrMan.d
src/opt/rwr/rwrPrint.d
src/opt/rwr/rwrUtil.d
src/opt/mfs/mfsCore.d
src/opt/mfs/mfsDiv.d
src/opt/mfs/mfsInter.d
src/opt/mfs/mfsMan.d
src/opt/mfs/mfsResub.d
src/opt/mfs/mfsSat.d
src/opt/mfs/mfsStrash.d
src/opt/mfs/mfsWin.d
src/opt/sim/simMan.d
src/opt/sim/simSeq.d
src/opt/sim/simSupp.d
src/opt/sim/simSwitch.d
src/opt/sim/simSym.d
src/opt/sim/simSymSat.d
src/opt/sim/simSymSim.d
src/opt/sim/simSymStr.d
src/opt/sim/simUtils.d
src/opt/ret/retArea.d
src/opt/ret/retCore.d
src/opt/ret/retDelay.d
src/opt/ret/retFlow.d
src/opt/ret/retIncrem.d
src/opt/ret/retInit.d
src/opt/ret/retLvalue.d
src/opt/fret/fretMain.d
src/opt/fret/fretFlow.d
src/opt/fret/fretInit.d
src/opt/fret/fretTime.d
src/opt/res/resCore.d
src/opt/res/resDivs.d
src/opt/res/resFilter.d
src/opt/res/resSat.d
src/opt/res/resSim.d
src/opt/res/resStrash.d
src/opt/res/resWin.d
src/opt/lpk/lpkCore.d
src/opt/lpk/lpkAbcDec.d
src/opt/lpk/lpkAbcMux.d
src/opt/lpk/lpkAbcDsd.d
src/opt/lpk/lpkAbcUtil.d
src/opt/lpk/lpkCut.d
src/opt/lpk/lpkMan.d
src/opt/lpk/lpkMap.d
src/opt/lpk/lpkMulti.d
src/opt/lpk/lpkMux.d
src/opt/lpk/lpkSets.d
src/opt/nwk/nwkAig.d
src/opt/nwk/nwkCheck.d
src/opt/nwk/nwkBidec.d
src/opt/nwk/nwkDfs.d
src/opt/nwk/nwkFanio.d
src/opt/nwk/nwkFlow.d
src/opt/nwk/nwkMan.d
src/opt/nwk/nwkMap.d
src/opt/nwk/nwkMerge.d
src/opt/nwk/nwkObj.d
src/opt/nwk/nwkSpeedup.d
src/opt/nwk/nwkStrash.d
src/opt/nwk/nwkTiming.d
src/opt/nwk/nwkUtil.d
src/opt/rwt/rwtDec.d
src/opt/rwt/rwtMan.d
src/opt/rwt/rwtUtil.d
src/opt/rar/rewireRng.d
src/opt/rar/rewireMap.d
src/opt/rar/rewireRar.d
src/opt/cgt/cgtAig.d
src/opt/cgt/cgtCore.d
src/opt/cgt/cgtDecide.d
src/opt/cgt/cgtMan.d
src/opt/cgt/cgtSat.d
src/opt/csw/cswCore.d
src/opt/csw/cswCut.d
src/opt/csw/cswMan.d
src/opt/csw/cswTable.d
src/opt/dar/darBalance.d
src/opt/dar/darCore.d
src/opt/dar/darCut.d
src/opt/dar/darData.d
src/opt/dar/darLib.d
src/opt/dar/darMan.d
src/opt/dar/darPrec.d
src/opt/dar/darRefact.d
src/opt/dar/darScript.d
src/opt/dau/dauCanon.d
src/opt/dau/dauCore.d
src/opt/dau/dauCount.d
src/opt/dau/dauDivs.d
src/opt/dau/dauDsd.d
src/opt/dau/dauEnum.d
src/opt/dau/dauGia.d
src/opt/dau/dauMerge.d
src/opt/dau/dauNonDsd.d
src/opt/dau/dauNpn.d
src/opt/dau/dauNpn2.d
src/opt/dau/dauTree.d
src/opt/dsc/dsc.d
src/opt/sfm/sfmArea.d
src/opt/sfm/sfmCnf.d
src/opt/sfm/sfmCore.d
src/opt/sfm/sfmDec.d
src/opt/sfm/sfmLib.d
src/opt/sfm/sfmNtk.d
src/opt/sfm/sfmSat.d
src/opt/sfm/sfmTim.d
src/opt/sfm/sfmMit.d
src/opt/sfm/sfmWin.d
src/opt/sbd/sbd.d
src/opt/sbd/sbdCnf.d
src/opt/sbd/sbdCore.d
src/opt/sbd/sbdCut.d
src/opt/sbd/sbdCut2.d
src/opt/sbd/sbdLut.d
src/opt/sbd/sbdPath.d
src/opt/sbd/sbdSat.d
src/opt/sbd/sbdWin.d
src/sat/bsat/satMem.d
src/sat/bsat/satInter.d
src/sat/bsat/satInterA.d
src/sat/bsat/satInterB.d
src/sat/bsat/satInterP.d
src/sat/bsat/satProof.d
src/sat/bsat/satSolver.d
src/sat/bsat/satSolver2.d
src/sat/bsat/satSolver2i.d
src/sat/bsat/satSolver3.d
src/sat/bsat/satStore.d
src/sat/bsat/satTrace.d
src/sat/bsat/satTruth.d
src/sat/bsat/satUtil.d
src/sat/xsat/xsatSolver.d
src/sat/xsat/xsatSolverAPI.d
src/sat/xsat/xsatCnfReader.d
src/sat/satoko/solver.d
src/sat/satoko/solver_api.d
src/sat/satoko/cnf_reader.d
src/sat/csat/csat_apis.d
src/sat/msat/msatActivity.d
src/sat/msat/msatClause.d
src/sat/msat/msatClauseVec.d
src/sat/msat/msatMem.d
src/sat/msat/msatOrderH.d
src/sat/msat/msatQueue.d
src/sat/msat/msatRead.d
src/sat/msat/msatSolverApi.d
src/sat/msat/msatSolverCore.d
src/sat/msat/msatSolverIo.d
src/sat/msat/msatSolverSearch.d
src/sat/msat/msatSort.d
src/sat/msat/msatVec.d
src/sat/cnf/cnfCore.d
src/sat/cnf/cnfCut.d
src/sat/cnf/cnfData.d
src/sat/cnf/cnfFast.d
src/sat/cnf/cnfMan.d
src/sat/cnf/cnfMap.d
src/sat/cnf/cnfPost.d
src/sat/cnf/cnfUtil.d
src/sat/cnf/cnfWrite.d
src/sat/bmc/bmcBCore.d
src/sat/bmc/bmcBmc.d
src/sat/bmc/bmcBmc2.d
src/sat/bmc/bmcBmc3.d
src/sat/bmc/bmcBmcAnd.d
src/sat/bmc/bmcBmci.d
src/sat/bmc/bmcBmcG.d
src/sat/bmc/bmcBmcS.d
src/sat/bmc/bmcCexCare.d
src/sat/bmc/bmcCexCut.d
src/sat/bmc/bmcCexDepth.d
src/sat/bmc/bmcCexMin1.d
src/sat/bmc/bmcCexMin2.d
src/sat/bmc/bmcCexTools.d
src/sat/bmc/bmcChain.d
src/sat/bmc/bmcClp.d
src/sat/bmc/bmcEco.d
src/sat/bmc/bmcExpand.d
src/sat/bmc/bmcFault.d
src/sat/bmc/bmcFx.d
src/sat/bmc/bmcGen.d
src/sat/bmc/bmcICheck.d
src/sat/bmc/bmcInse.d
src/sat/bmc/bmcLoad.d
src/sat/bmc/bmcMaj.d
src/sat/bmc/bmcMaj2.d
src/sat/bmc/bmcMaj3.d
src/sat/bmc/bmcMaj7.d
src/sat/bmc/bmcMaj8.d
src/sat/bmc/bmcMaj9.d
src/sat/bmc/bmcMaxi.d
src/sat/bmc/bmcMesh.d
src/sat/bmc/bmcMesh2.d
src/sat/bmc/bmcMulti.d
src/sat/bmc/bmcUnroll.d
src/sat/kissat/kissatSolver.d
src/sat/kissat/kissatTest.d
src/sat/kissat/allocate.d
src/sat/kissat/analyze.d
src/sat/kissat/ands.d
src/sat/kissat/arena.d
src/sat/kissat/assign.d
src/sat/kissat/averages.d
src/sat/kissat/backbone.d
src/sat/kissat/backtrack.d
src/sat/kissat/build.d
src/sat/kissat/bump.d
src/sat/kissat/check.d
src/sat/kissat/classify.d
src/sat/kissat/clause.d
src/sat/kissat/collect.d
src/sat/kissat/colors.d
src/sat/kissat/compact.d
src/sat/kissat/config.d
src/sat/kissat/congruence.d
src/sat/kissat/decide.d
src/sat/kissat/deduce.d
src/sat/kissat/definition.d
src/sat/kissat/dense.d
src/sat/kissat/dump.d
src/sat/kissat/eliminate.d
src/sat/kissat/equivalences.d
src/sat/kissat/error.d
src/sat/kissat/extend.d
src/sat/kissat/factor.d
src/sat/kissat/fastel.d
src/sat/kissat/file.d
src/sat/kissat/flags.d
src/sat/kissat/format.d
src/sat/kissat/forward.d
src/sat/kissat/gates.d
src/sat/kissat/heap.d
src/sat/kissat/ifthenelse.d
src/sat/kissat/import.d
src/sat/kissat/internal.d
src/sat/kissat/kimits.d
src/sat/kissat/kitten.d
src/sat/kissat/krite.d
src/sat/kissat/learn.d
src/sat/kissat/logging.d
src/sat/kissat/kucky.d
src/sat/kissat/minimize.d
src/sat/kissat/mode.d
src/sat/kissat/kptions.d
src/sat/kissat/phases.d
src/sat/kissat/preprocess.d
src/sat/kissat/print.d
src/sat/kissat/probe.d
src/sat/kissat/profile.d
src/sat/kissat/promote.d
src/sat/kissat/proof.d
src/sat/kissat/propbeyond.d
src/sat/kissat/propdense.d
src/sat/kissat/propinitially.d
src/sat/kissat/proprobe.d
src/sat/kissat/propsearch.d
src/sat/kissat/queue.d
src/sat/kissat/reduce.d
src/sat/kissat/reluctant.d
src/sat/kissat/reorder.d
src/sat/kissat/rephase.d
src/sat/kissat/report.d
src/sat/kissat/resize.d
src/sat/kissat/resolve.d
src/sat/kissat/resources.d
src/sat/kissat/restart.d
src/sat/kissat/search.d
src/sat/kissat/shrink.d
src/sat/kissat/smooth.d
src/sat/kissat/sort.d
src/sat/kissat/stack.d
src/sat/kissat/statistics.d
src/sat/kissat/strengthen.d
src/sat/kissat/substitute.d
src/sat/kissat/sweep.d
src/sat/kissat/terminate.d
src/sat/kissat/tiers.d
src/sat/kissat/trail.d
src/sat/kissat/transitive.d
src/sat/kissat/utilities.d
src/sat/kissat/vector.d
src/sat/kissat/vivify.d
src/sat/kissat/walk.d
src/sat/kissat/warmup.d
src/sat/kissat/watch.d
src/sat/kissat/weaken.d
src/sat/cadical/cadicalSolver.d
src/sat/cadical/cadicalTest.d
src/sat/cadical/cadical_kitten.d
src/bool/bdc/bdcCore.d
src/bool/bdc/bdcDec.d
src/bool/bdc/bdcSpfd.d
src/bool/bdc/bdcTable.d
src/bool/dec/decAbc.d
src/bool/dec/decFactor.d
src/bool/dec/decMan.d
src/bool/dec/decPrint.d
src/bool/dec/decUtil.d
src/bool/kit/kitAig.d
src/bool/kit/kitBdd.d
src/bool/kit/kitCloud.d
src/bool/kit/cloud.d
src/bool/kit/kitDsd.d
src/bool/kit/kitFactor.d
src/bool/kit/kitGraph.d
src/bool/kit/kitHop.d
src/bool/kit/kitIsop.d
src/bool/kit/kitPla.d
src/bool/kit/kitSop.d
src/bool/kit/kitTruth.d
src/bool/lucky/lucky.d
src/bool/lucky/luckyFast16.d
src/bool/lucky/luckyFast6.d
src/bool/lucky/luckyRead.d
src/bool/lucky/luckySimple.d
src/bool/lucky/luckySwapIJ.d
src/bool/lucky/luckySwap.d
src/bool/rsb/rsbDec6.d
src/bool/rsb/rsbMan.d
src/bool/rpo/rpo.d
src/proof/pdr/pdrCnf.d
src/proof/pdr/pdrCore.d
src/proof/pdr/pdrIncr.d
src/proof/pdr/pdrInv.d
src/proof/pdr/pdrMan.d
src/proof/pdr/pdrSat.d
src/proof/pdr/pdrTsim.d
src/proof/pdr/pdrTsim2.d
src/proof/pdr/pdrTsim3.d
src/proof/pdr/pdrUtil.d
src/proof/abs/absDup.d
src/proof/abs/absGla.d
src/proof/abs/absGlaOld.d
src/proof/abs/absIter.d
src/proof/abs/absOldCex.d
src/proof/abs/absOldRef.d
src/proof/abs/absOldSat.d
src/proof/abs/absOldSim.d
src/proof/abs/absOut.d
src/proof/abs/absPth.d
src/proof/abs/absRef.d
src/proof/abs/absRefSelect.d
src/proof/abs/absRpm.d
src/proof/abs/absRpmOld.d
src/proof/abs/absVta.d
src/proof/abs/absUtil.d
src/proof/live/liveness.d
src/proof/live/liveness_sim.d
src/proof/live/ltl_parser.d
src/proof/live/kliveness.d
src/proof/live/monotone.d
src/proof/live/disjunctiveMonotone.d
src/proof/live/arenaViolation.d
src/proof/live/kLiveConstraints.d
src/proof/live/combination.d
src/proof/ssc/sscClass.d
src/proof/ssc/sscCore.d
src/proof/ssc/sscSat.d
src/proof/ssc/sscSim.d
src/proof/ssc/sscUtil.d
src/proof/int/intCheck.d
src/proof/int/intContain.d
src/proof/int/intCore.d
src/proof/int/intCtrex.d
src/proof/int/intDup.d
src/proof/int/intFrames.d
src/proof/int/intInter.d
src/proof/int/intM114.d
src/proof/int/intMan.d
src/proof/int/intUtil.d
src/proof/cec/cecCec.d
src/proof/cec/cecChoice.d
src/proof/cec/cecClass.d
src/proof/cec/cecCore.d
src/proof/cec/cecCorr.d
src/proof/cec/cecIso.d
src/proof/cec/cecMan.d
src/proof/cec/cecPat.d
src/proof/cec/cecProve.d
src/proof/cec/cecSat.d
src/proof/cec/cecSatG.d
src/proof/cec/cecSatG2.d
src/proof/cec/cecSatG3.d
src/proof/cec/cecSeq.d
src/proof/cec/cecSim.d
src/proof/cec/cecSolve.d
src/proof/cec/cecSolveG.d
src/proof/cec/cecSplit.d
src/proof/cec/cecSynth.d
src/proof/cec/cecSweep.d
src/proof/acec/acecCl.d
src/proof/acec/acecCore.d
src/proof/acec/acecCo.d
src/proof/acec/acecBo.d
src/proof/acec/acecRe.d
src/proof/acec/acecPa.d
src/proof/acec/acecPo.d
src/proof/acec/acecPool.d
src/proof/acec/acecCover.d
src/proof/acec/acecFadds.d
src/proof/acec/acecMult.d
src/proof/acec/acecNorm.d
src/proof/acec/acecOrder.d
src/proof/acec/acecPolyn.d
src/proof/acec/acecSt.d
src/proof/acec/acecTree.d
src/proof/acec/acecUtil.d
src/proof/acec/acec2Mult.d
src/proof/acec/acecXor.d
src/proof/dch/dchAig.d
src/proof/dch/dchChoice.d
src/proof/dch/dchClass.d
src/proof/dch/dchCnf.d
src/proof/dch/dchCore.d
src/proof/dch/dchMan.d
src/proof/dch/dchSat.d
src/proof/dch/dchSim.d
src/proof/dch/dchSimSat.d
src/proof/dch/dchSweep.d
src/proof/fraig/fraigApi.d
src/proof/fraig/fraigCanon.d
src/proof/fraig/fraigFanout.d
src/proof/fraig/fraigFeed.d
src/proof/fraig/fraigMan.d
src/proof/fraig/fraigMem.d
src/proof/fraig/fraigNode.d
src/proof/fraig/fraigPrime.d
src/proof/fraig/fraigSat.d
src/proof/fraig/fraigTable.d
src/proof/fraig/fraigUtil.d
src/proof/fraig/fraigVec.d
src/proof/fra/fraBmc.d
src/proof/fra/fraCec.d
src/proof/fra/fraClass.d
src/proof/fra/fraClau.d
src/proof/fra/fraClaus.d
src/proof/fra/fraCnf.d
src/proof/fra/fraCore.d
src/proof/fra/fraHot.d
src/proof/fra/fraImp.d
src/proof/fra/fraInd.d
src/proof/fra/fraIndVer.d
src/proof/fra/fraLcr.d
src/proof/fra/fraMan.d
src/proof/fra/fraPart.d
src/proof/fra/fraSat.d
src/proof/fra/fraSec.d
src/proof/fra/fraSim.d
src/proof/ssw/sswAig.d
src/proof/ssw/sswBmc.d
src/proof/ssw/sswClass.d
src/proof/ssw/sswCnf.d
src/proof/ssw/sswConstr.d
src/proof/ssw/sswCore.d
src/proof/ssw/sswDyn.d
src/proof/ssw/sswFilter.d
src/proof/ssw/sswIslands.d
src/proof/ssw/sswLcorr.d
src/proof/ssw/sswMan.d
src/proof/ssw/sswPart.d
src/proof/ssw/sswPairs.d
src/proof/ssw/sswRarity.d
src/proof/ssw/sswSat.d
src/proof/ssw/sswSemi.d
src/proof/ssw/sswSim.d
src/proof/ssw/sswSimSat.d
src/proof/ssw/sswSweep.d
src/proof/ssw/sswUnique.d
src/aig/aig/aigCheck.d
src/aig/aig/aigCanon.d
src/aig/aig/aigCuts.d
src/aig/aig/aigDfs.d
src/aig/aig/aigDup.d
src/aig/aig/aigFanout.d
src/aig/aig/aigFrames.d
src/aig/aig/aigInter.d
src/aig/aig/aigJust.d
src/aig/aig/aigMan.d
src/aig/aig/aigMem.d
src/aig/aig/aigMffc.d
src/aig/aig/aigObj.d
src/aig/aig/aigOper.d
src/aig/aig/aigOrder.d
src/aig/aig/aigPack.d
src/aig/aig/aigPart.d
src/aig/aig/aigPartReg.d
src/aig/aig/aigPartSat.d
src/aig/aig/aigRepr.d
src/aig/aig/aigRet.d
src/aig/aig/aigRetF.d
src/aig/aig/aigScl.d
src/aig/aig/aigShow.d
src/aig/aig/aigSplit.d
src/aig/aig/aigTable.d
src/aig/aig/aigTiming.d
src/aig/aig/aigTruth.d
src/aig/aig/aigTsim.d
src/aig/aig/aigUtil.d
src/aig/aig/aigWin.d
src/aig/saig/saigCone.d
src/aig/saig/saigConstr.d
src/aig/saig/saigConstr2.d
src/aig/saig/saigDual.d
src/aig/saig/saigDup.d
src/aig/saig/saigInd.d
src/aig/saig/saigIoa.d
src/aig/saig/saigIso.d
src/aig/saig/saigIsoFast.d
src/aig/saig/saigIsoSlow.d
src/aig/saig/saigMiter.d
src/aig/saig/saigOutDec.d
src/aig/saig/saigPhase.d
src/aig/saig/saigRetFwd.d
src/aig/saig/saigRetMin.d
src/aig/saig/saigRetStep.d
src/aig/saig/saigScl.d
src/aig/saig/saigSimFast.d
src/aig/saig/saigSimMv.d
src/aig/saig/saigSimSeq.d
src/aig/saig/saigStrSim.d
src/aig/saig/saigSwitch.d
src/aig/saig/saigSynch.d
src/aig/saig/saigTempor.d
src/aig/saig/saigTrans.d
src/aig/saig/saigWnd.d
src/aig/gia/giaAig.d
src/aig/gia/giaAgi.d
src/aig/gia/giaAiger.d
src/aig/gia/giaAigerExt.d
src/aig/gia/giaBalAig.d
src/aig/gia/giaBalLut.d
src/aig/gia/giaBalMap.d
src/aig/gia/giaBidec.d
src/aig/gia/giaBsFind.d
src/aig/gia/giaCCof.d
src/aig/gia/giaCex.d
src/aig/gia/giaClp.d
src/aig/gia/giaCof.d
src/aig/gia/giaCone.d
src/aig/gia/giaCSatOld.d
src/aig/gia/giaCSat.d
src/aig/gia/giaCSat2.d
src/aig/gia/giaCSat3.d
src/aig/gia/giaCSatP.d
src/aig/gia/giaCTas.d
src/aig/gia/giaCut.d
src/aig/gia/giaDecs.d
src/aig/gia/giaDeep.d
src/aig/gia/giaDfs.d
src/aig/gia/giaDup.d
src/aig/gia/giaEdge.d
src/aig/gia/giaEmbed.d
src/aig/gia/giaEnable.d
src/aig/gia/giaEquiv.d
src/aig/gia/giaEra.d
src/aig/gia/giaEra2.d
src/aig/gia/giaEsop.d
src/aig/gia/giaExist.d
src/aig/gia/giaFalse.d
src/aig/gia/giaFanout.d
src/aig/gia/giaForce.d
src/aig/gia/giaFrames.d
src/aig/gia/giaFront.d
src/aig/gia/giaFx.d
src/aig/gia/giaGen.d
src/aig/gia/giaGig.d
src/aig/gia/giaGlitch.d
src/aig/gia/giaHash.d
src/aig/gia/giaIf.d
src/aig/gia/giaIff.d
src/aig/gia/giaIiff.d
src/aig/gia/giaIso.d
src/aig/gia/giaIso2.d
src/aig/gia/giaIso3.d
src/aig/gia/giaJf.d
src/aig/gia/giaKf.d
src/aig/gia/giaLf.d
src/aig/gia/giaLutCas.d
src/aig/gia/giaMf.d
src/aig/gia/giaMan.d
src/aig/gia/giaMem.d
src/aig/gia/giaMfs.d
src/aig/gia/giaMini.d
src/aig/gia/giaMinLut.d
src/aig/gia/giaMinLut2.d
src/aig/gia/giaMulFind.d
src/aig/gia/giaMulFind3.d
src/aig/gia/giaMuxes.d
src/aig/gia/giaNf.d
src/aig/gia/giaOf.d
src/aig/gia/giaPack.d
src/aig/gia/giaPat.d
src/aig/gia/giaPat2.d
src/aig/gia/giaPf.d
src/aig/gia/giaQbf.d
src/aig/gia/giaReshape1.d
src/aig/gia/giaReshape2.d
src/aig/gia/giaResub.d
src/aig/gia/giaResub2.d
src/aig/gia/giaResub3.d
src/aig/gia/giaResub6.d
src/aig/gia/giaRetime.d
src/aig/gia/giaRex.d
src/aig/gia/giaSatEdge.d
src/aig/gia/giaSatLE.d
src/aig/gia/giaSatLut.d
src/aig/gia/giaSatMap.d
src/aig/gia/giaSatoko.d
src/aig/gia/giaSatSyn.d
src/aig/gia/giaSat3.d
src/aig/gia/giaScl.d
src/aig/gia/giaScript.d
src/aig/gia/giaShow.d
src/aig/gia/giaShrink.d
src/aig/gia/giaShrink6.d
src/aig/gia/giaShrink7.d
src/aig/gia/giaSif.d
src/aig/gia/giaSim.d
src/aig/gia/giaSim2.d
src/aig/gia/giaSimBase.d
src/aig/gia/giaSort.d
src/aig/gia/giaSpeedup.d
src/aig/gia/giaSplit.d
src/aig/gia/giaStg.d
src/aig/gia/giaStoch.d
src/aig/gia/giaStr.d
src/aig/gia/giaSupMin.d
src/aig/gia/giaSupp.d
src/aig/gia/giaSupps.d
src/aig/gia/giaSweep.d
src/aig/gia/giaSweeper.d
src/aig/gia/giaSwitch.d
src/aig/gia/giaTim.d
src/aig/gia/giaTis.d
src/aig/gia/giaTranStoch.d
src/aig/gia/giaTruth.d
src/aig/gia/giaTsim.d
src/aig/gia/giaUnate.d
src/aig/gia/giaUtil.d
src/aig/gia/giaBound.d
src/aig/ioa/ioaReadAig.d
src/aig/ioa/ioaWriteAig.d
src/aig/ioa/ioaUtil.d
src/aig/ivy/ivyBalance.d
src/aig/ivy/ivyCanon.d
src/aig/ivy/ivyCheck.d
src/aig/ivy/ivyCut.d
src/aig/ivy/ivyCutTrav.d
src/aig/ivy/ivyDfs.d
src/aig/ivy/ivyDsd.d
src/aig/ivy/ivyFanout.d
src/aig/ivy/ivyFastMap.d
src/aig/ivy/ivyFraig.d
src/aig/ivy/ivyHaig.d
src/aig/ivy/ivyMan.d
src/aig/ivy/ivyMem.d
src/aig/ivy/ivyMulti.d
src/aig/ivy/ivyObj.d
src/aig/ivy/ivyOper.d
src/aig/ivy/ivyResyn.d
src/aig/ivy/ivyRwr.d
src/aig/ivy/ivySeq.d
src/aig/ivy/ivyShow.d
src/aig/ivy/ivyTable.d
src/aig/ivy/ivyUtil.d
src/aig/hop/hopBalance.d
src/aig/hop/hopCheck.d
src/aig/hop/hopDfs.d
src/aig/hop/hopMan.d
src/aig/hop/hopMem.d
src/aig/hop/hopObj.d
src/aig/hop/hopOper.d
src/aig/hop/hopTable.d
src/aig/hop/hopTruth.d
src/aig/hop/hopUtil.d
src/bdd/cudd/cuddAPI.d
src/bdd/cudd/cuddAddAbs.d
src/bdd/cudd/cuddAddApply.d
src/bdd/cudd/cuddAddFind.d
src/bdd/cudd/cuddAddInv.d
src/bdd/cudd/cuddAddIte.d
src/bdd/cudd/cuddAddNeg.d
src/bdd/cudd/cuddAddWalsh.d
src/bdd/cudd/cuddAndAbs.d
src/bdd/cudd/cuddAnneal.d
src/bdd/cudd/cuddApa.d
src/bdd/cudd/cuddApprox.d
src/bdd/cudd/cuddBddAbs.d
src/bdd/cudd/cuddBddCorr.d
src/bdd/cudd/cuddBddIte.d
src/bdd/cudd/cuddBridge.d
src/bdd/cudd/cuddCache.d
src/bdd/cudd/cuddCheck.d
src/bdd/cudd/cuddClip.d
src/bdd/cudd/cuddCof.d
src/bdd/cudd/cuddCompose.d
src/bdd/cudd/cuddDecomp.d
src/bdd/cudd/cuddEssent.d
src/bdd/cudd/cuddExact.d
src/bdd/cudd/cuddExport.d
src/bdd/cudd/cuddGenCof.d
src/bdd/cudd/cuddGenetic.d
src/bdd/cudd/cuddGroup.d
src/bdd/cudd/cuddHarwell.d
src/bdd/cudd/cuddInit.d
src/bdd/cudd/cuddInteract.d
src/bdd/cudd/cuddLCache.d
src/bdd/cudd/cuddLevelQ.d
src/bdd/cudd/cuddLinear.d
src/bdd/cudd/cuddLiteral.d
src/bdd/cudd/cuddMatMult.d
src/bdd/cudd/cuddPriority.d
src/bdd/cudd/cuddRead.d
src/bdd/cudd/cuddRef.d
src/bdd/cudd/cuddReorder.d
src/bdd/cudd/cuddSat.d
src/bdd/cudd/cuddSign.d
src/bdd/cudd/cuddSolve.d
src/bdd/cudd/cuddSplit.d
src/bdd/cudd/cuddSubsetHB.d
src/bdd/cudd/cuddSubsetSP.d
src/bdd/cudd/cuddSymmetry.d
src/bdd/cudd/cuddTable.d
src/bdd/cudd/cuddUtil.d
src/bdd/cudd/cuddWindow.d
src/bdd/cudd/cuddZddCount.d
src/bdd/cudd/cuddZddFuncs.d
src/bdd/cudd/cuddZddGroup.d
src/bdd/cudd/cuddZddIsop.d
src/bdd/cudd/cuddZddLin.d
src/bdd/cudd/cuddZddMisc.d
src/bdd/cudd/cuddZddPort.d
src/bdd/cudd/cuddZddReord.d
src/bdd/cudd/cuddZddSetop.d
src/bdd/cudd/cuddZddSymm.d
src/bdd/cudd/cuddZddUtil.d
src/bdd/extrab/extraBddAuto.d
src/bdd/extrab/extraBddCas.d
src/bdd/extrab/extraBddImage.d
src/bdd/extrab/extraBddKmap.d
src/bdd/extrab/extraBddMaxMin.d
src/bdd/extrab/extraBddMisc.d
src/bdd/extrab/extraBddSet.d
src/bdd/extrab/extraBddSymm.d
src/bdd/extrab/extraBddThresh.d
src/bdd/extrab/extraBddTime.d
src/bdd/extrab/extraBddUnate.d
src/bdd/dsd/dsdApi.d
src/bdd/dsd/dsdCheck.d
src/bdd/dsd/dsdLocal.d
src/bdd/dsd/dsdMan.d
src/bdd/dsd/dsdProc.d
src/bdd/dsd/dsdTree.d
src/bdd/epd/epd.d
src/bdd/mtr/mtrBasic.d
src/bdd/mtr/mtrGroup.d
src/bdd/reo/reoApi.d
src/bdd/reo/reoCore.d
src/bdd/reo/reoProfile.d
src/bdd/reo/reoShuffle.d
src/bdd/reo/reoSift.d
src/bdd/reo/reoSwap.d
src/bdd/reo/reoTransfer.d
src/bdd/reo/reoUnits.d
src/bdd/cas/casCore.d
src/bdd/cas/casDec.d
src/bdd/bbr/bbrCex.d
src/bdd/bbr/bbrImage.d
src/bdd/bbr/bbrNtbdd.d
src/bdd/bbr/bbrReach.d
src/bdd/llb/llb1Cluster.d
src/bdd/llb/llb1Constr.d
src/bdd/llb/llb1Core.d
src/bdd/llb/llb1Group.d
src/bdd/llb/llb1Hint.d
src/bdd/llb/llb1Man.d
src/bdd/llb/llb1Matrix.d
src/bdd/llb/llb1Pivot.d
src/bdd/llb/llb1Reach.d
src/bdd/llb/llb1Sched.d
src/bdd/llb/llb2Bad.d
src/bdd/llb/llb2Core.d
src/bdd/llb/llb2Driver.d
src/bdd/llb/llb2Dump.d
src/bdd/llb/llb2Flow.d
src/bdd/llb/llb2Image.d
src/bdd/llb/llb3Image.d
src/bdd/llb/llb3Nonlin.d
src/bdd/llb/llb4Cex.d
src/bdd/llb/llb4Image.d
src/bdd/llb/llb4Nonlin.d
src/bdd/llb/llb4Sweep.d
