build.log: present
help.log: present
smoke_i10.log: present
metrics.csv: present
comparison.csv: present
guard_stats.csv: present
early_seed_stats.csv: present
relief_diag.csv: present
near_miss_stats.csv: present
near_miss_diag.csv: present
summary.json: present
cec_summary.json: present
review_prompt1.txt: present
review_pass1.log: present
review_pass1_supported.log: present
review_prompt2.txt: present
review_pass2.log: present
review_pass2_supported.log: present
review_summary.md: present
baseline_benchmarks_i10_aig.log: present
candidate_benchmarks_i10_aig.log: present
cec_benchmarks_i10_aig.log: present
baseline_benchmarks_ode_abc_blif.log: present
candidate_benchmarks_ode_abc_blif.log: present
cec_benchmarks_ode_abc_blif.log: present
baseline_benchmarks_or1200_abc_blif.log: present
candidate_benchmarks_or1200_abc_blif.log: present
cec_benchmarks_or1200_abc_blif.log: present
baseline_benchmarks_syn2_abc_blif.log: present
candidate_benchmarks_syn2_abc_blif.log: present
cec_benchmarks_syn2_abc_blif.log: present
