======== ABC command line "read_lib 7nm_lvt_ff.lib; read benchmarks/syn2.abc.blif; resyn; resyn2; dch -v; stmap19; topo; buffer; upsize -v; dnsize -v; stime; strash; write .autoeda/runtime/results/stmap19/cec_benchmarks_syn2_abc_blif_stmap19.aig"
Library "ASAP7_7nm_LVT_FF" from "7nm_lvt_ff.lib" has 159 cells (26 skipped: 23 seq; 0 tri-state; 3 no func; 0 dont_use; 0 with 2 outputs; 0 with 3+ outputs).  Time =     0.23 sec
Warning: Detected 2 multi-output cells (for example, "FAx1_ASAP7_75t_L").
Hierarchy reader converted 4 instances of blackboxes.
Starting:  syn2            : pi =   450  po =   321  lat =  1512  and =   25570  lev =  67
Rewrite:   syn2            : pi =   450  po =   321  lat =  1512  and =   25403  lev =  67
Refactor:  syn2            : pi =   450  po =   321  lat =  1512  and =   25150  lev =  67
Balance:   syn2            : pi =   450  po =   321  lat =  1512  and =   25132  lev =  67
RewriteZ:  syn2            : pi =   450  po =   321  lat =  1512  and =   25006  lev =  67
Starting:  syn2            : pi =   450  po =   321  lat =  1512  and =   25006  lev =  67
Rewrite:   syn2            : pi =   450  po =   321  lat =  1512  and =   24948  lev =  67
Refactor:  syn2            : pi =   450  po =   321  lat =  1512  and =   24842  lev =  67
Balance:   syn2            : pi =   450  po =   321  lat =  1512  and =   24835  lev =  67
Rewrite:   syn2            : pi =   450  po =   321  lat =  1512  and =   24782  lev =  67
RewriteZ:  syn2            : pi =   450  po =   321  lat =  1512  and =   24739  lev =  67
Balance:   syn2            : pi =   450  po =   321  lat =  1512  and =   24735  lev =  67
RefactorZ: syn2            : pi =   450  po =   321  lat =  1512  and =   24578  lev =  67
RewriteZ:  syn2            : pi =   450  po =   321  lat =  1512  and =   24476  lev =  67
Balance:   syn2            : pi =   450  po =   321  lat =  1512  and =   24470  lev =  67
Parameters: Sim words = 8. Conf limit = 1000. SAT var max = 5000.
AIG nodes : Total =  68304. Dangling =  45536. Main =  22768. ( 33.33 %)
SAT solver: Vars = 1905. Max cone = 5246. Recycles = 8.
SAT calls : All =  12993. Unsat =   4111. Sat =   8882. Fail =      0.
Choices   : Lits =  21248. Reprs =     0. Equivs =     0. Choices =     0.
Choicing runtime statistics:
Sim init    =     0.01 sec (  0.60 %)
Sim SAT     =     0.59 sec ( 28.43 %)
SAT solving =     1.44 sec ( 69.42 %)
  sat       =     1.31 sec ( 63.05 %)
  unsat     =     0.14 sec (  6.58 %)
  undecided =     0.00 sec (  0.00 %)
Choice      =     0.00 sec (  0.00 %)
Other       =     0.03 sec (  1.55 %)
TOTAL       =     2.08 sec (100.00 %)
Synthesis   =     0.93 sec
Old choice computation time =     2.08 sec
STATS:  Ands:   68304  ->   47143.  Reprs:  19635  ->   3665.  Choices =   3066.
stmap19 relief diag: index = 1  profile-open = 0  node = 2318  level = 29  refs = 5  leaves = 4  phase = 0  slack = 7.430023  area-save = 0.930000  arrival-delta = -10.130005  arrival-gain-margin = 1.585000  area-margin = 0.700000
stmap19 near-miss diag: index = 1  reason = arrival-gate  profile-open = 0  node = 5785  level = 44  refs = 4  leaves = 4  phase = 0  slack = 10.839981  area-save = 0.930000  arrival-delta = -0.800003  arrival-gain-margin = 1.585000  area-margin = 1.400000  one-inv-area = 0.700000
stmap19 relief diag: index = 2  profile-open = 0  node = 5785  level = 44  refs = 4  leaves = 4  phase = 1  slack = 7.619980  area-save = 0.930000  arrival-delta = -2.760010  arrival-gain-margin = 1.585000  area-margin = 0.700000
stmap19 relief diag: index = 3  profile-open = 0  node = 21363  level = 49  refs = 4  leaves = 4  phase = 0  slack = 11.790039  area-save = 0.930000  arrival-delta = -8.349991  arrival-gain-margin = 1.585000  area-margin = 0.700000
stmap19 relief diag: index = 4  profile-open = 0  node = 23628  level = 38  refs = 4  leaves = 4  phase = 0  slack = 6.520020  area-save = 0.930000  arrival-delta = -1.750000  arrival-gain-margin = 1.585000  area-margin = 0.700000
stmap19 near-miss diag: index = 2  reason = arrival-gate  profile-open = 0  node = 23628  level = 38  refs = 4  leaves = 4  phase = 1  slack = 7.550034  area-save = 1.170000  arrival-delta = -1.049988  arrival-gain-margin = 1.585000  area-margin = 1.400000  one-inv-area = 0.700000
stmap19 near-miss diag: index = 3  reason = arrival-gate  profile-open = 0  node = 23628  level = 38  refs = 4  leaves = 5  phase = 1  slack = 7.550034  area-save = 1.170000  arrival-delta = -0.029999  arrival-gain-margin = 1.585000  area-margin = 1.400000  one-inv-area = 0.700000
stmap19 relief diag: index = 5  profile-open = 0  node = 23673  level = 37  refs = 4  leaves = 5  phase = 1  slack = 7.850021  area-save = 0.930000  arrival-delta = -11.840012  arrival-gain-margin = 1.585000  area-margin = 0.700000
stmap19 relief diag: index = 6  profile-open = 0  node = 24798  level = 46  refs = 4  leaves = 4  phase = 1  slack = 7.919983  area-save = 0.940000  arrival-delta = -3.179993  arrival-gain-margin = 1.585000  area-margin = 0.700000
stmap19 near-miss diag: index = 4  reason = arrival-gate  profile-open = 0  node = 27904  level = 57  refs = 4  leaves = 5  phase = 1  slack = 9.659973  area-save = 0.930000  arrival-delta = -1.459991  arrival-gain-margin = 1.585000  area-margin = 1.400000  one-inv-area = 0.700000
stmap19 relief diag: index = 7  profile-open = 0  node = 35068  level = 45  refs = 4  leaves = 4  phase = 0  slack = 11.949997  area-save = 0.930000  arrival-delta = -2.119980  arrival-gain-margin = 1.585000  area-margin = 0.700000
stmap19 relief diag: index = 8  profile-open = 0  node = 37979  level = 42  refs = 5  leaves = 4  phase = 1  slack = 7.170013  area-save = 0.930000  arrival-delta = -3.699997  arrival-gain-margin = 1.585000  area-margin = 0.700000
stmap19 relief diag: index = 9  profile-open = 1  node = 25927  level = 7  refs = 4  leaves = 5  phase = 0  slack = 6.619999  area-save = 0.940000  arrival-delta = -1.600002  arrival-gain-margin = 1.585000  area-margin = 0.700000
stmap19 guard stats: exact-risk = 98459  highest = 48775  lower-mod = 38526  upper-mod = 11158  middle-slack = 1947  middle-relief = 9  reject-slack = 35846  reject-highest = 28347  reject-arrival = 16753  reject-area = 17165
stmap19 near-miss stats: near-miss = 4
stmap19 early-seed stats: early-seed = 8
Parameters: Iters = 1000.  Time win =  1 %. Update ratio = 10 %. UseDept = 1. UseWL = 0. Target =    0 ps. DelayGap =  0 ps. Timeout =   0 sec
   0 Win:  1. PO:    40. Path:    142. Gate:   14. TFO:   6797. A: 22291.07 ( +0.1 %)  D: 628.05 ps ( -1.8 %)  B: 628.05 ps ( -1.8 %)    0.00 sec    
   1 Win:  1. PO:    40. Path:    179. Gate:   17. TFO:   8024. A: 22307.64 ( +0.1 %)  D: 616.58 ps ( -3.6 %)  B: 616.58 ps ( -3.6 %)    0.01 sec    
   2 Win:  1. PO:    20. Path:     67. Gate:    6. TFO:   3247. A: 22312.78 ( +0.2 %)  D: 608.18 ps ( -4.9 %)  B: 608.18 ps ( -4.9 %)    0.01 sec    
   3 Win:  1. PO:    40. Path:    254. Gate:   25. TFO:   7510. A: 22336.81 ( +0.3 %)  D: 601.55 ps ( -5.9 %)  B: 601.55 ps ( -5.9 %)    0.01 sec    
   4 Win:  1. PO:    20. Path:    105. Gate:   10. TFO:   4205. A: 22342.41 ( +0.3 %)  D: 586.61 ps ( -8.3 %)  B: 586.61 ps ( -8.3 %)    0.01 sec    
   5 Win:  1. PO:    20. Path:    230. Gate:   23. TFO:   3609. A: 22361.32 ( +0.4 %)  D: 576.76 ps ( -9.8 %)  B: 576.76 ps ( -9.8 %)    0.01 sec    
   6 Win:  2. PO:    61. Path:   1061. Gate:  106. TFO:  12443. A: 22442.30 ( +0.7 %)  D: 558.84 ps (-12.6 %)  B: 558.84 ps (-12.6 %)    0.02 sec    
   7 Win:  1. PO:    20. Path:    114. Gate:   11. TFO:   3636. A: 22449.77 ( +0.8 %)  D: 552.11 ps (-13.7 %)  B: 552.11 ps (-13.7 %)    0.02 sec    
   8 Win:  1. PO:    40. Path:    263. Gate:   26. TFO:   7500. A: 22467.50 ( +0.9 %)  D: 540.47 ps (-15.5 %)  B: 540.47 ps (-15.5 %)    0.02 sec    
   9 Win:  1. PO:    80. Path:    558. Gate:   55. TFO:  14890. A: 22501.80 ( +1.0 %)  D: 534.14 ps (-16.5 %)  B: 534.14 ps (-16.5 %)    0.03 sec    
  10 Win:  1. PO:    40. Path:    291. Gate:   29. TFO:   7822. A: 22522.80 ( +1.1 %)  D: 531.95 ps (-16.8 %)  B: 531.95 ps (-16.8 %)    0.03 sec    
  11 Win:  1. PO:    40. Path:    155. Gate:   15. TFO:   7619. A: 22536.57 ( +1.2 %)  D: 530.98 ps (-17.0 %)  B: 530.98 ps (-17.0 %)    0.03 sec    
  12 Win:  1. PO:    20. Path:    178. Gate:   17. TFO:   3649. A: 22554.31 ( +1.2 %)  D: 525.62 ps (-17.8 %)  B: 525.62 ps (-17.8 %)    0.03 sec    
  13 Win:  2. PO:    81. Path:   1629. Gate:  162. TFO:  15145. A: 22659.56 ( +1.7 %)  D: 522.13 ps (-18.4 %)  B: 522.13 ps (-18.4 %)    0.04 sec    
  14 Win:  1. PO:    20. Path:    124. Gate:   12. TFO:   3708. A: 22667.26 ( +1.8 %)  D: 517.02 ps (-19.2 %)  B: 517.02 ps (-19.2 %)    0.04 sec    
  15 Win:  1. PO:    50. Path:    251. Gate:   25. TFO:  11096. A: 22684.06 ( +1.8 %)  D: 515.29 ps (-19.4 %)  B: 515.29 ps (-19.4 %)    0.05 sec    
  16 Win:  1. PO:    40. Path:    234. Gate:   23. TFO:   7885. A: 22698.77 ( +1.9 %)  D: 514.18 ps (-19.6 %)  B: 514.18 ps (-19.6 %)    0.05 sec    
  17 Win:  1. PO:    20. Path:    243. Gate:   24. TFO:   4337. A: 22716.50 ( +2.0 %)  D: 508.49 ps (-20.5 %)  B: 508.49 ps (-20.5 %)    0.05 sec    
  18 Win:  1. PO:    50. Path:    430. Gate:   43. TFO:  11904. A: 22741.70 ( +2.1 %)  D: 507.43 ps (-20.7 %)  B: 507.43 ps (-20.7 %)    0.06 sec    
  19 Win:  1. PO:    20. Path:    137. Gate:   13. TFO:   4348. A: 22747.30 ( +2.1 %)  D: 502.72 ps (-21.4 %)  B: 502.72 ps (-21.4 %)    0.06 sec    
  20 Win:  2. PO:    83. Path:   1869. Gate:  186. TFO:  15487. A: 22884.04 ( +2.7 %)  D: 505.41 ps (-21.0 %)  B: 502.72 ps (-21.4 %)    0.07 sec    
  21 Win:  1. PO:    20. Path:    171. Gate:   17. TFO:   4323. A: 22898.98 ( +2.8 %)  D: 500.08 ps (-21.8 %)  B: 500.08 ps (-21.8 %)    0.07 sec    
  22 Win:  1. PO:    40. Path:    284. Gate:   28. TFO:   7561. A: 22913.68 ( +2.9 %)  D: 498.58 ps (-22.0 %)  B: 498.58 ps (-22.0 %)    0.07 sec    
  23 Win:  1. PO:    40. Path:    235. Gate:   23. TFO:   7563. A: 22932.81 ( +2.9 %)  D: 495.96 ps (-22.5 %)  B: 495.96 ps (-22.5 %)    0.08 sec    
  24 Win:  1. PO:    40. Path:    257. Gate:   23. TFO:   6731. A: 22947.98 ( +3.0 %)  D: 497.95 ps (-22.1 %)  B: 495.96 ps (-22.5 %)    0.08 sec    
  25 Win:  1. PO:    40. Path:    273. Gate:   27. TFO:   7100. A: 22968.75 ( +3.1 %)  D: 498.60 ps (-22.0 %)  B: 495.96 ps (-22.5 %)    0.08 sec    
  26 Win:  1. PO:    40. Path:    181. Gate:    9. TFO:   7555. A: 22974.82 ( +3.1 %)  D: 501.65 ps (-21.6 %)  B: 495.96 ps (-22.5 %)    0.08 sec    
  27 Win:  2. PO:    21. Path:    369. Gate:   35. TFO:   3614. A: 22992.55 ( +3.2 %)  D: 504.53 ps (-21.1 %)  B: 495.96 ps (-22.5 %)    0.08 sec    
  28 Win:  1. PO:    20. Path:    111. Gate:    4. TFO:    329. A: 22996.76 ( +3.2 %)  D: 504.53 ps (-21.1 %)  B: 495.96 ps (-22.5 %)    0.08 sec    
  29 Win:  1. PO:    20. Path:    119. Gate:    5. TFO:    249. A: 23001.66 ( +3.3 %)  D: 504.53 ps (-21.1 %)  B: 495.96 ps (-22.5 %)    0.09 sec    
  30 Win:  1. PO:    20. Path:    112. Gate:    1. TFO:   3053. A: 23001.66 ( +3.3 %)  D: 504.98 ps (-21.0 %)  B: 495.96 ps (-22.5 %)    0.09 sec    
  31 Win:  1. PO:    20. Path:    111. Gate:    1. TFO:   3477. A: 23003.52 ( +3.3 %)  D: 500.98 ps (-21.7 %)  B: 495.96 ps (-22.5 %)    0.09 sec    
  32 Win:  2. PO:    21. Path:    387. Gate:   36. TFO:   4144. A: 23011.23 ( +3.3 %)  D: 506.80 ps (-20.8 %)  B: 495.96 ps (-22.5 %)    0.09 sec    
  33 Win:  1. PO:    20. Path:    113. Gate:    2. TFO:   1945. A: 23014.96 ( +3.3 %)  D: 507.96 ps (-20.6 %)  B: 495.96 ps (-22.5 %)    0.09 sec    
  34 Win:  2. PO:    21. Path:    206. Gate:   11. TFO:   2184. A: 23013.09 ( +3.3 %)  D: 509.39 ps (-20.4 %)  B: 495.96 ps (-22.5 %)    0.09 sec    
  35 Win:  1. PO:    20. Path:     92. Gate:    2. TFO:    982. A: 23013.09 ( +3.3 %)  D: 508.88 ps (-20.4 %)  B: 495.96 ps (-22.5 %)    0.09 sec    
  36 Win:  1. PO:    20. Path:     92. Gate:    3. TFO:   3587. A: 23013.56 ( +3.3 %)  D: 512.86 ps (-19.8 %)  B: 495.96 ps (-22.5 %)    0.09 sec    
  37 Win:  1. PO:    20. Path:     90. Gate:    4. TFO:   1033. A: 23019.63 ( +3.3 %)  D: 512.86 ps (-19.8 %)  B: 495.96 ps (-22.5 %)    0.09 sec    
  38 Win:  1. PO:    20. Path:     90. Gate:    1. TFO:   1037. A: 23021.50 ( +3.3 %)  D: 512.68 ps (-19.8 %)  B: 495.96 ps (-22.5 %)    0.09 sec    
  39 Win:  1. PO:    20. Path:     90. Gate:    1. TFO:   1228. A: 23023.13 ( +3.4 %)  D: 509.32 ps (-20.4 %)  B: 495.96 ps (-22.5 %)    0.09 sec    
  40 Win:  1. PO:    20. Path:    111. Gate:    2. TFO:    269. A: 23026.86 ( +3.4 %)  D: 509.32 ps (-20.4 %)  B: 495.96 ps (-22.5 %)    0.09 sec    
  41 Win:  2. PO:    21. Path:    265. Gate:   10. TFO:   3616. A: 23037.83 ( +3.4 %)  D: 505.59 ps (-20.9 %)  B: 495.96 ps (-22.5 %)    0.10 sec    
  42 Win:  1. PO:    20. Path:    129. Gate:    3. TFO:   3087. A: 23039.93 ( +3.4 %)  D: 506.04 ps (-20.9 %)  B: 495.96 ps (-22.5 %)    0.10 sec    
  43 Win:  2. PO:    21. Path:    258. Gate:    6. TFO:   1212. A: 23040.40 ( +3.4 %)  D: 506.04 ps (-20.9 %)  B: 495.96 ps (-22.5 %)    0.10 sec    
  44 Win:  1. PO:    20. Path:    108. Gate:    1. TFO:    293. A: 23038.53 ( +3.4 %)  D: 506.04 ps (-20.9 %)  B: 495.96 ps (-22.5 %)    0.10 sec    
  45 Win:  2. PO:    21. Path:    254. Gate:    4. TFO:    221. A: 23036.67 ( +3.4 %)  D: 506.04 ps (-20.9 %)  B: 495.96 ps (-22.5 %)    0.10 sec    
  46 Win:  1. PO:    20. Path:    111. Gate:    2. TFO:   3482. A: 23035.03 ( +3.4 %)  D: 510.04 ps (-20.3 %)  B: 495.96 ps (-22.5 %)    0.10 sec    
  47 Win:  1. PO:    20. Path:    109. Gate:    1. TFO:   1049. A: 23036.90 ( +3.4 %)  D: 509.58 ps (-20.3 %)  B: 495.96 ps (-22.5 %)    0.10 sec    
  48 Win:  2. PO:    21. Path:    254. Gate:    5. TFO:    951. A: 23039.00 ( +3.4 %)  D: 509.88 ps (-20.3 %)  B: 495.96 ps (-22.5 %)    0.10 sec    
  49 Win:  1. PO:    20. Path:    121. Gate:    2. TFO:    871. A: 23040.87 ( +3.4 %)  D: 509.88 ps (-20.3 %)  B: 495.96 ps (-22.5 %)    0.10 sec    
  50 Win:  1. PO:    20. Path:    117. Gate:    3. TFO:    535. A: 23045.07 ( +3.5 %)  D: 509.88 ps (-20.3 %)  B: 495.96 ps (-22.5 %)    0.10 sec    
  51 Win:  1. PO:    20. Path:    114. Gate:    1. TFO:   3482. A: 23046.93 ( +3.5 %)  D: 505.89 ps (-20.9 %)  B: 495.96 ps (-22.5 %)    0.10 sec    
  52 Win:  1. PO:    20. Path:    112. Gate:    1. TFO:   1046. A: 23045.07 ( +3.5 %)  D: 506.57 ps (-20.8 %)  B: 495.96 ps (-22.5 %)    0.10 sec    
  53 Win:  2. PO:    21. Path:    234. Gate:    4. TFO:   2610. A: 23042.27 ( +3.4 %)  D: 506.57 ps (-20.8 %)  B: 495.96 ps (-22.5 %)    0.10 sec    
  54 Win:  2. PO:    21. Path:    226. Gate:    3. TFO:    275. A: 23042.27 ( +3.4 %)  D: 506.57 ps (-20.8 %)  B: 495.96 ps (-22.5 %)    0.10 sec    
  55 Win:  2. PO:    21. Path:    223. Gate:    2. TFO:    137. A: 23041.80 ( +3.4 %)  D: 506.57 ps (-20.8 %)  B: 495.96 ps (-22.5 %)    0.10 sec    
  56 Win:  1. PO:    20. Path:    123. Gate:    1. TFO:   3465. A: 23039.93 ( +3.4 %)  D: 510.56 ps (-20.2 %)  B: 495.96 ps (-22.5 %)    0.11 sec    
  57 Win:  1. PO:    20. Path:    109. Gate:    1. TFO:   1043. A: 23041.80 ( +3.4 %)  D: 509.88 ps (-20.3 %)  B: 495.96 ps (-22.5 %)    0.11 sec    
  58 Win:  1. PO:    20. Path:    121. Gate:    1. TFO:     40. A: 23041.33 ( +3.4 %)  D: 509.88 ps (-20.3 %)  B: 495.96 ps (-22.5 %)    0.11 sec    
  59 Win:  1. PO:    20. Path:    121. Gate:    2. TFO:    158. A: 23043.20 ( +3.4 %)  D: 509.88 ps (-20.3 %)  B: 495.96 ps (-22.5 %)    0.11 sec    
  60 Win:  1. PO:    20. Path:    117. Gate:    1. TFO:    100. A: 23045.07 ( +3.5 %)  D: 509.88 ps (-20.3 %)  B: 495.96 ps (-22.5 %)    0.11 sec    
  61 Win:  1. PO:    20. Path:    114. Gate:    1. TFO:   3465. A: 23046.93 ( +3.5 %)  D: 505.89 ps (-20.9 %)  B: 495.96 ps (-22.5 %)    0.11 sec    
  62 Win:  2. PO:    21. Path:    256. Gate:    2. TFO:    198. A: 23047.40 ( +3.5 %)  D: 505.89 ps (-20.9 %)  B: 495.96 ps (-22.5 %)    0.11 sec    
  63 Win:  1. PO:    20. Path:    128. Gate:    2. TFO:   3087. A: 23047.40 ( +3.5 %)  D: 506.57 ps (-20.8 %)  B: 495.96 ps (-22.5 %)    0.11 sec    
  64 Win:  2. PO:    21. Path:    232. Gate:    3. TFO:   1066. A: 23045.07 ( +3.5 %)  D: 506.57 ps (-20.8 %)  B: 495.96 ps (-22.5 %)    0.11 sec    
  65 Win:  1. PO:    20. Path:    111. Gate:    1. TFO:    293. A: 23043.20 ( +3.4 %)  D: 506.57 ps (-20.8 %)  B: 495.96 ps (-22.5 %)    0.11 sec    
  66 Win:  1. PO:    20. Path:    111. Gate:    1. TFO:   3482. A: 23041.33 ( +3.4 %)  D: 510.56 ps (-20.2 %)  B: 495.96 ps (-22.5 %)    0.11 sec    
  67 Win:  2. PO:    21. Path:    220. Gate:    3. TFO:    270. A: 23037.37 ( +3.4 %)  D: 510.56 ps (-20.2 %)  B: 495.96 ps (-22.5 %)    0.11 sec    
  68 Win:  1. PO:    20. Path:    109. Gate:    1. TFO:   1046. A: 23039.23 ( +3.4 %)  D: 509.88 ps (-20.3 %)  B: 495.96 ps (-22.5 %)    0.11 sec    
  69 Win:  2. PO:    21. Path:    247. Gate:    1. TFO:     36. A: 23039.70 ( +3.4 %)  D: 509.88 ps (-20.3 %)  B: 495.96 ps (-22.5 %)    0.11 sec    
  70 Win:  1. PO:    20. Path:    121. Gate:    2. TFO:    875. A: 23041.57 ( +3.4 %)  D: 509.88 ps (-20.3 %)  B: 495.96 ps (-22.5 %)    0.11 sec    
  71 Win:  1. PO:    20. Path:    117. Gate:    2. TFO:   3592. A: 23045.30 ( +3.5 %)  D: 505.89 ps (-20.9 %)  B: 495.96 ps (-22.5 %)    0.11 sec    
  72 Win:  1. PO:    20. Path:    117. Gate:    1. TFO:     99. A: 23047.17 ( +3.5 %)  D: 505.89 ps (-20.9 %)  B: 495.96 ps (-22.5 %)    0.11 sec    
  73 Win:  1. PO:    20. Path:    112. Gate:    1. TFO:   1046. A: 23045.30 ( +3.5 %)  D: 506.57 ps (-20.8 %)  B: 495.96 ps (-22.5 %)    0.11 sec    
  74 Win:  2. PO:    21. Path:    233. Gate:    4. TFO:   2624. A: 23046.00 ( +3.5 %)  D: 506.57 ps (-20.8 %)  B: 495.96 ps (-22.5 %)    0.12 sec    
  74 Win:  1. PO:    27. Path:    235. Gate:   15. TFO:   3806. A: 22932.59 ( +2.9 %)  D: 495.96 ps (-22.5 %)  B: 495.96 ps (-22.5 %)    0.12 sec    
Runtime: Critical path =     0.00 sec (  0.95 %)
Runtime: Sizing eval   =     0.04 sec ( 30.47 %)
Runtime: Timing update =     0.08 sec ( 65.67 %)
Runtime: Other         =     0.00 sec (  2.91 %)
Runtime: TOTAL         =     0.12 sec (100.00 %)
Parameters: Iters =    5.  UseDept = 1. UseWL = 0. Target =    0 ps. DelayGap =1000 ps. Timeout =   0 sec
    0 : Try = 22713  Over = 15316  Fail =  7154  Win =   243  A: 22764.18 ( -0.7 %)  D: 495.96 ps ( +0.0 %)      0.03 sec    
    1 : Try = 15316  Over = 11694  Fail =  3426  Win =   196  A: 22652.47 ( -1.2 %)  D: 495.10 ps ( -0.2 %)      0.05 sec    
    2 : Try = 11694  Over =  9142  Fail =  2367  Win =   185  A: 22567.60 ( -1.6 %)  D: 494.68 ps ( -0.3 %)      0.07 sec    
    3 : Try =  9142  Over =  7046  Fail =  1938  Win =   158  A: 22503.04 ( -1.9 %)  D: 494.68 ps ( -0.3 %)      0.09 sec    
    4 : Try =  7046  Over =  5628  Fail =  1269  Win =   149  A: 22448.50 ( -2.1 %)  D: 494.01 ps ( -0.4 %)      0.10 sec    
    5 : Try =  5628  Over =  4479  Fail =  1011  Win =   138  A: 22400.73 ( -2.3 %)  D: 493.88 ps ( -0.4 %)      0.12 sec    
    6 : Try =  4479  Over =  3657  Fail =   693  Win =   129  A: 22357.17 ( -2.5 %)  D: 493.87 ps ( -0.4 %)      0.13 sec    
    7 : Try =  3657  Over =  3051  Fail =   490  Win =   116  A: 22321.31 ( -2.7 %)  D: 494.03 ps ( -0.4 %)      0.14 sec    
    8 : Try =  3051  Over =  2587  Fail =   354  Win =   110  A: 22289.65 ( -2.8 %)  D: 494.33 ps ( -0.3 %)      0.15 sec    
    9 : Try =  2587  Over =  2207  Fail =   277  Win =   103  A: 22258.92 ( -2.9 %)  D: 493.20 ps ( -0.6 %)      0.16 sec    
   10 : Try =  2207  Over =  1900  Fail =   209  Win =    98  A: 22231.92 ( -3.1 %)  D: 492.07 ps ( -0.8 %)      0.17 sec    
   11 : Try =  1900  Over =  1658  Fail =   151  Win =    91  A: 22207.02 ( -3.2 %)  D: 492.07 ps ( -0.8 %)      0.18 sec    
   12 : Try =  1658  Over =  1483  Fail =    91  Win =    84  A: 22184.21 ( -3.3 %)  D: 492.28 ps ( -0.7 %)      0.18 sec    
   13 : Try =  1483  Over =  1306  Fail =   100  Win =    77  A: 22163.27 ( -3.4 %)  D: 492.28 ps ( -0.7 %)      0.19 sec    
   14 : Try =  1306  Over =  1155  Fail =    70  Win =    81  A: 22142.57 ( -3.4 %)  D: 492.16 ps ( -0.8 %)      0.20 sec    
   15 : Try =  1155  Over =  1009  Fail =    72  Win =    74  A: 22123.03 ( -3.5 %)  D: 492.16 ps ( -0.8 %)      0.20 sec    
   16 : Try =  1009  Over =   891  Fail =    56  Win =    62  A: 22106.74 ( -3.6 %)  D: 492.16 ps ( -0.8 %)      0.21 sec    
   17 : Try =   891  Over =   771  Fail =    52  Win =    68  A: 22089.53 ( -3.7 %)  D: 493.37 ps ( -0.5 %)      0.21 sec    
   18 : Try =   771  Over =   665  Fail =    49  Win =    57  A: 22075.81 ( -3.7 %)  D: 493.37 ps ( -0.5 %)      0.22 sec    
   19 : Try =   665  Over =   565  Fail =    49  Win =    51  A: 22063.49 ( -3.8 %)  D: 493.25 ps ( -0.5 %)      0.22 sec    
   20 : Try =   565  Over =   484  Fail =    30  Win =    51  A: 22051.40 ( -3.8 %)  D: 493.13 ps ( -0.6 %)      0.22 sec    
   21 : Try =   484  Over =   409  Fail =    33  Win =    42  A: 22040.94 ( -3.9 %)  D: 493.13 ps ( -0.6 %)      0.23 sec    
   22 : Try =   409  Over =   348  Fail =    24  Win =    37  A: 22031.87 ( -3.9 %)  D: 493.13 ps ( -0.6 %)      0.23 sec    
   23 : Try =   348  Over =   284  Fail =    28  Win =    36  A: 22023.04 ( -4.0 %)  D: 493.13 ps ( -0.6 %)      0.23 sec    
   24 : Try =   284  Over =   241  Fail =     8  Win =    35  A: 22014.20 ( -4.0 %)  D: 493.13 ps ( -0.6 %)      0.23 sec    
   25 : Try =   241  Over =   202  Fail =     6  Win =    33  A: 22006.29 ( -4.0 %)  D: 493.13 ps ( -0.6 %)      0.24 sec    
   26 : Try =   202  Over =   162  Fail =    11  Win =    29  A: 21999.32 ( -4.1 %)  D: 493.13 ps ( -0.6 %)      0.24 sec    
   27 : Try =   162  Over =   132  Fail =     6  Win =    24  A: 21993.74 ( -4.1 %)  D: 493.13 ps ( -0.6 %)      0.24 sec    
   28 : Try =   132  Over =   104  Fail =     8  Win =    20  A: 21989.09 ( -4.1 %)  D: 493.13 ps ( -0.6 %)      0.24 sec    
   29 : Try =   104  Over =    80  Fail =     7  Win =    17  A: 21984.67 ( -4.1 %)  D: 493.13 ps ( -0.6 %)      0.24 sec    
   30 : Try =    80  Over =    59  Fail =     6  Win =    15  A: 21980.95 ( -4.1 %)  D: 493.13 ps ( -0.6 %)      0.24 sec    
   31 : Try =    59  Over =    41  Fail =     3  Win =    15  A: 21977.46 ( -4.2 %)  D: 493.13 ps ( -0.6 %)      0.24 sec    
   32 : Try =    41  Over =    27  Fail =     5  Win =     9  A: 21975.37 ( -4.2 %)  D: 493.13 ps ( -0.6 %)      0.24 sec    
   33 : Try =    27  Over =    17  Fail =     3  Win =     7  A: 21973.75 ( -4.2 %)  D: 493.13 ps ( -0.6 %)      0.24 sec    
   34 : Try =    17  Over =    12  Fail =     0  Win =     5  A: 21972.58 ( -4.2 %)  D: 493.13 ps ( -0.6 %)      0.24 sec    
   35 : Try =    12  Over =     6  Fail =     0  Win =     6  A: 21971.19 ( -4.2 %)  D: 493.00 ps ( -0.6 %)      0.24 sec    
   36 : Try =     6  Over =     3  Fail =     0  Win =     3  A: 21970.49 ( -4.2 %)  D: 493.00 ps ( -0.6 %)      0.24 sec    
   37 : Try =     3  Over =     2  Fail =     0  Win =     1  A: 21970.26 ( -4.2 %)  D: 493.00 ps ( -0.6 %)      0.24 sec    
   38 : Try =     2  Over =     1  Fail =     0  Win =     1  A: 21970.03 ( -4.2 %)  D: 493.00 ps ( -0.6 %)      0.24 sec    
   39 : Try =     1  Over =     0  Fail =     1  Win =     0  A: 21968.68 ( -4.2 %)  D: 493.01 ps ( -0.6 %)      0.25 sec    
Total : Try =101537  Over = 78824  Fail = 20057  Win =  2656  A: 21968.68 ( -4.2 %)  D: 493.01 ps ( -0.6 %)      0.25 sec    
    0 : Try = 22713  Over = 12122  Fail = 10453  Win =   138  A: 21904.11 ( -4.5 %)  D: 494.69 ps ( -0.3 %)      0.28 sec    
    1 : Try = 12122  Over =  8080  Fail =  3911  Win =   131  A: 21857.51 ( -4.7 %)  D: 495.11 ps ( -0.2 %)      0.30 sec    
    2 : Try =  8080  Over =  5523  Fail =  2443  Win =   114  A: 21823.52 ( -4.8 %)  D: 494.32 ps ( -0.3 %)      0.31 sec    
    3 : Try =  5523  Over =  4066  Fail =  1352  Win =   105  A: 21793.96 ( -5.0 %)  D: 494.32 ps ( -0.3 %)      0.33 sec    
    4 : Try =  4066  Over =  3183  Fail =   784  Win =    99  A: 21767.43 ( -5.1 %)  D: 494.32 ps ( -0.3 %)      0.34 sec    
    5 : Try =  3183  Over =  2611  Fail =   479  Win =    93  A: 21743.00 ( -5.2 %)  D: 495.07 ps ( -0.2 %)      0.35 sec    
    6 : Try =  2611  Over =  2120  Fail =   406  Win =    85  A: 21720.90 ( -5.3 %)  D: 495.07 ps ( -0.2 %)      0.35 sec    
    7 : Try =  2120  Over =  1752  Fail =   290  Win =    78  A: 21701.84 ( -5.4 %)  D: 495.07 ps ( -0.2 %)      0.36 sec    
    8 : Try =  1752  Over =  1503  Fail =   178  Win =    71  A: 21684.87 ( -5.4 %)  D: 495.26 ps ( -0.1 %)      0.37 sec    
    9 : Try =  1503  Over =  1267  Fail =   172  Win =    64  A: 21669.52 ( -5.5 %)  D: 495.26 ps ( -0.1 %)      0.38 sec    
   10 : Try =  1267  Over =  1059  Fail =   146  Win =    62  A: 21655.11 ( -5.6 %)  D: 495.26 ps ( -0.1 %)      0.38 sec    
   11 : Try =  1059  Over =   852  Fail =   145  Win =    62  A: 21640.70 ( -5.6 %)  D: 495.26 ps ( -0.1 %)      0.39 sec    
   12 : Try =   852  Over =   695  Fail =   108  Win =    49  A: 21629.31 ( -5.7 %)  D: 495.26 ps ( -0.1 %)      0.39 sec    
   13 : Try =   695  Over =   528  Fail =   128  Win =    39  A: 21620.25 ( -5.7 %)  D: 495.26 ps ( -0.1 %)      0.39 sec    
   14 : Try =   528  Over =   406  Fail =    85  Win =    37  A: 21611.65 ( -5.8 %)  D: 495.26 ps ( -0.1 %)      0.40 sec    
   15 : Try =   406  Over =   315  Fail =    59  Win =    32  A: 21604.21 ( -5.8 %)  D: 495.26 ps ( -0.1 %)      0.40 sec    
   16 : Try =   315  Over =   253  Fail =    33  Win =    29  A: 21597.47 ( -5.8 %)  D: 495.26 ps ( -0.1 %)      0.40 sec    
   17 : Try =   253  Over =   191  Fail =    40  Win =    22  A: 21592.36 ( -5.8 %)  D: 495.26 ps ( -0.1 %)      0.40 sec    
   18 : Try =   191  Over =   142  Fail =    25  Win =    24  A: 21586.78 ( -5.9 %)  D: 495.41 ps ( -0.1 %)      0.40 sec    
   19 : Try =   142  Over =    90  Fail =    36  Win =    16  A: 21583.06 ( -5.9 %)  D: 495.41 ps ( -0.1 %)      0.41 sec    
   20 : Try =    90  Over =    70  Fail =     7  Win =    13  A: 21580.04 ( -5.9 %)  D: 495.41 ps ( -0.1 %)      0.41 sec    
   21 : Try =    70  Over =    54  Fail =     7  Win =     9  A: 21577.95 ( -5.9 %)  D: 495.41 ps ( -0.1 %)      0.41 sec    
   22 : Try =    54  Over =    41  Fail =     3  Win =    10  A: 21575.62 ( -5.9 %)  D: 495.41 ps ( -0.1 %)      0.41 sec    
   23 : Try =    41  Over =    29  Fail =     2  Win =    10  A: 21573.30 ( -5.9 %)  D: 495.41 ps ( -0.1 %)      0.41 sec    
   24 : Try =    29  Over =    13  Fail =    11  Win =     5  A: 21572.14 ( -5.9 %)  D: 495.41 ps ( -0.1 %)      0.41 sec    
   25 : Try =    13  Over =     7  Fail =     2  Win =     4  A: 21571.21 ( -5.9 %)  D: 495.41 ps ( -0.1 %)      0.41 sec    
   26 : Try =     7  Over =     2  Fail =     2  Win =     3  A: 21570.51 ( -5.9 %)  D: 495.41 ps ( -0.1 %)      0.41 sec    
   27 : Try =     2  Over =     0  Fail =     2  Win =     0  A: 21569.54 ( -5.9 %)  D: 495.46 ps ( -0.1 %)      0.41 sec    
Total : Try = 69687  Over = 46974  Fail = 21309  Win =  1404  A: 21569.54 ( -5.9 %)  D: 495.46 ps ( -0.1 %)      0.41 sec    
    0 : Try = 22713  Over =  6020  Fail = 16643  Win =    50  A: 21549.03 ( -6.0 %)  D: 494.77 ps ( -0.2 %)      0.45 sec    
    1 : Try =  6020  Over =  2591  Fail =  3387  Win =    42  A: 21536.69 ( -6.1 %)  D: 495.16 ps ( -0.2 %)      0.46 sec    
    2 : Try =  2591  Over =  1284  Fail =  1277  Win =    30  A: 21528.07 ( -6.1 %)  D: 495.16 ps ( -0.2 %)      0.46 sec    
    3 : Try =  1284  Over =   746  Fail =   518  Win =    20  A: 21522.96 ( -6.1 %)  D: 495.30 ps ( -0.1 %)      0.47 sec    
    4 : Try =   746  Over =   493  Fail =   234  Win =    19  A: 21518.30 ( -6.2 %)  D: 495.30 ps ( -0.1 %)      0.47 sec    
    5 : Try =   493  Over =   318  Fail =   163  Win =    12  A: 21515.52 ( -6.2 %)  D: 495.30 ps ( -0.1 %)      0.47 sec    
    6 : Try =   318  Over =   194  Fail =   116  Win =     8  A: 21513.66 ( -6.2 %)  D: 495.30 ps ( -0.1 %)      0.48 sec    
    7 : Try =   194  Over =   132  Fail =    56  Win =     6  A: 21512.26 ( -6.2 %)  D: 495.30 ps ( -0.1 %)      0.48 sec    
    8 : Try =   132  Over =    83  Fail =    45  Win =     4  A: 21511.33 ( -6.2 %)  D: 495.30 ps ( -0.1 %)      0.48 sec    
    9 : Try =    83  Over =    52  Fail =    28  Win =     3  A: 21510.63 ( -6.2 %)  D: 495.30 ps ( -0.1 %)      0.48 sec    
   10 : Try =    52  Over =    44  Fail =     5  Win =     3  A: 21509.94 ( -6.2 %)  D: 495.30 ps ( -0.1 %)      0.48 sec    
   11 : Try =    44  Over =    35  Fail =     7  Win =     2  A: 21509.47 ( -6.2 %)  D: 495.30 ps ( -0.1 %)      0.48 sec    
   12 : Try =    35  Over =    31  Fail =     2  Win =     2  A: 21509.01 ( -6.2 %)  D: 495.30 ps ( -0.1 %)      0.48 sec    
   13 : Try =    31  Over =     0  Fail =    31  Win =     0  A: 21508.88 ( -6.2 %)  D: 495.30 ps ( -0.1 %)      0.48 sec    
Total : Try = 34736  Over = 12023  Fail = 22512  Win =   201  A: 21508.88 ( -6.2 %)  D: 495.30 ps ( -0.1 %)      0.48 sec    
    0 : Try = 22713  Over =  3445  Fail = 19241  Win =    27  A: 21502.14 ( -6.2 %)  D: 495.30 ps ( -0.1 %)      0.51 sec    
    1 : Try =  3445  Over =  1147  Fail =  2278  Win =    20  A: 21497.49 ( -6.3 %)  D: 495.30 ps ( -0.1 %)      0.52 sec    
    2 : Try =  1147  Over =   381  Fail =   756  Win =    10  A: 21495.17 ( -6.3 %)  D: 495.30 ps ( -0.1 %)      0.52 sec    
    3 : Try =   381  Over =   177  Fail =   198  Win =     6  A: 21493.77 ( -6.3 %)  D: 495.30 ps ( -0.1 %)      0.53 sec    
    4 : Try =   177  Over =    94  Fail =    79  Win =     4  A: 21492.84 ( -6.3 %)  D: 495.30 ps ( -0.1 %)      0.53 sec    
    5 : Try =    94  Over =    59  Fail =    32  Win =     3  A: 21492.14 ( -6.3 %)  D: 495.30 ps ( -0.1 %)      0.53 sec    
    6 : Try =    59  Over =    34  Fail =    24  Win =     1  A: 21491.91 ( -6.3 %)  D: 495.30 ps ( -0.1 %)      0.53 sec    
    7 : Try =    34  Over =    27  Fail =     6  Win =     1  A: 21491.68 ( -6.3 %)  D: 495.30 ps ( -0.1 %)      0.53 sec    
    8 : Try =    27  Over =    20  Fail =     6  Win =     1  A: 21491.45 ( -6.3 %)  D: 495.30 ps ( -0.1 %)      0.53 sec    
    9 : Try =    20  Over =    17  Fail =     2  Win =     1  A: 21491.21 ( -6.3 %)  D: 495.30 ps ( -0.1 %)      0.53 sec    
   10 : Try =    17  Over =     0  Fail =    17  Win =     0  A: 21491.15 ( -6.3 %)  D: 495.30 ps ( -0.1 %)      0.53 sec    
Total : Try = 28114  Over =  5401  Fail = 22639  Win =    74  A: 21491.15 ( -6.3 %)  D: 495.30 ps ( -0.1 %)      0.53 sec    
    0 : Try = 22713  Over =  1850  Fail = 20849  Win =    14  A: 21487.90 ( -6.3 %)  D: 495.30 ps ( -0.1 %)      0.56 sec    
    1 : Try =  1850  Over =   396  Fail =  1450  Win =     4  A: 21486.97 ( -6.3 %)  D: 495.30 ps ( -0.1 %)      0.57 sec    
    2 : Try =   396  Over =    52  Fail =   341  Win =     3  A: 21486.27 ( -6.3 %)  D: 495.30 ps ( -0.1 %)      0.57 sec    
    3 : Try =    52  Over =     0  Fail =    52  Win =     0  A: 21486.25 ( -6.3 %)  D: 495.30 ps ( -0.1 %)      0.57 sec    
Total : Try = 25011  Over =  2298  Fail = 22692  Win =    21  A: 21486.25 ( -6.3 %)  D: 495.30 ps ( -0.1 %)      0.57 sec    
Runtime: Critical path =     0.16 sec ( 28.22 %)
Runtime: Sizing eval   =     0.10 sec ( 17.71 %)
Runtime: Timing update =     0.23 sec ( 39.53 %)
Runtime: Other         =     0.08 sec ( 14.53 %)
Runtime: TOTAL         =     0.57 sec (100.00 %)
WireLoad = "none"  [1;33mGates =  22778[0m ( 24.4 %)   [1;32mCap =  1.1 ff[0m (  1.5 %)   [1;36mArea =    21486.25[0m ( 91.8 %)   [1;35mDelay =   495.30 ps[0m  ( 12.6 %)               
