exists build.log: True
exists build.exit: True
exists build_rerun_after_header.log: True
exists build_rerun_after_header.exit: True
exists help.log: True
exists help.exit: True
exists help_rerun_after_header.log: True
exists help_rerun_after_header.exit: True
exists smoke_i10.log: True
exists smoke_i10.exit: True
exists smoke_i10_rerun_after_header.log: True
exists smoke_i10_rerun_after_header.exit: True
exists eval_driver.log: True
exists eval_driver.exit: True
exists summary.json: True
exists metrics.csv: True
exists comparison.csv: True
exists cec_summary.json: True
exists feedback_stats.csv: True
exists bounded_pressure_stats.csv: True
exists blended_gain_stats.csv: True
exists mapper_mode_stats.csv: True
exists sink_pressure_stats.csv: True
exists cut_only_gate_stats.csv: True
exists cut_only_gate_diag.csv: True
exists near_miss_leaf_stats.csv: True
exists near_miss_leaf_diag.csv: True
exists review_prompt1.txt: True
exists review_pass1.log: True
exists review_pass1.exit: True
exists review_pass1_positional.log: True
exists review_pass1_positional.exit: True
exists review_prompt2.txt: True
exists review_pass2.log: True
exists review_pass2.exit: True
exists review_pass2_positional.log: True
exists review_pass2_positional.exit: True
exists review_summary.md: True
exists version_log_check.log: True
exists version_log_check.exit: True
exists run_stmap62_eval.py: True
exit build.exit: 0
exit build_rerun_after_header.exit: 0
exit help.exit: 0
exit help_rerun_after_header.exit: 0
exit smoke_i10.exit: 0
exit smoke_i10_rerun_after_header.exit: 0
exit eval_driver.exit: 0
exit review_pass1.exit: 0
exit review_pass2.exit: 0
exit version_log_check.exit: 0
artifact check passed: stmap62 has complete logs, parseable metrics, CEC evidence, review artifacts, and version-log check
