======== ABC command line "read_lib 7nm_lvt_ff.lib; read benchmarks/syn2.abc.blif; resyn; resyn2; dch -v; stmap45; topo; buffer; upsize -v; dnsize -v; stime; strash; write_aiger /Users/cunxiy/Documents/research/autoresearch-eda/abc-harness/.autoeda/runtime/results/stmap45/cec_benchmarks_syn2_abc_blif_stmap45.aig"
Library "ASAP7_7nm_LVT_FF" from "7nm_lvt_ff.lib" has 159 cells (26 skipped: 23 seq; 0 tri-state; 3 no func; 0 dont_use; 0 with 2 outputs; 0 with 3+ outputs).  Time =     0.24 sec
Warning: Detected 2 multi-output cells (for example, "FAx1_ASAP7_75t_L").
Hierarchy reader converted 4 instances of blackboxes.
Starting:  syn2            : pi =   450  po =   321  lat =  1512  and =   25570  lev =  67
Rewrite:   syn2            : pi =   450  po =   321  lat =  1512  and =   25403  lev =  67
Refactor:  syn2            : pi =   450  po =   321  lat =  1512  and =   25150  lev =  67
Balance:   syn2            : pi =   450  po =   321  lat =  1512  and =   25132  lev =  67
RewriteZ:  syn2            : pi =   450  po =   321  lat =  1512  and =   25006  lev =  67
Starting:  syn2            : pi =   450  po =   321  lat =  1512  and =   25006  lev =  67
Rewrite:   syn2            : pi =   450  po =   321  lat =  1512  and =   24948  lev =  67
Refactor:  syn2            : pi =   450  po =   321  lat =  1512  and =   24842  lev =  67
Balance:   syn2            : pi =   450  po =   321  lat =  1512  and =   24835  lev =  67
Rewrite:   syn2            : pi =   450  po =   321  lat =  1512  and =   24782  lev =  67
RewriteZ:  syn2            : pi =   450  po =   321  lat =  1512  and =   24739  lev =  67
Balance:   syn2            : pi =   450  po =   321  lat =  1512  and =   24735  lev =  67
RefactorZ: syn2            : pi =   450  po =   321  lat =  1512  and =   24578  lev =  67
RewriteZ:  syn2            : pi =   450  po =   321  lat =  1512  and =   24476  lev =  67
Balance:   syn2            : pi =   450  po =   321  lat =  1512  and =   24470  lev =  67
Parameters: Sim words = 8. Conf limit = 1000. SAT var max = 5000.
AIG nodes : Total =  68304. Dangling =  45536. Main =  22768. ( 33.33 %)
SAT solver: Vars = 1905. Max cone = 5246. Recycles = 8.
SAT calls : All =  12993. Unsat =   4111. Sat =   8882. Fail =      0.
Choices   : Lits =  21248. Reprs =     0. Equivs =     0. Choices =     0.
Choicing runtime statistics:
Sim init    =     0.01 sec (  0.60 %)
Sim SAT     =     0.60 sec ( 28.62 %)
SAT solving =     1.44 sec ( 69.21 %)
  sat       =     1.31 sec ( 62.84 %)
  unsat     =     0.14 sec (  6.59 %)
  undecided =     0.00 sec (  0.00 %)
Choice      =     0.00 sec (  0.00 %)
Other       =     0.03 sec (  1.58 %)
TOTAL       =     2.09 sec (100.00 %)
Synthesis   =     0.93 sec
Old choice computation time =     2.09 sec
STATS:  Ands:   68304  ->   47143.  Reprs:  19635  ->   3665.  Choices =   3066.
stmap35 relief diag: index = 1  profile-open = 0  node = 2318  level = 29  refs = 5  leaves = 4  phase = 0  slack = 7.430023  area-save = 0.930000  arrival-delta = -10.130005  arrival-gain-margin = 1.585000  area-margin = 0.921593
stmap35 strong penalty seed diag: index = 1  node = 2318  level = 29  refs = 5  leaves = 4  phase = 0  slack = 7.430023  area-save = 0.930000  arrival-delta = -10.130005  arrival-gain-margin = 1.585000  penalty-factor = 0.317  area-margin = 0.921593  cut-leaf-load-avg = 6.750  fanout-limit = 1  load-drive-ratio = 6.750
stmap35 near-miss diag: index = 1  reason = arrival-gate  profile-open = 0  node = 5785  level = 44  refs = 4  leaves = 4  phase = 0  slack = 10.839981  area-save = 0.930000  arrival-delta = -0.800003  arrival-gain-margin = 1.585000  area-margin = 1.400000  one-inv-area = 0.700000
stmap35 near-miss diag: index = 2  reason = moderate-gain-gate  profile-open = 0  node = 5785  level = 44  refs = 4  leaves = 4  phase = 1  slack = 7.619980  area-save = 0.930000  arrival-delta = -2.760010  arrival-gain-margin = 1.585000  area-margin = 1.400000  one-inv-area = 0.700000
stmap35 near-miss diag: index = 3  reason = arrival-gate  profile-open = 0  node = 5785  level = 44  refs = 4  leaves = 5  phase = 1  slack = 7.619980  area-save = 0.930000  arrival-delta = -1.260010  arrival-gain-margin = 1.585000  area-margin = 1.400000  one-inv-area = 0.700000
stmap35 relief diag: index = 2  profile-open = 0  node = 21363  level = 49  refs = 4  leaves = 4  phase = 0  slack = 11.790039  area-save = 0.930000  arrival-delta = -8.349991  arrival-gain-margin = 1.585000  area-margin = 0.700000
stmap35 near-miss diag: index = 4  reason = moderate-gain-gate  profile-open = 0  node = 23628  level = 38  refs = 4  leaves = 4  phase = 0  slack = 6.520020  area-save = 0.930000  arrival-delta = -1.750000  arrival-gain-margin = 1.585000  area-margin = 1.400000  one-inv-area = 0.700000
stmap35 near-miss diag: index = 5  reason = arrival-gate  profile-open = 0  node = 23628  level = 38  refs = 4  leaves = 4  phase = 1  slack = 7.550034  area-save = 1.170000  arrival-delta = -1.049988  arrival-gain-margin = 1.585000  area-margin = 1.400000  one-inv-area = 0.700000
stmap35 near-miss diag: index = 6  reason = arrival-gate  profile-open = 0  node = 23628  level = 38  refs = 4  leaves = 5  phase = 1  slack = 7.550034  area-save = 1.170000  arrival-delta = -0.029999  arrival-gain-margin = 1.585000  area-margin = 1.400000  one-inv-area = 0.700000
stmap35 relief diag: index = 3  profile-open = 0  node = 23673  level = 37  refs = 4  leaves = 5  phase = 1  slack = 7.850021  area-save = 0.930000  arrival-delta = -11.840012  arrival-gain-margin = 1.585000  area-margin = 0.700000
stmap35 relief diag: index = 4  profile-open = 0  node = 24798  level = 46  refs = 4  leaves = 4  phase = 1  slack = 7.919983  area-save = 0.940000  arrival-delta = -3.179993  arrival-gain-margin = 1.585000  area-margin = 0.700000
stmap35 near-miss diag: index = 7  reason = arrival-gate  profile-open = 0  node = 27904  level = 57  refs = 4  leaves = 5  phase = 1  slack = 9.659973  area-save = 0.930000  arrival-delta = -1.459991  arrival-gain-margin = 1.585000  area-margin = 1.400000  one-inv-area = 0.700000
stmap35 near-miss diag: index = 8  reason = moderate-gain-gate  profile-open = 0  node = 35068  level = 45  refs = 4  leaves = 4  phase = 0  slack = 11.949997  area-save = 0.930000  arrival-delta = -2.119980  arrival-gain-margin = 1.585000  area-margin = 1.400000  one-inv-area = 0.700000
stmap35 near-miss diag: index = 9  reason = moderate-gain-gate  profile-open = 0  node = 35068  level = 45  refs = 4  leaves = 4  phase = 0  slack = 11.949997  area-save = 0.930000  arrival-delta = -2.119980  arrival-gain-margin = 1.585000  area-margin = 1.400000  one-inv-area = 0.700000
stmap35 moderate penalty block diag: index = 1  node = 37979  level = 42  refs = 5  leaves = 4  phase = 1  slack = 7.170013  area-save = 0.930000  arrival-delta = -3.699997  arrival-gain-margin = 1.585000  penalty-factor = 0.349  area-margin = 0.944093
stmap35 near-miss diag: index = 10  reason = continuous-penalty-area-gate  profile-open = 0  node = 37979  level = 42  refs = 5  leaves = 4  phase = 1  slack = 7.170013  area-save = 0.930000  arrival-delta = -3.699997  arrival-gain-margin = 1.585000  area-margin = 0.944093  one-inv-area = 0.700000
stmap35 moderate penalty block diag: index = 2  node = 37979  level = 42  refs = 5  leaves = 4  phase = 1  slack = 7.170013  area-save = 0.930000  arrival-delta = -3.699997  arrival-gain-margin = 1.585000  penalty-factor = 0.349  area-margin = 0.944093
stmap35 near-miss diag: index = 11  reason = continuous-penalty-area-gate  profile-open = 0  node = 37979  level = 42  refs = 5  leaves = 4  phase = 1  slack = 7.170013  area-save = 0.930000  arrival-delta = -3.699997  arrival-gain-margin = 1.585000  area-margin = 0.944093  one-inv-area = 0.700000
stmap35 near-miss diag: index = 12  reason = moderate-gain-gate  profile-open = 0  node = 37979  level = 42  refs = 5  leaves = 5  phase = 1  slack = 7.170013  area-save = 0.930000  arrival-delta = -2.199997  arrival-gain-margin = 1.585000  area-margin = 1.400000  one-inv-area = 0.700000
stmap35 relief diag: index = 5  profile-open = 1  node = 25927  level = 7  refs = 4  leaves = 5  phase = 0  slack = 6.619999  area-save = 0.940000  arrival-delta = -1.600002  arrival-gain-margin = 1.585000  area-margin = 0.700000
stmap35 guard stats: exact-risk = 98465  highest = 48767  lower-mod = 38540  upper-mod = 11158  middle-slack = 1992  middle-relief = 5  reject-slack = 35970  reject-highest = 28279  reject-arrival = 16695  reject-area = 17179
stmap35 near-miss stats: near-miss = 12
stmap35 early-seed stats: early-seed = 4
stmap35 penalty stats: moderate-penalty-seed = 0  moderate-penalty-blocked = 2  strong-penalty-seed = 1  strong-penalty-blocked = 0
stmap45 feedback-load stats: nodes = 20805  matched = 20740  fanout-pins = 54992  over-max = 133  avg-load-ratio = 0.083  max-load-ratio = 11.716
stmap45 feedback-load criticality: timing-delay = 3122.294  critical-nodes = 2346  avg-criticality = 0.066  max-criticality = 1.000
stmap45 feedback-load top: rank = 1  node = 20772  gate = NAND2xp33_ASAP7_75t_L  fanouts = 306  load = 134.970  max-cap = 11.520  load-ratio = 11.716
stmap45 feedback-load top: rank = 2  node = 16040  gate = NOR2xp33_ASAP7_75t_L  fanouts = 300  load = 131.852  max-cap = 11.520  load-ratio = 11.445
stmap45 feedback-load top: rank = 3  node = 11524  gate = NAND2xp33_ASAP7_75t_L  fanouts = 289  load = 124.835  max-cap = 11.520  load-ratio = 10.836
stmap45 feedback-load top: rank = 4  node = 11554  gate = NOR2xp33_ASAP7_75t_L  fanouts = 277  load = 122.915  max-cap = 11.520  load-ratio = 10.670
stmap45 feedback-load top: rank = 5  node = 11476  gate = AOI22xp33_ASAP7_75t_L  fanouts = 283  load = 122.350  max-cap = 11.520  load-ratio = 10.621
stmap45 sink-pressure stats: roots = 133  consumer-fanin = 319126  consumer-fanout = 35406  raw-pressure-entries = 8980  raw-pressure-updates = 7261  sink-pressure-entries = 8980  sink-pressure-updates = 7463  pressure-missed = 0  pressure-capacity = 65536  tracked-aig = 5548  tracked-node = 5656  tracked-raw-ratio = 2.265  tracked-sink-ratio = 1.443
stmap45 sink-pressure: rank = 1  aig-id = 9165  mapped-node = 7343  sink-pressure-ratio = 9.203
stmap45 sink-pressure: rank = 2  aig-id = 10356  mapped-node = 8201  sink-pressure-ratio = 8.569
stmap45 sink-pressure: rank = 3  aig-id = 9135  mapped-node = 7308  sink-pressure-ratio = 8.283
stmap45 sink-pressure: rank = 4  aig-id = 9166  mapped-node = 7614  sink-pressure-ratio = 7.978
stmap45 sink-pressure: rank = 5  aig-id = 9131  mapped-node = 7305  sink-pressure-ratio = 7.915
stmap45 sink-pressure: rank = 6  aig-id = 16080  mapped-node = 9405  sink-pressure-ratio = 7.860
stmap45 sink-pressure: rank = 7  aig-id = 19095  mapped-node = 11619  sink-pressure-ratio = 7.794
stmap45 sink-pressure: rank = 8  aig-id = 19100  mapped-node = 11611  sink-pressure-ratio = 7.770
stmap45 sink-pressure: rank = 9  aig-id = 19121  mapped-node = 11605  sink-pressure-ratio = 7.707
stmap45 sink-pressure: rank = 10  aig-id = 15688  mapped-node = 10070  sink-pressure-ratio = 7.506
stmap45 feedback: remap = 1  active = 1  max-load-ratio = 11.716  over-max-frac = 0.006413  severity = 0.884  raw-pressure-entries = 8980  sink-pressure-entries = 8980  pressure-capacity = 65536
stmap45 moderate penalty block diag: index = 1  node = 2318  aig-id = 5548  level = 29  refs = 5  leaves = 4  phase = 0  slack = 7.430023  area-save = 0.930000  arrival-delta = -10.130005  arrival-gain-margin = 1.585000  penalty-factor = 0.000  area-margin = 0.930935  node-sink-pressure-ratio = 1.443  cut-sink-pressure-ratio = 1.346  scl-feedback = 0.884
stmap45 strong penalty block diag: index = 1  node = 2318  aig-id = 5548  level = 29  refs = 5  leaves = 4  phase = 0  slack = 7.430023  area-save = 0.930000  arrival-delta = -10.130005  arrival-gain-margin = 1.585000  penalty-factor = 0.330  area-margin = 0.930935  cut-leaf-load-avg = 6.750  fanout-limit = 1  load-drive-ratio = 6.750  node-sink-pressure-ratio = 1.443  cut-sink-pressure-ratio = 1.346  scl-feedback = 0.884
stmap45 near-miss diag: index = 1  reason = agreement-admitted-strong-penalty-area-gate  profile-open = 0  node = 2318  level = 29  refs = 5  leaves = 4  phase = 0  slack = 7.430023  area-save = 0.930000  arrival-delta = -10.130005  arrival-gain-margin = 1.585000  area-margin = 0.930935  one-inv-area = 0.700000
stmap45 moderate penalty block diag: index = 2  node = 2318  aig-id = 5548  level = 29  refs = 5  leaves = 4  phase = 0  slack = 7.430023  area-save = 0.930000  arrival-delta = -10.130005  arrival-gain-margin = 1.585000  penalty-factor = 0.000  area-margin = 0.930094  node-sink-pressure-ratio = 1.443  cut-sink-pressure-ratio = 1.268  scl-feedback = 0.884
stmap45 strong penalty block diag: index = 2  node = 2318  aig-id = 5548  level = 29  refs = 5  leaves = 4  phase = 0  slack = 7.430023  area-save = 0.930000  arrival-delta = -10.130005  arrival-gain-margin = 1.585000  penalty-factor = 0.329  area-margin = 0.930094  cut-leaf-load-avg = 5.500  fanout-limit = 1  load-drive-ratio = 5.500  node-sink-pressure-ratio = 1.443  cut-sink-pressure-ratio = 1.268  scl-feedback = 0.884
stmap45 near-miss diag: index = 2  reason = agreement-admitted-strong-penalty-area-gate  profile-open = 0  node = 2318  level = 29  refs = 5  leaves = 4  phase = 0  slack = 7.430023  area-save = 0.930000  arrival-delta = -10.130005  arrival-gain-margin = 1.585000  area-margin = 0.930094  one-inv-area = 0.700000
stmap45 near-miss diag: index = 3  reason = arrival-gate  profile-open = 0  node = 5785  level = 44  refs = 4  leaves = 4  phase = 0  slack = 10.839981  area-save = 0.930000  arrival-delta = -0.800003  arrival-gain-margin = 1.585000  area-margin = 1.400000  one-inv-area = 0.700000
stmap45 near-miss diag: index = 4  reason = moderate-gain-gate  profile-open = 0  node = 5785  level = 44  refs = 4  leaves = 4  phase = 1  slack = 7.619980  area-save = 0.930000  arrival-delta = -2.760010  arrival-gain-margin = 1.585000  area-margin = 1.400000  one-inv-area = 0.700000
stmap45 near-miss diag: index = 5  reason = arrival-gate  profile-open = 0  node = 5785  level = 44  refs = 4  leaves = 5  phase = 1  slack = 7.619980  area-save = 0.930000  arrival-delta = -1.260010  arrival-gain-margin = 1.585000  area-margin = 1.400000  one-inv-area = 0.700000
stmap45 moderate penalty block diag: index = 3  node = 21363  aig-id = 24696  level = 49  refs = 4  leaves = 4  phase = 0  slack = 11.790039  area-save = 0.930000  arrival-delta = -8.349991  arrival-gain-margin = 1.585000  penalty-factor = 0.000  area-margin = 1.400000  node-sink-pressure-ratio = 1.217  cut-sink-pressure-ratio = 3.847  scl-feedback = 0.884
stmap45 near-miss diag: index = 6  reason = agreement-admitted-moderate-block  profile-open = 0  node = 21363  level = 49  refs = 4  leaves = 4  phase = 0  slack = 11.790039  area-save = 0.930000  arrival-delta = -8.349991  arrival-gain-margin = 1.585000  area-margin = 1.400000  one-inv-area = 0.700000
stmap45 near-miss diag: index = 7  reason = moderate-gain-gate  profile-open = 0  node = 23628  level = 38  refs = 4  leaves = 4  phase = 0  slack = 6.520020  area-save = 0.930000  arrival-delta = -1.750000  arrival-gain-margin = 1.585000  area-margin = 1.400000  one-inv-area = 0.700000
stmap45 near-miss diag: index = 8  reason = arrival-gate  profile-open = 0  node = 23628  level = 38  refs = 4  leaves = 4  phase = 1  slack = 7.550034  area-save = 1.170000  arrival-delta = -1.049988  arrival-gain-margin = 1.585000  area-margin = 1.400000  one-inv-area = 0.700000
stmap45 near-miss diag: index = 9  reason = arrival-gate  profile-open = 0  node = 23628  level = 38  refs = 4  leaves = 5  phase = 1  slack = 7.550034  area-save = 1.170000  arrival-delta = -0.029999  arrival-gain-margin = 1.585000  area-margin = 1.400000  one-inv-area = 0.700000
stmap45 relief diag: index = 1  profile-open = 0  node = 23673  level = 37  refs = 4  leaves = 5  phase = 1  slack = 7.850021  area-save = 0.930000  arrival-delta = -11.840012  arrival-gain-margin = 1.585000  area-margin = 0.700000
stmap45 moderate penalty block diag: index = 4  node = 24798  aig-id = 28156  level = 46  refs = 4  leaves = 4  phase = 1  slack = 7.919983  area-save = 0.940000  arrival-delta = -3.179993  arrival-gain-margin = 1.585000  penalty-factor = 0.000  area-margin = 1.400000  node-sink-pressure-ratio = 0.000  cut-sink-pressure-ratio = 1.981  scl-feedback = 0.884
stmap45 near-miss diag: index = 10  reason = agreement-admitted-moderate-block  profile-open = 0  node = 24798  level = 46  refs = 4  leaves = 4  phase = 1  slack = 7.919983  area-save = 0.940000  arrival-delta = -3.179993  arrival-gain-margin = 1.585000  area-margin = 1.400000  one-inv-area = 0.700000
stmap45 near-miss diag: index = 11  reason = arrival-gate  profile-open = 0  node = 27904  level = 57  refs = 4  leaves = 5  phase = 1  slack = 9.659973  area-save = 0.930000  arrival-delta = -1.459991  arrival-gain-margin = 1.585000  area-margin = 1.400000  one-inv-area = 0.700000
stmap45 near-miss diag: index = 12  reason = moderate-gain-gate  profile-open = 0  node = 35068  level = 45  refs = 4  leaves = 4  phase = 0  slack = 11.949997  area-save = 0.930000  arrival-delta = -2.119980  arrival-gain-margin = 1.585000  area-margin = 1.400000  one-inv-area = 0.700000
stmap45 near-miss diag: index = 13  reason = moderate-gain-gate  profile-open = 0  node = 35068  level = 45  refs = 4  leaves = 4  phase = 0  slack = 11.949997  area-save = 0.930000  arrival-delta = -2.119980  arrival-gain-margin = 1.585000  area-margin = 1.400000  one-inv-area = 0.700000
stmap45 moderate penalty block diag: index = 5  node = 37979  aig-id = 41286  level = 42  refs = 5  leaves = 4  phase = 1  slack = 7.170013  area-save = 0.930000  arrival-delta = -3.699997  arrival-gain-margin = 1.585000  penalty-factor = 0.000  area-margin = 1.400000  node-sink-pressure-ratio = 3.195  cut-sink-pressure-ratio = 4.177  scl-feedback = 0.884
stmap45 near-miss diag: index = 14  reason = agreement-admitted-moderate-block  profile-open = 0  node = 37979  level = 42  refs = 5  leaves = 4  phase = 1  slack = 7.170013  area-save = 0.930000  arrival-delta = -3.699997  arrival-gain-margin = 1.585000  area-margin = 1.400000  one-inv-area = 0.700000
stmap45 moderate penalty block diag: index = 6  node = 37979  aig-id = 41286  level = 42  refs = 5  leaves = 4  phase = 1  slack = 7.170013  area-save = 0.930000  arrival-delta = -3.699997  arrival-gain-margin = 1.585000  penalty-factor = 0.000  area-margin = 1.400000  node-sink-pressure-ratio = 3.195  cut-sink-pressure-ratio = 4.177  scl-feedback = 0.884
stmap45 near-miss diag: index = 15  reason = agreement-admitted-moderate-block  profile-open = 0  node = 37979  level = 42  refs = 5  leaves = 4  phase = 1  slack = 7.170013  area-save = 0.930000  arrival-delta = -3.699997  arrival-gain-margin = 1.585000  area-margin = 1.400000  one-inv-area = 0.700000
stmap45 near-miss diag: index = 16  reason = moderate-gain-gate  profile-open = 0  node = 37979  level = 42  refs = 5  leaves = 5  phase = 1  slack = 7.170013  area-save = 0.930000  arrival-delta = -2.199997  arrival-gain-margin = 1.585000  area-margin = 1.400000  one-inv-area = 0.700000
stmap45 relief diag: index = 2  profile-open = 1  node = 25927  level = 7  refs = 4  leaves = 5  phase = 0  slack = 6.619999  area-save = 0.940000  arrival-delta = -1.600002  arrival-gain-margin = 1.585000  area-margin = 0.700000
stmap45 guard stats: exact-risk = 98476  highest = 48768  lower-mod = 38550  upper-mod = 11158  middle-slack = 2014  middle-relief = 2  reject-slack = 35944  reject-highest = 28303  reject-arrival = 16694  reject-area = 17194
stmap45 near-miss stats: near-miss = 16
stmap45 early-seed stats: early-seed = 1
stmap45 penalty stats: moderate-penalty-seed = 0  moderate-penalty-blocked = 6  strong-penalty-seed = 0  strong-penalty-blocked = 2
stmap45 scl-load stats: nodes = 20834  matched = 20769  fanout-pins = 55101  over-max = 133  avg-load-ratio = 0.083  max-load-ratio = 11.716
stmap45 scl-load criticality: timing-delay = 3122.294  critical-nodes = 2356  avg-criticality = 0.069  max-criticality = 1.000
stmap45 scl-load top: rank = 1  node = 20801  gate = NAND2xp33_ASAP7_75t_L  fanouts = 306  load = 134.970  max-cap = 11.520  load-ratio = 11.716
stmap45 scl-load top: rank = 2  node = 16069  gate = NOR2xp33_ASAP7_75t_L  fanouts = 300  load = 131.852  max-cap = 11.520  load-ratio = 11.445
stmap45 scl-load top: rank = 3  node = 11524  gate = NAND2xp33_ASAP7_75t_L  fanouts = 295  load = 127.451  max-cap = 11.520  load-ratio = 11.063
stmap45 scl-load top: rank = 4  node = 11554  gate = NOR2xp33_ASAP7_75t_L  fanouts = 280  load = 124.246  max-cap = 11.520  load-ratio = 10.785
stmap45 scl-load top: rank = 5  node = 11476  gate = AOI22xp33_ASAP7_75t_L  fanouts = 285  load = 123.218  max-cap = 11.520  load-ratio = 10.696
Parameters: Iters = 1000.  Time win =  1 %. Update ratio = 10 %. UseDept = 1. UseWL = 0. Target =    0 ps. DelayGap =  0 ps. Timeout =   0 sec
   0 Win:  1. PO:    40. Path:    180. Gate:   18. TFO:   7285. A: 22367.36 ( +0.1 %)  D: 630.35 ps ( -1.4 %)  B: 630.35 ps ( -1.4 %)    0.00 sec    
   1 Win:  1. PO:    20. Path:    170. Gate:   17. TFO:   4345. A: 22381.36 ( +0.1 %)  D: 623.04 ps ( -2.6 %)  B: 623.04 ps ( -2.6 %)    0.00 sec    
   2 Win:  1. PO:    20. Path:    235. Gate:   23. TFO:   3809. A: 22405.17 ( +0.3 %)  D: 608.18 ps ( -4.9 %)  B: 608.18 ps ( -4.9 %)    0.01 sec    
   3 Win:  1. PO:    20. Path:    116. Gate:   11. TFO:   3234. A: 22412.87 ( +0.3 %)  D: 596.07 ps ( -6.8 %)  B: 596.07 ps ( -6.8 %)    0.01 sec    
   4 Win:  1. PO:    20. Path:    169. Gate:   16. TFO:   3338. A: 22425.24 ( +0.3 %)  D: 584.21 ps ( -8.7 %)  B: 584.21 ps ( -8.7 %)    0.01 sec    
   5 Win:  1. PO:    40. Path:    245. Gate:   24. TFO:   7147. A: 22445.08 ( +0.4 %)  D: 578.25 ps ( -9.6 %)  B: 578.25 ps ( -9.6 %)    0.01 sec    
   6 Win:  2. PO:    61. Path:    854. Gate:   85. TFO:  11696. A: 22509.25 ( +0.7 %)  D: 562.82 ps (-12.0 %)  B: 562.82 ps (-12.0 %)    0.02 sec    
   7 Win:  1. PO:    20. Path:    261. Gate:   26. TFO:   4147. A: 22520.92 ( +0.8 %)  D: 550.94 ps (-13.9 %)  B: 550.94 ps (-13.9 %)    0.02 sec    
   8 Win:  1. PO:    34. Path:    309. Gate:   30. TFO:   8263. A: 22534.69 ( +0.8 %)  D: 539.36 ps (-15.7 %)  B: 539.36 ps (-15.7 %)    0.02 sec    
   9 Win:  1. PO:    74. Path:    299. Gate:   29. TFO:  14191. A: 22561.99 ( +1.0 %)  D: 536.14 ps (-16.2 %)  B: 536.14 ps (-16.2 %)    0.03 sec    
  10 Win:  1. PO:    20. Path:    161. Gate:   16. TFO:   4283. A: 22570.63 ( +1.0 %)  D: 531.60 ps (-16.9 %)  B: 531.60 ps (-16.9 %)    0.03 sec    
  11 Win:  1. PO:    60. Path:    310. Gate:   31. TFO:  11212. A: 22596.76 ( +1.1 %)  D: 532.14 ps (-16.8 %)  B: 531.60 ps (-16.9 %)    0.03 sec    
  12 Win:  1. PO:    21. Path:    205. Gate:   20. TFO:   7672. A: 22616.13 ( +1.2 %)  D: 526.75 ps (-17.6 %)  B: 526.75 ps (-17.6 %)    0.03 sec    
  13 Win:  2. PO:    80. Path:   1186. Gate:  118. TFO:  15979. A: 22695.47 ( +1.6 %)  D: 519.34 ps (-18.8 %)  B: 519.34 ps (-18.8 %)    0.04 sec    
  14 Win:  1. PO:    20. Path:    145. Gate:   14. TFO:   3703. A: 22703.18 ( +1.6 %)  D: 511.00 ps (-20.1 %)  B: 511.00 ps (-20.1 %)    0.04 sec    
  15 Win:  1. PO:    60. Path:    705. Gate:   70. TFO:  11222. A: 22761.52 ( +1.8 %)  D: 507.89 ps (-20.6 %)  B: 507.89 ps (-20.6 %)    0.05 sec    
  16 Win:  1. PO:    62. Path:    474. Gate:   47. TFO:  14471. A: 22789.29 ( +2.0 %)  D: 505.27 ps (-21.0 %)  B: 505.27 ps (-21.0 %)    0.05 sec    
  17 Win:  1. PO:    50. Path:    313. Gate:   31. TFO:  10931. A: 22810.53 ( +2.1 %)  D: 507.80 ps (-20.6 %)  B: 505.27 ps (-21.0 %)    0.06 sec    
  18 Win:  1. PO:    40. Path:    249. Gate:   24. TFO:   7380. A: 22831.30 ( +2.2 %)  D: 502.15 ps (-21.5 %)  B: 502.15 ps (-21.5 %)    0.06 sec    
  19 Win:  1. PO:    40. Path:    313. Gate:   31. TFO:   5502. A: 22850.90 ( +2.2 %)  D: 501.57 ps (-21.6 %)  B: 501.57 ps (-21.6 %)    0.06 sec    
  20 Win:  2. PO:    61. Path:    879. Gate:   87. TFO:  11723. A: 22903.87 ( +2.5 %)  D: 500.08 ps (-21.8 %)  B: 500.08 ps (-21.8 %)    0.07 sec    
  21 Win:  1. PO:    20. Path:    129. Gate:   12. TFO:   3540. A: 22911.10 ( +2.5 %)  D: 503.46 ps (-21.3 %)  B: 500.08 ps (-21.8 %)    0.07 sec    
  22 Win:  1. PO:    20. Path:    181. Gate:   18. TFO:   4337. A: 22930.70 ( +2.6 %)  D: 502.67 ps (-21.4 %)  B: 500.08 ps (-21.8 %)    0.07 sec    
  23 Win:  1. PO:    20. Path:    113. Gate:   11. TFO:   3506. A: 22935.84 ( +2.6 %)  D: 495.91 ps (-22.5 %)  B: 495.91 ps (-22.5 %)    0.07 sec    
  24 Win:  1. PO:    20. Path:    282. Gate:   28. TFO:   4337. A: 22953.34 ( +2.7 %)  D: 502.50 ps (-21.4 %)  B: 495.91 ps (-22.5 %)    0.07 sec    
  25 Win:  1. PO:    20. Path:    192. Gate:   16. TFO:   4130. A: 22966.17 ( +2.8 %)  D: 500.16 ps (-21.8 %)  B: 495.91 ps (-22.5 %)    0.08 sec    
  26 Win:  1. PO:    20. Path:    222. Gate:   16. TFO:   3633. A: 22980.88 ( +2.8 %)  D: 495.11 ps (-22.6 %)  B: 495.11 ps (-22.6 %)    0.08 sec    
  27 Win:  2. PO:    62. Path:    913. Gate:   91. TFO:  13559. A: 23028.71 ( +3.0 %)  D: 504.77 ps (-21.1 %)  B: 495.11 ps (-22.6 %)    0.08 sec    
  28 Win:  1. PO:    20. Path:    142. Gate:   14. TFO:   3664. A: 23035.71 ( +3.1 %)  D: 507.65 ps (-20.6 %)  B: 495.11 ps (-22.6 %)    0.08 sec    
  29 Win:  1. PO:    20. Path:     81. Gate:    5. TFO:   3475. A: 23038.51 ( +3.1 %)  D: 506.07 ps (-20.9 %)  B: 495.11 ps (-22.6 %)    0.09 sec    
  30 Win:  1. PO:    20. Path:    117. Gate:    6. TFO:    182. A: 23039.68 ( +3.1 %)  D: 506.07 ps (-20.9 %)  B: 495.11 ps (-22.6 %)    0.09 sec    
  31 Win:  1. PO:    20. Path:    112. Gate:    3. TFO:     73. A: 23040.14 ( +3.1 %)  D: 506.07 ps (-20.9 %)  B: 495.11 ps (-22.6 %)    0.09 sec    
  32 Win:  1. PO:    20. Path:    108. Gate:    7. TFO:   3821. A: 23049.94 ( +3.1 %)  D: 508.37 ps (-20.5 %)  B: 495.11 ps (-22.6 %)    0.09 sec    
  33 Win:  1. PO:    20. Path:    157. Gate:    5. TFO:   4217. A: 23053.44 ( +3.2 %)  D: 504.12 ps (-21.2 %)  B: 495.11 ps (-22.6 %)    0.09 sec    
  34 Win:  2. PO:    21. Path:    328. Gate:   31. TFO:   3693. A: 23060.91 ( +3.2 %)  D: 505.02 ps (-21.0 %)  B: 495.11 ps (-22.6 %)    0.09 sec    
  35 Win:  1. PO:    20. Path:    130. Gate:    5. TFO:   1835. A: 23063.24 ( +3.2 %)  D: 506.78 ps (-20.8 %)  B: 495.11 ps (-22.6 %)    0.09 sec    
  36 Win:  1. PO:    20. Path:    118. Gate:    1. TFO:    279. A: 23065.11 ( +3.2 %)  D: 506.78 ps (-20.8 %)  B: 495.11 ps (-22.6 %)    0.09 sec    
  37 Win:  1. PO:    20. Path:    123. Gate:    3. TFO:   4313. A: 23064.41 ( +3.2 %)  D: 510.57 ps (-20.2 %)  B: 495.11 ps (-22.6 %)    0.09 sec    
  38 Win:  1. PO:    20. Path:    125. Gate:    2. TFO:    345. A: 23068.15 ( +3.2 %)  D: 510.57 ps (-20.2 %)  B: 495.11 ps (-22.6 %)    0.09 sec    
  39 Win:  1. PO:    20. Path:    125. Gate:    6. TFO:    392. A: 23068.85 ( +3.2 %)  D: 510.57 ps (-20.2 %)  B: 495.11 ps (-22.6 %)    0.09 sec    
  40 Win:  1. PO:    20. Path:    119. Gate:    1. TFO:     76. A: 23069.78 ( +3.2 %)  D: 510.57 ps (-20.2 %)  B: 495.11 ps (-22.6 %)    0.09 sec    
  41 Win:  2. PO:    21. Path:    264. Gate:   25. TFO:   2074. A: 23080.98 ( +3.3 %)  D: 510.44 ps (-20.2 %)  B: 495.11 ps (-22.6 %)    0.09 sec    
  42 Win:  1. PO:    20. Path:    125. Gate:    2. TFO:   3500. A: 23082.62 ( +3.3 %)  D: 506.32 ps (-20.8 %)  B: 495.11 ps (-22.6 %)    0.10 sec    
  43 Win:  2. PO:    21. Path:    269. Gate:   11. TFO:   1906. A: 23076.79 ( +3.3 %)  D: 506.32 ps (-20.8 %)  B: 495.11 ps (-22.6 %)    0.10 sec    
  44 Win:  1. PO:    20. Path:    127. Gate:    2. TFO:    163. A: 23076.79 ( +3.3 %)  D: 506.32 ps (-20.8 %)  B: 495.11 ps (-22.6 %)    0.10 sec    
  45 Win:  1. PO:    20. Path:    127. Gate:    1. TFO:     58. A: 23077.25 ( +3.3 %)  D: 506.32 ps (-20.8 %)  B: 495.11 ps (-22.6 %)    0.10 sec    
  46 Win:  1. PO:    20. Path:    127. Gate:    3. TFO:    423. A: 23083.09 ( +3.3 %)  D: 506.32 ps (-20.8 %)  B: 495.11 ps (-22.6 %)    0.10 sec    
  47 Win:  1. PO:    20. Path:    126. Gate:    1. TFO:   3500. A: 23081.22 ( +3.3 %)  D: 510.44 ps (-20.2 %)  B: 495.11 ps (-22.6 %)    0.10 sec    
  48 Win:  2. PO:    21. Path:    254. Gate:   11. TFO:    915. A: 23081.92 ( +3.3 %)  D: 510.44 ps (-20.2 %)  B: 495.11 ps (-22.6 %)    0.10 sec    
  49 Win:  1. PO:    20. Path:    123. Gate:    3. TFO:    335. A: 23086.12 ( +3.3 %)  D: 510.44 ps (-20.2 %)  B: 495.11 ps (-22.6 %)    0.10 sec    
  50 Win:  2. PO:    21. Path:    248. Gate:    8. TFO:    851. A: 23088.92 ( +3.3 %)  D: 510.44 ps (-20.2 %)  B: 495.11 ps (-22.6 %)    0.10 sec    
  51 Win:  1. PO:    20. Path:    126. Gate:    3. TFO:    104. A: 23088.22 ( +3.3 %)  D: 510.44 ps (-20.2 %)  B: 495.11 ps (-22.6 %)    0.10 sec    
  52 Win:  1. PO:    20. Path:    133. Gate:    1. TFO:   3500. A: 23090.09 ( +3.3 %)  D: 506.32 ps (-20.8 %)  B: 495.11 ps (-22.6 %)    0.10 sec    
  53 Win:  2. PO:    21. Path:    258. Gate:    5. TFO:    766. A: 23088.69 ( +3.3 %)  D: 506.32 ps (-20.8 %)  B: 495.11 ps (-22.6 %)    0.10 sec    
  54 Win:  2. PO:    21. Path:    263. Gate:    7. TFO:    886. A: 23087.29 ( +3.3 %)  D: 506.32 ps (-20.8 %)  B: 495.11 ps (-22.6 %)    0.10 sec    
  55 Win:  2. PO:    21. Path:    263. Gate:    6. TFO:    183. A: 23090.08 ( +3.3 %)  D: 506.32 ps (-20.8 %)  B: 495.11 ps (-22.6 %)    0.10 sec    
  56 Win:  1. PO:    20. Path:    143. Gate:    4. TFO:   1576. A: 23091.95 ( +3.3 %)  D: 506.32 ps (-20.8 %)  B: 495.11 ps (-22.6 %)    0.11 sec    
  57 Win:  1. PO:    20. Path:    146. Gate:    4. TFO:   3508. A: 23093.12 ( +3.3 %)  D: 510.44 ps (-20.2 %)  B: 495.11 ps (-22.6 %)    0.11 sec    
  58 Win:  1. PO:    20. Path:    131. Gate:    1. TFO:    150. A: 23094.98 ( +3.3 %)  D: 510.44 ps (-20.2 %)  B: 495.11 ps (-22.6 %)    0.11 sec    
  59 Win:  1. PO:    20. Path:    131. Gate:    3. TFO:    184. A: 23096.85 ( +3.3 %)  D: 510.44 ps (-20.2 %)  B: 495.11 ps (-22.6 %)    0.11 sec    
  60 Win:  1. PO:    20. Path:    135. Gate:    2. TFO:    103. A: 23097.79 ( +3.4 %)  D: 510.44 ps (-20.2 %)  B: 495.11 ps (-22.6 %)    0.11 sec    
  61 Win:  1. PO:    20. Path:    133. Gate:    2. TFO:     57. A: 23097.79 ( +3.4 %)  D: 510.44 ps (-20.2 %)  B: 495.11 ps (-22.6 %)    0.11 sec    
  62 Win:  2. PO:    21. Path:    263. Gate:    9. TFO:   3685. A: 23091.72 ( +3.3 %)  D: 506.32 ps (-20.8 %)  B: 495.11 ps (-22.6 %)    0.11 sec    
  63 Win:  1. PO:    20. Path:    144. Gate:    6. TFO:    953. A: 23091.72 ( +3.3 %)  D: 506.32 ps (-20.8 %)  B: 495.11 ps (-22.6 %)    0.11 sec    
  64 Win:  1. PO:    20. Path:    111. Gate:    2. TFO:    114. A: 23093.12 ( +3.3 %)  D: 506.32 ps (-20.8 %)  B: 495.11 ps (-22.6 %)    0.11 sec    
  65 Win:  1. PO:    20. Path:    107. Gate:    2. TFO:   3064. A: 23094.05 ( +3.3 %)  D: 507.15 ps (-20.7 %)  B: 495.11 ps (-22.6 %)    0.11 sec    
  66 Win:  2. PO:    21. Path:    243. Gate:    8. TFO:    984. A: 23088.69 ( +3.3 %)  D: 507.15 ps (-20.7 %)  B: 495.11 ps (-22.6 %)    0.11 sec    
  67 Win:  1. PO:    20. Path:    102. Gate:    1. TFO:   3500. A: 23086.82 ( +3.3 %)  D: 511.27 ps (-20.1 %)  B: 495.11 ps (-22.6 %)    0.11 sec    
  68 Win:  1. PO:    20. Path:    100. Gate:    1. TFO:    267. A: 23088.69 ( +3.3 %)  D: 511.27 ps (-20.1 %)  B: 495.11 ps (-22.6 %)    0.11 sec    
  69 Win:  2. PO:    21. Path:    220. Gate:    6. TFO:   1003. A: 23092.19 ( +3.3 %)  D: 511.39 ps (-20.0 %)  B: 495.11 ps (-22.6 %)    0.11 sec    
  70 Win:  1. PO:    20. Path:     93. Gate:    1. TFO:    168. A: 23094.05 ( +3.3 %)  D: 511.39 ps (-20.0 %)  B: 495.11 ps (-22.6 %)    0.11 sec    
  71 Win:  1. PO:    20. Path:     89. Gate:    1. TFO:    127. A: 23095.92 ( +3.3 %)  D: 511.39 ps (-20.0 %)  B: 495.11 ps (-22.6 %)    0.11 sec    
  72 Win:  1. PO:    20. Path:     89. Gate:    1. TFO:   3500. A: 23097.79 ( +3.4 %)  D: 507.27 ps (-20.7 %)  B: 495.11 ps (-22.6 %)    0.11 sec    
  73 Win:  2. PO:    21. Path:    231. Gate:    9. TFO:   1061. A: 23095.22 ( +3.3 %)  D: 507.27 ps (-20.7 %)  B: 495.11 ps (-22.6 %)    0.12 sec    
  74 Win:  2. PO:    21. Path:    238. Gate:    5. TFO:   3298. A: 23091.25 ( +3.3 %)  D: 508.02 ps (-20.6 %)  B: 495.11 ps (-22.6 %)    0.12 sec    
  75 Win:  1. PO:    20. Path:     98. Gate:    2. TFO:   1587. A: 23093.59 ( +3.3 %)  D: 508.02 ps (-20.6 %)  B: 495.11 ps (-22.6 %)    0.12 sec    
  76 Win:  2. PO:    21. Path:    222. Gate:    5. TFO:    451. A: 23089.62 ( +3.3 %)  D: 508.02 ps (-20.6 %)  B: 495.11 ps (-22.6 %)    0.12 sec    
  77 Win:  1. PO:    20. Path:    106. Gate:    2. TFO:   3500. A: 23087.75 ( +3.3 %)  D: 512.14 ps (-19.9 %)  B: 495.11 ps (-22.6 %)    0.12 sec    
  77 Win:  1. PO:    26. Path:    229. Gate:   15. TFO:   3726. A: 22980.65 ( +2.8 %)  D: 495.11 ps (-22.6 %)  B: 495.11 ps (-22.6 %)    0.12 sec    
Runtime: Critical path =     0.00 sec (  0.86 %)
Runtime: Sizing eval   =     0.04 sec ( 29.73 %)
Runtime: Timing update =     0.08 sec ( 66.55 %)
Runtime: Other         =     0.00 sec (  2.86 %)
Runtime: TOTAL         =     0.12 sec (100.00 %)
Parameters: Iters =    5.  UseDept = 1. UseWL = 0. Target =    0 ps. DelayGap =1000 ps. Timeout =   0 sec
    0 : Try = 22760  Over = 15104  Fail =  7425  Win =   231  A: 22827.18 ( -0.7 %)  D: 494.86 ps ( -0.1 %)      0.03 sec    
    1 : Try = 15104  Over = 11416  Fail =  3493  Win =   195  A: 22717.81 ( -1.1 %)  D: 493.96 ps ( -0.2 %)      0.05 sec    
    2 : Try = 11416  Over =  8487  Fail =  2753  Win =   176  A: 22631.30 ( -1.5 %)  D: 492.96 ps ( -0.4 %)      0.07 sec    
    3 : Try =  8487  Over =  6690  Fail =  1631  Win =   166  A: 22565.11 ( -1.8 %)  D: 493.83 ps ( -0.3 %)      0.09 sec    
    4 : Try =  6690  Over =  5351  Fail =  1187  Win =   152  A: 22507.31 ( -2.1 %)  D: 493.74 ps ( -0.3 %)      0.10 sec    
    5 : Try =  5351  Over =  4402  Fail =   813  Win =   136  A: 22461.41 ( -2.3 %)  D: 493.74 ps ( -0.3 %)      0.12 sec    
    6 : Try =  4402  Over =  3670  Fail =   604  Win =   128  A: 22417.61 ( -2.5 %)  D: 493.54 ps ( -0.3 %)      0.13 sec    
    7 : Try =  3670  Over =  3134  Fail =   417  Win =   119  A: 22380.34 ( -2.6 %)  D: 493.52 ps ( -0.3 %)      0.14 sec    
    8 : Try =  3134  Over =  2659  Fail =   358  Win =   117  A: 22345.18 ( -2.8 %)  D: 493.52 ps ( -0.3 %)      0.15 sec    
    9 : Try =  2659  Over =  2256  Fail =   300  Win =   103  A: 22314.22 ( -2.9 %)  D: 493.52 ps ( -0.3 %)      0.16 sec    
   10 : Try =  2256  Over =  1940  Fail =   212  Win =   104  A: 22284.19 ( -3.0 %)  D: 493.52 ps ( -0.3 %)      0.17 sec    
   11 : Try =  1940  Over =  1663  Fail =   188  Win =    89  A: 22259.75 ( -3.1 %)  D: 492.94 ps ( -0.4 %)      0.18 sec    
   12 : Try =  1663  Over =  1450  Fail =   126  Win =    87  A: 22237.19 ( -3.2 %)  D: 492.94 ps ( -0.4 %)      0.18 sec    
   13 : Try =  1450  Over =  1285  Fail =    90  Win =    75  A: 22217.18 ( -3.3 %)  D: 492.94 ps ( -0.4 %)      0.19 sec    
   14 : Try =  1285  Over =  1129  Fail =    81  Win =    75  A: 22197.17 ( -3.4 %)  D: 492.94 ps ( -0.4 %)      0.20 sec    
   15 : Try =  1129  Over =   991  Fail =    65  Win =    73  A: 22178.56 ( -3.5 %)  D: 492.93 ps ( -0.4 %)      0.20 sec    
   16 : Try =   991  Over =   884  Fail =    44  Win =    63  A: 22162.04 ( -3.6 %)  D: 492.93 ps ( -0.4 %)      0.21 sec    
   17 : Try =   884  Over =   749  Fail =    80  Win =    55  A: 22148.32 ( -3.6 %)  D: 492.93 ps ( -0.4 %)      0.21 sec    
   18 : Try =   749  Over =   644  Fail =    52  Win =    53  A: 22135.30 ( -3.7 %)  D: 492.93 ps ( -0.4 %)      0.22 sec    
   19 : Try =   644  Over =   570  Fail =    19  Win =    55  A: 22121.58 ( -3.7 %)  D: 492.93 ps ( -0.4 %)      0.22 sec    
   20 : Try =   570  Over =   487  Fail =    34  Win =    49  A: 22108.78 ( -3.8 %)  D: 492.91 ps ( -0.4 %)      0.22 sec    
   21 : Try =   487  Over =   427  Fail =    14  Win =    46  A: 22097.39 ( -3.8 %)  D: 492.91 ps ( -0.4 %)      0.23 sec    
   22 : Try =   427  Over =   345  Fail =    42  Win =    40  A: 22087.86 ( -3.9 %)  D: 492.91 ps ( -0.4 %)      0.23 sec    
   23 : Try =   345  Over =   293  Fail =    18  Win =    34  A: 22079.49 ( -3.9 %)  D: 492.91 ps ( -0.4 %)      0.23 sec    
   24 : Try =   293  Over =   253  Fail =     8  Win =    32  A: 22071.58 ( -4.0 %)  D: 492.91 ps ( -0.4 %)      0.23 sec    
   25 : Try =   253  Over =   211  Fail =    11  Win =    31  A: 22064.38 ( -4.0 %)  D: 492.91 ps ( -0.4 %)      0.24 sec    
   26 : Try =   211  Over =   169  Fail =    15  Win =    27  A: 22057.63 ( -4.0 %)  D: 492.91 ps ( -0.4 %)      0.24 sec    
   27 : Try =   169  Over =   136  Fail =     9  Win =    24  A: 22051.12 ( -4.0 %)  D: 492.91 ps ( -0.4 %)      0.24 sec    
   28 : Try =   136  Over =   108  Fail =     6  Win =    22  A: 22046.00 ( -4.1 %)  D: 492.91 ps ( -0.4 %)      0.24 sec    
   29 : Try =   108  Over =    83  Fail =     8  Win =    17  A: 22042.05 ( -4.1 %)  D: 492.91 ps ( -0.4 %)      0.24 sec    
   30 : Try =    83  Over =    58  Fail =     8  Win =    17  A: 22038.10 ( -4.1 %)  D: 492.91 ps ( -0.4 %)      0.24 sec    
   31 : Try =    58  Over =    41  Fail =     3  Win =    14  A: 22034.61 ( -4.1 %)  D: 492.91 ps ( -0.4 %)      0.24 sec    
   32 : Try =    41  Over =    30  Fail =     1  Win =    10  A: 22032.29 ( -4.1 %)  D: 492.91 ps ( -0.4 %)      0.25 sec    
   33 : Try =    30  Over =    21  Fail =     2  Win =     7  A: 22030.43 ( -4.1 %)  D: 492.91 ps ( -0.4 %)      0.25 sec    
   34 : Try =    21  Over =    17  Fail =     0  Win =     4  A: 22029.50 ( -4.1 %)  D: 492.91 ps ( -0.4 %)      0.25 sec    
   35 : Try =    17  Over =    14  Fail =     0  Win =     3  A: 22028.80 ( -4.1 %)  D: 492.91 ps ( -0.4 %)      0.25 sec    
   36 : Try =    14  Over =     9  Fail =     2  Win =     3  A: 22028.10 ( -4.1 %)  D: 492.91 ps ( -0.4 %)      0.25 sec    
   37 : Try =     9  Over =     7  Fail =     0  Win =     2  A: 22027.64 ( -4.1 %)  D: 492.91 ps ( -0.4 %)      0.25 sec    
   38 : Try =     7  Over =     5  Fail =     0  Win =     2  A: 22027.17 ( -4.1 %)  D: 492.91 ps ( -0.4 %)      0.25 sec    
   39 : Try =     5  Over =     2  Fail =     0  Win =     3  A: 22026.47 ( -4.2 %)  D: 492.91 ps ( -0.4 %)      0.25 sec    
   40 : Try =     2  Over =     1  Fail =     0  Win =     1  A: 22026.24 ( -4.2 %)  D: 492.91 ps ( -0.4 %)      0.25 sec    
   41 : Try =     1  Over =     0  Fail =     0  Win =     1  A: 22026.01 ( -4.2 %)  D: 492.91 ps ( -0.4 %)      0.25 sec    
Total : Try = 99951  Over = 77191  Fail = 20119  Win =  2641  A: 22026.01 ( -4.2 %)  D: 492.91 ps ( -0.4 %)      0.25 sec    
    0 : Try = 22760  Over = 12028  Fail = 10595  Win =   137  A: 21962.14 ( -4.4 %)  D: 492.71 ps ( -0.5 %)      0.28 sec    
    1 : Try = 12028  Over =  7749  Fail =  4156  Win =   123  A: 21920.91 ( -4.6 %)  D: 492.76 ps ( -0.5 %)      0.30 sec    
    2 : Try =  7749  Over =  5480  Fail =  2148  Win =   121  A: 21882.95 ( -4.8 %)  D: 493.84 ps ( -0.3 %)      0.31 sec    
    3 : Try =  5480  Over =  4101  Fail =  1275  Win =   104  A: 21853.62 ( -4.9 %)  D: 493.25 ps ( -0.4 %)      0.32 sec    
    4 : Try =  4101  Over =  3250  Fail =   755  Win =    96  A: 21826.86 ( -5.0 %)  D: 493.19 ps ( -0.4 %)      0.33 sec    
    5 : Try =  3250  Over =  2624  Fail =   537  Win =    89  A: 21803.83 ( -5.1 %)  D: 493.57 ps ( -0.3 %)      0.34 sec    
    6 : Try =  2624  Over =  2162  Fail =   379  Win =    83  A: 21783.13 ( -5.2 %)  D: 493.75 ps ( -0.3 %)      0.35 sec    
    7 : Try =  2162  Over =  1842  Fail =   242  Win =    78  A: 21764.06 ( -5.3 %)  D: 493.75 ps ( -0.3 %)      0.36 sec    
    8 : Try =  1842  Over =  1554  Fail =   218  Win =    70  A: 21746.62 ( -5.4 %)  D: 493.75 ps ( -0.3 %)      0.37 sec    
    9 : Try =  1554  Over =  1283  Fail =   201  Win =    70  A: 21729.88 ( -5.4 %)  D: 493.75 ps ( -0.3 %)      0.37 sec    
   10 : Try =  1283  Over =  1076  Fail =   146  Win =    61  A: 21715.24 ( -5.5 %)  D: 493.75 ps ( -0.3 %)      0.38 sec    
   11 : Try =  1076  Over =   901  Fail =   118  Win =    57  A: 21701.76 ( -5.6 %)  D: 493.75 ps ( -0.3 %)      0.38 sec    
   12 : Try =   901  Over =   724  Fail =   131  Win =    46  A: 21690.83 ( -5.6 %)  D: 493.75 ps ( -0.3 %)      0.39 sec    
   13 : Try =   724  Over =   587  Fail =    94  Win =    43  A: 21680.60 ( -5.7 %)  D: 493.75 ps ( -0.3 %)      0.39 sec    
   14 : Try =   587  Over =   498  Fail =    50  Win =    39  A: 21671.54 ( -5.7 %)  D: 493.75 ps ( -0.3 %)      0.39 sec    
   15 : Try =   498  Over =   408  Fail =    59  Win =    31  A: 21664.33 ( -5.7 %)  D: 493.75 ps ( -0.3 %)      0.39 sec    
   16 : Try =   408  Over =   317  Fail =    60  Win =    31  A: 21657.13 ( -5.8 %)  D: 493.75 ps ( -0.3 %)      0.40 sec    
   17 : Try =   317  Over =   250  Fail =    34  Win =    33  A: 21649.46 ( -5.8 %)  D: 493.75 ps ( -0.3 %)      0.40 sec    
   18 : Try =   250  Over =   196  Fail =    33  Win =    21  A: 21644.58 ( -5.8 %)  D: 493.75 ps ( -0.3 %)      0.40 sec    
   19 : Try =   196  Over =   138  Fail =    37  Win =    21  A: 21639.70 ( -5.8 %)  D: 493.75 ps ( -0.3 %)      0.40 sec    
   20 : Try =   138  Over =   109  Fail =    13  Win =    16  A: 21635.98 ( -5.9 %)  D: 493.75 ps ( -0.3 %)      0.40 sec    
   21 : Try =   109  Over =    85  Fail =     9  Win =    15  A: 21632.49 ( -5.9 %)  D: 493.75 ps ( -0.3 %)      0.40 sec    
   22 : Try =    85  Over =    61  Fail =    14  Win =    10  A: 21630.17 ( -5.9 %)  D: 493.75 ps ( -0.3 %)      0.40 sec    
   23 : Try =    61  Over =    44  Fail =     6  Win =    11  A: 21627.61 ( -5.9 %)  D: 493.75 ps ( -0.3 %)      0.41 sec    
   24 : Try =    44  Over =    35  Fail =     3  Win =     6  A: 21626.21 ( -5.9 %)  D: 493.75 ps ( -0.3 %)      0.41 sec    
   25 : Try =    35  Over =    24  Fail =     3  Win =     8  A: 21624.36 ( -5.9 %)  D: 493.75 ps ( -0.3 %)      0.41 sec    
   26 : Try =    24  Over =    16  Fail =     5  Win =     3  A: 21623.66 ( -5.9 %)  D: 493.75 ps ( -0.3 %)      0.41 sec    
   27 : Try =    16  Over =    13  Fail =     1  Win =     2  A: 21623.19 ( -5.9 %)  D: 493.75 ps ( -0.3 %)      0.41 sec    
   28 : Try =    13  Over =    10  Fail =     1  Win =     2  A: 21622.73 ( -5.9 %)  D: 493.75 ps ( -0.3 %)      0.41 sec    
   29 : Try =    10  Over =     8  Fail =     0  Win =     2  A: 21622.26 ( -5.9 %)  D: 493.75 ps ( -0.3 %)      0.41 sec    
   30 : Try =     8  Over =     6  Fail =     0  Win =     2  A: 21621.80 ( -5.9 %)  D: 493.75 ps ( -0.3 %)      0.41 sec    
   31 : Try =     6  Over =     4  Fail =     0  Win =     2  A: 21621.33 ( -5.9 %)  D: 493.75 ps ( -0.3 %)      0.41 sec    
   32 : Try =     4  Over =     2  Fail =     0  Win =     2  A: 21620.87 ( -5.9 %)  D: 493.75 ps ( -0.3 %)      0.41 sec    
   33 : Try =     2  Over =     0  Fail =     0  Win =     2  A: 21620.40 ( -5.9 %)  D: 493.75 ps ( -0.3 %)      0.41 sec    
Total : Try = 70345  Over = 47585  Fail = 21323  Win =  1437  A: 21620.40 ( -5.9 %)  D: 493.75 ps ( -0.3 %)      0.41 sec    
    0 : Try = 22760  Over =  6711  Fail = 15996  Win =    53  A: 21604.34 ( -6.0 %)  D: 493.54 ps ( -0.3 %)      0.44 sec    
    1 : Try =  6711  Over =  2597  Fail =  4071  Win =    43  A: 21591.53 ( -6.0 %)  D: 493.49 ps ( -0.3 %)      0.45 sec    
    2 : Try =  2597  Over =  1238  Fail =  1332  Win =    27  A: 21584.32 ( -6.1 %)  D: 493.49 ps ( -0.3 %)      0.46 sec    
    3 : Try =  1238  Over =   740  Fail =   479  Win =    19  A: 21579.20 ( -6.1 %)  D: 493.49 ps ( -0.3 %)      0.46 sec    
    4 : Try =   740  Over =   453  Fail =   270  Win =    17  A: 21575.02 ( -6.1 %)  D: 493.69 ps ( -0.3 %)      0.46 sec    
    5 : Try =   453  Over =   311  Fail =   130  Win =    12  A: 21571.99 ( -6.1 %)  D: 493.69 ps ( -0.3 %)      0.47 sec    
    6 : Try =   311  Over =   150  Fail =   156  Win =     5  A: 21570.83 ( -6.1 %)  D: 493.69 ps ( -0.3 %)      0.47 sec    
    7 : Try =   150  Over =   115  Fail =    30  Win =     5  A: 21569.67 ( -6.1 %)  D: 493.69 ps ( -0.3 %)      0.47 sec    
    8 : Try =   115  Over =    54  Fail =    58  Win =     3  A: 21568.97 ( -6.1 %)  D: 493.69 ps ( -0.3 %)      0.47 sec    
    9 : Try =    54  Over =    31  Fail =    20  Win =     3  A: 21568.27 ( -6.1 %)  D: 493.69 ps ( -0.3 %)      0.47 sec    
   10 : Try =    31  Over =     7  Fail =    23  Win =     1  A: 21568.04 ( -6.1 %)  D: 493.69 ps ( -0.3 %)      0.47 sec    
   11 : Try =     7  Over =     0  Fail =     7  Win =     0  A: 21565.57 ( -6.2 %)  D: 493.61 ps ( -0.3 %)      0.47 sec    
Total : Try = 35167  Over = 12407  Fail = 22572  Win =   188  A: 21565.57 ( -6.2 %)  D: 493.61 ps ( -0.3 %)      0.47 sec    
    0 : Try = 22760  Over =  4373  Fail = 18354  Win =    33  A: 21557.20 ( -6.2 %)  D: 493.61 ps ( -0.3 %)      0.50 sec    
    1 : Try =  4373  Over =  1305  Fail =  3045  Win =    23  A: 21551.85 ( -6.2 %)  D: 493.61 ps ( -0.3 %)      0.51 sec    
    2 : Try =  1305  Over =   374  Fail =   921  Win =    10  A: 21549.53 ( -6.2 %)  D: 493.61 ps ( -0.3 %)      0.52 sec    
    3 : Try =   374  Over =   169  Fail =   198  Win =     7  A: 21547.90 ( -6.2 %)  D: 493.61 ps ( -0.3 %)      0.52 sec    
    4 : Try =   169  Over =    51  Fail =   117  Win =     1  A: 21547.67 ( -6.2 %)  D: 493.61 ps ( -0.3 %)      0.52 sec    
    5 : Try =    51  Over =     0  Fail =    51  Win =     0  A: 21547.61 ( -6.2 %)  D: 493.61 ps ( -0.3 %)      0.52 sec    
Total : Try = 29032  Over =  6272  Fail = 22686  Win =    74  A: 21547.61 ( -6.2 %)  D: 493.61 ps ( -0.3 %)      0.52 sec    
    0 : Try = 22760  Over =  2347  Fail = 20394  Win =    19  A: 21542.96 ( -6.3 %)  D: 493.61 ps ( -0.3 %)      0.56 sec    
    1 : Try =  2347  Over =   552  Fail =  1784  Win =    11  A: 21540.40 ( -6.3 %)  D: 493.61 ps ( -0.3 %)      0.56 sec    
    2 : Try =   552  Over =    27  Fail =   523  Win =     2  A: 21539.94 ( -6.3 %)  D: 493.61 ps ( -0.3 %)      0.56 sec    
    3 : Try =    27  Over =     0  Fail =    27  Win =     0  A: 21539.91 ( -6.3 %)  D: 493.61 ps ( -0.3 %)      0.57 sec    
Total : Try = 25686  Over =  2926  Fail = 22728  Win =    32  A: 21539.91 ( -6.3 %)  D: 493.61 ps ( -0.3 %)      0.57 sec    
Runtime: Critical path =     0.16 sec ( 28.82 %)
Runtime: Sizing eval   =     0.10 sec ( 18.02 %)
Runtime: Timing update =     0.22 sec ( 38.30 %)
Runtime: Other         =     0.08 sec ( 14.85 %)
Runtime: TOTAL         =     0.57 sec (100.00 %)
WireLoad = "none"  [1;33mGates =  22825[0m ( 24.4 %)   [1;32mCap =  1.1 ff[0m (  1.5 %)   [1;36mArea =    21539.91[0m ( 92.0 %)   [1;35mDelay =   493.61 ps[0m  ( 11.7 %)               
