# stmap59 version-log check

PASS - section exists: ## version59 / stmap59
PASS - contains - hypothesis:: - hypothesis:
PASS - contains - motivation:: - motivation:
PASS - contains - command name: `stmap59`: - command name: `stmap59`
PASS - contains - files changed:: - files changed:
PASS - contains - algorithm summary:: - algorithm summary:
PASS - contains - validation run:: - validation run:
PASS - contains - benchmark results:: - benchmark results:
PASS - contains - tracked-pressure diagnostics:: - tracked-pressure diagnostics:
PASS - contains - correctness results:: - correctness results:
PASS - contains - review pass 1:: - review pass 1:
PASS - contains - review pass 2:: - review pass 2:
PASS - contains - rejected findings:: - rejected findings:
PASS - contains - open findings:: - open findings:
PASS - contains - commit:: - commit:
PASS - contains - push:: - push:
PASS - contains - next-step recommendation:: - next-step recommendation:
PASS - benchmark logged benchmarks/i10.aig: benchmarks/i10.aig
PASS - benchmark logged benchmarks/ode.abc.blif: benchmarks/ode.abc.blif
PASS - benchmark logged benchmarks/or1200.abc.blif: benchmarks/or1200.abc.blif
PASS - benchmark logged benchmarks/syn2.abc.blif: benchmarks/syn2.abc.blif
PASS - contains artifact check passed: artifact check passed
PASS - contains version-log check passed: version-log check passed
PASS - contains CEC passed: CEC passed
PASS - contains TrackedNode = -1: TrackedNode = -1
PASS - contains 27645: 27645
PASS - contains stmap59: track former cut-only pressure id: stmap59: track former cut-only pressure id

RESULT: PASS (27 checks)
