======== ABC command line "read_lib 7nm_lvt_ff.lib; read benchmarks/or1200.abc.blif; resyn; resyn2; dch -v; stmap0; topo; buffer; upsize -v; dnsize -v; stime; strash; write_aiger /Users/cunxiy/Documents/research/autoresearch-eda/abc-harness/.autoeda/runtime/results/stmap0/cec_or1200_candidate.aig"
Library "ASAP7_7nm_LVT_FF" from "7nm_lvt_ff.lib" has 159 cells (26 skipped: 23 seq; 0 tri-state; 3 no func; 0 dont_use; 0 with 2 outputs; 0 with 3+ outputs).  Time =     0.24 sec
Warning: Detected 2 multi-output cells (for example, "FAx1_ASAP7_75t_L").
Hierarchy reader converted 65 instances of blackboxes.
Starting:  or1200_flat     : pi =   588  po =   509  lat =   670  and =   11063  lev = 132
Rewrite:   or1200_flat     : pi =   588  po =   509  lat =   670  and =   10980  lev = 132
Refactor:  or1200_flat     : pi =   588  po =   509  lat =   670  and =   10971  lev = 132
Balance:   or1200_flat     : pi =   588  po =   509  lat =   670  and =   10970  lev = 132
RewriteZ:  or1200_flat     : pi =   588  po =   509  lat =   670  and =   10889  lev = 132
Starting:  or1200_flat     : pi =   588  po =   509  lat =   670  and =   10889  lev = 132
Rewrite:   or1200_flat     : pi =   588  po =   509  lat =   670  and =   10878  lev = 132
Refactor:  or1200_flat     : pi =   588  po =   509  lat =   670  and =   10873  lev = 132
Balance:   or1200_flat     : pi =   588  po =   509  lat =   670  and =   10868  lev = 132
Rewrite:   or1200_flat     : pi =   588  po =   509  lat =   670  and =   10868  lev = 132
RewriteZ:  or1200_flat     : pi =   588  po =   509  lat =   670  and =   10863  lev = 132
Balance:   or1200_flat     : pi =   588  po =   509  lat =   670  and =   10858  lev = 132
RefactorZ: or1200_flat     : pi =   588  po =   509  lat =   670  and =   10833  lev = 132
RewriteZ:  or1200_flat     : pi =   588  po =   509  lat =   670  and =   10817  lev = 132
Balance:   or1200_flat     : pi =   588  po =   509  lat =   670  and =   10814  lev = 132
Parameters: Sim words = 8. Conf limit = 1000. SAT var max = 5000.
AIG nodes : Total =  27267. Dangling =  18178. Main =   9089. ( 33.33 %)
SAT solver: Vars = 3325. Max cone = 549. Recycles = 5.
SAT calls : All =   4737. Unsat =   2992. Sat =   1745. Fail =      0.
Choices   : Lits =  12234. Reprs =     0. Equivs =     0. Choices =     0.
Choicing runtime statistics:
Sim init    =     0.00 sec (  1.89 %)
Sim SAT     =     0.03 sec ( 10.77 %)
SAT solving =     0.20 sec ( 82.45 %)
  sat       =     0.18 sec ( 73.96 %)
  unsat     =     0.02 sec (  9.25 %)
  undecided =     0.00 sec (  0.00 %)
Choice      =     0.00 sec (  0.00 %)
Other       =     0.01 sec (  4.89 %)
TOTAL       =     0.25 sec (100.00 %)
Synthesis   =     0.37 sec
Old choice computation time =     0.25 sec
STATS:  Ands:   27267  ->   18227.  Reprs:  11211  ->   2629.  Choices =   2393.
Parameters: Iters = 1000.  Time win =  1 %. Update ratio = 10 %. UseDept = 1. UseWL = 0. Target =    0 ps. DelayGap =  0 ps. Timeout =   0 sec
   0 Win:  1. PO:    10. Path:     72. Gate:    7. TFO:    724. A: 5048.18 ( +0.1 %)  D: 706.09 ps ( -9.5 %)  B: 706.09 ps ( -9.5 %)    0.00 sec    
   1 Win:  1. PO:     9. Path:     98. Gate:    9. TFO:   1038. A: 5052.85 ( +0.1 %)  D: 664.87 ps (-14.8 %)  B: 664.87 ps (-14.8 %)    0.00 sec    
   2 Win:  1. PO:    10. Path:     78. Gate:    7. TFO:    933. A: 5055.88 ( +0.2 %)  D: 623.57 ps (-20.1 %)  B: 623.57 ps (-20.1 %)    0.00 sec    
   3 Win:  1. PO:    10. Path:     97. Gate:    9. TFO:   1237. A: 5058.21 ( +0.3 %)  D: 605.79 ps (-22.4 %)  B: 605.79 ps (-22.4 %)    0.00 sec    
   4 Win:  1. PO:     9. Path:    166. Gate:   16. TFO:    879. A: 5066.38 ( +0.4 %)  D: 600.85 ps (-23.0 %)  B: 600.85 ps (-23.0 %)    0.00 sec    
   5 Win:  1. PO:     9. Path:    123. Gate:   12. TFO:   1914. A: 5069.88 ( +0.5 %)  D: 601.07 ps (-23.0 %)  B: 600.85 ps (-23.0 %)    0.00 sec    
   6 Win:  2. PO:    29. Path:    217. Gate:   15. TFO:   1455. A: 5072.21 ( +0.5 %)  D: 589.00 ps (-24.5 %)  B: 589.00 ps (-24.5 %)    0.00 sec    
   7 Win:  1. PO:     9. Path:    121. Gate:    9. TFO:   1096. A: 5077.11 ( +0.6 %)  D: 587.12 ps (-24.8 %)  B: 587.12 ps (-24.8 %)    0.00 sec    
   8 Win:  1. PO:     9. Path:     97. Gate:    2. TFO:    976. A: 5077.34 ( +0.6 %)  D: 587.48 ps (-24.7 %)  B: 587.12 ps (-24.8 %)    0.00 sec    
   9 Win:  1. PO:     9. Path:     92. Gate:    5. TFO:   1104. A: 5079.44 ( +0.7 %)  D: 583.89 ps (-25.2 %)  B: 583.89 ps (-25.2 %)    0.00 sec    
  10 Win:  1. PO:     9. Path:     92. Gate:    2. TFO:   1216. A: 5081.31 ( +0.7 %)  D: 578.97 ps (-25.8 %)  B: 578.97 ps (-25.8 %)    0.01 sec    
  11 Win:  1. PO:     9. Path:     95. Gate:    3. TFO:   1161. A: 5080.84 ( +0.7 %)  D: 578.72 ps (-25.8 %)  B: 578.72 ps (-25.8 %)    0.01 sec    
  12 Win:  1. PO:     9. Path:     95. Gate:    5. TFO:   1051. A: 5081.54 ( +0.7 %)  D: 574.48 ps (-26.4 %)  B: 574.48 ps (-26.4 %)    0.01 sec    
  13 Win:  2. PO:    29. Path:    192. Gate:   10. TFO:   1098. A: 5080.84 ( +0.7 %)  D: 574.75 ps (-26.3 %)  B: 574.48 ps (-26.4 %)    0.01 sec    
  14 Win:  1. PO:     9. Path:     85. Gate:    2. TFO:    560. A: 5080.38 ( +0.7 %)  D: 575.33 ps (-26.3 %)  B: 574.48 ps (-26.4 %)    0.01 sec    
  15 Win:  2. PO:    29. Path:    178. Gate:    4. TFO:    780. A: 5079.91 ( +0.7 %)  D: 577.99 ps (-25.9 %)  B: 574.48 ps (-26.4 %)    0.01 sec    
  16 Win:  2. PO:    29. Path:    165. Gate:    5. TFO:    723. A: 5079.91 ( +0.7 %)  D: 577.36 ps (-26.0 %)  B: 574.48 ps (-26.4 %)    0.01 sec    
  17 Win:  1. PO:     9. Path:     84. Gate:    1. TFO:    333. A: 5080.38 ( +0.7 %)  D: 577.36 ps (-26.0 %)  B: 574.48 ps (-26.4 %)    0.01 sec    
  18 Win:  1. PO:     9. Path:     84. Gate:    3. TFO:    633. A: 5082.24 ( +0.7 %)  D: 577.06 ps (-26.1 %)  B: 574.48 ps (-26.4 %)    0.01 sec    
  19 Win:  1. PO:     9. Path:     84. Gate:    1. TFO:    552. A: 5082.71 ( +0.7 %)  D: 576.48 ps (-26.1 %)  B: 574.48 ps (-26.4 %)    0.01 sec    
  20 Win:  2. PO:    29. Path:    173. Gate:    6. TFO:    739. A: 5082.94 ( +0.7 %)  D: 577.26 ps (-26.0 %)  B: 574.48 ps (-26.4 %)    0.01 sec    
  21 Win:  1. PO:     9. Path:     89. Gate:    1. TFO:    506. A: 5082.94 ( +0.7 %)  D: 574.88 ps (-26.3 %)  B: 574.48 ps (-26.4 %)    0.01 sec    
  22 Win:  1. PO:     9. Path:     89. Gate:    1. TFO:    499. A: 5082.94 ( +0.7 %)  D: 575.59 ps (-26.2 %)  B: 574.48 ps (-26.4 %)    0.01 sec    
  23 Win:  2. PO:    29. Path:    178. Gate:    5. TFO:    658. A: 5081.31 ( +0.7 %)  D: 575.83 ps (-26.2 %)  B: 574.48 ps (-26.4 %)    0.01 sec    
  24 Win:  2. PO:    29. Path:    194. Gate:    2. TFO:    106. A: 5081.78 ( +0.7 %)  D: 575.83 ps (-26.2 %)  B: 574.48 ps (-26.4 %)    0.01 sec    
  25 Win:  1. PO:     9. Path:    107. Gate:    2. TFO:    481. A: 5081.78 ( +0.7 %)  D: 575.83 ps (-26.2 %)  B: 574.48 ps (-26.4 %)    0.01 sec    
  26 Win:  1. PO:     9. Path:     85. Gate:    2. TFO:    581. A: 5081.78 ( +0.7 %)  D: 575.19 ps (-26.3 %)  B: 574.48 ps (-26.4 %)    0.01 sec    
  27 Win:  2. PO:    29. Path:    189. Gate:    4. TFO:    882. A: 5082.71 ( +0.7 %)  D: 577.82 ps (-26.0 %)  B: 574.48 ps (-26.4 %)    0.01 sec    
  28 Win:  1. PO:     9. Path:     85. Gate:    3. TFO:    633. A: 5084.58 ( +0.8 %)  D: 577.54 ps (-26.0 %)  B: 574.48 ps (-26.4 %)    0.01 sec    
  29 Win:  2. PO:    29. Path:    169. Gate:    3. TFO:    613. A: 5084.35 ( +0.8 %)  D: 576.47 ps (-26.1 %)  B: 574.48 ps (-26.4 %)    0.01 sec    
  30 Win:  2. PO:    29. Path:    177. Gate:    2. TFO:     42. A: 5083.88 ( +0.8 %)  D: 576.47 ps (-26.1 %)  B: 574.48 ps (-26.4 %)    0.01 sec    
  31 Win:  2. PO:    29. Path:    178. Gate:    2. TFO:    581. A: 5083.88 ( +0.8 %)  D: 577.38 ps (-26.0 %)  B: 574.48 ps (-26.4 %)    0.01 sec    
  32 Win:  1. PO:     9. Path:     88. Gate:    1. TFO:    507. A: 5083.88 ( +0.8 %)  D: 575.01 ps (-26.3 %)  B: 574.48 ps (-26.4 %)    0.01 sec    
  33 Win:  2. PO:    29. Path:    186. Gate:    7. TFO:    899. A: 5081.08 ( +0.7 %)  D: 575.02 ps (-26.3 %)  B: 574.48 ps (-26.4 %)    0.01 sec    
  34 Win:  2. PO:    29. Path:    191. Gate:    5. TFO:   1416. A: 5082.48 ( +0.7 %)  D: 576.01 ps (-26.2 %)  B: 574.48 ps (-26.4 %)    0.02 sec    
  35 Win:  1. PO:     9. Path:    103. Gate:    2. TFO:    739. A: 5083.88 ( +0.8 %)  D: 576.72 ps (-26.1 %)  B: 574.48 ps (-26.4 %)    0.02 sec    
  36 Win:  1. PO:     9. Path:    110. Gate:    1. TFO:    382. A: 5083.88 ( +0.8 %)  D: 576.72 ps (-26.1 %)  B: 574.48 ps (-26.4 %)    0.02 sec    
  37 Win:  2. PO:    29. Path:    192. Gate:    1. TFO:    461. A: 5083.88 ( +0.8 %)  D: 577.64 ps (-26.0 %)  B: 574.48 ps (-26.4 %)    0.02 sec    
  38 Win:  1. PO:     9. Path:    109. Gate:    4. TFO:    532. A: 5085.75 ( +0.8 %)  D: 579.00 ps (-25.8 %)  B: 574.48 ps (-26.4 %)    0.02 sec    
  39 Win:  1. PO:     9. Path:     88. Gate:    2. TFO:    580. A: 5085.75 ( +0.8 %)  D: 578.36 ps (-25.9 %)  B: 574.48 ps (-26.4 %)    0.02 sec    
  40 Win:  1. PO:     9. Path:     84. Gate:    3. TFO:    734. A: 5086.68 ( +0.8 %)  D: 576.53 ps (-26.1 %)  B: 574.48 ps (-26.4 %)    0.02 sec    
  41 Win:  2. PO:    29. Path:    186. Gate:    4. TFO:    682. A: 5086.91 ( +0.8 %)  D: 579.17 ps (-25.8 %)  B: 574.48 ps (-26.4 %)    0.02 sec    
  42 Win:  1. PO:     9. Path:     89. Gate:    3. TFO:    677. A: 5087.61 ( +0.8 %)  D: 579.38 ps (-25.8 %)  B: 574.48 ps (-26.4 %)    0.02 sec    
  43 Win:  2. PO:    29. Path:    183. Gate:    6. TFO:   1509. A: 5085.05 ( +0.8 %)  D: 577.93 ps (-25.9 %)  B: 574.48 ps (-26.4 %)    0.02 sec    
  44 Win:  2. PO:    29. Path:    182. Gate:    1. TFO:     44. A: 5085.28 ( +0.8 %)  D: 577.93 ps (-25.9 %)  B: 574.48 ps (-26.4 %)    0.02 sec    
  45 Win:  1. PO:     9. Path:     94. Gate:    3. TFO:    733. A: 5084.35 ( +0.8 %)  D: 579.69 ps (-25.7 %)  B: 574.48 ps (-26.4 %)    0.02 sec    
  46 Win:  1. PO:     9. Path:     90. Gate:    1. TFO:    506. A: 5084.35 ( +0.8 %)  D: 577.33 ps (-26.0 %)  B: 574.48 ps (-26.4 %)    0.02 sec    
  47 Win:  1. PO:     9. Path:    105. Gate:    3. TFO:    660. A: 5083.41 ( +0.8 %)  D: 577.46 ps (-26.0 %)  B: 574.48 ps (-26.4 %)    0.02 sec    
  48 Win:  2. PO:    29. Path:    189. Gate:    6. TFO:   1346. A: 5083.41 ( +0.8 %)  D: 578.01 ps (-25.9 %)  B: 574.48 ps (-26.4 %)    0.02 sec    
  49 Win:  1. PO:     9. Path:    110. Gate:    3. TFO:    517. A: 5085.28 ( +0.8 %)  D: 577.89 ps (-25.9 %)  B: 574.48 ps (-26.4 %)    0.02 sec    
  50 Win:  1. PO:     9. Path:     84. Gate:    2. TFO:    734. A: 5086.21 ( +0.8 %)  D: 576.06 ps (-26.2 %)  B: 574.48 ps (-26.4 %)    0.02 sec    
  51 Win:  2. PO:    29. Path:    190. Gate:    1. TFO:     41. A: 5085.98 ( +0.8 %)  D: 576.06 ps (-26.2 %)  B: 574.48 ps (-26.4 %)    0.02 sec    
  52 Win:  1. PO:     9. Path:    108. Gate:    1. TFO:    359. A: 5085.98 ( +0.8 %)  D: 576.06 ps (-26.2 %)  B: 574.48 ps (-26.4 %)    0.02 sec    
  53 Win:  1. PO:     9. Path:     94. Gate:    1. TFO:    290. A: 5085.98 ( +0.8 %)  D: 576.06 ps (-26.2 %)  B: 574.48 ps (-26.4 %)    0.02 sec    
  54 Win:  1. PO:     9. Path:     89. Gate:    2. TFO:    807. A: 5086.21 ( +0.8 %)  D: 576.97 ps (-26.1 %)  B: 574.48 ps (-26.4 %)    0.02 sec    
  55 Win:  2. PO:    29. Path:    188. Gate:    7. TFO:    697. A: 5083.41 ( +0.8 %)  D: 578.33 ps (-25.9 %)  B: 574.48 ps (-26.4 %)    0.02 sec    
  56 Win:  1. PO:     9. Path:     92. Gate:    2. TFO:    677. A: 5084.35 ( +0.8 %)  D: 579.04 ps (-25.8 %)  B: 574.48 ps (-26.4 %)    0.02 sec    
  57 Win:  2. PO:    29. Path:    182. Gate:    4. TFO:   1440. A: 5083.41 ( +0.8 %)  D: 578.18 ps (-25.9 %)  B: 574.48 ps (-26.4 %)    0.02 sec    
  58 Win:  1. PO:     9. Path:     88. Gate:    1. TFO:     61. A: 5083.41 ( +0.8 %)  D: 578.18 ps (-25.9 %)  B: 574.48 ps (-26.4 %)    0.02 sec    
  59 Win:  1. PO:     9. Path:     92. Gate:    1. TFO:    578. A: 5083.41 ( +0.8 %)  D: 577.54 ps (-26.0 %)  B: 574.48 ps (-26.4 %)    0.02 sec    
  60 Win:  1. PO:     9. Path:     98. Gate:    2. TFO:    467. A: 5085.28 ( +0.8 %)  D: 577.54 ps (-26.0 %)  B: 574.48 ps (-26.4 %)    0.02 sec    
  61 Win:  1. PO:     9. Path:     92. Gate:    1. TFO:    527. A: 5085.28 ( +0.8 %)  D: 577.26 ps (-26.0 %)  B: 574.48 ps (-26.4 %)    0.02 sec    
  62 Win:  2. PO:    29. Path:    181. Gate:    4. TFO:    719. A: 5084.81 ( +0.8 %)  D: 579.85 ps (-25.7 %)  B: 574.48 ps (-26.4 %)    0.03 sec    
  63 Win:  2. PO:    29. Path:    179. Gate:    3. TFO:    544. A: 5085.28 ( +0.8 %)  D: 579.01 ps (-25.8 %)  B: 574.48 ps (-26.4 %)    0.03 sec    
  63 Win:  1. PO:    16. Path:    129. Gate:    3. TFO:    740. A: 5081.54 ( +0.7 %)  D: 574.48 ps (-26.4 %)  B: 574.48 ps (-26.4 %)    0.03 sec    
Runtime: Critical path =     0.00 sec (  1.73 %)
Runtime: Sizing eval   =     0.01 sec ( 53.33 %)
Runtime: Timing update =     0.01 sec ( 39.84 %)
Runtime: Other         =     0.00 sec (  5.10 %)
Runtime: TOTAL         =     0.03 sec (100.00 %)
Parameters: Iters =    5.  UseDept = 1. UseWL = 0. Target =    0 ps. DelayGap =1000 ps. Timeout =   0 sec
    0 : Try =  8743  Over =  5858  Fail =  2798  Win =    87  A: 5044.66 ( -0.7 %)  D: 573.75 ps ( -0.1 %)      0.01 sec    
    1 : Try =  5858  Over =  4075  Fail =  1709  Win =    74  A: 5016.66 ( -1.3 %)  D: 573.75 ps ( -0.1 %)      0.02 sec    
    2 : Try =  4075  Over =  2908  Fail =  1097  Win =    70  A: 4993.08 ( -1.7 %)  D: 574.04 ps ( -0.1 %)      0.02 sec    
    3 : Try =  2908  Over =  1977  Fail =   868  Win =    63  A: 4971.61 ( -2.2 %)  D: 574.04 ps ( -0.1 %)      0.03 sec    
    4 : Try =  1977  Over =  1472  Fail =   443  Win =    62  A: 4952.24 ( -2.5 %)  D: 574.04 ps ( -0.1 %)      0.03 sec    
    5 : Try =  1472  Over =  1129  Fail =   297  Win =    46  A: 4938.24 ( -2.8 %)  D: 573.34 ps ( -0.2 %)      0.04 sec    
    6 : Try =  1129  Over =   839  Fail =   247  Win =    43  A: 4924.70 ( -3.1 %)  D: 573.21 ps ( -0.2 %)      0.04 sec    
    7 : Try =   839  Over =   633  Fail =   164  Win =    42  A: 4911.63 ( -3.3 %)  D: 572.94 ps ( -0.3 %)      0.04 sec    
    8 : Try =   633  Over =   495  Fail =    99  Win =    39  A: 4898.56 ( -3.6 %)  D: 572.94 ps ( -0.3 %)      0.04 sec    
    9 : Try =   495  Over =   392  Fail =    71  Win =    32  A: 4888.05 ( -3.8 %)  D: 572.94 ps ( -0.3 %)      0.05 sec    
   10 : Try =   392  Over =   313  Fail =    51  Win =    28  A: 4879.42 ( -4.0 %)  D: 572.94 ps ( -0.3 %)      0.05 sec    
   11 : Try =   313  Over =   225  Fail =    64  Win =    24  A: 4871.72 ( -4.1 %)  D: 572.92 ps ( -0.3 %)      0.05 sec    
   12 : Try =   225  Over =   160  Fail =    47  Win =    18  A: 4866.35 ( -4.2 %)  D: 572.92 ps ( -0.3 %)      0.05 sec    
   13 : Try =   160  Over =   102  Fail =    43  Win =    15  A: 4860.75 ( -4.3 %)  D: 572.92 ps ( -0.3 %)      0.05 sec    
   14 : Try =   102  Over =    62  Fail =    24  Win =    16  A: 4855.38 ( -4.5 %)  D: 572.92 ps ( -0.3 %)      0.05 sec    
   15 : Try =    62  Over =    36  Fail =    17  Win =     9  A: 4853.04 ( -4.5 %)  D: 572.92 ps ( -0.3 %)      0.05 sec    
   16 : Try =    36  Over =    19  Fail =    11  Win =     6  A: 4851.18 ( -4.5 %)  D: 572.92 ps ( -0.3 %)      0.05 sec    
   17 : Try =    19  Over =     8  Fail =     7  Win =     4  A: 4850.01 ( -4.6 %)  D: 572.92 ps ( -0.3 %)      0.05 sec    
   18 : Try =     8  Over =     6  Fail =     0  Win =     2  A: 4849.54 ( -4.6 %)  D: 572.92 ps ( -0.3 %)      0.06 sec    
   19 : Try =     6  Over =     4  Fail =     1  Win =     1  A: 4849.08 ( -4.6 %)  D: 572.92 ps ( -0.3 %)      0.06 sec    
   20 : Try =     4  Over =     3  Fail =     0  Win =     1  A: 4848.84 ( -4.6 %)  D: 572.92 ps ( -0.3 %)      0.06 sec    
   21 : Try =     3  Over =     1  Fail =     1  Win =     1  A: 4848.38 ( -4.6 %)  D: 572.92 ps ( -0.3 %)      0.06 sec    
   22 : Try =     1  Over =     0  Fail =     1  Win =     0  A: 4848.49 ( -4.6 %)  D: 572.85 ps ( -0.3 %)      0.06 sec    
Total : Try = 29460  Over = 20717  Fail =  8060  Win =   683  A: 4848.49 ( -4.6 %)  D: 572.85 ps ( -0.3 %)      0.06 sec    
    0 : Try =  8743  Over =  5045  Fail =  3649  Win =    49  A: 4833.32 ( -4.9 %)  D: 572.10 ps ( -0.4 %)      0.07 sec    
    1 : Try =  5045  Over =  3079  Fail =  1919  Win =    47  A: 4820.49 ( -5.1 %)  D: 574.23 ps ( -0.0 %)      0.07 sec    
    2 : Try =  3079  Over =  1784  Fail =  1252  Win =    43  A: 4809.75 ( -5.3 %)  D: 574.34 ps ( -0.0 %)      0.08 sec    
    3 : Try =  1784  Over =   992  Fail =   757  Win =    35  A: 4801.35 ( -5.5 %)  D: 573.96 ps ( -0.1 %)      0.08 sec    
    4 : Try =   992  Over =   695  Fail =   268  Win =    29  A: 4794.58 ( -5.6 %)  D: 573.96 ps ( -0.1 %)      0.09 sec    
    5 : Try =   695  Over =   489  Fail =   180  Win =    26  A: 4788.51 ( -5.8 %)  D: 573.96 ps ( -0.1 %)      0.09 sec    
    6 : Try =   489  Over =   314  Fail =   152  Win =    23  A: 4783.14 ( -5.9 %)  D: 574.10 ps ( -0.1 %)      0.09 sec    
    7 : Try =   314  Over =   225  Fail =    72  Win =    17  A: 4779.18 ( -6.0 %)  D: 574.10 ps ( -0.1 %)      0.09 sec    
    8 : Try =   225  Over =   162  Fail =    46  Win =    17  A: 4775.21 ( -6.0 %)  D: 574.10 ps ( -0.1 %)      0.09 sec    
    9 : Try =   162  Over =   103  Fail =    47  Win =    12  A: 4772.41 ( -6.1 %)  D: 574.10 ps ( -0.1 %)      0.09 sec    
   10 : Try =   103  Over =    61  Fail =    33  Win =     9  A: 4770.31 ( -6.1 %)  D: 573.75 ps ( -0.1 %)      0.09 sec    
   11 : Try =    61  Over =    25  Fail =    33  Win =     3  A: 4769.61 ( -6.1 %)  D: 573.75 ps ( -0.1 %)      0.09 sec    
   12 : Try =    25  Over =    12  Fail =    11  Win =     2  A: 4769.14 ( -6.1 %)  D: 573.75 ps ( -0.1 %)      0.09 sec    
   13 : Try =    12  Over =     0  Fail =    12  Win =     0  A: 4769.18 ( -6.1 %)  D: 573.74 ps ( -0.1 %)      0.10 sec    
Total : Try = 21729  Over = 12986  Fail =  8431  Win =   312  A: 4769.18 ( -6.1 %)  D: 573.74 ps ( -0.1 %)      0.10 sec    
    0 : Try =  8743  Over =  1090  Fail =  7649  Win =     4  A: 4767.78 ( -6.2 %)  D: 574.00 ps ( -0.1 %)      0.11 sec    
    1 : Try =  1090  Over =   101  Fail =   987  Win =     2  A: 4767.31 ( -6.2 %)  D: 573.16 ps ( -0.2 %)      0.11 sec    
    2 : Try =   101  Over =    22  Fail =    78  Win =     1  A: 4767.08 ( -6.2 %)  D: 573.52 ps ( -0.2 %)      0.11 sec    
    3 : Try =    22  Over =    17  Fail =     4  Win =     1  A: 4766.84 ( -6.2 %)  D: 573.53 ps ( -0.2 %)      0.11 sec    
    4 : Try =    17  Over =     0  Fail =    17  Win =     0  A: 4766.84 ( -6.2 %)  D: 573.53 ps ( -0.2 %)      0.11 sec    
Total : Try =  9973  Over =  1230  Fail =  8735  Win =     8  A: 4766.84 ( -6.2 %)  D: 573.53 ps ( -0.2 %)      0.11 sec    
    0 : Try =  8743  Over =   635  Fail =  8105  Win =     3  A: 4766.14 ( -6.2 %)  D: 573.53 ps ( -0.2 %)      0.12 sec    
    1 : Try =   635  Over =    44  Fail =   590  Win =     1  A: 4765.91 ( -6.2 %)  D: 573.53 ps ( -0.2 %)      0.12 sec    
    2 : Try =    44  Over =     0  Fail =    44  Win =     0  A: 4765.91 ( -6.2 %)  D: 573.53 ps ( -0.2 %)      0.12 sec    
Total : Try =  9422  Over =   679  Fail =  8739  Win =     4  A: 4765.91 ( -6.2 %)  D: 573.53 ps ( -0.2 %)      0.12 sec    
    0 : Try =  8743  Over =   185  Fail =  8557  Win =     1  A: 4765.68 ( -6.2 %)  D: 573.53 ps ( -0.2 %)      0.14 sec    
    1 : Try =   185  Over =     0  Fail =   185  Win =     0  A: 4765.68 ( -6.2 %)  D: 573.53 ps ( -0.2 %)      0.14 sec    
Total : Try =  8928  Over =   185  Fail =  8742  Win =     1  A: 4765.68 ( -6.2 %)  D: 573.53 ps ( -0.2 %)      0.14 sec    
Runtime: Critical path =     0.04 sec ( 30.18 %)
Runtime: Sizing eval   =     0.02 sec ( 16.66 %)
Runtime: Timing update =     0.04 sec ( 32.51 %)
Runtime: Other         =     0.03 sec ( 20.65 %)
Runtime: TOTAL         =     0.14 sec (100.00 %)
WireLoad = "none"  [1;33mGates =   8757[0m ( 26.9 %)   [1;32mCap =  1.0 ff[0m (  0.8 %)   [1;36mArea =     4765.68[0m ( 95.4 %)   [1;35mDelay =   573.53 ps[0m  (  2.3 %)               
