======== ABC command line "read_lib 7nm_lvt_ff.lib; read benchmarks/ode.abc.blif; resyn; resyn2; dch -v; stmap6; topo; buffer; upsize -v; dnsize -v; strash; write /Users/cunxiy/Documents/research/autoresearch-eda/abc-harness/.autoeda/runtime/results/stmap6/cec_benchmarks_ode_abc_blif_stmap6.aig"
Library "ASAP7_7nm_LVT_FF" from "7nm_lvt_ff.lib" has 159 cells (26 skipped: 23 seq; 0 tri-state; 3 no func; 0 dont_use; 0 with 2 outputs; 0 with 3+ outputs).  Time =     0.23 sec
Warning: Detected 2 multi-output cells (for example, "FAx1_ASAP7_75t_L").
Hierarchy reader converted 2 instances of blackboxes.
Starting:  ode             : pi =   275  po =   169  lat =  1316  and =   14048  lev =  71
Rewrite:   ode             : pi =   275  po =   169  lat =  1316  and =   13980  lev =  71
Refactor:  ode             : pi =   275  po =   169  lat =  1316  and =   13889  lev =  71
Balance:   ode             : pi =   275  po =   169  lat =  1316  and =   13880  lev =  71
RewriteZ:  ode             : pi =   275  po =   169  lat =  1316  and =   13821  lev =  71
Starting:  ode             : pi =   275  po =   169  lat =  1316  and =   13821  lev =  71
Rewrite:   ode             : pi =   275  po =   169  lat =  1316  and =   13795  lev =  71
Refactor:  ode             : pi =   275  po =   169  lat =  1316  and =   13741  lev =  71
Balance:   ode             : pi =   275  po =   169  lat =  1316  and =   13736  lev =  71
Rewrite:   ode             : pi =   275  po =   169  lat =  1316  and =   13709  lev =  71
RewriteZ:  ode             : pi =   275  po =   169  lat =  1316  and =   13687  lev =  71
Balance:   ode             : pi =   275  po =   169  lat =  1316  and =   13686  lev =  71
RefactorZ: ode             : pi =   275  po =   169  lat =  1316  and =   13610  lev =  71
RewriteZ:  ode             : pi =   275  po =   169  lat =  1316  and =   13568  lev =  71
Balance:   ode             : pi =   275  po =   169  lat =  1316  and =   13565  lev =  71
Parameters: Sim words = 8. Conf limit = 1000. SAT var max = 5000.
AIG nodes : Total =  37442. Dangling =  24962. Main =  12480. ( 33.33 %)
SAT solver: Vars = 4737. Max cone = 3440. Recycles = 5.
SAT calls : All =   6997. Unsat =   2156. Sat =   4841. Fail =      0.
Choices   : Lits =  11757. Reprs =     0. Equivs =     0. Choices =     0.
Choicing runtime statistics:
Sim init    =     0.01 sec (  0.64 %)
Sim SAT     =     0.28 sec ( 26.78 %)
SAT solving =     0.74 sec ( 70.89 %)
  sat       =     0.69 sec ( 66.02 %)
  unsat     =     0.05 sec (  5.10 %)
  undecided =     0.00 sec (  0.00 %)
Choice      =     0.00 sec (  0.00 %)
Other       =     0.02 sec (  1.69 %)
TOTAL       =     1.05 sec (100.00 %)
Synthesis   =     0.51 sec
Old choice computation time =     1.05 sec
STATS:  Ands:   37442  ->   25383.  Reprs:  10970  ->   1957.  Choices =   1645.
Parameters: Iters = 1000.  Time win =  1 %. Update ratio = 10 %. UseDept = 1. UseWL = 0. Target =    0 ps. DelayGap =  0 ps. Timeout =   0 sec
   0 Win:  1. PO:    10. Path:    205. Gate:   20. TFO:   3463. A: 11560.89 ( +0.1 %)  D: 661.34 ps ( -8.9 %)  B: 661.34 ps ( -8.9 %)    0.00 sec    
   1 Win:  1. PO:    20. Path:    247. Gate:   24. TFO:   3832. A: 11576.29 ( +0.3 %)  D: 638.84 ps (-12.0 %)  B: 638.84 ps (-12.0 %)    0.00 sec    
   2 Win:  1. PO:    10. Path:    177. Gate:   17. TFO:   3475. A: 11589.83 ( +0.4 %)  D: 614.31 ps (-15.4 %)  B: 614.31 ps (-15.4 %)    0.00 sec    
   3 Win:  1. PO:    10. Path:    160. Gate:   16. TFO:   3460. A: 11613.16 ( +0.6 %)  D: 596.35 ps (-17.8 %)  B: 596.35 ps (-17.8 %)    0.01 sec    
   4 Win:  1. PO:    20. Path:    102. Gate:   10. TFO:   3126. A: 11622.96 ( +0.7 %)  D: 579.24 ps (-20.2 %)  B: 579.24 ps (-20.2 %)    0.01 sec    
   5 Win:  1. PO:    40. Path:    248. Gate:   24. TFO:   7269. A: 11639.05 ( +0.8 %)  D: 565.83 ps (-22.0 %)  B: 565.83 ps (-22.0 %)    0.01 sec    
   6 Win:  2. PO:    42. Path:    971. Gate:   97. TFO:   7332. A: 11701.12 ( +1.3 %)  D: 554.49 ps (-23.6 %)  B: 554.49 ps (-23.6 %)    0.01 sec    
   7 Win:  1. PO:    30. Path:    253. Gate:   25. TFO:   6185. A: 11720.49 ( +1.5 %)  D: 546.88 ps (-24.7 %)  B: 546.88 ps (-24.7 %)    0.02 sec    
   8 Win:  1. PO:    30. Path:    365. Gate:   36. TFO:   7336. A: 11746.62 ( +1.7 %)  D: 542.27 ps (-25.3 %)  B: 542.27 ps (-25.3 %)    0.02 sec    
   9 Win:  1. PO:    20. Path:    436. Gate:   43. TFO:   3530. A: 11782.55 ( +2.0 %)  D: 543.81 ps (-25.1 %)  B: 542.27 ps (-25.3 %)    0.02 sec    
  10 Win:  1. PO:    10. Path:    331. Gate:   29. TFO:   3881. A: 11806.59 ( +2.3 %)  D: 539.12 ps (-25.7 %)  B: 539.12 ps (-25.7 %)    0.02 sec    
  11 Win:  1. PO:    10. Path:    198. Gate:   19. TFO:   3400. A: 11818.49 ( +2.4 %)  D: 538.63 ps (-25.8 %)  B: 538.63 ps (-25.8 %)    0.02 sec    
  12 Win:  1. PO:    30. Path:    247. Gate:   24. TFO:   6708. A: 11833.88 ( +2.5 %)  D: 535.28 ps (-26.3 %)  B: 535.28 ps (-26.3 %)    0.03 sec    
  13 Win:  2. PO:    41. Path:   1330. Gate:  133. TFO:   9304. A: 11913.46 ( +3.2 %)  D: 535.32 ps (-26.3 %)  B: 535.28 ps (-26.3 %)    0.03 sec    
  14 Win:  1. PO:    10. Path:    222. Gate:   19. TFO:   3276. A: 11930.49 ( +3.3 %)  D: 536.28 ps (-26.1 %)  B: 535.28 ps (-26.3 %)    0.03 sec    
  15 Win:  1. PO:    10. Path:    168. Gate:    8. TFO:   2866. A: 11941.22 ( +3.4 %)  D: 536.82 ps (-26.0 %)  B: 535.28 ps (-26.3 %)    0.04 sec    
  16 Win:  1. PO:    10. Path:    139. Gate:    5. TFO:   3094. A: 11944.71 ( +3.5 %)  D: 538.74 ps (-25.8 %)  B: 535.28 ps (-26.3 %)    0.04 sec    
  17 Win:  1. PO:    10. Path:    107. Gate:    5. TFO:   3007. A: 11952.65 ( +3.5 %)  D: 544.78 ps (-24.9 %)  B: 535.28 ps (-26.3 %)    0.04 sec    
  18 Win:  1. PO:    10. Path:     76. Gate:    2. TFO:   3092. A: 11953.81 ( +3.5 %)  D: 539.19 ps (-25.7 %)  B: 535.28 ps (-26.3 %)    0.04 sec    
  19 Win:  1. PO:    10. Path:    146. Gate:    9. TFO:   3456. A: 11964.08 ( +3.6 %)  D: 536.26 ps (-26.1 %)  B: 535.28 ps (-26.3 %)    0.04 sec    
  20 Win:  2. PO:    41. Path:    722. Gate:   68. TFO:   7449. A: 11994.65 ( +3.9 %)  D: 543.22 ps (-25.2 %)  B: 535.28 ps (-26.3 %)    0.04 sec    
  21 Win:  1. PO:    10. Path:    223. Gate:   12. TFO:   3130. A: 12006.54 ( +4.0 %)  D: 544.39 ps (-25.0 %)  B: 535.28 ps (-26.3 %)    0.05 sec    
  22 Win:  1. PO:    10. Path:    205. Gate:    8. TFO:   3088. A: 12006.55 ( +4.0 %)  D: 542.57 ps (-25.3 %)  B: 535.28 ps (-26.3 %)    0.05 sec    
  23 Win:  1. PO:    10. Path:    201. Gate:    3. TFO:   1169. A: 12008.18 ( +4.0 %)  D: 543.03 ps (-25.2 %)  B: 535.28 ps (-26.3 %)    0.05 sec    
  24 Win:  1. PO:    10. Path:    194. Gate:    2. TFO:    363. A: 12005.85 ( +4.0 %)  D: 543.03 ps (-25.2 %)  B: 535.28 ps (-26.3 %)    0.05 sec    
  25 Win:  1. PO:    10. Path:    194. Gate:    6. TFO:   3455. A: 12002.11 ( +3.9 %)  D: 542.34 ps (-25.3 %)  B: 535.28 ps (-26.3 %)    0.05 sec    
  26 Win:  1. PO:    10. Path:    152. Gate:    4. TFO:   3583. A: 12005.84 ( +4.0 %)  D: 540.92 ps (-25.5 %)  B: 535.28 ps (-26.3 %)    0.05 sec    
  27 Win:  2. PO:    21. Path:    526. Gate:   36. TFO:   3479. A: 12012.61 ( +4.0 %)  D: 540.33 ps (-25.6 %)  B: 535.28 ps (-26.3 %)    0.05 sec    
  28 Win:  1. PO:    10. Path:    148. Gate:    7. TFO:   3171. A: 12014.94 ( +4.1 %)  D: 538.25 ps (-25.8 %)  B: 535.28 ps (-26.3 %)    0.05 sec    
  29 Win:  1. PO:    10. Path:    210. Gate:    4. TFO:   1134. A: 12016.34 ( +4.1 %)  D: 538.25 ps (-25.8 %)  B: 535.28 ps (-26.3 %)    0.06 sec    
  30 Win:  1. PO:    10. Path:    191. Gate:    5. TFO:   1013. A: 12021.94 ( +4.1 %)  D: 538.25 ps (-25.8 %)  B: 535.28 ps (-26.3 %)    0.06 sec    
  31 Win:  1. PO:    10. Path:    203. Gate:    4. TFO:   3067. A: 12028.01 ( +4.2 %)  D: 538.28 ps (-25.8 %)  B: 535.28 ps (-26.3 %)    0.06 sec    
  32 Win:  1. PO:    10. Path:    176. Gate:    7. TFO:   3451. A: 12030.11 ( +4.2 %)  D: 539.66 ps (-25.7 %)  B: 535.28 ps (-26.3 %)    0.06 sec    
  33 Win:  1. PO:    10. Path:    121. Gate:    5. TFO:   3109. A: 12032.21 ( +4.2 %)  D: 539.53 ps (-25.7 %)  B: 535.28 ps (-26.3 %)    0.06 sec    
  34 Win:  2. PO:    21. Path:    475. Gate:   21. TFO:   3067. A: 12041.77 ( +4.3 %)  D: 539.80 ps (-25.6 %)  B: 535.28 ps (-26.3 %)    0.06 sec    
  35 Win:  1. PO:    10. Path:    129. Gate:    4. TFO:   2825. A: 12041.77 ( +4.3 %)  D: 539.56 ps (-25.7 %)  B: 535.28 ps (-26.3 %)    0.06 sec    
  36 Win:  1. PO:    10. Path:    127. Gate:    1. TFO:   1187. A: 12039.91 ( +4.3 %)  D: 539.06 ps (-25.7 %)  B: 535.28 ps (-26.3 %)    0.06 sec    
  37 Win:  1. PO:    10. Path:    132. Gate:    3. TFO:   3256. A: 12041.54 ( +4.3 %)  D: 537.58 ps (-25.9 %)  B: 535.28 ps (-26.3 %)    0.06 sec    
  38 Win:  1. PO:    10. Path:    149. Gate:    4. TFO:   3379. A: 12042.00 ( +4.3 %)  D: 537.83 ps (-25.9 %)  B: 535.28 ps (-26.3 %)    0.07 sec    
  39 Win:  1. PO:    10. Path:    137. Gate:    2. TFO:   2733. A: 12044.34 ( +4.3 %)  D: 538.03 ps (-25.9 %)  B: 535.28 ps (-26.3 %)    0.07 sec    
  40 Win:  1. PO:    10. Path:    136. Gate:    1. TFO:    425. A: 12046.20 ( +4.3 %)  D: 538.03 ps (-25.9 %)  B: 535.28 ps (-26.3 %)    0.07 sec    
  41 Win:  2. PO:    21. Path:    476. Gate:   19. TFO:   3378. A: 12048.31 ( +4.3 %)  D: 540.83 ps (-25.5 %)  B: 535.28 ps (-26.3 %)    0.07 sec    
  42 Win:  1. PO:    10. Path:    143. Gate:    8. TFO:   1313. A: 12059.04 ( +4.4 %)  D: 539.63 ps (-25.7 %)  B: 535.28 ps (-26.3 %)    0.07 sec    
  43 Win:  1. PO:    10. Path:    180. Gate:    4. TFO:   3103. A: 12065.80 ( +4.5 %)  D: 538.58 ps (-25.8 %)  B: 535.28 ps (-26.3 %)    0.07 sec    
  44 Win:  1. PO:    10. Path:    219. Gate:    8. TFO:   3294. A: 12064.63 ( +4.5 %)  D: 539.89 ps (-25.6 %)  B: 535.28 ps (-26.3 %)    0.07 sec    
  45 Win:  1. PO:    10. Path:    191. Gate:    5. TFO:    621. A: 12071.17 ( +4.5 %)  D: 539.89 ps (-25.6 %)  B: 535.28 ps (-26.3 %)    0.07 sec    
  46 Win:  1. PO:    10. Path:    176. Gate:    3. TFO:    586. A: 12075.83 ( +4.6 %)  D: 539.89 ps (-25.6 %)  B: 535.28 ps (-26.3 %)    0.07 sec    
  47 Win:  1. PO:    10. Path:    174. Gate:    2. TFO:    338. A: 12074.43 ( +4.6 %)  D: 539.89 ps (-25.6 %)  B: 535.28 ps (-26.3 %)    0.07 sec    
  48 Win:  2. PO:    21. Path:    515. Gate:   20. TFO:   2835. A: 12067.20 ( +4.5 %)  D: 540.58 ps (-25.5 %)  B: 535.28 ps (-26.3 %)    0.08 sec    
  49 Win:  1. PO:    10. Path:    169. Gate:    5. TFO:   3269. A: 12070.00 ( +4.5 %)  D: 541.39 ps (-25.4 %)  B: 535.28 ps (-26.3 %)    0.08 sec    
  50 Win:  1. PO:    10. Path:    162. Gate:    2. TFO:   3116. A: 12070.93 ( +4.5 %)  D: 541.15 ps (-25.4 %)  B: 535.28 ps (-26.3 %)    0.08 sec    
  51 Win:  1. PO:    10. Path:    168. Gate:    5. TFO:   1164. A: 12072.33 ( +4.6 %)  D: 540.65 ps (-25.5 %)  B: 535.28 ps (-26.3 %)    0.08 sec    
  52 Win:  1. PO:    10. Path:    170. Gate:    3. TFO:    547. A: 12074.20 ( +4.6 %)  D: 540.65 ps (-25.5 %)  B: 535.28 ps (-26.3 %)    0.08 sec    
  53 Win:  1. PO:    10. Path:    173. Gate:    7. TFO:   2840. A: 12080.97 ( +4.6 %)  D: 540.54 ps (-25.5 %)  B: 535.28 ps (-26.3 %)    0.08 sec    
  54 Win:  2. PO:    21. Path:    504. Gate:   28. TFO:   3610. A: 12078.87 ( +4.6 %)  D: 537.27 ps (-26.0 %)  B: 535.28 ps (-26.3 %)    0.08 sec    
  55 Win:  2. PO:    21. Path:    495. Gate:   17. TFO:   3451. A: 12078.40 ( +4.6 %)  D: 541.16 ps (-25.4 %)  B: 535.28 ps (-26.3 %)    0.08 sec    
  56 Win:  1. PO:    10. Path:    190. Gate:    5. TFO:   1666. A: 12080.03 ( +4.6 %)  D: 541.08 ps (-25.5 %)  B: 535.28 ps (-26.3 %)    0.09 sec    
  57 Win:  1. PO:    10. Path:    203. Gate:    2. TFO:   3091. A: 12084.00 ( +4.7 %)  D: 541.16 ps (-25.4 %)  B: 535.28 ps (-26.3 %)    0.09 sec    
  58 Win:  1. PO:    10. Path:    199. Gate:    2. TFO:   2822. A: 12082.83 ( +4.6 %)  D: 541.03 ps (-25.5 %)  B: 535.28 ps (-26.3 %)    0.09 sec    
  59 Win:  1. PO:    10. Path:    199. Gate:    4. TFO:   3120. A: 12082.60 ( +4.6 %)  D: 539.45 ps (-25.7 %)  B: 535.28 ps (-26.3 %)    0.09 sec    
  60 Win:  1. PO:    10. Path:    177. Gate:    4. TFO:   3323. A: 12089.13 ( +4.7 %)  D: 535.02 ps (-26.3 %)  B: 535.02 ps (-26.3 %)    0.09 sec    
  61 Win:  1. PO:    10. Path:    193. Gate:    1. TFO:   3097. A: 12089.83 ( +4.7 %)  D: 533.06 ps (-26.6 %)  B: 533.06 ps (-26.6 %)    0.09 sec    
  62 Win:  2. PO:    43. Path:    703. Gate:   42. TFO:   7214. A: 12109.43 ( +4.9 %)  D: 534.61 ps (-26.3 %)  B: 533.06 ps (-26.6 %)    0.10 sec    
  63 Win:  1. PO:    10. Path:    184. Gate:    3. TFO:    510. A: 12110.83 ( +4.9 %)  D: 534.61 ps (-26.3 %)  B: 533.06 ps (-26.6 %)    0.10 sec    
  64 Win:  2. PO:    21. Path:    548. Gate:   18. TFO:   3189. A: 12113.39 ( +4.9 %)  D: 538.54 ps (-25.8 %)  B: 533.06 ps (-26.6 %)    0.10 sec    
  65 Win:  1. PO:    10. Path:    176. Gate:    6. TFO:   1498. A: 12113.62 ( +4.9 %)  D: 537.70 ps (-25.9 %)  B: 533.06 ps (-26.6 %)    0.10 sec    
  66 Win:  1. PO:    10. Path:    176. Gate:    4. TFO:   1628. A: 12112.46 ( +4.9 %)  D: 536.57 ps (-26.1 %)  B: 533.06 ps (-26.6 %)    0.10 sec    
  67 Win:  1. PO:    10. Path:    162. Gate:    4. TFO:   3066. A: 12113.86 ( +4.9 %)  D: 536.10 ps (-26.1 %)  B: 533.06 ps (-26.6 %)    0.10 sec    
  68 Win:  1. PO:    10. Path:    163. Gate:    3. TFO:   3081. A: 12113.39 ( +4.9 %)  D: 534.89 ps (-26.3 %)  B: 533.06 ps (-26.6 %)    0.10 sec    
  69 Win:  2. PO:    21. Path:    541. Gate:   11. TFO:   3055. A: 12114.79 ( +4.9 %)  D: 536.30 ps (-26.1 %)  B: 533.06 ps (-26.6 %)    0.11 sec    
  70 Win:  1. PO:    10. Path:    196. Gate:    8. TFO:   3024. A: 12111.29 ( +4.9 %)  D: 536.30 ps (-26.1 %)  B: 533.06 ps (-26.6 %)    0.11 sec    
  71 Win:  1. PO:    10. Path:    191. Gate:    6. TFO:   2810. A: 12109.66 ( +4.9 %)  D: 535.16 ps (-26.3 %)  B: 533.06 ps (-26.6 %)    0.11 sec    
  72 Win:  1. PO:    10. Path:    184. Gate:    1. TFO:    227. A: 12109.19 ( +4.9 %)  D: 535.16 ps (-26.3 %)  B: 533.06 ps (-26.6 %)    0.11 sec    
  73 Win:  2. PO:    21. Path:    544. Gate:   17. TFO:   3136. A: 12108.96 ( +4.9 %)  D: 538.75 ps (-25.8 %)  B: 533.06 ps (-26.6 %)    0.11 sec    
  74 Win:  1. PO:    10. Path:    183. Gate:    3. TFO:   2847. A: 12113.16 ( +4.9 %)  D: 536.89 ps (-26.0 %)  B: 533.06 ps (-26.6 %)    0.11 sec    
  75 Win:  1. PO:    10. Path:    173. Gate:    4. TFO:   3060. A: 12113.62 ( +4.9 %)  D: 535.51 ps (-26.2 %)  B: 533.06 ps (-26.6 %)    0.11 sec    
  76 Win:  2. PO:    21. Path:    494. Gate:   17. TFO:   3130. A: 12110.36 ( +4.9 %)  D: 537.77 ps (-25.9 %)  B: 533.06 ps (-26.6 %)    0.12 sec    
  77 Win:  1. PO:    10. Path:    165. Gate:    2. TFO:    251. A: 12113.62 ( +4.9 %)  D: 537.77 ps (-25.9 %)  B: 533.06 ps (-26.6 %)    0.12 sec    
  78 Win:  1. PO:    10. Path:    164. Gate:    4. TFO:   1417. A: 12114.32 ( +4.9 %)  D: 536.51 ps (-26.1 %)  B: 533.06 ps (-26.6 %)    0.12 sec    
  79 Win:  1. PO:    10. Path:    148. Gate:    3. TFO:    572. A: 12115.96 ( +4.9 %)  D: 536.51 ps (-26.1 %)  B: 533.06 ps (-26.6 %)    0.12 sec    
  80 Win:  1. PO:    10. Path:    139. Gate:    1. TFO:   3109. A: 12115.96 ( +4.9 %)  D: 536.66 ps (-26.1 %)  B: 533.06 ps (-26.6 %)    0.12 sec    
  81 Win:  1. PO:    10. Path:    138. Gate:    6. TFO:   3126. A: 12118.29 ( +5.0 %)  D: 533.71 ps (-26.5 %)  B: 533.06 ps (-26.6 %)    0.12 sec    
  82 Win:  1. PO:    10. Path:    172. Gate:    3. TFO:   1283. A: 12112.69 ( +4.9 %)  D: 532.77 ps (-26.6 %)  B: 532.77 ps (-26.6 %)    0.12 sec    
  83 Win:  2. PO:    21. Path:    571. Gate:   14. TFO:   1962. A: 12110.59 ( +4.9 %)  D: 535.45 ps (-26.2 %)  B: 532.77 ps (-26.6 %)    0.12 sec    
  84 Win:  1. PO:    10. Path:    186. Gate:    4. TFO:   2989. A: 12111.29 ( +4.9 %)  D: 535.58 ps (-26.2 %)  B: 532.77 ps (-26.6 %)    0.12 sec    
  85 Win:  2. PO:    21. Path:    529. Gate:    9. TFO:   2228. A: 12114.56 ( +4.9 %)  D: 535.58 ps (-26.2 %)  B: 532.77 ps (-26.6 %)    0.13 sec    
  86 Win:  1. PO:    10. Path:    205. Gate:    5. TFO:   2967. A: 12116.42 ( +4.9 %)  D: 535.17 ps (-26.3 %)  B: 532.77 ps (-26.6 %)    0.13 sec    
  87 Win:  1. PO:    10. Path:    209. Gate:    4. TFO:   3077. A: 12116.42 ( +4.9 %)  D: 536.60 ps (-26.1 %)  B: 532.77 ps (-26.6 %)    0.13 sec    
  88 Win:  1. PO:    10. Path:    165. Gate:    5. TFO:   3339. A: 12119.46 ( +5.0 %)  D: 533.74 ps (-26.5 %)  B: 532.77 ps (-26.6 %)    0.13 sec    
  89 Win:  1. PO:    10. Path:    214. Gate:    3. TFO:   3004. A: 12116.89 ( +4.9 %)  D: 535.59 ps (-26.2 %)  B: 532.77 ps (-26.6 %)    0.13 sec    
  90 Win:  2. PO:    21. Path:    547. Gate:   21. TFO:   2243. A: 12108.03 ( +4.9 %)  D: 535.77 ps (-26.2 %)  B: 532.77 ps (-26.6 %)    0.13 sec    
  91 Win:  1. PO:    10. Path:    200. Gate:    5. TFO:    814. A: 12111.53 ( +4.9 %)  D: 535.77 ps (-26.2 %)  B: 532.77 ps (-26.6 %)    0.13 sec    
  92 Win:  1. PO:    10. Path:    204. Gate:    4. TFO:   1388. A: 12112.46 ( +4.9 %)  D: 537.03 ps (-26.0 %)  B: 532.77 ps (-26.6 %)    0.14 sec    
  93 Win:  1. PO:    10. Path:    197. Gate:    4. TFO:   3031. A: 12111.76 ( +4.9 %)  D: 537.03 ps (-26.0 %)  B: 532.77 ps (-26.6 %)    0.14 sec    
  94 Win:  1. PO:    10. Path:    193. Gate:    5. TFO:   3342. A: 12115.26 ( +4.9 %)  D: 536.48 ps (-26.1 %)  B: 532.77 ps (-26.6 %)    0.14 sec    
  95 Win:  1. PO:    10. Path:    182. Gate:    6. TFO:   3011. A: 12112.92 ( +4.9 %)  D: 536.13 ps (-26.1 %)  B: 532.77 ps (-26.6 %)    0.14 sec    
  96 Win:  1. PO:    10. Path:    185. Gate:    2. TFO:    964. A: 12114.56 ( +4.9 %)  D: 536.13 ps (-26.1 %)  B: 532.77 ps (-26.6 %)    0.14 sec    
  97 Win:  2. PO:    21. Path:    463. Gate:   18. TFO:   3416. A: 12108.49 ( +4.9 %)  D: 535.17 ps (-26.3 %)  B: 532.77 ps (-26.6 %)    0.14 sec    
  98 Win:  1. PO:    10. Path:    163. Gate:    5. TFO:   2840. A: 12112.69 ( +4.9 %)  D: 534.79 ps (-26.3 %)  B: 532.77 ps (-26.6 %)    0.14 sec    
  99 Win:  1. PO:    10. Path:    169. Gate:    5. TFO:   3378. A: 12111.53 ( +4.9 %)  D: 536.81 ps (-26.0 %)  B: 532.77 ps (-26.6 %)    0.15 sec    
 100 Win:  1. PO:    10. Path:    150. Gate:    5. TFO:   3218. A: 12113.39 ( +4.9 %)  D: 534.83 ps (-26.3 %)  B: 532.77 ps (-26.6 %)    0.15 sec    
 101 Win:  1. PO:    10. Path:    161. Gate:    2. TFO:    183. A: 12115.72 ( +4.9 %)  D: 534.83 ps (-26.3 %)  B: 532.77 ps (-26.6 %)    0.15 sec    
 102 Win:  1. PO:    10. Path:    161. Gate:    4. TFO:   3394. A: 12120.86 ( +5.0 %)  D: 533.39 ps (-26.5 %)  B: 532.77 ps (-26.6 %)    0.15 sec    
 103 Win:  1. PO:    10. Path:    189. Gate:    3. TFO:   2374. A: 12118.29 ( +5.0 %)  D: 533.39 ps (-26.5 %)  B: 532.77 ps (-26.6 %)    0.15 sec    
 104 Win:  2. PO:    21. Path:    545. Gate:   17. TFO:   3191. A: 12117.36 ( +4.9 %)  D: 538.32 ps (-25.8 %)  B: 532.77 ps (-26.6 %)    0.15 sec    
 105 Win:  1. PO:    10. Path:    160. Gate:    5. TFO:   3006. A: 12123.19 ( +5.0 %)  D: 539.26 ps (-25.7 %)  B: 532.77 ps (-26.6 %)    0.15 sec    
 106 Win:  1. PO:    10. Path:    161. Gate:    2. TFO:   1975. A: 12123.42 ( +5.0 %)  D: 539.26 ps (-25.7 %)  B: 532.77 ps (-26.6 %)    0.15 sec    
 107 Win:  1. PO:    10. Path:    166. Gate:    1. TFO:    228. A: 12122.72 ( +5.0 %)  D: 539.26 ps (-25.7 %)  B: 532.77 ps (-26.6 %)    0.15 sec    
 108 Win:  1. PO:    10. Path:    166. Gate:    1. TFO:   2725. A: 12123.66 ( +5.0 %)  D: 539.15 ps (-25.7 %)  B: 532.77 ps (-26.6 %)    0.16 sec    
 109 Win:  1. PO:    10. Path:    159. Gate:    4. TFO:   3067. A: 12122.96 ( +5.0 %)  D: 538.08 ps (-25.9 %)  B: 532.77 ps (-26.6 %)    0.16 sec    
 110 Win:  1. PO:    10. Path:    153. Gate:    3. TFO:   2663. A: 12122.49 ( +5.0 %)  D: 538.08 ps (-25.9 %)  B: 532.77 ps (-26.6 %)    0.16 sec    
 111 Win:  2. PO:    21. Path:    400. Gate:   13. TFO:   3155. A: 12111.76 ( +4.9 %)  D: 536.60 ps (-26.1 %)  B: 532.77 ps (-26.6 %)    0.16 sec    
 112 Win:  1. PO:    10. Path:    158. Gate:    4. TFO:    766. A: 12116.89 ( +4.9 %)  D: 536.60 ps (-26.1 %)  B: 532.77 ps (-26.6 %)    0.16 sec    
 113 Win:  2. PO:    21. Path:    401. Gate:    2. TFO:    471. A: 12120.16 ( +5.0 %)  D: 536.81 ps (-26.0 %)  B: 532.77 ps (-26.6 %)    0.16 sec    
 114 Win:  1. PO:    10. Path:    157. Gate:    2. TFO:   2932. A: 12121.56 ( +5.0 %)  D: 537.03 ps (-26.0 %)  B: 532.77 ps (-26.6 %)    0.16 sec    
 115 Win:  1. PO:    10. Path:    170. Gate:    2. TFO:   2979. A: 12121.56 ( +5.0 %)  D: 537.58 ps (-25.9 %)  B: 532.77 ps (-26.6 %)    0.16 sec    
 116 Win:  1. PO:    10. Path:    161. Gate:    3. TFO:    457. A: 12124.12 ( +5.0 %)  D: 537.58 ps (-25.9 %)  B: 532.77 ps (-26.6 %)    0.16 sec    
 117 Win:  1. PO:    10. Path:    159. Gate:    2. TFO:    896. A: 12122.73 ( +5.0 %)  D: 537.07 ps (-26.0 %)  B: 532.77 ps (-26.6 %)    0.17 sec    
 118 Win:  2. PO:    21. Path:    448. Gate:   15. TFO:   3167. A: 12126.23 ( +5.0 %)  D: 538.36 ps (-25.8 %)  B: 532.77 ps (-26.6 %)    0.17 sec    
 119 Win:  1. PO:    10. Path:    148. Gate:    5. TFO:   3098. A: 12124.36 ( +5.0 %)  D: 537.55 ps (-25.9 %)  B: 532.77 ps (-26.6 %)    0.17 sec    
 120 Win:  1. PO:    10. Path:    156. Gate:    1. TFO:    783. A: 12122.49 ( +5.0 %)  D: 537.30 ps (-26.0 %)  B: 532.77 ps (-26.6 %)    0.17 sec    
 121 Win:  1. PO:    10. Path:    167. Gate:    4. TFO:    906. A: 12119.93 ( +5.0 %)  D: 536.70 ps (-26.1 %)  B: 532.77 ps (-26.6 %)    0.17 sec    
 122 Win:  1. PO:    10. Path:    179. Gate:    5. TFO:   1150. A: 12116.43 ( +4.9 %)  D: 538.31 ps (-25.8 %)  B: 532.77 ps (-26.6 %)    0.17 sec    
 123 Win:  1. PO:    10. Path:    142. Gate:    5. TFO:   3107. A: 12121.09 ( +5.0 %)  D: 537.96 ps (-25.9 %)  B: 532.77 ps (-26.6 %)    0.17 sec    
 124 Win:  1. PO:    10. Path:    146. Gate:    4. TFO:   3292. A: 12124.36 ( +5.0 %)  D: 538.40 ps (-25.8 %)  B: 532.77 ps (-26.6 %)    0.17 sec    
 125 Win:  2. PO:    21. Path:    316. Gate:    6. TFO:   3086. A: 12121.79 ( +5.0 %)  D: 537.24 ps (-26.0 %)  B: 532.77 ps (-26.6 %)    0.17 sec    
 126 Win:  1. PO:    10. Path:    118. Gate:    2. TFO:    495. A: 12124.36 ( +5.0 %)  D: 537.50 ps (-26.0 %)  B: 532.77 ps (-26.6 %)    0.17 sec    
 127 Win:  1. PO:    10. Path:    114. Gate:    2. TFO:   2575. A: 12125.76 ( +5.0 %)  D: 537.50 ps (-26.0 %)  B: 532.77 ps (-26.6 %)    0.18 sec    
 128 Win:  2. PO:    21. Path:    300. Gate:    1. TFO:   2985. A: 12125.06 ( +5.0 %)  D: 539.37 ps (-25.7 %)  B: 532.77 ps (-26.6 %)    0.18 sec    
 129 Win:  1. PO:    10. Path:    119. Gate:    1. TFO:    137. A: 12123.19 ( +5.0 %)  D: 539.37 ps (-25.7 %)  B: 532.77 ps (-26.6 %)    0.18 sec    
 130 Win:  1. PO:    10. Path:    119. Gate:    1. TFO:   2158. A: 12124.13 ( +5.0 %)  D: 539.37 ps (-25.7 %)  B: 532.77 ps (-26.6 %)    0.18 sec    
 131 Win:  1. PO:    10. Path:    117. Gate:    3. TFO:   2960. A: 12127.86 ( +5.0 %)  D: 544.91 ps (-24.9 %)  B: 532.77 ps (-26.6 %)    0.18 sec    
 132 Win:  2. PO:    21. Path:    269. Gate:    5. TFO:   3106. A: 12126.69 ( +5.0 %)  D: 541.26 ps (-25.4 %)  B: 532.77 ps (-26.6 %)    0.18 sec    
 133 Win:  1. PO:    10. Path:    105. Gate:    2. TFO:   3215. A: 12128.09 ( +5.0 %)  D: 538.36 ps (-25.8 %)  B: 532.77 ps (-26.6 %)    0.18 sec    
 133 Win:  1. PO:    13. Path:    246. Gate:   10. TFO:   2769. A: 12112.60 ( +4.9 %)  D: 532.77 ps (-26.6 %)  B: 532.77 ps (-26.6 %)    0.18 sec    
Runtime: Critical path =     0.00 sec (  1.01 %)
Runtime: Sizing eval   =     0.08 sec ( 41.98 %)
Runtime: Timing update =     0.10 sec ( 55.82 %)
Runtime: Other         =     0.00 sec (  1.19 %)
Runtime: TOTAL         =     0.18 sec (100.00 %)
Parameters: Iters =    5.  UseDept = 1. UseWL = 0. Target =    0 ps. DelayGap =1000 ps. Timeout =   0 sec
    0 : Try = 12462  Over =  8499  Fail =  3830  Win =   133  A: 12007.37 ( -0.9 %)  D: 531.95 ps ( -0.2 %)      0.02 sec    
    1 : Try =  8499  Over =  6486  Fail =  1896  Win =   117  A: 11921.98 ( -1.6 %)  D: 531.33 ps ( -0.3 %)      0.03 sec    
    2 : Try =  6486  Over =  4908  Fail =  1474  Win =   104  A: 11855.71 ( -2.1 %)  D: 530.44 ps ( -0.4 %)      0.04 sec    
    3 : Try =  4908  Over =  3798  Fail =  1020  Win =    90  A: 11805.31 ( -2.5 %)  D: 530.31 ps ( -0.5 %)      0.05 sec    
    4 : Try =  3798  Over =  2953  Fail =   766  Win =    79  A: 11764.94 ( -2.9 %)  D: 530.15 ps ( -0.5 %)      0.06 sec    
    5 : Try =  2953  Over =  2396  Fail =   480  Win =    77  A: 11726.67 ( -3.2 %)  D: 530.15 ps ( -0.5 %)      0.06 sec    
    6 : Try =  2396  Over =  2010  Fail =   310  Win =    76  A: 11692.84 ( -3.5 %)  D: 531.59 ps ( -0.2 %)      0.07 sec    
    7 : Try =  2010  Over =  1658  Fail =   284  Win =    68  A: 11667.86 ( -3.7 %)  D: 531.07 ps ( -0.3 %)      0.07 sec    
    8 : Try =  1658  Over =  1369  Fail =   230  Win =    59  A: 11647.56 ( -3.8 %)  D: 531.07 ps ( -0.3 %)      0.08 sec    
    9 : Try =  1369  Over =  1146  Fail =   169  Win =    54  A: 11628.89 ( -4.0 %)  D: 530.09 ps ( -0.5 %)      0.08 sec    
   10 : Try =  1146  Over =   959  Fail =   136  Win =    51  A: 11612.32 ( -4.1 %)  D: 531.02 ps ( -0.3 %)      0.09 sec    
   11 : Try =   959  Over =   819  Fail =    92  Win =    48  A: 11596.21 ( -4.3 %)  D: 528.86 ps ( -0.7 %)      0.09 sec    
   12 : Try =   819  Over =   713  Fail =    57  Win =    49  A: 11582.44 ( -4.4 %)  D: 528.86 ps ( -0.7 %)      0.10 sec    
   13 : Try =   713  Over =   607  Fail =    67  Win =    39  A: 11570.77 ( -4.5 %)  D: 528.73 ps ( -0.8 %)      0.10 sec    
   14 : Try =   607  Over =   525  Fail =    48  Win =    34  A: 11561.20 ( -4.6 %)  D: 528.73 ps ( -0.8 %)      0.10 sec    
   15 : Try =   525  Over =   473  Fail =    15  Win =    37  A: 11550.70 ( -4.6 %)  D: 528.73 ps ( -0.8 %)      0.11 sec    
   16 : Try =   473  Over =   419  Fail =    18  Win =    36  A: 11540.66 ( -4.7 %)  D: 528.73 ps ( -0.8 %)      0.11 sec    
   17 : Try =   419  Over =   365  Fail =    20  Win =    34  A: 11531.79 ( -4.8 %)  D: 528.46 ps ( -0.8 %)      0.11 sec    
   18 : Try =   365  Over =   314  Fail =    23  Win =    28  A: 11524.33 ( -4.9 %)  D: 528.46 ps ( -0.8 %)      0.11 sec    
   19 : Try =   314  Over =   271  Fail =    17  Win =    26  A: 11517.56 ( -4.9 %)  D: 529.01 ps ( -0.7 %)      0.12 sec    
   20 : Try =   271  Over =   234  Fail =    11  Win =    26  A: 11511.49 ( -5.0 %)  D: 529.01 ps ( -0.7 %)      0.12 sec    
   21 : Try =   234  Over =   191  Fail =    22  Win =    21  A: 11505.89 ( -5.0 %)  D: 529.01 ps ( -0.7 %)      0.12 sec    
   22 : Try =   191  Over =   164  Fail =     7  Win =    20  A: 11500.52 ( -5.1 %)  D: 529.01 ps ( -0.7 %)      0.12 sec    
   23 : Try =   164  Over =   132  Fail =    18  Win =    14  A: 11496.55 ( -5.1 %)  D: 529.01 ps ( -0.7 %)      0.12 sec    
   24 : Try =   132  Over =   103  Fail =    11  Win =    18  A: 11492.12 ( -5.1 %)  D: 529.76 ps ( -0.6 %)      0.12 sec    
   25 : Try =   103  Over =    69  Fail =    25  Win =     9  A: 11489.78 ( -5.1 %)  D: 529.76 ps ( -0.6 %)      0.12 sec    
   26 : Try =    69  Over =    55  Fail =     4  Win =    10  A: 11487.45 ( -5.2 %)  D: 529.29 ps ( -0.7 %)      0.12 sec    
   27 : Try =    55  Over =    43  Fail =     1  Win =    11  A: 11484.88 ( -5.2 %)  D: 529.29 ps ( -0.7 %)      0.12 sec    
   28 : Try =    43  Over =    31  Fail =     4  Win =     8  A: 11483.01 ( -5.2 %)  D: 529.29 ps ( -0.7 %)      0.13 sec    
   29 : Try =    31  Over =    18  Fail =     6  Win =     7  A: 11481.38 ( -5.2 %)  D: 529.29 ps ( -0.7 %)      0.13 sec    
   30 : Try =    18  Over =    10  Fail =     3  Win =     5  A: 11480.21 ( -5.2 %)  D: 529.29 ps ( -0.7 %)      0.13 sec    
   31 : Try =    10  Over =     3  Fail =     4  Win =     3  A: 11479.51 ( -5.2 %)  D: 529.29 ps ( -0.7 %)      0.13 sec    
   32 : Try =     3  Over =     0  Fail =     1  Win =     2  A: 11479.05 ( -5.2 %)  D: 529.29 ps ( -0.7 %)      0.13 sec    
Total : Try = 54203  Over = 41741  Fail = 11069  Win =  1393  A: 11479.05 ( -5.2 %)  D: 529.29 ps ( -0.7 %)      0.13 sec    
    0 : Try = 12462  Over =  6960  Fail =  5423  Win =    79  A: 11437.74 ( -5.6 %)  D: 531.11 ps ( -0.3 %)      0.14 sec    
    1 : Try =  6960  Over =  4474  Fail =  2416  Win =    70  A: 11410.21 ( -5.8 %)  D: 530.26 ps ( -0.5 %)      0.15 sec    
    2 : Try =  4474  Over =  3074  Fail =  1342  Win =    58  A: 11387.80 ( -6.0 %)  D: 530.29 ps ( -0.5 %)      0.16 sec    
    3 : Try =  3074  Over =  2315  Fail =   696  Win =    63  A: 11363.06 ( -6.2 %)  D: 530.35 ps ( -0.5 %)      0.17 sec    
    4 : Try =  2315  Over =  1638  Fail =   622  Win =    55  A: 11346.26 ( -6.3 %)  D: 530.52 ps ( -0.4 %)      0.17 sec    
    5 : Try =  1638  Over =  1385  Fail =   203  Win =    50  A: 11331.56 ( -6.4 %)  D: 530.45 ps ( -0.4 %)      0.18 sec    
    6 : Try =  1385  Over =  1129  Fail =   206  Win =    50  A: 11316.85 ( -6.6 %)  D: 529.80 ps ( -0.6 %)      0.18 sec    
    7 : Try =  1129  Over =   974  Fail =   112  Win =    43  A: 11305.42 ( -6.7 %)  D: 530.08 ps ( -0.5 %)      0.19 sec    
    8 : Try =   974  Over =   807  Fail =   127  Win =    40  A: 11294.45 ( -6.8 %)  D: 530.01 ps ( -0.5 %)      0.19 sec    
    9 : Try =   807  Over =   697  Fail =    79  Win =    31  A: 11286.51 ( -6.8 %)  D: 530.92 ps ( -0.3 %)      0.19 sec    
   10 : Try =   697  Over =   564  Fail =   102  Win =    31  A: 11278.34 ( -6.9 %)  D: 530.07 ps ( -0.5 %)      0.20 sec    
   11 : Try =   564  Over =   489  Fail =    43  Win =    32  A: 11270.64 ( -7.0 %)  D: 530.07 ps ( -0.5 %)      0.20 sec    
   12 : Try =   489  Over =   407  Fail =    54  Win =    28  A: 11263.40 ( -7.0 %)  D: 530.18 ps ( -0.5 %)      0.20 sec    
   13 : Try =   407  Over =   357  Fail =    27  Win =    23  A: 11257.57 ( -7.1 %)  D: 530.18 ps ( -0.5 %)      0.20 sec    
   14 : Try =   357  Over =   287  Fail =    47  Win =    23  A: 11251.97 ( -7.1 %)  D: 530.18 ps ( -0.5 %)      0.21 sec    
   15 : Try =   287  Over =   223  Fail =    39  Win =    25  A: 11245.67 ( -7.2 %)  D: 530.07 ps ( -0.5 %)      0.21 sec    
   16 : Try =   223  Over =   189  Fail =    16  Win =    18  A: 11241.46 ( -7.2 %)  D: 530.07 ps ( -0.5 %)      0.21 sec    
   17 : Try =   189  Over =   136  Fail =    41  Win =    12  A: 11238.66 ( -7.2 %)  D: 530.07 ps ( -0.5 %)      0.21 sec    
   18 : Try =   136  Over =    89  Fail =    34  Win =    13  A: 11235.63 ( -7.2 %)  D: 530.07 ps ( -0.5 %)      0.21 sec    
   19 : Try =    89  Over =    55  Fail =    26  Win =     8  A: 11233.76 ( -7.3 %)  D: 530.07 ps ( -0.5 %)      0.21 sec    
   20 : Try =    55  Over =    29  Fail =    19  Win =     7  A: 11232.13 ( -7.3 %)  D: 530.07 ps ( -0.5 %)      0.21 sec    
   21 : Try =    29  Over =    15  Fail =    10  Win =     4  A: 11231.20 ( -7.3 %)  D: 530.07 ps ( -0.5 %)      0.21 sec    
   22 : Try =    15  Over =    10  Fail =     3  Win =     2  A: 11230.73 ( -7.3 %)  D: 530.07 ps ( -0.5 %)      0.21 sec    
   23 : Try =    10  Over =     7  Fail =     1  Win =     2  A: 11230.26 ( -7.3 %)  D: 530.07 ps ( -0.5 %)      0.21 sec    
   24 : Try =     7  Over =     1  Fail =     5  Win =     1  A: 11230.03 ( -7.3 %)  D: 530.07 ps ( -0.5 %)      0.21 sec    
   25 : Try =     1  Over =     0  Fail =     1  Win =     0  A: 11230.33 ( -7.3 %)  D: 530.07 ps ( -0.5 %)      0.21 sec    
Total : Try = 38773  Over = 26311  Fail = 11694  Win =   768  A: 11230.33 ( -7.3 %)  D: 530.07 ps ( -0.5 %)      0.21 sec    
    0 : Try = 12462  Over =  4184  Fail =  8246  Win =    32  A: 11216.33 ( -7.4 %)  D: 530.86 ps ( -0.4 %)      0.23 sec    
    1 : Try =  4184  Over =  1520  Fail =  2643  Win =    21  A: 11208.40 ( -7.5 %)  D: 530.39 ps ( -0.4 %)      0.24 sec    
    2 : Try =  1520  Over =   777  Fail =   727  Win =    16  A: 11202.79 ( -7.5 %)  D: 530.52 ps ( -0.4 %)      0.24 sec    
    3 : Try =   777  Over =   537  Fail =   222  Win =    18  A: 11197.66 ( -7.6 %)  D: 531.21 ps ( -0.3 %)      0.25 sec    
    4 : Try =   537  Over =   361  Fail =   162  Win =    14  A: 11193.69 ( -7.6 %)  D: 531.41 ps ( -0.3 %)      0.25 sec    
    5 : Try =   361  Over =   208  Fail =   145  Win =     8  A: 11191.36 ( -7.6 %)  D: 531.26 ps ( -0.3 %)      0.25 sec    
    6 : Try =   208  Over =   157  Fail =    45  Win =     6  A: 11189.72 ( -7.6 %)  D: 531.26 ps ( -0.3 %)      0.25 sec    
    7 : Try =   157  Over =    91  Fail =    61  Win =     5  A: 11188.56 ( -7.6 %)  D: 531.21 ps ( -0.3 %)      0.25 sec    
    8 : Try =    91  Over =    65  Fail =    23  Win =     3  A: 11187.86 ( -7.6 %)  D: 531.21 ps ( -0.3 %)      0.25 sec    
    9 : Try =    65  Over =    50  Fail =    12  Win =     3  A: 11187.16 ( -7.6 %)  D: 531.21 ps ( -0.3 %)      0.25 sec    
   10 : Try =    50  Over =    32  Fail =    16  Win =     2  A: 11186.69 ( -7.6 %)  D: 531.21 ps ( -0.3 %)      0.25 sec    
   11 : Try =    32  Over =    23  Fail =     6  Win =     3  A: 11185.99 ( -7.6 %)  D: 531.21 ps ( -0.3 %)      0.25 sec    
   12 : Try =    23  Over =    11  Fail =    10  Win =     2  A: 11185.52 ( -7.7 %)  D: 531.21 ps ( -0.3 %)      0.25 sec    
   13 : Try =    11  Over =     0  Fail =    11  Win =     0  A: 11185.54 ( -7.7 %)  D: 531.21 ps ( -0.3 %)      0.26 sec    
Total : Try = 20478  Over =  8016  Fail = 12329  Win =   133  A: 11185.54 ( -7.7 %)  D: 531.21 ps ( -0.3 %)      0.26 sec    
    0 : Try = 12462  Over =  2425  Fail = 10022  Win =    15  A: 11181.34 ( -7.7 %)  D: 531.21 ps ( -0.3 %)      0.27 sec    
    1 : Try =  2425  Over =   533  Fail =  1882  Win =    10  A: 11178.54 ( -7.7 %)  D: 531.21 ps ( -0.3 %)      0.28 sec    
    2 : Try =   533  Over =   199  Fail =   326  Win =     8  A: 11176.44 ( -7.7 %)  D: 531.21 ps ( -0.3 %)      0.28 sec    
    3 : Try =   199  Over =   126  Fail =    70  Win =     3  A: 11175.74 ( -7.7 %)  D: 531.21 ps ( -0.3 %)      0.28 sec    
    4 : Try =   126  Over =    61  Fail =    63  Win =     2  A: 11175.27 ( -7.7 %)  D: 531.21 ps ( -0.3 %)      0.28 sec    
    5 : Try =    61  Over =    39  Fail =    19  Win =     3  A: 11174.57 ( -7.7 %)  D: 531.21 ps ( -0.3 %)      0.28 sec    
    6 : Try =    39  Over =    18  Fail =    20  Win =     1  A: 11174.34 ( -7.7 %)  D: 531.21 ps ( -0.3 %)      0.28 sec    
    7 : Try =    18  Over =     6  Fail =    11  Win =     1  A: 11174.11 ( -7.7 %)  D: 531.21 ps ( -0.3 %)      0.28 sec    
    8 : Try =     6  Over =     0  Fail =     6  Win =     0  A: 11174.11 ( -7.7 %)  D: 531.21 ps ( -0.3 %)      0.28 sec    
Total : Try = 15869  Over =  3407  Fail = 12419  Win =    43  A: 11174.11 ( -7.7 %)  D: 531.21 ps ( -0.3 %)      0.28 sec    
    0 : Try = 12462  Over =   619  Fail = 11837  Win =     6  A: 11172.71 ( -7.8 %)  D: 531.21 ps ( -0.3 %)      0.30 sec    
    1 : Try =   619  Over =   206  Fail =   409  Win =     4  A: 11171.54 ( -7.8 %)  D: 531.21 ps ( -0.3 %)      0.30 sec    
    2 : Try =   206  Over =    13  Fail =   192  Win =     1  A: 11171.31 ( -7.8 %)  D: 531.21 ps ( -0.3 %)      0.30 sec    
    3 : Try =    13  Over =     0  Fail =    13  Win =     0  A: 11171.31 ( -7.8 %)  D: 531.21 ps ( -0.3 %)      0.30 sec    
Total : Try = 13300  Over =   838  Fail = 12451  Win =    11  A: 11171.31 ( -7.8 %)  D: 531.21 ps ( -0.3 %)      0.30 sec    
Runtime: Critical path =     0.09 sec ( 28.50 %)
Runtime: Sizing eval   =     0.05 sec ( 17.88 %)
Runtime: Timing update =     0.12 sec ( 38.19 %)
Runtime: Other         =     0.05 sec ( 15.43 %)
Runtime: TOTAL         =     0.30 sec (100.00 %)
