present .autoeda/runtime/results/stmap44/build.log
present .autoeda/runtime/results/stmap44/build.exit
present .autoeda/runtime/results/stmap44/help.log
present .autoeda/runtime/results/stmap44/help.exit
present .autoeda/runtime/results/stmap44/smoke_i10.log
present .autoeda/runtime/results/stmap44/smoke_i10.exit
present .autoeda/runtime/results/stmap44/metrics.csv
present .autoeda/runtime/results/stmap44/comparison.csv
present .autoeda/runtime/results/stmap44/summary.json
present .autoeda/runtime/results/stmap44/cec_summary.json
present .autoeda/runtime/results/stmap44/guard_stats.csv
present .autoeda/runtime/results/stmap44/near_miss_stats.csv
present .autoeda/runtime/results/stmap44/early_seed_stats.csv
present .autoeda/runtime/results/stmap44/penalty_stats.csv
present .autoeda/runtime/results/stmap44/feedback_load_stats.csv
present .autoeda/runtime/results/stmap44/scl_load_stats.csv
present .autoeda/runtime/results/stmap44/sink_pressure_stats.csv
present .autoeda/runtime/results/stmap44/strong_penalty_block_diag.csv
present .autoeda/runtime/results/stmap44/review_pass1.log
present .autoeda/runtime/results/stmap44/review_pass1_supported.log
present .autoeda/runtime/results/stmap44/review_pass2.log
present .autoeda/runtime/results/stmap44/review_pass2_supported.log
present .autoeda/runtime/results/stmap44/review_summary.md
present .autoeda/runtime/results/stmap44/version_log_check.log
present .autoeda/runtime/results/stmap44/version_log_check.exit
exit .autoeda/runtime/results/stmap44/artifact_check.exit 0
exit .autoeda/runtime/results/stmap44/baseline_benchmarks_i10_aig.exit 0
exit .autoeda/runtime/results/stmap44/baseline_benchmarks_ode_abc_blif.exit 0
exit .autoeda/runtime/results/stmap44/baseline_benchmarks_or1200_abc_blif.exit 0
exit .autoeda/runtime/results/stmap44/baseline_benchmarks_syn2_abc_blif.exit 0
exit .autoeda/runtime/results/stmap44/build.exit 0
exit .autoeda/runtime/results/stmap44/candidate_benchmarks_i10_aig.exit 0
exit .autoeda/runtime/results/stmap44/candidate_benchmarks_ode_abc_blif.exit 0
exit .autoeda/runtime/results/stmap44/candidate_benchmarks_or1200_abc_blif.exit 0
exit .autoeda/runtime/results/stmap44/candidate_benchmarks_syn2_abc_blif.exit 0
exit .autoeda/runtime/results/stmap44/cec_benchmarks_i10_aig.exit 0
exit .autoeda/runtime/results/stmap44/cec_benchmarks_i10_aig_candidate_write_benchmarks_i10_aig.exit 0
exit .autoeda/runtime/results/stmap44/cec_benchmarks_i10_aig_orig_write_benchmarks_i10_aig.exit 0
exit .autoeda/runtime/results/stmap44/cec_benchmarks_ode_abc_blif.exit 0
exit .autoeda/runtime/results/stmap44/cec_benchmarks_ode_abc_blif_candidate_write_benchmarks_ode_abc_blif.exit 0
exit .autoeda/runtime/results/stmap44/cec_benchmarks_ode_abc_blif_orig_write_benchmarks_ode_abc_blif.exit 0
exit .autoeda/runtime/results/stmap44/cec_benchmarks_or1200_abc_blif.exit 0
exit .autoeda/runtime/results/stmap44/cec_benchmarks_or1200_abc_blif_candidate_write_benchmarks_or1200_abc_blif.exit 0
exit .autoeda/runtime/results/stmap44/cec_benchmarks_or1200_abc_blif_orig_write_benchmarks_or1200_abc_blif.exit 0
exit .autoeda/runtime/results/stmap44/cec_benchmarks_syn2_abc_blif.exit 0
exit .autoeda/runtime/results/stmap44/cec_benchmarks_syn2_abc_blif_candidate_write_benchmarks_syn2_abc_blif.exit 0
exit .autoeda/runtime/results/stmap44/cec_benchmarks_syn2_abc_blif_orig_write_benchmarks_syn2_abc_blif.exit 0
exit .autoeda/runtime/results/stmap44/eval_driver.exit 0
exit .autoeda/runtime/results/stmap44/help.exit 0
exit .autoeda/runtime/results/stmap44/review_pass1.exit 2
exit .autoeda/runtime/results/stmap44/review_pass1_supported.exit 0
exit .autoeda/runtime/results/stmap44/review_pass2.exit 2
exit .autoeda/runtime/results/stmap44/review_pass2_supported.exit 0
exit .autoeda/runtime/results/stmap44/smoke_i10.exit 0
exit .autoeda/runtime/results/stmap44/version_log_check.exit 0
artifact-check-rc 0
