======== ABC command line "read_lib 7nm_lvt_ff.lib; read benchmarks/ode.abc.blif; resyn; resyn2; dch -v; stmap78; topo; buffer; upsize -v; dnsize -v; stime"
Library "ASAP7_7nm_LVT_FF" from "7nm_lvt_ff.lib" has 159 cells (26 skipped: 23 seq; 0 tri-state; 3 no func; 0 dont_use; 0 with 2 outputs; 0 with 3+ outputs).  Time =     0.24 sec
Warning: Detected 2 multi-output cells (for example, "FAx1_ASAP7_75t_L").
Hierarchy reader converted 2 instances of blackboxes.
Starting:  ode             : pi =   275  po =   169  lat =  1316  and =   14048  lev =  71
Rewrite:   ode             : pi =   275  po =   169  lat =  1316  and =   13980  lev =  71
Refactor:  ode             : pi =   275  po =   169  lat =  1316  and =   13889  lev =  71
Balance:   ode             : pi =   275  po =   169  lat =  1316  and =   13880  lev =  71
RewriteZ:  ode             : pi =   275  po =   169  lat =  1316  and =   13821  lev =  71
Starting:  ode             : pi =   275  po =   169  lat =  1316  and =   13821  lev =  71
Rewrite:   ode             : pi =   275  po =   169  lat =  1316  and =   13795  lev =  71
Refactor:  ode             : pi =   275  po =   169  lat =  1316  and =   13741  lev =  71
Balance:   ode             : pi =   275  po =   169  lat =  1316  and =   13736  lev =  71
Rewrite:   ode             : pi =   275  po =   169  lat =  1316  and =   13709  lev =  71
RewriteZ:  ode             : pi =   275  po =   169  lat =  1316  and =   13687  lev =  71
Balance:   ode             : pi =   275  po =   169  lat =  1316  and =   13686  lev =  71
RefactorZ: ode             : pi =   275  po =   169  lat =  1316  and =   13610  lev =  71
RewriteZ:  ode             : pi =   275  po =   169  lat =  1316  and =   13568  lev =  71
Balance:   ode             : pi =   275  po =   169  lat =  1316  and =   13565  lev =  71
Parameters: Sim words = 8. Conf limit = 1000. SAT var max = 5000.
AIG nodes : Total =  37442. Dangling =  24962. Main =  12480. ( 33.33 %)
SAT solver: Vars = 4737. Max cone = 3440. Recycles = 5.
SAT calls : All =   6997. Unsat =   2156. Sat =   4841. Fail =      0.
Choices   : Lits =  11757. Reprs =     0. Equivs =     0. Choices =     0.
Choicing runtime statistics:
Sim init    =     0.01 sec (  0.64 %)
Sim SAT     =     0.28 sec ( 26.76 %)
SAT solving =     0.75 sec ( 70.77 %)
  sat       =     0.70 sec ( 65.91 %)
  unsat     =     0.05 sec (  5.10 %)
  undecided =     0.00 sec (  0.00 %)
Choice      =     0.00 sec (  0.00 %)
Other       =     0.02 sec (  1.83 %)
TOTAL       =     1.06 sec (100.00 %)
Synthesis   =     0.54 sec
Old choice computation time =     1.06 sec
STATS:  Ands:   37442  ->   25383.  Reprs:  10970  ->   1957.  Choices =   1645.
stmap78 diagnostic: inherited-policy = stmap65  mapper-selected-match-watch = 1  network = ode  watch-aig = 5219  downstream-aig = 5229  source = stmap77-final-demand-hypothesis  reconstruction-phase-trace = 1  demand-path-trace = 1  final-phase-survival = 1  mapping-policy-change = 0
stmap78 selected-match: index = 1  watch-index = 0  mapper-mode = 0  node = 2417  aig-id = 5219  level = 36  refs = 1  phase = 0  gate = A2O1A1Ixp33_ASAP7_75t_L  leaves = 4  cut-leaf-load-avg = 3.250  fanout-limit = 1  load-drive-ratio = 3.250  arrival = 163.529999  required = -1.000000  slack = 0.000000  area-flow = 1202.093140  u-phase-best = 2  node-sink-pressure-ratio = 0.000  cut-sink-pressure-ratio = 0.000  scl-feedback = 0.000  leaf0-node = 1669  leaf0-aig-id = 4471  leaf1-node = 2334  leaf1-aig-id = 5204  leaf2-node = 2411  leaf2-aig-id = 5215  leaf3-node = 2416  leaf3-aig-id = 5218  leaf4-node = -1  leaf4-aig-id = -1  leaf5-node = -1  leaf5-aig-id = -1
stmap78 selected-match: index = 2  watch-index = 0  mapper-mode = 0  node = 2417  aig-id = 5219  level = 36  refs = 1  phase = 1  gate = O2A1O1Ixp33_ASAP7_75t_L  leaves = 4  cut-leaf-load-avg = 3.250  fanout-limit = 1  load-drive-ratio = 3.250  arrival = 162.399994  required = -1.000000  slack = 0.000000  area-flow = 1022.969727  u-phase-best = 13  node-sink-pressure-ratio = 0.000  cut-sink-pressure-ratio = 0.000  scl-feedback = 0.000  leaf0-node = 1669  leaf0-aig-id = 4471  leaf1-node = 2334  leaf1-aig-id = 5204  leaf2-node = 2411  leaf2-aig-id = 5215  leaf3-node = 2416  leaf3-aig-id = 5218  leaf4-node = -1  leaf4-aig-id = -1  leaf5-node = -1  leaf5-aig-id = -1
stmap78 selected-match: index = 3  watch-index = 0  mapper-mode = 1  node = 2417  aig-id = 5219  level = 36  refs = 1  phase = 0  gate = A2O1A1Ixp33_ASAP7_75t_L  leaves = 4  cut-leaf-load-avg = 3.250  fanout-limit = 1  load-drive-ratio = 3.250  arrival = 164.730011  required = 165.950027  slack = 1.220016  area-flow = 84.630318  u-phase-best = 2  node-sink-pressure-ratio = 0.000  cut-sink-pressure-ratio = 0.000  scl-feedback = 0.000  leaf0-node = 1669  leaf0-aig-id = 4471  leaf1-node = 2334  leaf1-aig-id = 5204  leaf2-node = 2411  leaf2-aig-id = 5215  leaf3-node = 2416  leaf3-aig-id = 5218  leaf4-node = -1  leaf4-aig-id = -1  leaf5-node = -1  leaf5-aig-id = -1
stmap78 selected-match: index = 4  watch-index = 0  mapper-mode = 1  node = 2417  aig-id = 5219  level = 36  refs = 1  phase = 1  gate = O2A1O1Ixp33_ASAP7_75t_L  leaves = 4  cut-leaf-load-avg = 3.250  fanout-limit = 1  load-drive-ratio = 3.250  arrival = 162.399994  required = 162.400009  slack = 0.000015  area-flow = 69.111443  u-phase-best = 13  node-sink-pressure-ratio = 0.000  cut-sink-pressure-ratio = 0.000  scl-feedback = 0.000  leaf0-node = 1669  leaf0-aig-id = 4471  leaf1-node = 2334  leaf1-aig-id = 5204  leaf2-node = 2411  leaf2-aig-id = 5215  leaf3-node = 2416  leaf3-aig-id = 5218  leaf4-node = -1  leaf4-aig-id = -1  leaf5-node = -1  leaf5-aig-id = -1
stmap78 selected-match: index = 5  watch-index = 0  mapper-mode = 2  node = 2417  aig-id = 5219  level = 36  refs = 1  phase = 0  gate = A2O1A1Ixp33_ASAP7_75t_L  leaves = 4  cut-leaf-load-avg = 3.250  fanout-limit = 1  load-drive-ratio = 3.250  arrival = 171.059998  required = -1.000000  slack = 0.000000  area-flow = 0.000000  u-phase-best = 1  node-sink-pressure-ratio = 0.000  cut-sink-pressure-ratio = 0.000  scl-feedback = 0.000  leaf0-node = 1177  leaf0-aig-id = 3153  leaf1-node = 1668  leaf1-aig-id = 4470  leaf2-node = 2414  leaf2-aig-id = 5216  leaf3-node = 2416  leaf3-aig-id = 5218  leaf4-node = -1  leaf4-aig-id = -1  leaf5-node = -1  leaf5-aig-id = -1
stmap78 selected-match: index = 6  watch-index = 0  mapper-mode = 2  node = 2417  aig-id = 5219  level = 36  refs = 1  phase = 1  gate = O2A1O1Ixp33_ASAP7_75t_L  leaves = 4  cut-leaf-load-avg = 3.250  fanout-limit = 1  load-drive-ratio = 3.250  arrival = 162.369995  required = 162.400009  slack = 0.030014  area-flow = 0.000000  u-phase-best = 13  node-sink-pressure-ratio = 0.000  cut-sink-pressure-ratio = 0.000  scl-feedback = 0.000  leaf0-node = 1669  leaf0-aig-id = 4471  leaf1-node = 2334  leaf1-aig-id = 5204  leaf2-node = 2411  leaf2-aig-id = 5215  leaf3-node = 2416  leaf3-aig-id = 5218  leaf4-node = -1  leaf4-aig-id = -1  leaf5-node = -1  leaf5-aig-id = -1
stmap78 selected-match: index = 7  watch-index = 0  mapper-mode = 3  node = 2417  aig-id = 5219  level = 36  refs = 1  phase = 0  gate = A2O1A1Ixp33_ASAP7_75t_L  leaves = 4  cut-leaf-load-avg = 3.250  fanout-limit = 1  load-drive-ratio = 3.250  arrival = 171.059998  required = -1.000000  slack = 0.000000  area-flow = 0.000000  u-phase-best = 1  node-sink-pressure-ratio = 0.000  cut-sink-pressure-ratio = 0.000  scl-feedback = 0.000  leaf0-node = 1177  leaf0-aig-id = 3153  leaf1-node = 1668  leaf1-aig-id = 4470  leaf2-node = 2414  leaf2-aig-id = 5216  leaf3-node = 2416  leaf3-aig-id = 5218  leaf4-node = -1  leaf4-aig-id = -1  leaf5-node = -1  leaf5-aig-id = -1
stmap78 selected-match: index = 8  watch-index = 0  mapper-mode = 3  node = 2417  aig-id = 5219  level = 36  refs = 1  phase = 1  gate = O2A1O1Ixp33_ASAP7_75t_L  leaves = 4  cut-leaf-load-avg = 3.250  fanout-limit = 1  load-drive-ratio = 3.250  arrival = 162.369995  required = 162.369980  slack = -0.000015  area-flow = 0.000000  u-phase-best = 13  node-sink-pressure-ratio = 0.000  cut-sink-pressure-ratio = 0.000  scl-feedback = 0.000  leaf0-node = 1669  leaf0-aig-id = 4471  leaf1-node = 2334  leaf1-aig-id = 5204  leaf2-node = 2411  leaf2-aig-id = 5215  leaf3-node = 2416  leaf3-aig-id = 5218  leaf4-node = -1  leaf4-aig-id = -1  leaf5-node = -1  leaf5-aig-id = -1
stmap35 guard stats: exact-risk = 49626  highest = 22601  lower-mod = 19542  upper-mod = 7483  middle-slack = 765  middle-relief = 0  reject-slack = 12974  reject-highest = 14866  reject-arrival = 10527  reject-area = 11095
stmap35 near-miss stats: near-miss = 0
stmap35 early-seed stats: early-seed = 0
stmap35 penalty stats: moderate-penalty-seed = 0  moderate-penalty-blocked = 0  strong-penalty-seed = 0  strong-penalty-blocked = 0
stmap65 feedback-load stats: nodes = 11544  matched = 11478  fanout-pins = 27977  over-max = 71  avg-load-ratio = 0.074  max-load-ratio = 8.715
stmap65 feedback-load criticality: timing-delay = 2921.614  critical-nodes = 1380  avg-criticality = 0.076  max-criticality = 1.000
stmap65 feedback-load top: rank = 1  node = 4982  gate = NOR2xp33_ASAP7_75t_L  fanouts = 229  load = 100.399  max-cap = 11.520  load-ratio = 8.715
stmap65 feedback-load top: rank = 2  node = 13812  gate = NOR2xp33_ASAP7_75t_L  fanouts = 177  load = 86.705  max-cap = 11.520  load-ratio = 7.526
stmap65 feedback-load top: rank = 3  node = 5062  gate = NOR2xp33_ASAP7_75t_L  fanouts = 161  load = 70.939  max-cap = 11.520  load-ratio = 6.158
stmap65 feedback-load top: rank = 4  node = 11239  gate = NAND2xp33_ASAP7_75t_L  fanouts = 119  load = 57.296  max-cap = 11.520  load-ratio = 4.974
stmap65 feedback-load top: rank = 5  node = 12310  gate = NAND2xp33_ASAP7_75t_L  fanouts = 124  load = 57.197  max-cap = 11.520  load-ratio = 4.965
stmap65 sink-pressure stats: roots = 71  consumer-fanin = 90011  consumer-fanout = 16227  raw-pressure-entries = 4816  raw-pressure-updates = 3007  sink-pressure-entries = 4816  sink-pressure-updates = 3146  pressure-missed = 0  pressure-capacity = 32768  tracked-aig = 27645  tracked-node = 13988  tracked-raw-ratio = 6.473  tracked-sink-ratio = 2.915
stmap65 sink-pressure: rank = 1  aig-id = 5262  mapped-node = 5010  sink-pressure-ratio = 8.715
stmap65 sink-pressure: rank = 2  aig-id = 5277  mapped-node = 5025  sink-pressure-ratio = 8.391
stmap65 sink-pressure: rank = 3  aig-id = 5261  mapped-node = 4982  sink-pressure-ratio = 7.844
stmap65 sink-pressure: rank = 4  aig-id = 5741  mapped-node = 6125  sink-pressure-ratio = 7.537
stmap65 sink-pressure: rank = 5  aig-id = 5251  mapped-node = 5007  sink-pressure-ratio = 7.495
stmap65 sink-pressure: rank = 6  aig-id = 5267  mapped-node = 5021  sink-pressure-ratio = 7.222
stmap65 sink-pressure: rank = 7  aig-id = 5304  mapped-node = 5300  sink-pressure-ratio = 6.891
stmap65 sink-pressure: rank = 8  aig-id = 5334  mapped-node = 5274  sink-pressure-ratio = 6.503
stmap65 sink-pressure: rank = 9  aig-id = 5730  mapped-node = 6124  sink-pressure-ratio = 6.503
stmap65 sink-pressure: rank = 10  aig-id = 5736  mapped-node = 6123  sink-pressure-ratio = 6.503
stmap65 feedback: remap = 1  active = 1  max-load-ratio = 8.715  over-max-frac = 0.006186  severity = 0.627  raw-pressure-entries = 4816  sink-pressure-entries = 4816  pressure-capacity = 32768
stmap65 blended-gain: base-gain = 250.00  blend-gain = 225.00  selected-gain = 250.00  severity-threshold = 0.850  raw-pressure-threshold = 8000  selected-blend-gain = 0
stmap65 bounded-pressure stats: severe-transfer = 0  raw-weight = 0.72  ratio-cap = 2.100  bounded-pressure-entries = 4816  lifted = 0  capped = 0  raw-only = 0  sink-fallback = 4816  tracked-aig = 27645  tracked-raw-ratio = 6.473  tracked-sink-ratio = 2.915  tracked-bounded-ratio = 2.915
stmap65 mapper-mode: bounded-pressure-transfer-mode = 57  cut-only-before-moderate = 0  load-drop-cut-only-guard = 0  strong-node-load-drop-guard = 1  strong-node-pressure-min = 1.250  blended-gain = 250.00  pressure-feed = sink-fallback  raw-weight = 0.72  bounded-ratio-cap = 2.100  inherited-cut-only-area-save-cap = 1.35x-inverter  tracked-near-miss-node = 23628  cut-only-gate-diag = 1
stmap78 selected-match: index = 9  watch-index = 0  mapper-mode = 0  node = 2417  aig-id = 5219  level = 36  refs = 1  phase = 0  gate = A2O1A1Ixp33_ASAP7_75t_L  leaves = 4  cut-leaf-load-avg = 3.250  fanout-limit = 1  load-drive-ratio = 3.250  arrival = 163.529999  required = -1.000000  slack = 0.000000  area-flow = 1202.093140  u-phase-best = 2  node-sink-pressure-ratio = 2.818  cut-sink-pressure-ratio = 2.818  scl-feedback = 0.627  leaf0-node = 1669  leaf0-aig-id = 4471  leaf1-node = 2334  leaf1-aig-id = 5204  leaf2-node = 2411  leaf2-aig-id = 5215  leaf3-node = 2416  leaf3-aig-id = 5218  leaf4-node = -1  leaf4-aig-id = -1  leaf5-node = -1  leaf5-aig-id = -1
stmap78 selected-match: index = 10  watch-index = 0  mapper-mode = 0  node = 2417  aig-id = 5219  level = 36  refs = 1  phase = 1  gate = O2A1O1Ixp33_ASAP7_75t_L  leaves = 4  cut-leaf-load-avg = 3.250  fanout-limit = 1  load-drive-ratio = 3.250  arrival = 162.399994  required = -1.000000  slack = 0.000000  area-flow = 1022.969727  u-phase-best = 13  node-sink-pressure-ratio = 2.818  cut-sink-pressure-ratio = 2.818  scl-feedback = 0.627  leaf0-node = 1669  leaf0-aig-id = 4471  leaf1-node = 2334  leaf1-aig-id = 5204  leaf2-node = 2411  leaf2-aig-id = 5215  leaf3-node = 2416  leaf3-aig-id = 5218  leaf4-node = -1  leaf4-aig-id = -1  leaf5-node = -1  leaf5-aig-id = -1
stmap78 selected-match: index = 11  watch-index = 0  mapper-mode = 1  node = 2417  aig-id = 5219  level = 36  refs = 1  phase = 0  gate = A2O1A1Ixp33_ASAP7_75t_L  leaves = 4  cut-leaf-load-avg = 3.250  fanout-limit = 1  load-drive-ratio = 3.250  arrival = 164.730011  required = 165.950027  slack = 1.220016  area-flow = 84.630318  u-phase-best = 2  node-sink-pressure-ratio = 2.818  cut-sink-pressure-ratio = 2.818  scl-feedback = 0.627  leaf0-node = 1669  leaf0-aig-id = 4471  leaf1-node = 2334  leaf1-aig-id = 5204  leaf2-node = 2411  leaf2-aig-id = 5215  leaf3-node = 2416  leaf3-aig-id = 5218  leaf4-node = -1  leaf4-aig-id = -1  leaf5-node = -1  leaf5-aig-id = -1
stmap78 selected-match: index = 12  watch-index = 0  mapper-mode = 1  node = 2417  aig-id = 5219  level = 36  refs = 1  phase = 1  gate = O2A1O1Ixp33_ASAP7_75t_L  leaves = 4  cut-leaf-load-avg = 3.250  fanout-limit = 1  load-drive-ratio = 3.250  arrival = 162.399994  required = 162.400009  slack = 0.000015  area-flow = 69.111443  u-phase-best = 13  node-sink-pressure-ratio = 2.818  cut-sink-pressure-ratio = 2.818  scl-feedback = 0.627  leaf0-node = 1669  leaf0-aig-id = 4471  leaf1-node = 2334  leaf1-aig-id = 5204  leaf2-node = 2411  leaf2-aig-id = 5215  leaf3-node = 2416  leaf3-aig-id = 5218  leaf4-node = -1  leaf4-aig-id = -1  leaf5-node = -1  leaf5-aig-id = -1
stmap78 selected-match: index = 13  watch-index = 0  mapper-mode = 2  node = 2417  aig-id = 5219  level = 36  refs = 1  phase = 0  gate = A2O1A1Ixp33_ASAP7_75t_L  leaves = 4  cut-leaf-load-avg = 3.250  fanout-limit = 1  load-drive-ratio = 3.250  arrival = 171.059998  required = -1.000000  slack = 0.000000  area-flow = 0.000000  u-phase-best = 1  node-sink-pressure-ratio = 2.818  cut-sink-pressure-ratio = 2.818  scl-feedback = 0.627  leaf0-node = 1177  leaf0-aig-id = 3153  leaf1-node = 1668  leaf1-aig-id = 4470  leaf2-node = 2414  leaf2-aig-id = 5216  leaf3-node = 2416  leaf3-aig-id = 5218  leaf4-node = -1  leaf4-aig-id = -1  leaf5-node = -1  leaf5-aig-id = -1
stmap78 selected-match: index = 14  watch-index = 0  mapper-mode = 2  node = 2417  aig-id = 5219  level = 36  refs = 1  phase = 1  gate = O2A1O1Ixp33_ASAP7_75t_L  leaves = 4  cut-leaf-load-avg = 3.250  fanout-limit = 1  load-drive-ratio = 3.250  arrival = 162.369995  required = 162.400009  slack = 0.030014  area-flow = 0.000000  u-phase-best = 13  node-sink-pressure-ratio = 2.818  cut-sink-pressure-ratio = 2.818  scl-feedback = 0.627  leaf0-node = 1669  leaf0-aig-id = 4471  leaf1-node = 2334  leaf1-aig-id = 5204  leaf2-node = 2411  leaf2-aig-id = 5215  leaf3-node = 2416  leaf3-aig-id = 5218  leaf4-node = -1  leaf4-aig-id = -1  leaf5-node = -1  leaf5-aig-id = -1
stmap78 selected-match: index = 15  watch-index = 0  mapper-mode = 3  node = 2417  aig-id = 5219  level = 36  refs = 1  phase = 0  gate = A2O1A1Ixp33_ASAP7_75t_L  leaves = 4  cut-leaf-load-avg = 3.250  fanout-limit = 1  load-drive-ratio = 3.250  arrival = 171.059998  required = -1.000000  slack = 0.000000  area-flow = 0.000000  u-phase-best = 1  node-sink-pressure-ratio = 2.818  cut-sink-pressure-ratio = 2.818  scl-feedback = 0.627  leaf0-node = 1177  leaf0-aig-id = 3153  leaf1-node = 1668  leaf1-aig-id = 4470  leaf2-node = 2414  leaf2-aig-id = 5216  leaf3-node = 2416  leaf3-aig-id = 5218  leaf4-node = -1  leaf4-aig-id = -1  leaf5-node = -1  leaf5-aig-id = -1
stmap78 selected-match: index = 16  watch-index = 0  mapper-mode = 3  node = 2417  aig-id = 5219  level = 36  refs = 1  phase = 1  gate = O2A1O1Ixp33_ASAP7_75t_L  leaves = 4  cut-leaf-load-avg = 3.250  fanout-limit = 1  load-drive-ratio = 3.250  arrival = 162.369995  required = 162.369980  slack = -0.000015  area-flow = 0.000000  u-phase-best = 13  node-sink-pressure-ratio = 2.818  cut-sink-pressure-ratio = 2.818  scl-feedback = 0.627  leaf0-node = 1669  leaf0-aig-id = 4471  leaf1-node = 2334  leaf1-aig-id = 5204  leaf2-node = 2411  leaf2-aig-id = 5215  leaf3-node = 2416  leaf3-aig-id = 5218  leaf4-node = -1  leaf4-aig-id = -1  leaf5-node = -1  leaf5-aig-id = -1
stmap56 guard stats: exact-risk = 49626  highest = 22601  lower-mod = 19542  upper-mod = 7483  middle-slack = 765  middle-relief = 0  reject-slack = 12974  reject-highest = 14866  reject-arrival = 10527  reject-area = 11095
stmap56 near-miss stats: near-miss = 0
stmap56 early-seed stats: early-seed = 0
stmap56 penalty stats: pressure-near-exception-seed = 0  pressure-near-exception-blocked = 0  cut-only-exception-seed = 0  cut-only-exception-blocked = 0  cut-only-area-cap-blocked = 0  moderate-penalty-seed = 0  moderate-penalty-blocked = 0  strong-penalty-seed = 0  strong-penalty-blocked = 0
stmap60 near-miss leaf stats: tracked-node = 23628  hits = 0  leaf-rows = 0  max-leaf-node = -1  max-leaf-aig-id = -1  max-leaf-pressure-ratio = 0.000
stmap61 cut-only gate stats: tracked-node = 23628  hits = 0  primitive-pass = 0  raw-pass = 0  raw-blocked-by-moderate = 0  raw-blocked-by-primitive = 0  area-cap-pass = 0  area-cap-blocked = 0  accepted = 0  soft-seed-fail = 0  moderate-candidate-fail = 0  feedback-fail = 0  entry-fail = 0  agreement-blocked = 0  node-zero-fail = 0  cut-band-fail = 0  arrival-fail = 0  slack-fail = 0
stmap78 demand-leaf: index = 1  co-kind = co  co-index = 171  parent-node = 2432  parent-aig-id = 5237  parent-phase = 0  parent-is-downstream = 0  parent-gate = OAI21xp33_ASAP7_75t_L  leaf-index = 1  leaf-aig-id = 5219  leaf-requested-phase = 1  leaf-inverted-pin = 0  parent-cut-leaves = 3  u-phase-best = 4  path-aigs = 13061>8729>5612>5379>5367>5261>5238>5237  path-nodes = 10259>5927>2810>2574>2540>2464>2436>2432  path-phases = 0>0>0>1>0>1>0>0
stmap78 demand-path: index = 2  co-kind = co  co-index = 171  watch-aig = 5219  downstream-aig = 5229  requested-phase = 1  stack-depth = 9  via-downstream = 0  parent-node = 2432  parent-aig-id = 5237  parent-phase = 0  parent-is-downstream = 0  phase0-action = direct-cut  phase1-action = direct-cut  phase0-has-cut = 1  phase1-has-cut = 1  phase0-cached = 0  phase1-cached = 0  phase0-gate = A2O1A1Ixp33_ASAP7_75t_L  phase1-gate = O2A1O1Ixp33_ASAP7_75t_L  path-aigs = 13061>8729>5612>5379>5367>5261>5238>5237>5219  path-nodes = 10259>5927>2810>2574>2540>2464>2436>2432>2417  path-phases = 0>0>0>1>0>1>0>0>1
stmap78 reconstruct-request: index = 1  watch-index = 0  node = 2417  aig-id = 5219  requested-phase = 1  has-cut-requested = 1  has-cut-opposite = 1  cached-requested = 0  cached-opposite = 0  level = 36
stmap78 reconstruct-emit: index = 2  watch-index = 0  node = 2417  aig-id = 5219  phase = 1  new-node = 4974  gate = O2A1O1Ixp33_ASAP7_75t_L  leaves = 4  u-phase-best = 13  fanout-limit = 1  leaf0-aig-id = 4471  leaf0-phase = 0  leaf1-aig-id = 5204  leaf1-phase = 1  leaf2-aig-id = 5215  leaf2-phase = 0  leaf3-aig-id = 5218  leaf3-phase = 0  leaf4-aig-id = -1  leaf4-phase = -1  leaf5-aig-id = -1  leaf5-phase = -1
stmap78 demand-leaf: index = 3  co-kind = co  co-index = 171  parent-node = 2459  parent-aig-id = 5259  parent-phase = 0  parent-is-downstream = 0  parent-gate = OAI21xp33_ASAP7_75t_L  leaf-index = 1  leaf-aig-id = 5219  leaf-requested-phase = 1  leaf-inverted-pin = 0  parent-cut-leaves = 3  u-phase-best = 5  path-aigs = 13061>8729>5612>5379>5367>5261>5260>5259  path-nodes = 10259>5927>2810>2574>2540>2464>2463>2459  path-phases = 0>0>0>1>0>1>0>0
stmap78 demand-path: index = 4  co-kind = co  co-index = 171  watch-aig = 5219  downstream-aig = 5229  requested-phase = 1  stack-depth = 9  via-downstream = 0  parent-node = 2459  parent-aig-id = 5259  parent-phase = 0  parent-is-downstream = 0  phase0-action = direct-cut  phase1-action = cached  phase0-has-cut = 1  phase1-has-cut = 1  phase0-cached = 0  phase1-cached = 1  phase0-gate = A2O1A1Ixp33_ASAP7_75t_L  phase1-gate = O2A1O1Ixp33_ASAP7_75t_L  path-aigs = 13061>8729>5612>5379>5367>5261>5260>5259>5219  path-nodes = 10259>5927>2810>2574>2540>2464>2463>2459>2417  path-phases = 0>0>0>1>0>1>0>0>1
stmap78 reconstruct-request: index = 3  watch-index = 0  node = 2417  aig-id = 5219  requested-phase = 1  has-cut-requested = 1  has-cut-opposite = 1  cached-requested = 1  cached-opposite = 0  level = 36
stmap78 reconstruct-cache: index = 4  watch-index = 0  node = 2417  aig-id = 5219  phase = 1  cached-node = 4974  via = request
stmap78 demand-leaf: index = 5  co-kind = co  co-index = 171  parent-node = 2425  parent-aig-id = 5227  parent-phase = 0  parent-is-downstream = 0  parent-gate = OAI211xp5_ASAP7_75t_L  leaf-index = 2  leaf-aig-id = 5219  leaf-requested-phase = 1  leaf-inverted-pin = 0  parent-cut-leaves = 4  u-phase-best = 11  path-aigs = 13061>8729>5612>5379>5367>5365>5283>5228>5227  path-nodes = 10259>5927>2810>2574>2540>2538>2484>2426>2425  path-phases = 0>0>0>1>0>1>0>0>0
stmap78 demand-path: index = 6  co-kind = co  co-index = 171  watch-aig = 5219  downstream-aig = 5229  requested-phase = 1  stack-depth = 10  via-downstream = 0  parent-node = 2425  parent-aig-id = 5227  parent-phase = 0  parent-is-downstream = 0  phase0-action = direct-cut  phase1-action = cached  phase0-has-cut = 1  phase1-has-cut = 1  phase0-cached = 0  phase1-cached = 1  phase0-gate = A2O1A1Ixp33_ASAP7_75t_L  phase1-gate = O2A1O1Ixp33_ASAP7_75t_L  path-aigs = 13061>8729>5612>5379>5367>5365>5283>5228>5227>5219  path-nodes = 10259>5927>2810>2574>2540>2538>2484>2426>2425>2417  path-phases = 0>0>0>1>0>1>0>0>0>1
stmap78 reconstruct-request: index = 5  watch-index = 0  node = 2417  aig-id = 5219  requested-phase = 1  has-cut-requested = 1  has-cut-opposite = 1  cached-requested = 1  cached-opposite = 0  level = 36
stmap78 reconstruct-cache: index = 6  watch-index = 0  node = 2417  aig-id = 5219  phase = 1  cached-node = 4974  via = request
stmap78 demand-leaf: index = 7  co-kind = co  co-index = 171  parent-node = 2427  parent-aig-id = 5229  parent-phase = 0  parent-is-downstream = 1  parent-gate = OAI211xp5_ASAP7_75t_L  leaf-index = 2  leaf-aig-id = 5219  leaf-requested-phase = 1  leaf-inverted-pin = 0  parent-cut-leaves = 4  u-phase-best = 10  path-aigs = 13061>8729>5612>5379>5367>5365>5283>5231>5229  path-nodes = 10259>5927>2810>2574>2540>2538>2484>2429>2427  path-phases = 0>0>0>1>0>1>0>0>0
stmap78 demand-path: index = 8  co-kind = co  co-index = 171  watch-aig = 5219  downstream-aig = 5229  requested-phase = 1  stack-depth = 10  via-downstream = 1  parent-node = 2427  parent-aig-id = 5229  parent-phase = 0  parent-is-downstream = 1  phase0-action = direct-cut  phase1-action = cached  phase0-has-cut = 1  phase1-has-cut = 1  phase0-cached = 0  phase1-cached = 1  phase0-gate = A2O1A1Ixp33_ASAP7_75t_L  phase1-gate = O2A1O1Ixp33_ASAP7_75t_L  path-aigs = 13061>8729>5612>5379>5367>5365>5283>5231>5229>5219  path-nodes = 10259>5927>2810>2574>2540>2538>2484>2429>2427>2417  path-phases = 0>0>0>1>0>1>0>0>0>1
stmap78 reconstruct-request: index = 7  watch-index = 0  node = 2417  aig-id = 5219  requested-phase = 1  has-cut-requested = 1  has-cut-opposite = 1  cached-requested = 1  cached-opposite = 0  level = 36
stmap78 reconstruct-cache: index = 8  watch-index = 0  node = 2417  aig-id = 5219  phase = 1  cached-node = 4974  via = request
stmap78 demand-leaf: index = 9  co-kind = co  co-index = 171  parent-node = 2438  parent-aig-id = 5243  parent-phase = 0  parent-is-downstream = 0  parent-gate = OAI21xp33_ASAP7_75t_L  leaf-index = 1  leaf-aig-id = 5219  leaf-requested-phase = 1  leaf-inverted-pin = 0  parent-cut-leaves = 3  u-phase-best = 4  path-aigs = 13061>8729>5612>5379>5367>5365>5323>5244>5243  path-nodes = 10259>5927>2810>2574>2540>2538>2513>2442>2438  path-phases = 0>0>0>1>0>1>0>0>0
stmap78 demand-path: index = 10  co-kind = co  co-index = 171  watch-aig = 5219  downstream-aig = 5229  requested-phase = 1  stack-depth = 10  via-downstream = 0  parent-node = 2438  parent-aig-id = 5243  parent-phase = 0  parent-is-downstream = 0  phase0-action = direct-cut  phase1-action = cached  phase0-has-cut = 1  phase1-has-cut = 1  phase0-cached = 0  phase1-cached = 1  phase0-gate = A2O1A1Ixp33_ASAP7_75t_L  phase1-gate = O2A1O1Ixp33_ASAP7_75t_L  path-aigs = 13061>8729>5612>5379>5367>5365>5323>5244>5243>5219  path-nodes = 10259>5927>2810>2574>2540>2538>2513>2442>2438>2417  path-phases = 0>0>0>1>0>1>0>0>0>1
stmap78 reconstruct-request: index = 9  watch-index = 0  node = 2417  aig-id = 5219  requested-phase = 1  has-cut-requested = 1  has-cut-opposite = 1  cached-requested = 1  cached-opposite = 0  level = 36
stmap78 reconstruct-cache: index = 10  watch-index = 0  node = 2417  aig-id = 5219  phase = 1  cached-node = 4974  via = request
stmap78 demand-leaf: index = 11  co-kind = co  co-index = 171  parent-node = 2422  parent-aig-id = 5224  parent-phase = 1  parent-is-downstream = 0  parent-gate = NOR2xp33_ASAP7_75t_L  leaf-index = 0  leaf-aig-id = 5219  leaf-requested-phase = 1  leaf-inverted-pin = 0  parent-cut-leaves = 2  u-phase-best = 2  path-aigs = 13061>8729>5612>5379>5367>5365>5323>5250>5224  path-nodes = 10259>5927>2810>2574>2540>2538>2513>2448>2422  path-phases = 0>0>0>1>0>1>0>0>1
stmap78 demand-path: index = 12  co-kind = co  co-index = 171  watch-aig = 5219  downstream-aig = 5229  requested-phase = 1  stack-depth = 10  via-downstream = 0  parent-node = 2422  parent-aig-id = 5224  parent-phase = 1  parent-is-downstream = 0  phase0-action = direct-cut  phase1-action = cached  phase0-has-cut = 1  phase1-has-cut = 1  phase0-cached = 0  phase1-cached = 1  phase0-gate = A2O1A1Ixp33_ASAP7_75t_L  phase1-gate = O2A1O1Ixp33_ASAP7_75t_L  path-aigs = 13061>8729>5612>5379>5367>5365>5323>5250>5224>5219  path-nodes = 10259>5927>2810>2574>2540>2538>2513>2448>2422>2417  path-phases = 0>0>0>1>0>1>0>0>1>1
stmap78 reconstruct-request: index = 11  watch-index = 0  node = 2417  aig-id = 5219  requested-phase = 1  has-cut-requested = 1  has-cut-opposite = 1  cached-requested = 1  cached-opposite = 0  level = 36
stmap78 reconstruct-cache: index = 12  watch-index = 0  node = 2417  aig-id = 5219  phase = 1  cached-node = 4974  via = request
stmap78 demand-leaf: index = 13  co-kind = co  co-index = 171  parent-node = 2439  parent-aig-id = 5239  parent-phase = 0  parent-is-downstream = 0  parent-gate = OAI21xp33_ASAP7_75t_L  leaf-index = 1  leaf-aig-id = 5219  leaf-requested-phase = 1  leaf-inverted-pin = 0  parent-cut-leaves = 3  u-phase-best = 5  path-aigs = 13061>8729>5612>5379>5274>5254>5252>5251>5244>5239  path-nodes = 10259>5927>2810>2574>2565>2452>2450>2449>2442>2439  path-phases = 0>0>0>1>1>1>0>1>1>0
stmap78 demand-path: index = 14  co-kind = co  co-index = 171  watch-aig = 5219  downstream-aig = 5229  requested-phase = 1  stack-depth = 11  via-downstream = 0  parent-node = 2439  parent-aig-id = 5239  parent-phase = 0  parent-is-downstream = 0  phase0-action = direct-cut  phase1-action = cached  phase0-has-cut = 1  phase1-has-cut = 1  phase0-cached = 0  phase1-cached = 1  phase0-gate = A2O1A1Ixp33_ASAP7_75t_L  phase1-gate = O2A1O1Ixp33_ASAP7_75t_L  path-aigs = 13061>8729>5612>5379>5274>5254>5252>5251>5244>5239>5219  path-nodes = 10259>5927>2810>2574>2565>2452>2450>2449>2442>2439>2417  path-phases = 0>0>0>1>1>1>0>1>1>0>1
stmap78 reconstruct-request: index = 13  watch-index = 0  node = 2417  aig-id = 5219  requested-phase = 1  has-cut-requested = 1  has-cut-opposite = 1  cached-requested = 1  cached-opposite = 0  level = 36
stmap78 reconstruct-cache: index = 14  watch-index = 0  node = 2417  aig-id = 5219  phase = 1  cached-node = 4974  via = request
stmap78 demand-leaf: index = 15  co-kind = co  co-index = 171  parent-node = 2446  parent-aig-id = 5246  parent-phase = 0  parent-is-downstream = 0  parent-gate = OAI21xp33_ASAP7_75t_L  leaf-index = 1  leaf-aig-id = 5219  leaf-requested-phase = 1  leaf-inverted-pin = 0  parent-cut-leaves = 3  u-phase-best = 4  path-aigs = 13061>8729>5612>5379>5274>5270>5267>5250>5246  path-nodes = 10259>5927>2810>2574>2565>2493>2453>2448>2446  path-phases = 0>0>0>1>1>1>0>1>0
stmap78 demand-path: index = 16  co-kind = co  co-index = 171  watch-aig = 5219  downstream-aig = 5229  requested-phase = 1  stack-depth = 10  via-downstream = 0  parent-node = 2446  parent-aig-id = 5246  parent-phase = 0  parent-is-downstream = 0  phase0-action = direct-cut  phase1-action = cached  phase0-has-cut = 1  phase1-has-cut = 1  phase0-cached = 0  phase1-cached = 1  phase0-gate = A2O1A1Ixp33_ASAP7_75t_L  phase1-gate = O2A1O1Ixp33_ASAP7_75t_L  path-aigs = 13061>8729>5612>5379>5274>5270>5267>5250>5246>5219  path-nodes = 10259>5927>2810>2574>2565>2493>2453>2448>2446>2417  path-phases = 0>0>0>1>1>1>0>1>0>1
stmap78 reconstruct-request: index = 15  watch-index = 0  node = 2417  aig-id = 5219  requested-phase = 1  has-cut-requested = 1  has-cut-opposite = 1  cached-requested = 1  cached-opposite = 0  level = 36
stmap78 reconstruct-cache: index = 16  watch-index = 0  node = 2417  aig-id = 5219  phase = 1  cached-node = 4974  via = request
stmap78 demand-leaf: index = 17  co-kind = co  co-index = 171  parent-node = 2460  parent-aig-id = 5255  parent-phase = 0  parent-is-downstream = 0  parent-gate = OAI21xp33_ASAP7_75t_L  leaf-index = 1  leaf-aig-id = 5219  leaf-requested-phase = 1  leaf-inverted-pin = 0  parent-cut-leaves = 3  u-phase-best = 4  path-aigs = 13061>8729>5612>5379>5377>5326>5261>5260>5255  path-nodes = 10259>5927>2810>2574>2572>2531>2464>2463>2460  path-phases = 0>0>0>1>1>1>0>1>0
stmap78 demand-path: index = 18  co-kind = co  co-index = 171  watch-aig = 5219  downstream-aig = 5229  requested-phase = 1  stack-depth = 10  via-downstream = 0  parent-node = 2460  parent-aig-id = 5255  parent-phase = 0  parent-is-downstream = 0  phase0-action = direct-cut  phase1-action = cached  phase0-has-cut = 1  phase1-has-cut = 1  phase0-cached = 0  phase1-cached = 1  phase0-gate = A2O1A1Ixp33_ASAP7_75t_L  phase1-gate = O2A1O1Ixp33_ASAP7_75t_L  path-aigs = 13061>8729>5612>5379>5377>5326>5261>5260>5255>5219  path-nodes = 10259>5927>2810>2574>2572>2531>2464>2463>2460>2417  path-phases = 0>0>0>1>1>1>0>1>0>1
stmap78 reconstruct-request: index = 17  watch-index = 0  node = 2417  aig-id = 5219  requested-phase = 1  has-cut-requested = 1  has-cut-opposite = 1  cached-requested = 1  cached-opposite = 0  level = 36
stmap78 reconstruct-cache: index = 18  watch-index = 0  node = 2417  aig-id = 5219  phase = 1  cached-node = 4974  via = request
stmap65 scl-load stats: nodes = 11544  matched = 11478  fanout-pins = 27977  over-max = 71  avg-load-ratio = 0.074  max-load-ratio = 8.715
stmap65 scl-load criticality: timing-delay = 2921.614  critical-nodes = 1380  avg-criticality = 0.076  max-criticality = 1.000
stmap65 scl-load top: rank = 1  node = 4982  gate = NOR2xp33_ASAP7_75t_L  fanouts = 229  load = 100.399  max-cap = 11.520  load-ratio = 8.715
stmap65 scl-load top: rank = 2  node = 13812  gate = NOR2xp33_ASAP7_75t_L  fanouts = 177  load = 86.705  max-cap = 11.520  load-ratio = 7.526
stmap65 scl-load top: rank = 3  node = 5062  gate = NOR2xp33_ASAP7_75t_L  fanouts = 161  load = 70.939  max-cap = 11.520  load-ratio = 6.158
stmap65 scl-load top: rank = 4  node = 11239  gate = NAND2xp33_ASAP7_75t_L  fanouts = 119  load = 57.296  max-cap = 11.520  load-ratio = 4.974
stmap65 scl-load top: rank = 5  node = 12310  gate = NAND2xp33_ASAP7_75t_L  fanouts = 124  load = 57.197  max-cap = 11.520  load-ratio = 4.965
stmap78 reconstruct stats: watched-aigs = 1  rows = 18  demands = 0  requests = 9  direct-emits = 1  inverters = 0  cache-hits = 8  phase0-requests = 0  phase1-requests = 9  phase0-direct = 0  phase1-direct = 1  phase0-inverters = 0  phase1-inverters = 0  phase0-cache = 0  phase1-cache = 8
stmap78 demand-path stats: watch-aig = 5219  downstream-aig = 5229  rows = 18  target-requests = 9  target-phase0 = 0  target-phase1 = 9  target-via-downstream = 1  leaf-demands = 9  leaf-phase0 = 0  leaf-phase1 = 9  leaf-via-downstream = 1  phase0-direct-or-cached = 9  phase0-inverter-from-opposite = 0
stmap78 selected-match stats: watched-aigs = 1  rows = 16  watch0-aig-id = 5219  watch0-rows = 16  watch1-aig-id = -1  watch1-rows = 0  watch2-aig-id = -1  watch2-rows = 0  watch3-aig-id = -1  watch3-rows = 0
Parameters: Iters = 1000.  Time win =  1 %. Update ratio = 10 %. UseDept = 1. UseWL = 0. Target =    0 ps. DelayGap =  0 ps. Timeout =   0 sec
   0 Win:  1. PO:    22. Path:    132. Gate:   13. TFO:   3498. A: 11619.91 ( +0.1 %)  D: 643.36 ps ( -2.5 %)  B: 643.36 ps ( -2.5 %)    0.00 sec    
   1 Win:  1. PO:    20. Path:    116. Gate:   11. TFO:   3847. A: 11627.38 ( +0.2 %)  D: 618.37 ps ( -6.3 %)  B: 618.37 ps ( -6.3 %)    0.00 sec    
   2 Win:  1. PO:    20. Path:     86. Gate:    8. TFO:   3268. A: 11637.18 ( +0.2 %)  D: 600.86 ps ( -9.0 %)  B: 600.86 ps ( -9.0 %)    0.00 sec    
   3 Win:  1. PO:    20. Path:    163. Gate:   16. TFO:   3849. A: 11643.95 ( +0.3 %)  D: 593.87 ps (-10.0 %)  B: 593.87 ps (-10.0 %)    0.01 sec    
   4 Win:  1. PO:    20. Path:    136. Gate:   13. TFO:   3264. A: 11657.01 ( +0.4 %)  D: 581.27 ps (-11.9 %)  B: 581.27 ps (-11.9 %)    0.01 sec    
   5 Win:  1. PO:    20. Path:    207. Gate:   20. TFO:   3472. A: 11669.84 ( +0.5 %)  D: 567.47 ps (-14.0 %)  B: 567.47 ps (-14.0 %)    0.01 sec    
   6 Win:  2. PO:    43. Path:   1055. Gate:  105. TFO:   7389. A: 11732.62 ( +1.1 %)  D: 571.41 ps (-13.4 %)  B: 567.47 ps (-14.0 %)    0.01 sec    
   7 Win:  1. PO:    20. Path:    144. Gate:   14. TFO:   3843. A: 11740.55 ( +1.1 %)  D: 564.74 ps (-14.4 %)  B: 564.74 ps (-14.4 %)    0.01 sec    
   8 Win:  1. PO:    20. Path:    101. Gate:   10. TFO:   3233. A: 11746.38 ( +1.2 %)  D: 552.89 ps (-16.2 %)  B: 552.89 ps (-16.2 %)    0.02 sec    
   9 Win:  1. PO:    40. Path:    245. Gate:   24. TFO:   6817. A: 11770.18 ( +1.4 %)  D: 544.98 ps (-17.4 %)  B: 544.98 ps (-17.4 %)    0.02 sec    
  10 Win:  1. PO:    41. Path:    314. Gate:   31. TFO:   6203. A: 11795.61 ( +1.6 %)  D: 544.30 ps (-17.5 %)  B: 544.30 ps (-17.5 %)    0.02 sec    
  11 Win:  1. PO:    40. Path:    316. Gate:   31. TFO:   6598. A: 11821.05 ( +1.8 %)  D: 535.51 ps (-18.9 %)  B: 535.51 ps (-18.9 %)    0.02 sec    
  12 Win:  1. PO:    41. Path:    309. Gate:   30. TFO:   6342. A: 11843.92 ( +2.0 %)  D: 533.26 ps (-19.2 %)  B: 533.26 ps (-19.2 %)    0.03 sec    
  13 Win:  2. PO:    42. Path:    885. Gate:   88. TFO:   7167. A: 11903.19 ( +2.5 %)  D: 533.02 ps (-19.3 %)  B: 533.02 ps (-19.3 %)    0.03 sec    
  14 Win:  1. PO:    21. Path:    133. Gate:   13. TFO:   3200. A: 11914.39 ( +2.6 %)  D: 527.12 ps (-20.1 %)  B: 527.12 ps (-20.1 %)    0.03 sec    
  15 Win:  1. PO:    41. Path:    355. Gate:   35. TFO:   6296. A: 11950.08 ( +2.9 %)  D: 522.74 ps (-20.8 %)  B: 522.74 ps (-20.8 %)    0.03 sec    
  16 Win:  1. PO:    41. Path:    467. Gate:   46. TFO:   6810. A: 11982.98 ( +3.2 %)  D: 532.23 ps (-19.4 %)  B: 522.74 ps (-20.8 %)    0.04 sec    
  17 Win:  1. PO:    20. Path:    218. Gate:   21. TFO:   3108. A: 11996.51 ( +3.3 %)  D: 527.97 ps (-20.0 %)  B: 522.74 ps (-20.8 %)    0.04 sec    
  18 Win:  1. PO:    20. Path:    276. Gate:   27. TFO:   3068. A: 12016.81 ( +3.5 %)  D: 530.77 ps (-19.6 %)  B: 522.74 ps (-20.8 %)    0.04 sec    
  19 Win:  1. PO:    20. Path:    170. Gate:   17. TFO:   3003. A: 12029.88 ( +3.6 %)  D: 530.08 ps (-19.7 %)  B: 522.74 ps (-20.8 %)    0.04 sec    
  20 Win:  2. PO:    23. Path:    436. Gate:   43. TFO:   3831. A: 12052.75 ( +3.8 %)  D: 530.32 ps (-19.7 %)  B: 522.74 ps (-20.8 %)    0.04 sec    
  21 Win:  1. PO:    20. Path:    129. Gate:   12. TFO:   2983. A: 12060.91 ( +3.9 %)  D: 522.26 ps (-20.9 %)  B: 522.26 ps (-20.9 %)    0.04 sec    
  22 Win:  1. PO:    20. Path:    142. Gate:   11. TFO:   2776. A: 12066.04 ( +3.9 %)  D: 523.19 ps (-20.7 %)  B: 522.26 ps (-20.9 %)    0.05 sec    
  23 Win:  1. PO:    20. Path:    116. Gate:    6. TFO:   2744. A: 12072.11 ( +4.0 %)  D: 524.39 ps (-20.6 %)  B: 522.26 ps (-20.9 %)    0.05 sec    
  24 Win:  1. PO:    20. Path:    115. Gate:   10. TFO:   2988. A: 12083.54 ( +4.1 %)  D: 523.46 ps (-20.7 %)  B: 522.26 ps (-20.9 %)    0.05 sec    
  25 Win:  1. PO:    20. Path:    129. Gate:   12. TFO:   3049. A: 12090.08 ( +4.1 %)  D: 525.27 ps (-20.4 %)  B: 522.26 ps (-20.9 %)    0.05 sec    
  26 Win:  1. PO:    20. Path:     96. Gate:    4. TFO:   2830. A: 12091.71 ( +4.2 %)  D: 524.49 ps (-20.5 %)  B: 522.26 ps (-20.9 %)    0.05 sec    
  27 Win:  2. PO:    43. Path:    506. Gate:   50. TFO:   6620. A: 12114.81 ( +4.4 %)  D: 523.43 ps (-20.7 %)  B: 522.26 ps (-20.9 %)    0.05 sec    
  28 Win:  1. PO:    20. Path:    157. Gate:   10. TFO:    465. A: 12110.85 ( +4.3 %)  D: 523.43 ps (-20.7 %)  B: 522.26 ps (-20.9 %)    0.05 sec    
  29 Win:  1. PO:    20. Path:    147. Gate:    6. TFO:   2660. A: 12108.28 ( +4.3 %)  D: 524.34 ps (-20.6 %)  B: 522.26 ps (-20.9 %)    0.05 sec    
  30 Win:  1. PO:    20. Path:    133. Gate:    1. TFO:   2369. A: 12107.81 ( +4.3 %)  D: 524.34 ps (-20.6 %)  B: 522.26 ps (-20.9 %)    0.06 sec    
  31 Win:  1. PO:    20. Path:    133. Gate:    2. TFO:   2619. A: 12106.65 ( +4.3 %)  D: 524.75 ps (-20.5 %)  B: 522.26 ps (-20.9 %)    0.06 sec    
  32 Win:  1. PO:    20. Path:    113. Gate:    7. TFO:   2882. A: 12111.08 ( +4.3 %)  D: 525.02 ps (-20.5 %)  B: 522.26 ps (-20.9 %)    0.06 sec    
  33 Win:  1. PO:    20. Path:     90. Gate:    3. TFO:   2639. A: 12111.55 ( +4.3 %)  D: 525.16 ps (-20.4 %)  B: 522.26 ps (-20.9 %)    0.06 sec    
  34 Win:  2. PO:    23. Path:    343. Gate:   33. TFO:   3846. A: 12122.98 ( +4.4 %)  D: 528.42 ps (-19.9 %)  B: 522.26 ps (-20.9 %)    0.06 sec    
  35 Win:  1. PO:    20. Path:     81. Gate:    2. TFO:   2423. A: 12124.61 ( +4.4 %)  D: 528.42 ps (-19.9 %)  B: 522.26 ps (-20.9 %)    0.06 sec    
  36 Win:  1. PO:    20. Path:     81. Gate:    4. TFO:   2699. A: 12125.55 ( +4.5 %)  D: 527.26 ps (-20.1 %)  B: 522.26 ps (-20.9 %)    0.06 sec    
  37 Win:  1. PO:    20. Path:    111. Gate:    6. TFO:   2844. A: 12125.08 ( +4.4 %)  D: 527.71 ps (-20.1 %)  B: 522.26 ps (-20.9 %)    0.06 sec    
  38 Win:  1. PO:    20. Path:     97. Gate:    3. TFO:   2608. A: 12124.85 ( +4.4 %)  D: 527.90 ps (-20.0 %)  B: 522.26 ps (-20.9 %)    0.06 sec    
  39 Win:  1. PO:    20. Path:    107. Gate:    4. TFO:   2997. A: 12124.38 ( +4.4 %)  D: 526.57 ps (-20.2 %)  B: 522.26 ps (-20.9 %)    0.06 sec    
  40 Win:  1. PO:    20. Path:    108. Gate:    2. TFO:   2512. A: 12126.48 ( +4.5 %)  D: 525.74 ps (-20.4 %)  B: 522.26 ps (-20.9 %)    0.07 sec    
  41 Win:  2. PO:    23. Path:    382. Gate:   36. TFO:   3082. A: 12129.98 ( +4.5 %)  D: 527.55 ps (-20.1 %)  B: 522.26 ps (-20.9 %)    0.07 sec    
  42 Win:  1. PO:    20. Path:     90. Gate:    3. TFO:   2831. A: 12130.91 ( +4.5 %)  D: 527.08 ps (-20.2 %)  B: 522.26 ps (-20.9 %)    0.07 sec    
  43 Win:  1. PO:    20. Path:     91. Gate:    3. TFO:   2583. A: 12131.38 ( +4.5 %)  D: 525.97 ps (-20.3 %)  B: 522.26 ps (-20.9 %)    0.07 sec    
  44 Win:  1. PO:    20. Path:     98. Gate:    5. TFO:   2679. A: 12133.25 ( +4.5 %)  D: 525.61 ps (-20.4 %)  B: 522.26 ps (-20.9 %)    0.07 sec    
  45 Win:  1. PO:    20. Path:    108. Gate:    1. TFO:    212. A: 12131.85 ( +4.5 %)  D: 525.61 ps (-20.4 %)  B: 522.26 ps (-20.9 %)    0.07 sec    
  46 Win:  1. PO:    20. Path:    109. Gate:    5. TFO:   2658. A: 12132.55 ( +4.5 %)  D: 525.61 ps (-20.4 %)  B: 522.26 ps (-20.9 %)    0.07 sec    
  47 Win:  2. PO:    23. Path:    339. Gate:   19. TFO:   3127. A: 12137.45 ( +4.6 %)  D: 526.51 ps (-20.2 %)  B: 522.26 ps (-20.9 %)    0.07 sec    
  48 Win:  2. PO:    23. Path:    303. Gate:    8. TFO:   2704. A: 12142.58 ( +4.6 %)  D: 526.52 ps (-20.2 %)  B: 522.26 ps (-20.9 %)    0.08 sec    
  49 Win:  1. PO:    20. Path:    106. Gate:    5. TFO:   2695. A: 12139.31 ( +4.6 %)  D: 525.82 ps (-20.3 %)  B: 522.26 ps (-20.9 %)    0.08 sec    
  50 Win:  1. PO:    20. Path:    131. Gate:    8. TFO:   2700. A: 12135.34 ( +4.5 %)  D: 526.45 ps (-20.2 %)  B: 522.26 ps (-20.9 %)    0.08 sec    
  51 Win:  1. PO:    20. Path:    118. Gate:    3. TFO:    433. A: 12137.21 ( +4.6 %)  D: 526.45 ps (-20.2 %)  B: 522.26 ps (-20.9 %)    0.08 sec    
  52 Win:  1. PO:    20. Path:    141. Gate:    6. TFO:    992. A: 12133.94 ( +4.5 %)  D: 525.56 ps (-20.4 %)  B: 522.26 ps (-20.9 %)    0.08 sec    
  53 Win:  1. PO:    20. Path:    125. Gate:    3. TFO:   2615. A: 12137.21 ( +4.6 %)  D: 525.56 ps (-20.4 %)  B: 522.26 ps (-20.9 %)    0.08 sec    
  54 Win:  1. PO:    20. Path:    129. Gate:    4. TFO:   2760. A: 12138.84 ( +4.6 %)  D: 526.35 ps (-20.3 %)  B: 522.26 ps (-20.9 %)    0.08 sec    
  55 Win:  2. PO:    23. Path:    271. Gate:   11. TFO:   2904. A: 12140.24 ( +4.6 %)  D: 526.19 ps (-20.3 %)  B: 522.26 ps (-20.9 %)    0.08 sec    
  56 Win:  1. PO:    20. Path:     90. Gate:    5. TFO:   2751. A: 12142.11 ( +4.6 %)  D: 525.98 ps (-20.3 %)  B: 522.26 ps (-20.9 %)    0.08 sec    
  57 Win:  1. PO:    20. Path:     96. Gate:    2. TFO:   2601. A: 12140.01 ( +4.6 %)  D: 526.66 ps (-20.2 %)  B: 522.26 ps (-20.9 %)    0.08 sec    
  58 Win:  1. PO:    20. Path:     81. Gate:    2. TFO:   2346. A: 12142.34 ( +4.6 %)  D: 526.66 ps (-20.2 %)  B: 522.26 ps (-20.9 %)    0.08 sec    
  59 Win:  1. PO:    20. Path:     87. Gate:    1. TFO:    113. A: 12142.81 ( +4.6 %)  D: 526.66 ps (-20.2 %)  B: 522.26 ps (-20.9 %)    0.08 sec    
  60 Win:  1. PO:    20. Path:     82. Gate:    2. TFO:   2537. A: 12143.04 ( +4.6 %)  D: 525.33 ps (-20.4 %)  B: 522.26 ps (-20.9 %)    0.09 sec    
  61 Win:  1. PO:    20. Path:     87. Gate:    4. TFO:   2673. A: 12143.98 ( +4.6 %)  D: 525.01 ps (-20.5 %)  B: 522.26 ps (-20.9 %)    0.09 sec    
  62 Win:  2. PO:    23. Path:    306. Gate:   22. TFO:   3305. A: 12142.81 ( +4.6 %)  D: 525.89 ps (-20.3 %)  B: 522.26 ps (-20.9 %)    0.09 sec    
  63 Win:  1. PO:    20. Path:    117. Gate:    4. TFO:   2623. A: 12143.74 ( +4.6 %)  D: 525.89 ps (-20.3 %)  B: 522.26 ps (-20.9 %)    0.09 sec    
  64 Win:  1. PO:    20. Path:    139. Gate:    3. TFO:   2582. A: 12144.68 ( +4.6 %)  D: 525.62 ps (-20.4 %)  B: 522.26 ps (-20.9 %)    0.09 sec    
  65 Win:  1. PO:    20. Path:    117. Gate:    1. TFO:     32. A: 12144.68 ( +4.6 %)  D: 525.62 ps (-20.4 %)  B: 522.26 ps (-20.9 %)    0.09 sec    
  66 Win:  1. PO:    20. Path:    117. Gate:    1. TFO:     31. A: 12143.74 ( +4.6 %)  D: 525.62 ps (-20.4 %)  B: 522.26 ps (-20.9 %)    0.09 sec    
  67 Win:  1. PO:    20. Path:    116. Gate:    3. TFO:   2972. A: 12145.38 ( +4.6 %)  D: 524.73 ps (-20.5 %)  B: 522.26 ps (-20.9 %)    0.09 sec    
  68 Win:  1. PO:    20. Path:    122. Gate:    5. TFO:   2552. A: 12146.08 ( +4.6 %)  D: 524.73 ps (-20.5 %)  B: 522.26 ps (-20.9 %)    0.09 sec    
  69 Win:  2. PO:    23. Path:    300. Gate:   17. TFO:   2856. A: 12146.31 ( +4.6 %)  D: 524.32 ps (-20.6 %)  B: 522.26 ps (-20.9 %)    0.09 sec    
  70 Win:  1. PO:    20. Path:    137. Gate:    5. TFO:   2599. A: 12144.68 ( +4.6 %)  D: 525.56 ps (-20.4 %)  B: 522.26 ps (-20.9 %)    0.10 sec    
  71 Win:  1. PO:    20. Path:     89. Gate:    2. TFO:   2600. A: 12143.04 ( +4.6 %)  D: 524.77 ps (-20.5 %)  B: 522.26 ps (-20.9 %)    0.10 sec    
  72 Win:  1. PO:    20. Path:    119. Gate:    1. TFO:   2764. A: 12141.18 ( +4.6 %)  D: 526.04 ps (-20.3 %)  B: 522.26 ps (-20.9 %)    0.10 sec    
  72 Win:  1. PO:    23. Path:    193. Gate:   13. TFO:   3174. A: 12060.81 ( +3.9 %)  D: 522.20 ps (-20.9 %)  B: 522.26 ps (-20.9 %)    0.10 sec    
Runtime: Critical path =     0.00 sec (  0.93 %)
Runtime: Sizing eval   =     0.03 sec ( 31.48 %)
Runtime: Timing update =     0.06 sec ( 65.39 %)
Runtime: Other         =     0.00 sec (  2.20 %)
Runtime: TOTAL         =     0.10 sec (100.00 %)
Parameters: Iters =    5.  UseDept = 1. UseWL = 0. Target =    0 ps. DelayGap =1000 ps. Timeout =   0 sec
    0 : Try = 12416  Over =  7714  Fail =  4571  Win =   131  A: 11967.72 ( -0.8 %)  D: 519.12 ps ( -0.6 %)      0.02 sec    
    1 : Try =  7714  Over =  5703  Fail =  1905  Win =   106  A: 11903.08 ( -1.3 %)  D: 519.04 ps ( -0.6 %)      0.03 sec    
    2 : Try =  5703  Over =  4482  Fail =  1135  Win =    86  A: 11856.41 ( -1.7 %)  D: 521.55 ps ( -0.1 %)      0.04 sec    
    3 : Try =  4482  Over =  3305  Fail =  1089  Win =    88  A: 11818.14 ( -2.0 %)  D: 521.51 ps ( -0.1 %)      0.05 sec    
    4 : Try =  3305  Over =  2726  Fail =   503  Win =    76  A: 11788.73 ( -2.3 %)  D: 521.14 ps ( -0.2 %)      0.06 sec    
    5 : Try =  2726  Over =  2209  Fail =   446  Win =    71  A: 11761.66 ( -2.5 %)  D: 521.14 ps ( -0.2 %)      0.07 sec    
    6 : Try =  2209  Over =  1819  Fail =   325  Win =    65  A: 11739.48 ( -2.7 %)  D: 521.36 ps ( -0.2 %)      0.08 sec    
    7 : Try =  1819  Over =  1467  Fail =   290  Win =    62  A: 11717.31 ( -2.8 %)  D: 521.68 ps ( -0.1 %)      0.08 sec    
    8 : Try =  1467  Over =  1215  Fail =   190  Win =    62  A: 11699.11 ( -3.0 %)  D: 521.34 ps ( -0.2 %)      0.09 sec    
    9 : Try =  1215  Over =  1036  Fail =   126  Win =    53  A: 11682.30 ( -3.1 %)  D: 521.34 ps ( -0.2 %)      0.09 sec    
   10 : Try =  1036  Over =   886  Fail =    99  Win =    51  A: 11666.67 ( -3.3 %)  D: 521.34 ps ( -0.2 %)      0.10 sec    
   11 : Try =   886  Over =   759  Fail =    75  Win =    52  A: 11651.96 ( -3.4 %)  D: 520.33 ps ( -0.4 %)      0.10 sec    
   12 : Try =   759  Over =   663  Fail =    53  Win =    43  A: 11640.06 ( -3.5 %)  D: 520.33 ps ( -0.4 %)      0.10 sec    
   13 : Try =   663  Over =   582  Fail =    41  Win =    40  A: 11629.79 ( -3.6 %)  D: 520.44 ps ( -0.3 %)      0.11 sec    
   14 : Try =   582  Over =   492  Fail =    53  Win =    37  A: 11620.45 ( -3.7 %)  D: 519.99 ps ( -0.4 %)      0.11 sec    
   15 : Try =   492  Over =   416  Fail =    37  Win =    39  A: 11610.65 ( -3.7 %)  D: 519.99 ps ( -0.4 %)      0.11 sec    
   16 : Try =   416  Over =   348  Fail =    43  Win =    25  A: 11603.65 ( -3.8 %)  D: 519.83 ps ( -0.5 %)      0.12 sec    
   17 : Try =   348  Over =   292  Fail =    23  Win =    33  A: 11594.78 ( -3.9 %)  D: 519.83 ps ( -0.5 %)      0.12 sec    
   18 : Try =   292  Over =   244  Fail =    22  Win =    26  A: 11588.24 ( -3.9 %)  D: 519.83 ps ( -0.5 %)      0.12 sec    
   19 : Try =   244  Over =   206  Fail =    11  Win =    27  A: 11581.01 ( -4.0 %)  D: 519.88 ps ( -0.4 %)      0.12 sec    
   20 : Try =   206  Over =   177  Fail =     6  Win =    23  A: 11575.17 ( -4.0 %)  D: 519.88 ps ( -0.4 %)      0.12 sec    
   21 : Try =   177  Over =   143  Fail =    14  Win =    20  A: 11570.27 ( -4.1 %)  D: 519.66 ps ( -0.5 %)      0.12 sec    
   22 : Try =   143  Over =   115  Fail =    12  Win =    16  A: 11566.54 ( -4.1 %)  D: 519.66 ps ( -0.5 %)      0.13 sec    
   23 : Try =   115  Over =    90  Fail =    10  Win =    15  A: 11562.57 ( -4.1 %)  D: 519.66 ps ( -0.5 %)      0.13 sec    
   24 : Try =    90  Over =    68  Fail =    10  Win =    12  A: 11559.77 ( -4.2 %)  D: 519.66 ps ( -0.5 %)      0.13 sec    
   25 : Try =    68  Over =    50  Fail =     8  Win =    10  A: 11557.20 ( -4.2 %)  D: 519.66 ps ( -0.5 %)      0.13 sec    
   26 : Try =    50  Over =    34  Fail =     5  Win =    11  A: 11554.63 ( -4.2 %)  D: 519.66 ps ( -0.5 %)      0.13 sec    
   27 : Try =    34  Over =    22  Fail =     4  Win =     8  A: 11552.53 ( -4.2 %)  D: 520.18 ps ( -0.4 %)      0.13 sec    
   28 : Try =    22  Over =    11  Fail =     6  Win =     5  A: 11551.37 ( -4.2 %)  D: 520.18 ps ( -0.4 %)      0.13 sec    
   29 : Try =    11  Over =     6  Fail =     2  Win =     3  A: 11550.67 ( -4.2 %)  D: 520.18 ps ( -0.4 %)      0.13 sec    
   30 : Try =     6  Over =     3  Fail =     2  Win =     1  A: 11550.43 ( -4.2 %)  D: 520.18 ps ( -0.4 %)      0.13 sec    
   31 : Try =     3  Over =     0  Fail =     3  Win =     0  A: 11550.63 ( -4.2 %)  D: 520.17 ps ( -0.4 %)      0.13 sec    
Total : Try = 49699  Over = 37283  Fail = 11119  Win =  1297  A: 11550.63 ( -4.2 %)  D: 520.17 ps ( -0.4 %)      0.13 sec    
    0 : Try = 12416  Over =  6372  Fail =  5976  Win =    68  A: 11520.99 ( -4.5 %)  D: 520.69 ps ( -0.3 %)      0.15 sec    
    1 : Try =  6372  Over =  3939  Fail =  2369  Win =    64  A: 11499.05 ( -4.7 %)  D: 520.94 ps ( -0.2 %)      0.16 sec    
    2 : Try =  3939  Over =  2715  Fail =  1165  Win =    59  A: 11480.84 ( -4.8 %)  D: 521.41 ps ( -0.2 %)      0.17 sec    
    3 : Try =  2715  Over =  2124  Fail =   535  Win =    56  A: 11463.11 ( -5.0 %)  D: 521.41 ps ( -0.2 %)      0.18 sec    
    4 : Try =  2124  Over =  1661  Fail =   412  Win =    51  A: 11448.40 ( -5.1 %)  D: 521.84 ps ( -0.1 %)      0.18 sec    
    5 : Try =  1661  Over =  1291  Fail =   327  Win =    43  A: 11436.50 ( -5.2 %)  D: 521.84 ps ( -0.1 %)      0.19 sec    
    6 : Try =  1291  Over =  1015  Fail =   236  Win =    40  A: 11424.83 ( -5.3 %)  D: 521.84 ps ( -0.1 %)      0.19 sec    
    7 : Try =  1015  Over =   783  Fail =   197  Win =    35  A: 11415.73 ( -5.3 %)  D: 521.84 ps ( -0.1 %)      0.20 sec    
    8 : Try =   783  Over =   661  Fail =    84  Win =    38  A: 11405.92 ( -5.4 %)  D: 521.84 ps ( -0.1 %)      0.20 sec    
    9 : Try =   661  Over =   542  Fail =    90  Win =    29  A: 11398.92 ( -5.5 %)  D: 521.84 ps ( -0.1 %)      0.20 sec    
   10 : Try =   542  Over =   437  Fail =    77  Win =    28  A: 11392.15 ( -5.5 %)  D: 522.02 ps ( -0.0 %)      0.20 sec    
   11 : Try =   437  Over =   334  Fail =    81  Win =    22  A: 11387.02 ( -5.6 %)  D: 522.02 ps ( -0.0 %)      0.21 sec    
   12 : Try =   334  Over =   257  Fail =    54  Win =    23  A: 11381.65 ( -5.6 %)  D: 522.02 ps ( -0.0 %)      0.21 sec    
   13 : Try =   257  Over =   214  Fail =    26  Win =    17  A: 11377.68 ( -5.7 %)  D: 522.02 ps ( -0.0 %)      0.21 sec    
   14 : Try =   214  Over =   171  Fail =    26  Win =    17  A: 11373.71 ( -5.7 %)  D: 522.02 ps ( -0.0 %)      0.21 sec    
   15 : Try =   171  Over =    99  Fail =    58  Win =    14  A: 11370.45 ( -5.7 %)  D: 522.02 ps ( -0.0 %)      0.21 sec    
   16 : Try =    99  Over =    75  Fail =    10  Win =    14  A: 11367.18 ( -5.8 %)  D: 522.02 ps ( -0.0 %)      0.21 sec    
   17 : Try =    75  Over =    45  Fail =    24  Win =     6  A: 11365.78 ( -5.8 %)  D: 522.02 ps ( -0.0 %)      0.21 sec    
   18 : Try =    45  Over =    29  Fail =    11  Win =     5  A: 11364.61 ( -5.8 %)  D: 522.02 ps ( -0.0 %)      0.21 sec    
   19 : Try =    29  Over =    21  Fail =     4  Win =     4  A: 11363.68 ( -5.8 %)  D: 522.02 ps ( -0.0 %)      0.21 sec    
   20 : Try =    21  Over =    15  Fail =     4  Win =     2  A: 11363.21 ( -5.8 %)  D: 522.02 ps ( -0.0 %)      0.21 sec    
   21 : Try =    15  Over =    10  Fail =     4  Win =     1  A: 11362.98 ( -5.8 %)  D: 522.02 ps ( -0.0 %)      0.21 sec    
   22 : Try =    10  Over =     8  Fail =     1  Win =     1  A: 11362.75 ( -5.8 %)  D: 522.02 ps ( -0.0 %)      0.21 sec    
   23 : Try =     8  Over =     0  Fail =     8  Win =     0  A: 11362.84 ( -5.8 %)  D: 522.12 ps ( -0.0 %)      0.22 sec    
Total : Try = 35234  Over = 22818  Fail = 11779  Win =   637  A: 11362.84 ( -5.8 %)  D: 522.12 ps ( -0.0 %)      0.22 sec    
    0 : Try = 12416  Over =  2599  Fail =  9793  Win =    24  A: 11354.20 ( -5.9 %)  D: 521.96 ps ( -0.0 %)      0.24 sec    
    1 : Try =  2599  Over =   866  Fail =  1719  Win =    14  A: 11350.93 ( -5.9 %)  D: 521.96 ps ( -0.0 %)      0.24 sec    
    2 : Try =   866  Over =   452  Fail =   404  Win =    10  A: 11348.60 ( -5.9 %)  D: 521.96 ps ( -0.0 %)      0.24 sec    
    3 : Try =   452  Over =   231  Fail =   211  Win =    10  A: 11346.27 ( -5.9 %)  D: 521.96 ps ( -0.0 %)      0.24 sec    
    4 : Try =   231  Over =   105  Fail =   118  Win =     8  A: 11344.40 ( -5.9 %)  D: 521.96 ps ( -0.0 %)      0.25 sec    
    5 : Try =   105  Over =    40  Fail =    61  Win =     4  A: 11343.46 ( -5.9 %)  D: 521.96 ps ( -0.0 %)      0.25 sec    
    6 : Try =    40  Over =     9  Fail =    30  Win =     1  A: 11343.23 ( -5.9 %)  D: 521.96 ps ( -0.0 %)      0.25 sec    
    7 : Try =     9  Over =     5  Fail =     3  Win =     1  A: 11343.00 ( -6.0 %)  D: 521.96 ps ( -0.0 %)      0.25 sec    
    8 : Try =     5  Over =     0  Fail =     5  Win =     0  A: 11343.01 ( -6.0 %)  D: 521.96 ps ( -0.0 %)      0.25 sec    
Total : Try = 16723  Over =  4307  Fail = 12344  Win =    72  A: 11343.01 ( -6.0 %)  D: 521.96 ps ( -0.0 %)      0.25 sec    
    0 : Try = 12416  Over =  1525  Fail = 10881  Win =    10  A: 11340.44 ( -6.0 %)  D: 521.96 ps ( -0.0 %)      0.27 sec    
    1 : Try =  1525  Over =   271  Fail =  1248  Win =     6  A: 11339.04 ( -6.0 %)  D: 521.96 ps ( -0.0 %)      0.27 sec    
    2 : Try =   271  Over =   127  Fail =   140  Win =     4  A: 11338.11 ( -6.0 %)  D: 521.96 ps ( -0.0 %)      0.27 sec    
    3 : Try =   127  Over =    18  Fail =   108  Win =     1  A: 11337.87 ( -6.0 %)  D: 521.96 ps ( -0.0 %)      0.27 sec    
    4 : Try =    18  Over =     8  Fail =     8  Win =     2  A: 11337.41 ( -6.0 %)  D: 521.96 ps ( -0.0 %)      0.27 sec    
    5 : Try =     8  Over =     0  Fail =     8  Win =     0  A: 11337.41 ( -6.0 %)  D: 522.05 ps ( -0.0 %)      0.28 sec    
Total : Try = 14365  Over =  1949  Fail = 12393  Win =    23  A: 11337.41 ( -6.0 %)  D: 522.05 ps ( -0.0 %)      0.28 sec    
    0 : Try = 12416  Over =   551  Fail = 11860  Win =     5  A: 11336.24 ( -6.0 %)  D: 522.05 ps ( -0.0 %)      0.30 sec    
    1 : Try =   551  Over =   121  Fail =   428  Win =     2  A: 11335.77 ( -6.0 %)  D: 522.05 ps ( -0.0 %)      0.30 sec    
    2 : Try =   121  Over =    67  Fail =    51  Win =     3  A: 11335.07 ( -6.0 %)  D: 522.05 ps ( -0.0 %)      0.30 sec    
    3 : Try =    67  Over =    15  Fail =    51  Win =     1  A: 11334.84 ( -6.0 %)  D: 522.05 ps ( -0.0 %)      0.30 sec    
    4 : Try =    15  Over =     4  Fail =     9  Win =     2  A: 11334.37 ( -6.0 %)  D: 522.05 ps ( -0.0 %)      0.30 sec    
    5 : Try =     4  Over =     0  Fail =     4  Win =     0  A: 11334.38 ( -6.0 %)  D: 522.05 ps ( -0.0 %)      0.30 sec    
Total : Try = 13174  Over =   758  Fail = 12403  Win =    13  A: 11334.38 ( -6.0 %)  D: 522.05 ps ( -0.0 %)      0.30 sec    
Runtime: Critical path =     0.08 sec ( 27.70 %)
Runtime: Sizing eval   =     0.06 sec ( 20.29 %)
Runtime: Timing update =     0.11 sec ( 35.52 %)
Runtime: Other         =     0.05 sec ( 16.49 %)
Runtime: TOTAL         =     0.30 sec (100.00 %)
WireLoad = "none"  [1;33mGates =  12482[0m ( 26.8 %)   [1;32mCap =  1.0 ff[0m (  1.8 %)   [1;36mArea =    11334.38[0m ( 91.0 %)   [1;35mDelay =   522.05 ps[0m  (  8.6 %)               
stmap78 final-critical stats: nodes = 12482  final-delay = 522.047  criticality-ge-0p50 = 5301  criticality-ge-0p75 = 4404  slack-le-5ps = 1055
stmap78 final-critical lineage: rank = 1  final-node = 5087  aig-id = 5219  phase = 1  final-gate = O2A1O1Ixp33_ASAP7_75t_L  final-fanouts = 9  final-criticality = 1.000  final-slack = 0.000000  final-arrival = 241.037704  final-departure = 283.630249  final-slew = 66.416512  final-load = 3.891  final-max-cap = 11.520  final-load-ratio = 0.338
stmap78 final-critical lineage: rank = 2  final-node = 7519  aig-id = 13004  phase = 1  final-gate = NOR5xp2_ASAP7_75t_L  final-fanouts = 8  final-criticality = 1.000  final-slack = 0.000000  final-arrival = 443.242432  final-departure = 78.804596  final-slew = 93.908226  final-load = 3.364  final-max-cap = 11.520  final-load-ratio = 0.292
stmap78 final-critical lineage: rank = 3  final-node = 7486  aig-id = 11425  phase = 0  final-gate = NAND4xp25_ASAP7_75t_L  final-fanouts = 6  final-criticality = 1.000  final-slack = 0.000000  final-arrival = 399.723267  final-departure = 126.477341  final-slew = 46.671600  final-load = 2.674  final-max-cap = 11.520  final-load-ratio = 0.232
stmap78 final-critical lineage: rank = 4  final-node = 7560  aig-id = 13058  phase = 0  final-gate = OAI31xp67_ASAP7_75t_L  final-fanouts = 8  final-criticality = 1.000  final-slack = 0.000000  final-arrival = 504.004211  final-departure = 21.448597  final-slew = 48.326477  final-load = 4.712  final-max-cap = 23.040  final-load-ratio = 0.205
stmap78 final-critical lineage: rank = 5  final-node = 4928  aig-id = 5060  phase = 0  final-gate = NAND3xp33_ASAP7_75t_L  final-fanouts = 5  final-criticality = 1.000  final-slack = 0.000000  final-arrival = 120.083275  final-departure = 402.749237  final-slew = 30.525167  final-load = 2.202  final-max-cap = 11.520  final-load-ratio = 0.191
stmap78 final-critical lineage: rank = 6  final-node = 4780  aig-id = 4949  phase = 0  final-gate = NAND4xp25_ASAP7_75t_L  final-fanouts = 5  final-criticality = 1.000  final-slack = 0.000000  final-arrival = 86.972351  final-departure = 435.074677  final-slew = 38.227734  final-load = 2.116  final-max-cap = 11.520  final-load-ratio = 0.184
stmap78 final-critical lineage: rank = 7  final-node = 4984  aig-id = 5098  phase = 1  final-gate = A2O1A1O1Ixp25_ASAP7_75t_L  final-fanouts = 3  final-criticality = 1.000  final-slack = 0.000000  final-arrival = 152.972610  final-departure = 369.649109  final-slew = 38.041443  final-load = 1.923  final-max-cap = 11.520  final-load-ratio = 0.167
stmap78 final-critical lineage: rank = 8  final-node = 5093  aig-id = 5229  phase = 0  final-gate = OAI211xp5_ASAP7_75t_L  final-fanouts = 5  final-criticality = 1.000  final-slack = 0.000000  final-arrival = 270.013275  final-departure = 252.770340  final-slew = 55.511562  final-load = 3.119  final-max-cap = 23.040  final-load-ratio = 0.135
stmap78 final-critical lineage: rank = 9  final-node = 4621  aig-id = 4484  phase = 0  final-gate = NAND3x1_ASAP7_75t_L  final-fanouts = 10  final-criticality = 1.000  final-slack = 0.000000  final-arrival = 26.161251  final-departure = 496.667175  final-slew = 34.369595  final-load = 5.267  final-max-cap = 46.080  final-load-ratio = 0.114
stmap78 final-critical lineage: rank = 10  final-node = 4990  aig-id = 5102  phase = 1  final-gate = NOR3x1_ASAP7_75t_L  final-fanouts = 8  final-criticality = 1.000  final-slack = 0.000000  final-arrival = 171.006760  final-departure = 353.157623  final-slew = 30.020226  final-load = 4.184  final-max-cap = 46.080  final-load-ratio = 0.091
stmap78 final-critical lineage: rank = 11  final-node = 7354  aig-id = 11415  phase = 0  final-gate = OAI31xp33_ASAP7_75t_L  final-fanouts = 2  final-criticality = 1.000  final-slack = 0.000000  final-arrival = 367.907440  final-departure = 162.347076  final-slew = 22.917866  final-load = 1.024  final-max-cap = 11.520  final-load-ratio = 0.089
stmap78 final-critical lineage: rank = 12  final-node = 7538  aig-id = 13055  phase = 0  final-gate = NAND4xp25_ASAP7_75t_L  final-fanouts = 1  final-criticality = 1.000  final-slack = 0.000000  final-arrival = 480.010895  final-departure = 42.036140  final-slew = 22.715212  final-load = 1.023  final-max-cap = 11.520  final-load-ratio = 0.089
stmap78 phase-survival stats: watched-aigs = 1  matched-aigs = 1  final-delay = 522.047
stmap78 phase-survival: watch-index = 0  aig-id = 5219  final-nodes = 1  phase0-nodes = 0  phase0-best-node = -1  phase0-best-gate = ?  phase0-best-criticality = 0.000  phase0-best-slack = 0.000000  phase0-best-load-ratio = 0.000  phase1-nodes = 1  phase1-best-node = 5087  phase1-best-gate = O2A1O1Ixp33_ASAP7_75t_L  phase1-best-criticality = 1.000  phase1-best-slack = 0.000000  phase1-best-load-ratio = 0.338
stmap78 phase-output-context: watch-index = 0  aig-id = 5219  phase = 1  top-node = 5087  top-gate = O2A1O1Ixp33_ASAP7_75t_L  top-criticality = 1.000  top-slack = 0.000000  top-load-ratio = 0.338  final-fanouts = 9  node-fanouts = 9  co-fanouts = 0  best-fanout-node = 5093  best-fanout-aig-id = 5229  best-fanout-phase = 0  best-fanout-gate = OAI211xp5_ASAP7_75t_L  best-fanout-criticality = 1.000  best-fanout-slack = 0.000000
