src/base/abci/abcStmap_77.c:3:  FileName    [abcStmap_77.c]
src/base/abci/abcStmap_77.c:9:  Synopsis    [stmap77 command.]
src/base/abci/abcStmap_77.c:47:  Synopsis    [Runs the stmap77 reconstruction diagnostic.]
src/base/abci/abcStmap_77.c:49:  Description [stmap77 keeps the reviewed stmap65 mapping policy unchanged,
src/base/abci/abcStmap_77.c:59:int Abc_CommandStmap77( Abc_Frame_t * pAbc, int argc, char ** argv )
src/base/abci/abcStmap_77.c:81:    printf( "stmap77 diagnostic: inherited-policy = stmap65  mapper-selected-match-watch = %d  network = %s  watch-aig = %d  source = stmap74-final-critical-top-aigs  reconstruction-phase-trace = 1  final-phase-survival = 1  mapping-policy-change = 0\n",
src/base/abci/abcStmap_77.c:84:    Map_Stmap75SetFinalCriticalAigDiagLabel( "stmap77" );
src/base/abci/abcStmap_77.c:85:    Abc_Stmap77SetReconstructionDiag( WatchAigId >= 0, "stmap77", WatchAigs, WatchAigId >= 0 ? 1 : 0 );
src/base/abci/abcStmap_77.c:88:    Abc_Stmap77SetReconstructionDiag( 0, "stmap77", NULL, 0 );
src/base/abci/abcStmap_77.c:94:        Abc_Stmap74EnableFinalCriticalScope( pNtkRes, "stmap77" );
src/base/abci/abcStmap_77.c:95:        Abc_Stmap76EnablePhaseSurvivalScope( pNtkRes, "stmap77", WatchAigs, WatchAigId >= 0 ? 1 : 0 );
src/base/abci/abcStmap_77.c:100:    Abc_Print( -2, "usage: stmap77 [-DABFSG float] [-M num] [-arspfuovh]\n" );
src/base/abci/abcStmap_77.c:101:    Abc_Print( -2, "\t              performs stmap77 bounded-pressure mapping with mapper reconstruction phase diagnostics\n" );
src/base/abci/abcStmap_65.c:575:    extern int Abc_Stmap77ReconstructionDiagConfigured( void );
src/base/abci/abcStmap_65.c:735:        if ( Abc_Stmap77ReconstructionDiagConfigured() )
src/base/abci/abcStmap_65.c:783:        if ( Abc_Stmap77ReconstructionDiagConfigured() )
src/base/abci/abcStmap_65.c:786:        if ( Abc_Stmap77ReconstructionDiagConfigured() )
src/base/abci/abcStmap_65.c:805:        if ( Abc_Stmap77ReconstructionDiagConfigured() )
src/base/abci/abcStmap_65.c:808:        if ( Abc_Stmap77ReconstructionDiagConfigured() )
src/base/abci/abcMap.c:52:static int s_fStmap77ReconstructionDiag = 0;
src/base/abci/abcMap.c:53:static int s_fStmap77ReconstructionActive = 0;
src/base/abci/abcMap.c:54:static const char * s_pStmap77ReconstructionLabel = "stmap77";
src/base/abci/abcMap.c:55:static int s_nStmap77ReconstructionWatchAigs = 0;
src/base/abci/abcMap.c:56:static int s_Stmap77ReconstructionWatchAigIds[ABC_STMAP77_MAX_WATCH_AIGS] = { -1, -1, -1, -1 };
src/base/abci/abcMap.c:57:static int s_nStmap77ReconstructionRows = 0;
src/base/abci/abcMap.c:58:static int s_nStmap77ReconstructionDemands = 0;
src/base/abci/abcMap.c:59:static int s_nStmap77ReconstructionRequests = 0;
src/base/abci/abcMap.c:60:static int s_nStmap77ReconstructionDirectEmits = 0;
src/base/abci/abcMap.c:61:static int s_nStmap77ReconstructionInverters = 0;
src/base/abci/abcMap.c:62:static int s_nStmap77ReconstructionCacheHits = 0;
src/base/abci/abcMap.c:63:static int s_Stmap77ReconstructionRequestPhase[2] = { 0, 0 };
src/base/abci/abcMap.c:64:static int s_Stmap77ReconstructionDirectPhase[2] = { 0, 0 };
src/base/abci/abcMap.c:65:static int s_Stmap77ReconstructionInverterPhase[2] = { 0, 0 };
src/base/abci/abcMap.c:66:static int s_Stmap77ReconstructionCachePhase[2] = { 0, 0 };
src/base/abci/abcMap.c:71:    s_nStmap77ReconstructionRows = 0;
src/base/abci/abcMap.c:72:    s_nStmap77ReconstructionDemands = 0;
src/base/abci/abcMap.c:73:    s_nStmap77ReconstructionRequests = 0;
src/base/abci/abcMap.c:74:    s_nStmap77ReconstructionDirectEmits = 0;
src/base/abci/abcMap.c:75:    s_nStmap77ReconstructionInverters = 0;
src/base/abci/abcMap.c:76:    s_nStmap77ReconstructionCacheHits = 0;
src/base/abci/abcMap.c:79:        s_Stmap77ReconstructionRequestPhase[i] = 0;
src/base/abci/abcMap.c:80:        s_Stmap77ReconstructionDirectPhase[i] = 0;
src/base/abci/abcMap.c:81:        s_Stmap77ReconstructionInverterPhase[i] = 0;
src/base/abci/abcMap.c:82:        s_Stmap77ReconstructionCachePhase[i] = 0;
src/base/abci/abcMap.c:89:    s_fStmap77ReconstructionDiag = 0;
src/base/abci/abcMap.c:90:    s_fStmap77ReconstructionActive = 0;
src/base/abci/abcMap.c:91:    s_pStmap77ReconstructionLabel = "stmap77";
src/base/abci/abcMap.c:92:    s_nStmap77ReconstructionWatchAigs = 0;
src/base/abci/abcMap.c:94:        s_Stmap77ReconstructionWatchAigIds[i] = -1;
src/base/abci/abcMap.c:104:    for ( i = 0; i < nWatchAigs && s_nStmap77ReconstructionWatchAigs < ABC_STMAP77_MAX_WATCH_AIGS; i++ )
src/base/abci/abcMap.c:106:            s_Stmap77ReconstructionWatchAigIds[s_nStmap77ReconstructionWatchAigs++] = pWatchAigIds[i];
src/base/abci/abcMap.c:107:    if ( s_nStmap77ReconstructionWatchAigs == 0 )
src/base/abci/abcMap.c:109:    s_fStmap77ReconstructionDiag = 1;
src/base/abci/abcMap.c:110:    s_pStmap77ReconstructionLabel = pLabel && pLabel[0] ? pLabel : "stmap77";
src/base/abci/abcMap.c:113:int Abc_Stmap77ReconstructionDiagConfigured( void )
src/base/abci/abcMap.c:115:    return s_fStmap77ReconstructionDiag;
src/base/abci/abcMap.c:120:    if ( !s_fStmap77ReconstructionDiag )
src/base/abci/abcMap.c:124:    s_fStmap77ReconstructionActive = fActive;
src/base/abci/abcMap.c:128:static int Abc_Stmap77ReconstructionWatchIndex( Map_Node_t * pNodeMap, int * pAigId )
src/base/abci/abcMap.c:134:    if ( !s_fStmap77ReconstructionDiag || !s_fStmap77ReconstructionActive || pNodeMap == NULL )
src/base/abci/abcMap.c:142:    for ( i = 0; i < s_nStmap77ReconstructionWatchAigs; i++ )
src/base/abci/abcMap.c:143:        if ( s_Stmap77ReconstructionWatchAigIds[i] == AigId )
src/base/abci/abcMap.c:151:    WatchIndex = Abc_Stmap77ReconstructionWatchIndex( pNodeMap, &AigId );
src/base/abci/abcMap.c:154:    s_nStmap77ReconstructionRows++;
src/base/abci/abcMap.c:155:    s_nStmap77ReconstructionDemands++;
src/base/abci/abcMap.c:157:        s_pStmap77ReconstructionLabel, s_nStmap77ReconstructionRows, WatchIndex, pKind ? pKind : "?",
src/base/abci/abcMap.c:164:    WatchIndex = Abc_Stmap77ReconstructionWatchIndex( pNodeMap, &AigId );
src/base/abci/abcMap.c:167:    s_nStmap77ReconstructionRows++;
src/base/abci/abcMap.c:168:    s_nStmap77ReconstructionRequests++;
src/base/abci/abcMap.c:170:        s_Stmap77ReconstructionRequestPhase[fPhase]++;
src/base/abci/abcMap.c:172:        s_pStmap77ReconstructionLabel, s_nStmap77ReconstructionRows, WatchIndex,
src/base/abci/abcMap.c:184:    WatchIndex = Abc_Stmap77ReconstructionWatchIndex( pNodeMap, &AigId );
src/base/abci/abcMap.c:187:    s_nStmap77ReconstructionRows++;
src/base/abci/abcMap.c:188:    s_nStmap77ReconstructionCacheHits++;
src/base/abci/abcMap.c:190:        s_Stmap77ReconstructionCachePhase[fPhase]++;
src/base/abci/abcMap.c:192:        s_pStmap77ReconstructionLabel, s_nStmap77ReconstructionRows, WatchIndex,
src/base/abci/abcMap.c:202:    WatchIndex = Abc_Stmap77ReconstructionWatchIndex( pNodeMap, &AigId );
src/base/abci/abcMap.c:218:    s_nStmap77ReconstructionRows++;
src/base/abci/abcMap.c:219:    s_nStmap77ReconstructionDirectEmits++;
src/base/abci/abcMap.c:221:        s_Stmap77ReconstructionDirectPhase[fPhase]++;
src/base/abci/abcMap.c:223:        s_pStmap77ReconstructionLabel, s_nStmap77ReconstructionRows, WatchIndex,
src/base/abci/abcMap.c:235:    WatchIndex = Abc_Stmap77ReconstructionWatchIndex( pNodeMap, &AigId );
src/base/abci/abcMap.c:240:    s_nStmap77ReconstructionRows++;
src/base/abci/abcMap.c:241:    s_nStmap77ReconstructionInverters++;
src/base/abci/abcMap.c:243:        s_Stmap77ReconstructionInverterPhase[fPhase]++;
src/base/abci/abcMap.c:245:        s_pStmap77ReconstructionLabel, s_nStmap77ReconstructionRows, WatchIndex,
src/base/abci/abcMap.c:254:        s_pStmap77ReconstructionLabel, s_nStmap77ReconstructionWatchAigs, s_nStmap77ReconstructionRows,
src/base/abci/abcMap.c:255:        s_nStmap77ReconstructionDemands, s_nStmap77ReconstructionRequests,
src/base/abci/abcMap.c:256:        s_nStmap77ReconstructionDirectEmits, s_nStmap77ReconstructionInverters,
src/base/abci/abcMap.c:257:        s_nStmap77ReconstructionCacheHits, s_Stmap77ReconstructionRequestPhase[0],
src/base/abci/abcMap.c:258:        s_Stmap77ReconstructionRequestPhase[1], s_Stmap77ReconstructionDirectPhase[0],
src/base/abci/abcMap.c:259:        s_Stmap77ReconstructionDirectPhase[1], s_Stmap77ReconstructionInverterPhase[0],
src/base/abci/abcMap.c:260:        s_Stmap77ReconstructionInverterPhase[1], s_Stmap77ReconstructionCachePhase[0],
src/base/abci/abcMap.c:261:        s_Stmap77ReconstructionCachePhase[1] );
src/base/abci/module.make:146:    src/base/abci/abcStmap_77.c \
abclib.dsp:790:SOURCE=.\src\base\abci\abcStmap_77.c
src/base/abci/abc.c:377:extern int Abc_CommandStmap77                ( Abc_Frame_t * pAbc, int argc, char ** argv );
src/base/abci/abc.c:1301:    Cmd_CommandAdd( pAbc, "SC mapping",   "stmap77",       Abc_CommandStmap77,          1 );
implementation_check_rc=0
