build.log: ok
build.exit: ok
help.log: ok
help.exit: ok
smoke_i10.log: ok
smoke_i10.exit: ok
metrics.csv: ok
comparison.csv: ok
summary.json: ok
cec_summary.json: ok
guard_stats.csv: ok
early_seed_stats.csv: ok
near_miss_stats.csv: ok
penalty_stats.csv: ok
scl_load_stats.csv: ok
scl_load_top.csv: ok
moderate_penalty_seed_diag.csv: ok
moderate_penalty_block_diag.csv: ok
strong_penalty_seed_diag.csv: ok
strong_penalty_block_diag.csv: ok
review_prompt1.txt: ok
review_prompt2.txt: ok
review_pass1.log: ok
review_pass1.exit: ok
review_pass1_supported.log: ok
review_pass1_supported.exit: ok
review_pass2.log: ok
review_pass2.exit: ok
review_pass2_supported.log: ok
review_pass2_supported.exit: ok
review_summary.md: ok
version_log_check.log: ok
version_log_check.exit: ok
baseline_benchmarks_i10_aig.log: ok
baseline_benchmarks_i10_aig.exit: ok
candidate_benchmarks_i10_aig.log: ok
candidate_benchmarks_i10_aig.exit: ok
cec_benchmarks_i10_aig.log: ok
cec_benchmarks_i10_aig.exit: ok
cec_benchmarks_i10_aig_orig.aig: ok
cec_benchmarks_i10_aig_stmap35.aig: ok
cec_benchmarks_i10_aig_orig_write.log: ok
cec_benchmarks_i10_aig_orig_write.exit: ok
cec_benchmarks_i10_aig_candidate_write.log: ok
cec_benchmarks_i10_aig_candidate_write.exit: ok
baseline_benchmarks_ode_abc_blif.log: ok
baseline_benchmarks_ode_abc_blif.exit: ok
candidate_benchmarks_ode_abc_blif.log: ok
candidate_benchmarks_ode_abc_blif.exit: ok
cec_benchmarks_ode_abc_blif.log: ok
cec_benchmarks_ode_abc_blif.exit: ok
cec_benchmarks_ode_abc_blif_orig.aig: ok
cec_benchmarks_ode_abc_blif_stmap35.aig: ok
cec_benchmarks_ode_abc_blif_orig_write.log: ok
cec_benchmarks_ode_abc_blif_orig_write.exit: ok
cec_benchmarks_ode_abc_blif_candidate_write.log: ok
cec_benchmarks_ode_abc_blif_candidate_write.exit: ok
baseline_benchmarks_or1200_abc_blif.log: ok
baseline_benchmarks_or1200_abc_blif.exit: ok
candidate_benchmarks_or1200_abc_blif.log: ok
candidate_benchmarks_or1200_abc_blif.exit: ok
cec_benchmarks_or1200_abc_blif.log: ok
cec_benchmarks_or1200_abc_blif.exit: ok
cec_benchmarks_or1200_abc_blif_orig.aig: ok
cec_benchmarks_or1200_abc_blif_stmap35.aig: ok
cec_benchmarks_or1200_abc_blif_orig_write.log: ok
cec_benchmarks_or1200_abc_blif_orig_write.exit: ok
cec_benchmarks_or1200_abc_blif_candidate_write.log: ok
cec_benchmarks_or1200_abc_blif_candidate_write.exit: ok
baseline_benchmarks_syn2_abc_blif.log: ok
baseline_benchmarks_syn2_abc_blif.exit: ok
candidate_benchmarks_syn2_abc_blif.log: ok
candidate_benchmarks_syn2_abc_blif.exit: ok
cec_benchmarks_syn2_abc_blif.log: ok
cec_benchmarks_syn2_abc_blif.exit: ok
cec_benchmarks_syn2_abc_blif_orig.aig: ok
cec_benchmarks_syn2_abc_blif_stmap35.aig: ok
cec_benchmarks_syn2_abc_blif_orig_write.log: ok
cec_benchmarks_syn2_abc_blif_orig_write.exit: ok
cec_benchmarks_syn2_abc_blif_candidate_write.log: ok
cec_benchmarks_syn2_abc_blif_candidate_write.exit: ok
all required non-review-prompt-form exits zero
review prompt-form failures are logged expected CLI limitation
campaign state finalized: ok
version log entry: ok
summary metrics_ok/cec_ok: ok
required files: 81
artifact check passed for stmap35 final
