found stmap53 version entry
- hypothesis: present
- motivation: present
- command name: present
- files changed: present
- algorithm summary: present
- validation run: present
- benchmark results: present
- correctness results: present
- review pass 1: present
- review pass 2: present
- commit: present
- push: present
- next-step recommendation: present
benchmarks/i10.aig: present
benchmarks/ode.abc.blif: present
benchmarks/or1200.abc.blif: present
benchmarks/syn2.abc.blif: present
.autoeda/runtime/results/stmap53/artifact_check.log: present
.autoeda/runtime/results/stmap53/review_summary.md: present
version log check: PASS
