artifact_check: passed
present: .autoeda/runtime/results/stmap5/build.log
present: .autoeda/runtime/results/stmap5/help.log
present: .autoeda/runtime/results/stmap5/smoke_i10.log
present: .autoeda/runtime/results/stmap5/summary.json
present: .autoeda/runtime/results/stmap5/metrics.csv
present: .autoeda/runtime/results/stmap5/comparison.csv
present: .autoeda/runtime/results/stmap5/review_prompt1.txt
present: .autoeda/runtime/results/stmap5/review_pass1.log
present: .autoeda/runtime/results/stmap5/review_pass1_supported.log
present: .autoeda/runtime/results/stmap5/baseline_benchmarks_i10_aig.log
present: .autoeda/runtime/results/stmap5/candidate_benchmarks_i10_aig.log
present: .autoeda/runtime/results/stmap5/cec_benchmarks_i10_aig.log
present: .autoeda/runtime/results/stmap5/cec_benchmarks_i10_aig_orig.aig
present: .autoeda/runtime/results/stmap5/cec_benchmarks_i10_aig_stmap5.aig
present: .autoeda/runtime/results/stmap5/baseline_benchmarks_ode_abc_blif.log
present: .autoeda/runtime/results/stmap5/candidate_benchmarks_ode_abc_blif.log
present: .autoeda/runtime/results/stmap5/cec_benchmarks_ode_abc_blif.log
present: .autoeda/runtime/results/stmap5/cec_benchmarks_ode_abc_blif_orig.aig
present: .autoeda/runtime/results/stmap5/cec_benchmarks_ode_abc_blif_stmap5.aig
present: .autoeda/runtime/results/stmap5/baseline_benchmarks_or1200_abc_blif.log
present: .autoeda/runtime/results/stmap5/candidate_benchmarks_or1200_abc_blif.log
present: .autoeda/runtime/results/stmap5/cec_benchmarks_or1200_abc_blif.log
present: .autoeda/runtime/results/stmap5/cec_benchmarks_or1200_abc_blif_orig.aig
present: .autoeda/runtime/results/stmap5/cec_benchmarks_or1200_abc_blif_stmap5.aig
present: .autoeda/runtime/results/stmap5/baseline_benchmarks_syn2_abc_blif.log
present: .autoeda/runtime/results/stmap5/candidate_benchmarks_syn2_abc_blif.log
present: .autoeda/runtime/results/stmap5/cec_benchmarks_syn2_abc_blif.log
present: .autoeda/runtime/results/stmap5/cec_benchmarks_syn2_abc_blif_orig.aig
present: .autoeda/runtime/results/stmap5/cec_benchmarks_syn2_abc_blif_stmap5.aig
