artifact_check.log
baseline_benchmarks_i10_aig.log
baseline_benchmarks_ode_abc_blif.log
baseline_benchmarks_or1200_abc_blif.log
baseline_benchmarks_syn2_abc_blif.log
build.log
candidate_benchmarks_i10_aig.log
candidate_benchmarks_ode_abc_blif.log
candidate_benchmarks_or1200_abc_blif.log
candidate_benchmarks_syn2_abc_blif.log
cec_benchmarks_i10_aig.log
cec_benchmarks_i10_aig_candidate_write.log
cec_benchmarks_i10_aig_orig.aig
cec_benchmarks_i10_aig_orig_write.log
cec_benchmarks_i10_aig_stmap4.aig
cec_benchmarks_ode_abc_blif.log
cec_benchmarks_ode_abc_blif_candidate_write.log
cec_benchmarks_ode_abc_blif_orig.aig
cec_benchmarks_ode_abc_blif_orig_write.log
cec_benchmarks_ode_abc_blif_stmap4.aig
cec_benchmarks_or1200_abc_blif.log
cec_benchmarks_or1200_abc_blif_candidate_write.log
cec_benchmarks_or1200_abc_blif_orig.aig
cec_benchmarks_or1200_abc_blif_orig_write.log
cec_benchmarks_or1200_abc_blif_stmap4.aig
cec_benchmarks_syn2_abc_blif.log
cec_benchmarks_syn2_abc_blif_candidate_write.log
cec_benchmarks_syn2_abc_blif_orig.aig
cec_benchmarks_syn2_abc_blif_orig_write.log
cec_benchmarks_syn2_abc_blif_stmap4.aig
comparison.csv
help.log
metrics.csv
review_pass1.log
review_pass1_supported.log
review_prompt1.txt
review_summary.md
smoke_i10.log
summary.json
version_log_check.log
