[PASS] build.log
[PASS] build.exit
[PASS] help.log
[PASS] help.exit
[PASS] smoke_i10.log
[PASS] smoke_i10.exit
[PASS] metrics.csv
[PASS] comparison.csv
[PASS] guard_stats.csv
[PASS] early_seed_stats.csv
[PASS] near_miss_stats.csv
[PASS] ablation_stats.csv
[PASS] relief_diag.csv
[PASS] near_miss_diag.csv
[PASS] ablation_diag.csv
[PASS] ablation_skip_diag.csv
[PASS] summary.json
[PASS] cec_summary.json
[PASS] review_prompt1.txt
[PASS] review_pass1.log
[PASS] review_pass1.exit
[PASS] review_pass1_supported.log
[PASS] review_pass1_supported.exit
[PASS] review_prompt2.txt
[PASS] review_pass2.log
[PASS] review_pass2.exit
[PASS] review_pass2_supported.log
[PASS] review_pass2_supported.exit
[PASS] review_summary.md
[PASS] version_log_check.log
[PASS] version_log_check.exit
[PASS] baseline_benchmarks_i10_aig.log
[PASS] candidate_benchmarks_i10_aig.log
[PASS] cec_benchmarks_i10_aig_orig_write.log
[PASS] cec_benchmarks_i10_aig_candidate_write.log
[PASS] cec_benchmarks_i10_aig.log
[PASS] cec_benchmarks_i10_aig_orig.aig
[PASS] cec_benchmarks_i10_aig_stmap26.aig
[PASS] baseline_benchmarks_ode_abc_blif.log
[PASS] candidate_benchmarks_ode_abc_blif.log
[PASS] cec_benchmarks_ode_abc_blif_orig_write.log
[PASS] cec_benchmarks_ode_abc_blif_candidate_write.log
[PASS] cec_benchmarks_ode_abc_blif.log
[PASS] cec_benchmarks_ode_abc_blif_orig.aig
[PASS] cec_benchmarks_ode_abc_blif_stmap26.aig
[PASS] baseline_benchmarks_or1200_abc_blif.log
[PASS] candidate_benchmarks_or1200_abc_blif.log
[PASS] cec_benchmarks_or1200_abc_blif_orig_write.log
[PASS] cec_benchmarks_or1200_abc_blif_candidate_write.log
[PASS] cec_benchmarks_or1200_abc_blif.log
[PASS] cec_benchmarks_or1200_abc_blif_orig.aig
[PASS] cec_benchmarks_or1200_abc_blif_stmap26.aig
[PASS] baseline_benchmarks_syn2_abc_blif.log
[PASS] candidate_benchmarks_syn2_abc_blif.log
[PASS] cec_benchmarks_syn2_abc_blif_orig_write.log
[PASS] cec_benchmarks_syn2_abc_blif_candidate_write.log
[PASS] cec_benchmarks_syn2_abc_blif.log
[PASS] cec_benchmarks_syn2_abc_blif_orig.aig
[PASS] cec_benchmarks_syn2_abc_blif_stmap26.aig
[PASS] metrics has 8 rows
[PASS] comparison has 4 rows
[PASS] syn2 near-miss is 10
[PASS] cec has 4 equivalent rows
