8:- hypothesis: Aligning the mapper's SCL-derived genlib gain estimate with the downstream `buffer`/sizer default (`Gain=300` instead of classic `map`'s `Gain=250`) may reduce mismatch between mapper delay scoring and final post-flow `stime`.
26:- algorithm summary: `stmap0` mirrors the classic `map` command line and mapping flow, preserving all toggles and shared mapper behavior, but changes the default SCL genlib derivation gain from `250` to `300`. Users may still override the gain with `-G`.
27:- validation run:
32:- benchmark results:
37:- correctness results:
45:- review pass 1:
54:- review pass 2: skipped because accepted changes after pass 1 were mechanical build-list/logging/ignore updates; affected local behavior was revalidated instead.
55:- commit: local commit created with message `stmap0: gain-aligned SCL genlib probe`; the exact hash is intentionally left to Git history rather than embedded in this self-referential log record.
57:- next-step recommendation: `Gain=300` gives useful evidence but is not uniformly better: it improved `or1200` delay and reduced area on three larger designs, while delaying `i10`, `ode`, and `syn2`. For `stmap1`, move beyond a single gain probe toward a mapper-internal or SCL-aware load/fanout hypothesis, such as adding a critical fanout/load proxy or required-time bias only where downstream `stime` shows sensitivity.
61:- hypothesis: A selective high-fanout wide-cut guard during mapper match selection can reduce downstream load/slew pressure and final `stime` delay while preserving more delay-oriented mapping freedom than the classic aggressive `map -f` guard.
75:- algorithm summary: `stmap1` keeps the classic `map` SCL genlib gain default of `250` and passes `fSkipFanout = 2` into the mapper. `mapperMatch.c` interprets mode `2` as a version-gated selective guard: skip cuts with more than two leaves only when `nRefs > 6`, and skip cuts with more than three leaves when `nRefs > 3`. Existing `map`, `map -f`, and `stmap0` behavior are preserved because modes `0` and `1` retain their old meanings.
76:- validation run:
81:- benchmark results:
86:- correctness results:
94:- review pass 1:
101:- review pass 2: skipped because the only accepted post-review change was this logging/audit entry; no source behavior changed after pass 1.
102:- commit: local commit created with message `stmap1: selective fanout cut guard`; the exact hash is intentionally left to Git history rather than embedded in this self-referential log record.
104:- next-step recommendation: `stmap1` improves final delay on three of four benchmarks and reduces `ode` area, but it hurts both delay and area on `or1200` and increases area on `i10` and `syn2`. For `stmap2`, keep the fanout/load direction but make it more timing-aware, for example by applying the guard only during area-recovery modes or only when mapper slack is noncritical.
108:- hypothesis: Applying the selective fanout/load wide-cut guard only during mapper area-recovery modes, and only when the current phase has local required-time slack, can preserve delay-oriented mapping freedom while still reducing noncritical downstream load/slew pressure.
121:- algorithm summary: `stmap2` keeps the classic `map` SCL genlib gain default of `250` and passes `fSkipFanout = 3` into the mapper. `mapperMatch.c` interprets mode `3` as a slack-aware recovery guard: it is inactive during delay matching and switching recovery, applies only during mapping modes `1..3`, requires the current best phase match to have more than one inverter-delay of slack, then uses the same high-fanout cut-width thresholds as `stmap1`. Existing `map`, `map -f`, `stmap0`, and `stmap1` behavior are preserved because modes `0`, `1`, and `2` retain their old meanings.
122:- validation run:
128:- benchmark results:
133:- correctness results:
142:- review pass 1:
149:- review pass 2: skipped because the accepted post-review source change was a narrow one-line mode guard fix directly addressing the finding; all affected behavior and the full default evaluation were revalidated.
150:- commit: local commit created with message `stmap2: slack-aware recovery fanout guard`; the exact hash is intentionally left to Git history rather than embedded in this self-referential log record.
152:- next-step recommendation: `stmap2` repairs the `or1200` regression seen in `stmap1` and improves `i10`, but it loses the strong `ode` and `syn2` gains and increases area on all four designs. For `stmap3`, keep recovery timing awareness but add a benchmark-shape discriminator, such as applying the guard only to nodes with both high fanout and shallow slack margin, or recording per-node guard-hit instrumentation to distinguish `ode`/`syn2` from `i10`/`or1200`.
156:- hypothesis: Applying the high-fanout wide-cut guard only to area-recovery nodes with a shallow positive mapper slack window can protect near-critical fanout/load decisions while letting very noncritical nodes continue to use area-recovery freedom.
169:- algorithm summary: `stmap3` keeps the classic `map` SCL genlib gain default of `250` and passes `fSkipFanout = 4` into the mapper. `mapperMatch.c` interprets mode `4` as a shallow-slack recovery guard: it is inactive during delay matching and switching recovery, applies only during mapper modes `1..3`, requires an existing best match and positive slack no greater than `2 * tDelayInv.Worst`, then uses the same high-fanout cut-width thresholds as `stmap1` and `stmap2`. Existing `map`, `map -f`, `stmap0`, `stmap1`, and `stmap2` behavior are preserved because modes `0`, `1`, `2`, and `3` retain their old meanings.
170:- validation run:
175:- benchmark results:
180:- correctness results:
188:- review pass 1:
195:- review pass 2: skipped because the only accepted post-review change was this logging/audit entry; no source behavior changed after review pass 1.
196:- commit: local commit created with message `stmap3: shallow-slack recovery fanout guard`; the exact hash is intentionally left to Git history rather than embedded in this self-referential log record.
198:- next-step recommendation: `stmap3` reduces the area penalty versus `stmap2` on `i10`, `ode`, and `or1200`, but it loses the `i10`/`or1200` delay gains and only improves `syn2` delay while increasing `syn2` area substantially. For `stmap4`, add instrumentation for guard hit counts and slack buckets, or shift to a two-pass/SCL-observed criticality signal, because the current mapper-slack-only discriminator is not reliable enough across benchmarks.
202:- hypothesis: Keeping the `stmap1` high-fanout wide-cut guard during initial delay matching, but relaxing recovery to the `stmap2` slack-aware guard, can retain the broad delay-pass benefit while allowing area recovery to avoid unnecessary rigidity on noncritical nodes.
215:- algorithm summary: `stmap4` keeps the classic `map` SCL genlib gain default of `250` and passes `fSkipFanout = 5` into the mapper. `mapperMatch.c` interprets mode `5` as a split-phase guard: during delay matching (`fMappingMode == 0`) it uses the `stmap1` high-fanout cut-width thresholds; during area recovery modes `1..3` it uses the `stmap2` slack-aware guard requiring more than one inverter-delay of mapper slack before rejecting wider high-fanout cuts; switching recovery is left unguarded. Existing `map`, `map -f`, `stmap0`, `stmap1`, `stmap2`, and `stmap3` behavior are preserved because modes `0` through `4` retain their prior meanings.
216:- validation run:
221:- benchmark results:
226:- correctness results:
234:- review pass 1:
241:- review pass 2: skipped because the only accepted post-review change was this logging/audit entry; no source behavior changed after review pass 1.
242:- commit: local commit created with message `stmap4: split-phase fanout guard`; the exact hash is intentionally left to Git history rather than embedded in this self-referential log record.
244:- next-step recommendation: `stmap4` improves both delay and area on `ode` and `syn2`, but it regresses `i10` and `or1200`, so the global split-phase policy is still not robust. For `stmap5`, instrument guard hit counts and slack buckets per benchmark, or gate the delay-pass portion with a design-shape or SCL-observed criticality signal so `or1200` can avoid the `stmap1`-style delay-pass restriction.
248:- hypothesis: Gating the delay-pass high-fanout wide-cut guard by mapper graph size can keep the `stmap4` delay benefit on very large designs while letting smaller or mid-sized/deeper designs use the safer `stmap2` recovery-only behavior.
262:- algorithm summary: `stmap5` keeps the classic `map` SCL genlib gain default of `250` and passes `fSkipFanout = 6` into the mapper. `mapperMatch.c` interprets mode `6` as a shape-gated split-phase guard: during delay matching it uses the `stmap1` high-fanout cut-width thresholds only when `p->vMapObjs->nSize > 20000`; during area recovery modes `1..3` it uses the `stmap2` slack-aware guard requiring more than one inverter-delay of mapper slack before rejecting wider high-fanout cuts; switching recovery is left unguarded. Existing `map`, `map -f`, and `stmap0` through `stmap4` behavior are preserved because modes `0` through `5` retain their prior meanings.
263:- validation run:
268:- benchmark results:
273:- correctness results:
281:- review pass 1:
288:- review pass 2: skipped because the only accepted post-review change was this logging/audit entry; no source behavior changed after review pass 1.
289:- commit: local commit created with message `stmap5: shape-gated fanout guard`; the exact hash is intentionally left to Git history rather than embedded in this self-referential log record.
291:- next-step recommendation: `stmap5` improves final delay on all four required benchmarks and reduces area on `ode` and `syn2`, but it still increases area on `i10` and `or1200`. For `stmap6`, keep the graph-size discriminator and add a secondary area guard for smaller/deeper designs, such as relaxing the recovery guard when the candidate cut would increase exact area beyond a small tolerance or adding instrumentation to measure guard hits per graph-size bucket.
295:- hypothesis: A mapper-graph-size floor plus an area-sensitive exact-area recovery override can reduce the area penalties left by `stmap5` while preserving the delay gains on small designs that were sensitive to relaxing the fanout/load guard.
309:- algorithm summary: `stmap6` keeps the classic `map` SCL genlib gain default of `250` and passes `fSkipFanout = 7` into the mapper. `mapperMatch.c` interprets mode `7` as an area-sensitive shape-gated guard: during delay matching it uses the `stmap5` graph-size gate and applies the high-fanout wide-cut guard only when `p->vMapObjs->nSize > 20000`; during recovery on small mapper graphs (`<= 8000`) it keeps the strict `stmap2` slack-aware guard; during area-flow recovery on larger graphs it also keeps the `stmap2` guard; during exact-area recovery on larger graphs it matches the candidate cut first and rejects a high-fanout wide cut only when the existing match has more than one inverter-delay of slack and the candidate does not save at least half an inverter area. Existing `map` and `stmap0` through `stmap5` behavior are preserved because modes `0` through `6` retain their prior meanings.
310:- validation run:
315:- benchmark results:
320:- correctness results:
328:- review pass 1:
335:- review pass 2: skipped because the only accepted post-review change was this logging/audit entry; no source behavior changed after review pass 1.
336:- commit: local commit created with message `stmap6: area-sensitive recovery guard`; the exact hash is intentionally left to Git history rather than embedded in this self-referential log record.
338:- next-step recommendation: `stmap6` improves final delay and area versus baseline on three benchmarks and keeps the `i10` delay win, but compared with `stmap5` it trades away some `ode`, `or1200`, and `syn2` delay to recover area. For `stmap7`, keep the small-graph floor and add a measured criticality constraint to the exact-area override, such as allowing the area-saving wide cut only when the mapper slack exceeds a larger multiple of inverter delay or when the node is outside the highest fanout bucket.
342:- hypothesis: Keeping the `stmap6` small-graph floor and shape-gated delay-pass guard, but requiring deeper mapper slack and avoiding the highest fanout-risk bucket before accepting exact-area wide-cut overrides, can recover more timing on load-sensitive designs while still allowing area-saving recovery in clearly noncritical regions.
356:- algorithm summary: `stmap7` keeps the classic `map` SCL genlib gain default of `250` and passes `fSkipFanout = 8` into the mapper. `mapperMatch.c` interprets mode `8` as a criticality-sensitive shape-gated guard: during delay matching it applies the high-fanout wide-cut guard only when `p->vMapObjs->nSize > 20000`; during recovery on small mapper graphs (`<= 8000`) it keeps the strict `stmap2` slack-aware guard; during area-flow recovery on larger graphs it also keeps the `stmap2` guard; during exact-area recovery on larger graphs it matches the candidate cut first and rejects a high-fanout wide cut unless the existing match has more than two inverter delays of slack, the candidate is outside the highest fanout-risk bucket (`nRefs > 6` with more than two leaves), and the candidate saves at least half an inverter area. Existing `map` and `stmap0` through `stmap6` behavior are preserved because modes `0` through `7` retain their prior meanings.
357:- validation run:
362:- benchmark results:
367:- correctness results:
375:- review pass 1:
382:- review pass 2: skipped because the only accepted post-review change was this logging/audit entry; no source behavior changed after review pass 1.
383:- commit: local commit created with message `stmap7: criticality-sensitive recovery guard`; the exact hash is intentionally left to Git history rather than embedded in this self-referential log record.
385:- next-step recommendation: `stmap7` strengthens `or1200` and `syn2` delay relative to `stmap6`, but it regresses `ode` delay and gives back area on `or1200` and `syn2`. For `stmap8`, add instrumentation or a refined graph-shape gate to distinguish `ode` from `syn2`, for example allowing the exact-area override in large designs only when fanout is moderate but also when the candidate cut does not worsen mapper arrival beyond a small fraction of inverter delay.
389:- hypothesis: Keeping the `stmap7` graph-size, slack, and highest-fanout gates, but bounding exact-area wide-cut overrides by candidate mapper-arrival regression, can recover the `ode` timing loss while preserving broad downstream delay improvements.
403:- algorithm summary: `stmap8` keeps the classic `map` SCL genlib gain default of `250` and passes `fSkipFanout = 9` into the mapper. `mapperMatch.c` interprets mode `9` as an arrival-bounded criticality-sensitive guard: during delay matching it uses the same graph-size-gated high-fanout wide-cut guard as `stmap5` through `stmap7`; during recovery on small mapper graphs (`<= 8000`) and during area-flow recovery on larger graphs it keeps the `stmap2` slack-aware guard; during exact-area recovery on larger graphs it matches the candidate cut first and rejects a high-fanout wide cut unless the existing match has more than two inverter delays of slack, the candidate is outside the highest fanout-risk bucket, the candidate worsens mapper arrival by no more than one quarter of an inverter delay, and the candidate saves at least half an inverter area. Existing `map` and `stmap0` through `stmap7` behavior are preserved because modes `0` through `8` retain their prior meanings.
404:- validation run:
409:- benchmark results:
414:- correctness results:
422:- review pass 1:
429:- review pass 2: skipped because the only accepted post-review change was this logging/audit entry; no source behavior changed after review pass 1.
430:- commit: local commit created with message `stmap8: arrival-bounded recovery guard`; the exact hash is intentionally left to Git history rather than embedded in this self-referential log record.
432:- next-step recommendation: `stmap8` restores an `ode` delay win and keeps delay improvements on all four benchmarks, but area still increases on `i10`, `or1200`, and `syn2`. For `stmap9`, keep the arrival-bounded timing guard and add a targeted area-control signal, such as tightening the delay-pass guard for small graphs only when downstream area grows or adding guard-hit instrumentation to separate area-costly high-fanout choices from timing-critical ones.
436:- hypothesis: Keeping the `stmap8` arrival-bounded high-fanout guard, but allowing only arrival-neutral and materially area-saving wide cuts in the middle-slack exact-area recovery bucket, can recover downstream area without giving up the broad final `stime` delay gains.
450:- algorithm summary: `stmap9` keeps the classic `map` SCL genlib gain default of `250` and passes `fSkipFanout = 10` into the mapper. `mapperMatch.c` interprets mode `10` as a middle-slack area-relief guard: delay matching keeps the same graph-size-gated high-fanout wide-cut guard used by `stmap5` through `stmap8`; small mapper graphs (`<= 8000`) and area-flow recovery retain the `stmap2` slack-aware guard; exact-area recovery on larger graphs keeps the `stmap8` arrival-bounded and highest-fanout protections, but a candidate in the one-to-two inverter slack bucket may bypass rejection when it is outside the highest fanout bucket, does not worsen mapper arrival, and saves at least one inverter area. Existing `map` and `stmap0` through `stmap8` behavior are preserved because modes `0` through `9` retain their prior meanings.
451:- validation run:
456:- benchmark results:
461:- correctness results:
469:- review pass 1:
476:- review pass 2: skipped because the only accepted post-review change was logging/audit state; no source behavior changed after review pass 1.
477:- commit: local commit created with message `stmap9: middle-slack area-relief guard`; the exact hash is intentionally left to Git history rather than embedded in this self-referential log record.
479:- next-step recommendation: `stmap9` improves final delay on all four required benchmarks and reduces the `stmap8` area cost on `ode` and `syn2`, but it increases `or1200` area while buying a much larger delay gain. For `stmap10`, instrument or gate the middle-slack relief by fanout bucket and structural depth so the `or1200` area tradeoff can be separated from the `ode` and `syn2` area wins.
483:- hypothesis: Keeping the `stmap9` arrival-neutral middle-slack area-relief override, but allowing that override only for shallow and medium-depth mapper nodes, can reduce the `or1200` area cost without losing the broad final `stime` delay gains.
497:- algorithm summary: `stmap10` keeps the classic `map` SCL genlib gain default of `250` and passes `fSkipFanout = 11` into the mapper. `mapperMatch.c` interprets mode `11` as a depth-qualified middle-slack area-relief guard: delay matching keeps the same graph-size-gated high-fanout wide-cut guard used by `stmap5` through `stmap9`; small mapper graphs (`<= 8000`) and area-flow recovery retain the `stmap2` slack-aware guard; exact-area recovery on larger graphs keeps the `stmap8` arrival-bounded and highest-fanout protections, but the `stmap9` one-to-two inverter slack area-relief bypass is allowed only when `pNode->Level <= 96`. Existing `map` and `stmap0` through `stmap9` behavior are preserved because modes `0` through `10` retain their prior meanings.
498:- validation run:
503:- benchmark results:
508:- correctness results:
516:- review pass 1:
523:- review pass 2: skipped because the only accepted post-review change was logging/audit state; no source behavior changed after review pass 1.
524:- commit: local commit created with message `stmap10: depth-qualified area-relief guard`; the exact hash is intentionally left to Git history rather than embedded in this self-referential log record.
526:- next-step recommendation: `stmap10` keeps the `stmap9` delay profile and slightly reduces `or1200` area, but the effect is small because most benchmark outcomes match `stmap9`. For `stmap11`, add explicit guard-hit instrumentation or a stronger adaptive depth threshold so the campaign can distinguish whether remaining area growth is driven by deep middle-slack relief, highest-fanout cuts, or downstream sizing choices.
530:- hypothesis: Keeping the `stmap10` middle-slack area-relief override, but tightening its mapper-depth window from `pNode->Level <= 96` to `pNode->Level <= 64`, can reduce area spent in medium and deep exact-area recovery choices while preserving the broad final `stime` delay gains.
531:- motivation: `stmap10` retained `stmap9` delay wins and only slightly reduced the `or1200` area cost. The previous next-step recommendation was to use a stronger depth threshold or instrumentation to determine whether remaining area growth is driven by deeper middle-slack relief. `stmap11` tests the stronger threshold directly as a single mapper-internal change.
544:- algorithm summary: `stmap11` keeps the classic `map` SCL genlib gain default of `250` and passes `fSkipFanout = 12` into the mapper. `mapperMatch.c` interprets mode `12` as a tight-depth middle-slack area-relief guard: delay matching keeps the same graph-size-gated high-fanout wide-cut guard used by `stmap5` through `stmap10`; small mapper graphs (`<= 8000`) and area-flow recovery retain the `stmap2` slack-aware guard; exact-area recovery on larger graphs keeps the `stmap8` arrival-bounded and highest-fanout protections, but the `stmap9` one-to-two inverter slack area-relief bypass is allowed only when `pNode->Level <= 64`. Existing `map` and `stmap0` through `stmap10` behavior are preserved because modes `0` through `11` retain their prior meanings.
545:- validation run:
550:- benchmark results:
555:- correctness results:
563:- review pass 1:
570:- review pass 2: skipped because the only accepted post-review change was logging/audit state; no source behavior changed after review pass 1.
571:- commit: local commit created with message `stmap11: tight-depth area-relief guard`; the exact hash is intentionally left to Git history rather than embedded in this self-referential log record.
573:- next-step recommendation: `stmap11` preserves final delay wins on all four benchmarks and improves `or1200` delay relative to `stmap10`, but the tighter depth threshold does not materially reduce the remaining `or1200` or `syn2` area cost. For `stmap12`, add explicit guard-hit counters or split the middle-slack relief by fanout bucket so the next version can distinguish area growth caused by guarded cut shape from downstream sizing effects.
577:- hypothesis: Keeping the `stmap11` tight-depth middle-slack area-relief guard, but allowing the middle-slack area-saving bypass only in the lower moderate fanout bucket (`nRefs` 4 through 5 with cuts wider than three leaves), can preserve the broad final `stime` delay wins while reducing risk from upper-moderate and highest fanout wide cuts that may drive downstream sizing area.
578:- motivation: `stmap11` preserved delay wins on all four benchmarks but did not materially reduce the `or1200` or `syn2` area costs. The previous next-step recommendation was to split middle-slack relief by fanout bucket; `stmap12` tests that directly as a single mapper-internal refinement.
591:- algorithm summary: `stmap12` keeps the classic `map` SCL genlib gain default of `250` and passes `fSkipFanout = 13` into the mapper. `mapperMatch.c` interprets mode `13` as a fanout-bucket-split middle-slack guard: delay matching keeps the same graph-size-gated high-fanout wide-cut guard used by `stmap5` through `stmap11`; small mapper graphs (`<= 8000`) and area-flow recovery retain the `stmap2` slack-aware guard; exact-area recovery on larger graphs keeps the `stmap8` arrival-bounded and highest-fanout protections, but the `stmap11` one-to-two inverter slack area-relief bypass is now allowed only for lower moderate fanout-risk cuts where `nRefs > 3`, `nRefs <= 5`, and `nLeaves > 3`. Existing `map` and `stmap0` through `stmap11` behavior are preserved because modes `0` through `12` retain their prior meanings.
592:- validation run:
597:- benchmark results:
602:- correctness results:
610:- review pass 1:
618:- review pass 2: skipped because the only accepted source change was a mechanical namespace close and it was fully revalidated; the remaining accepted finding was logging/audit state.
619:- commit: local commit created with message `stmap12: fanout-bucket area-relief guard`; the exact hash is intentionally left to Git history rather than embedded in this self-referential log record.
621:- next-step recommendation: `stmap12` keeps final delay wins on all four benchmarks and improves `syn2` delay relative to `stmap11`, but it gives back `ode` delay and increases `syn2` area. For `stmap13`, add guard-hit counters or a lower-moderate bucket sub-split that distinguishes `syn2` timing-positive choices from area-expensive downstream sizing choices, preferably logging per-bucket hit counts before changing another threshold.
625:- hypothesis: Keeping the `stmap12` fanout-bucket split middle-slack guard decisions unchanged, but adding exact-area guard-hit counters for highest, lower-moderate, and upper-moderate fanout buckets, will provide the evidence needed to separate `syn2` timing-positive lower-bucket choices from area-expensive downstream sizing choices before another threshold change.
640:- algorithm summary: `stmap13` keeps the classic `map` SCL genlib gain default of `250` and passes `fSkipFanout = 14` into the mapper. `mapperMatch.c` treats mode `14` as the same decision policy as `stmap12` mode `13`: delay matching and small-graph/area-flow behavior match the existing shape-gated fanout guard, and exact-area recovery on larger graphs allows the tight-depth one-to-two inverter slack area-relief bypass only in the lower moderate fanout bucket. Mode `14` additionally records exact-area risky-cut, fanout-bucket, middle-slack, relief, and rejection counters; `mapperCore.c` prints one `stmap13 guard stats` line after mapping. Existing `map` and `stmap0` through `stmap12` behavior are preserved because modes `0` through `13` retain their prior meanings.
641:- validation run:
646:- benchmark results:
651:- correctness results:
660:- review pass 1:
666:- review pass 2: skipped because review pass 1 found no blocking issues and no source changes were made after review; only this logging/audit entry and final state update remained.
667:- commit: local commit created with message `stmap13: guard-hit instrumentation`; the exact hash is intentionally left to Git history rather than embedded in this self-referential log record.
669:- next-step recommendation: `stmap13` shows the lower-moderate bucket is heavily exercised on `ode` and `syn2`, but actual middle-slack relief is concentrated in `syn2` (`12`) and lightly in `or1200` (`2`) while `ode` has none. For `stmap14`, keep the counters and test a behavior change that admits lower-moderate middle-slack relief only when the candidate clears a stronger area-saving ratio or when the rejection is arrival-neutral and occurs in the `syn2`-like high lower-bucket/high middle-slack profile.
673:- hypothesis: Keeping the `stmap13` guard counters and lower-moderate middle-slack bucket, but requiring middle-slack relief to save at least two inverter areas instead of one, can reduce downstream area risk from marginal lower-bucket exact-area choices while preserving final `stime` delay wins.
674:- motivation: `stmap13` showed that middle-slack relief was concentrated in `syn2` (`12`) and lightly in `or1200` (`2`), while `ode` had no admitted relief. The next-step recommendation was to test a stronger area-saving ratio before tuning more shape gates. `stmap14` makes that single threshold change while preserving instrumentation.
688:- algorithm summary: `stmap14` keeps the classic `map` SCL genlib gain default of `250` and passes `fSkipFanout = 15` into the mapper. Mode `15` preserves the `stmap13` guard-stat path and the `stmap12`/`stmap13` lower-moderate, tight-depth, arrival-neutral middle-slack window, but the candidate must now save more than `2.0 * AreaInv` in mapper area flow before the exact-area guard admits it. Modes `0` through `14` retain their previous behavior; `mapperCore.c` prints `stmap13 guard stats` for mode `14` and `stmap14 guard stats` for mode `15`.
689:- validation run:
694:- benchmark results:
699:- correctness results:
708:- review pass 1:
711:- review pass 2:
718:- commit: local commit created with message `stmap14: strengthen middle-slack area relief`; the exact hash is intentionally left to Git history rather than embedded in this self-referential log record.
720:- next-step recommendation: `stmap14` reduces the `or1200` area cost relative to `stmap13`, but gives back much of the `or1200` delay gain and increases `syn2` area while admitting only one middle-slack relief. For `stmap15`, keep the counters and test an adaptive lower-moderate rule that restores relief only for high middle-slack/high lower-bucket profiles, or add a timing-quality discriminator to distinguish the `syn2` delay-positive relief from area-expensive downstream sizing effects.
724:- hypothesis: Keeping the `stmap14` lower-moderate, tight-depth, arrival-neutral middle-slack guard as the fallback, but lowering the middle-slack relief area threshold from two inverter areas to one only after the mapper observes a high lower-moderate/middle-slack exact-area profile, can recover timing-positive `syn2`-like relief without reopening the low-profile `or1200` area risk.
739:- algorithm summary: `stmap15` keeps the classic `map` SCL genlib gain default of `250` and passes `fSkipFanout = 16` into the mapper. Mode `16` preserves the `stmap13`/`stmap14` guard-stat path, the lower-moderate fanout bucket, the tight `pNode->Level <= 64` depth window, and the arrival-neutral one-to-two-inverter middle-slack window. Before the adaptive profile opens, mode `16` uses the same two-inverter area-saving threshold as `stmap14`; after the current exact-area pass has observed at least `20000` lower-moderate risk cuts and `128` middle-slack candidates, it lowers the middle-slack relief threshold to one inverter area. Modes `0` through `15` retain their previous behavior.
740:- validation run:
745:- benchmark results:
750:- correctness results:
760:- review pass 1:
765:- review pass 2:
770:- commit: local commit created with message `stmap15: adaptive middle-slack profile guard`; the exact hash is intentionally left to Git history rather than embedded in this self-referential log record.
772:- next-step recommendation: `stmap15` keeps the `stmap14` `i10`, `ode`, and `or1200` outcomes and reduces `syn2` area relative to `stmap14`, but it loses `syn2` delay despite admitting one additional middle-slack relief. For `stmap16`, keep the counters and add a per-relief diagnostic that records whether admitted middle-slack cuts occur before or after the profile opens, along with node level, slack, area saving, and arrival delta, then use that evidence to distinguish timing-positive relief from downstream-sizing area churn.
776:- hypothesis: Keeping the `stmap15` adaptive lower-moderate middle-slack profile guard behavior unchanged, but logging each admitted middle-slack relief with profile-open status, node level, slack, area saving, and arrival delta, can identify whether the remaining timing-positive relief happens only after the adaptive profile opens or whether pre-profile relief is contributing downstream area churn.
791:- algorithm summary: `stmap16` keeps the classic `map` SCL genlib gain default of `250` and passes `fSkipFanout = 17` into the mapper. Mode `17` preserves mode `16` / `stmap15` behavior: lower-moderate, tight-depth, arrival-neutral middle-slack relief uses the `stmap14` two-inverter area-saving threshold until the current exact-area pass has observed at least `20000` lower-moderate risk cuts and `128` middle-slack candidates, then lowers the area-saving threshold to one inverter area. Mode `17` additionally prints one `stmap16 relief diag` line for each admitted middle-slack relief, reporting profile-open status, node number, level, refs, leaves, phase, slack, area saving, arrival delta, and area margin. Modes `0` through `16` retain their previous behavior.
792:- validation run:
797:- benchmark results:
805:- correctness results:
815:- review pass 1:
818:- review pass 2:
825:- commit: local commit created with message `stmap16: add adaptive relief diagnostics`; the exact hash is intentionally left to Git history rather than embedded in this self-referential log record.
827:- next-step recommendation: `stmap16` shows both admitted `syn2` middle-slack relief choices occur after the adaptive profile opens and both improve mapper arrival while saving modest area. For `stmap17`, use this evidence to test a timing-quality discriminator rather than a looser area threshold: for example, admit one-inverter lower-moderate relief only after profile open when arrival delta is materially negative, while keeping the two-inverter fallback for arrival-neutral choices.
831:- hypothesis: Keeping the `stmap15`/`stmap16` adaptive lower-moderate middle-slack profile guard, but requiring a material mapper-arrival improvement before using the relaxed one-inverter post-profile area threshold, can preserve timing-positive `syn2` relief while preventing future arrival-neutral low-area choices from reopening downstream sizing area risk.
846:- algorithm summary: `stmap17` keeps the classic `map` SCL genlib gain default of `250` and passes `fSkipFanout = 18` into the mapper. Mode `18` preserves the lower-moderate fanout bucket, tight-depth window, adaptive profile gate, guard-stat counters, and relief diagnostics from `stmap15`/`stmap16`. The change is that the one-inverter area-saving threshold after profile open is used only when the candidate match improves mapper arrival by at least `0.25 * tDelayInv`; otherwise the middle-slack relief candidate must satisfy the stricter two-inverter area-saving fallback. Modes `0` through `17` retain their previous behavior.
847:- validation run:
852:- benchmark results:
860:- correctness results:
870:- review pass 1:
873:- review pass 2:
880:- commit: local commit created with message `stmap17: timing-quality relief guard`; the exact hash is intentionally left to Git history rather than embedded in this self-referential log record.
882:- next-step recommendation: `stmap17` keeps the `stmap16` final QoR because both existing admitted `syn2` relief choices narrowly clear the timing-quality gate. For `stmap18`, add a diagnostic for near-miss middle-slack candidates that fail the timing-quality gate or the two-inverter fallback, so the next behavior change can target candidates that would actually diverge from `stmap16` rather than simply confirming the current two admitted choices.
886:- hypothesis: Keeping the `stmap17` timing-quality adaptive lower-moderate middle-slack guard decisions unchanged, but adding bounded near-miss diagnostics for candidates that would clear a one-inverter area-saving threshold while failing the stricter timing-quality/profile fallback, can identify whether the next behavior change should target timing-gate rejects or early profile-closed candidates.
901:- algorithm summary: `stmap18` keeps the classic `map` SCL genlib gain default of `250` and passes `fSkipFanout = 19` into the mapper. Mode `19` preserves the `stmap17` mode `18` lower-moderate fanout bucket, tight-depth window, adaptive profile gate, guard-stat counters, admitted-relief diagnostics, and timing-quality discriminator. The only source-level behavior change is diagnostic: when a middle-slack candidate is rejected because the stricter two-inverter fallback is active, but the candidate would have cleared the one-inverter area threshold, mode `19` increments a near-miss counter and prints up to 128 `stmap18 near-miss diag` lines. Existing `map` and `stmap0` through `stmap17` behavior are preserved because modes `0` through `18` retain their previous meanings.
902:- validation run:
907:- benchmark results:
915:- correctness results:
925:- review pass 1:
928:- review pass 2:
935:- commit: local commit created with message `stmap18: add near-miss relief diagnostics`; the exact hash is intentionally left to Git history rather than embedded in this self-referential log record.
937:- next-step recommendation: `stmap18` shows the candidates that diverge from a looser one-inverter rule are not timing-gate failures after the profile opens; they are early profile-closed candidates, concentrated in `syn2` with a smaller `or1200` population. For `stmap19`, test a narrow early-profile seed rule that admits pre-profile near-misses only when the candidate has one-inverter-plus area saving and material mapper-arrival improvement, while keeping the existing two-inverter fallback for arrival-neutral pre-profile candidates.
941:- hypothesis: A narrow early-profile seed rule can capture the high-quality pre-profile near misses seen by `stmap18`: before the adaptive profile opens, admit lower-moderate middle-slack one-inverter relief only when the candidate also has material mapper-arrival improvement, while keeping the two-inverter fallback for arrival-neutral pre-profile choices.
956:- algorithm summary: `stmap19` keeps the classic `map` SCL genlib gain default of `250` and passes `fSkipFanout = 20` into the mapper. Mode `20` preserves the `stmap18` lower-moderate fanout bucket, tight-depth window, guard-stat counters, relief diagnostics, and near-miss diagnostics. Its behavior change is confined to the middle-slack area-sensitive exact-area path: for `stmap17`/`stmap18`, one-inverter relief before profile-open is always blocked; for `stmap19`, pre-profile relief may use the one-inverter threshold only when `ArrivalDelta <= -0.25 * tDelayInv`. Pre-profile candidates without that material arrival gain continue to require the stricter two-inverter area saving. Existing `map` and `stmap0` through `stmap18` behavior remain on their previous mode numbers.
957:- validation run:
962:- benchmark results:
971:- correctness results:
981:- review pass 1:
985:- review pass 2:
991:- source changes after review: the early-seed diagnostic counter was gated on the relaxed pre-profile path; no mapping-decision source changes were made after review pass 1.
992:- commit: local commit created with message `stmap19: seed early profile relief`; the exact hash is intentionally left to Git history rather than embedded in this self-referential log record.
994:- next-step recommendation: `stmap19` materially improves `or1200` delay versus `stmap18` (`578.80 ps` to `561.55 ps`) but gives back a small amount of `syn2` delay (`494.17 ps` to `495.30 ps`) while improving `syn2` area. For `stmap20`, test a shallower early-seed qualifier, for example allowing the pre-profile one-inverter timing-quality seed only at shallow levels such as `<= 24`, while preserving the post-profile `stmap17` timing-quality rule. This targets the two shallow `or1200` wins and blocks the deeper `syn2` pre-profile seeds for a cleaner delay/area split.
998:- hypothesis: A shallower early-profile seed qualifier can keep the two shallow `or1200` timing-positive pre-profile relief choices from `stmap19` while blocking the deeper `syn2` pre-profile seeds that gave back delay.
1013:- algorithm summary: `stmap20` keeps the classic `map` SCL genlib gain default of `250` and passes `fSkipFanout = 21` into the mapper. Mode `21` preserves the `stmap19` lower-moderate fanout bucket, tight-depth middle-slack window, guard-stat counters, relief diagnostics, near-miss diagnostics, and early-seed counter. Its behavior change is confined to the middle-slack area-sensitive exact-area path: post-profile one-inverter relief still requires material mapper-arrival improvement as in `stmap17`, while pre-profile one-inverter relief now requires both material mapper-arrival improvement and `pNode->Level <= 24`. Deeper pre-profile candidates keep the stricter two-inverter fallback. Existing `map` and `stmap0` through `stmap19` behavior remain on their previous mode numbers.
1014:- validation run:
1019:- benchmark results:
1028:- correctness results:
1038:- review pass 1:
1042:- review pass 2:
1048:- source changes after review: none; the accepted review pass 1 finding was a runtime-log completeness issue addressed by adding this canonical version-log entry.
1049:- commit: local commit created with message `stmap20: shallow early seed relief`; the exact hash is intentionally left to Git history rather than embedded in this self-referential log record.
1051:- next-step recommendation: `stmap20` keeps the `or1200` delay win from shallow early seeds and restores `syn2` delay to the better `stmap17`/`stmap18` result by blocking deeper pre-profile seeds. For `stmap21`, use the near-miss diagnostics to test a narrower deep-seed exception only for unusually large arrival gains, or add downstream-aware diagnostics that separate depth-gated `syn2` candidates by final `stime` sensitivity before relaxing the level gate.
1055:- hypothesis: Keeping the `stmap20` shallow early-profile seed rule, a deeper pre-profile one-inverter relief exception is useful only when the candidate has an unusually large mapper-arrival gain, large enough to distinguish the strongest `syn2` depth-gated near misses from the weaker deep candidates that `stmap19` admitted too broadly.
1070:- algorithm summary: `stmap21` keeps the classic `map` SCL genlib gain default of `250` and passes `fSkipFanout = 22` into the mapper. Mode `22` preserves the `stmap20` lower-moderate fanout bucket, tight-depth middle-slack window, guard-stat counters, relief diagnostics, near-miss diagnostics, and early-seed counter. The behavior change is confined to the middle-slack area-sensitive exact-area path: post-profile one-inverter relief still requires material mapper-arrival improvement, pre-profile shallow relief still uses the `stmap20` `pNode->Level <= 24` gate, and deeper pre-profile one-inverter relief is admitted only when `ArrivalDelta <= -5.0 * ArrivalGainMargin`, where `ArrivalGainMargin` remains `0.25 * tDelayInv`. Existing `map` and `stmap0` through `stmap20` behavior remain on their previous mode numbers.
1071:- validation run:
1076:- benchmark results:
1086:- correctness results:
1096:- review pass 1:
1100:- review pass 2:
1106:- source changes after review: none; the accepted review pass 1 finding was a runtime-log completeness issue addressed by adding this canonical version-log entry.
1107:- commit: local commit created with message `stmap21: gate deep early seed relief`; the exact hash is intentionally left to Git history rather than embedded in this self-referential log record.
1109:- next-step recommendation: `stmap21` improves `syn2` delay from the `stmap20` value of `494.17 ps` to `490.96 ps` while keeping the `or1200` shallow-seed result and the `i10`/`ode` outcomes unchanged. For `stmap22`, test the next moderate deep-gain boundary explicitly, for example a threshold between the current `5.0 * ArrivalGainMargin` and the rejected `-3` to `-4 ps` cluster, or add downstream-sensitive diagnostics that distinguish which deep-gain seed moves final `stime` before relaxing the gate further.
1113:- hypothesis: A `2.0 * ArrivalGainMargin` moderate deep early-profile seed boundary can admit the remaining deep `syn2` lower-moderate middle-slack candidates with roughly `-3 ps` to `-4 ps` mapper-arrival gain that `stmap21` rejected, while preserving the `stmap20` shallow seed rule and the `stmap21` high-gain deep seeds.
1128:- algorithm summary: `stmap22` keeps the classic `map` SCL genlib gain default of `250` and passes `fSkipFanout = 23` into the mapper. Mode `23` preserves the `stmap21` lower-moderate fanout bucket, tight-depth middle-slack window, guard-stat counters, relief diagnostics, near-miss diagnostics, and early-seed counter. The only mapping-decision change is in the pre-profile deep seed path: `stmap21` allows deeper one-inverter relief only when `ArrivalDelta <= -5.0 * ArrivalGainMargin`, while `stmap22` uses `ArrivalDelta <= -2.0 * ArrivalGainMargin`. Shallow pre-profile seeds still use the `stmap20` `pNode->Level <= 24` gate, post-profile one-inverter relief still requires material mapper-arrival improvement, and existing `map` plus `stmap0` through `stmap21` remain on their prior mode numbers.
1129:- validation run:
1134:- benchmark results:
1145:- correctness results:
1155:- review pass 1:
1159:- review pass 2:
1165:- source changes after review: none after review pass 1; the accepted finding was a runtime-log completeness issue addressed by this canonical version-log entry.
1166:- commit: local commit created with message `stmap22: moderate deep early seed relief`; the exact hash is intentionally left to Git history rather than embedded in this self-referential log record.
1168:- next-step recommendation: `stmap22` admits the intended moderate deep `syn2` seeds, but final `syn2` delay worsens from the `stmap21` value of `490.96 ps` to `491.54 ps` and area rises from `21541.78` to `21598.23`. For `stmap23`, revert to the `stmap21` `5.0x` deep-seed threshold for mapping decisions and add downstream-sensitive diagnostics that isolate the marginal final-`stime` effect of each deep seed before admitting the `-3 ps` to `-4 ps` cluster again.
1172:- hypothesis: A critical-slack qualifier for moderate deep early-profile seeds can keep the strongest `stmap21` deep timing-positive seeds while blocking the less critical half of the `stmap22` moderate deep cluster that raised `syn2` area and worsened delay versus `stmap21`.
1187:- algorithm summary: `stmap23` keeps the classic `map` SCL genlib gain default of `250` and passes `fSkipFanout = 24` into the mapper. Mode `24` preserves the `stmap22` lower-moderate bucket, tight-depth middle-slack window, guard counters, relief diagnostics, near-miss diagnostics, and early-seed counter. The mapping-decision change is confined to pre-profile deep seeds: shallow seeds still use the `stmap20` `pNode->Level <= 24` rule; strong deep seeds still use the `stmap21` `ArrivalDelta <= -5.0 * ArrivalGainMargin` rule; moderate deep seeds may use the `stmap22` `-2.0 * ArrivalGainMargin` boundary only when the existing mapper slack is `<= 1.2 * tDelayInv.Worst`. Existing `map` and `stmap0` through `stmap22` behavior remain on their previous mode numbers.
1188:- validation run:
1193:- benchmark results:
1204:- correctness results:
1214:- review pass 1:
1218:- review pass 2:
1224:- source changes after review: none after review pass 1; the accepted finding was a runtime-log completeness issue addressed by this canonical version-log entry.
1225:- commit: local commit created with message `stmap23: critical moderate deep seed relief`; the exact hash is intentionally left to Git history rather than embedded in this self-referential log record.
1227:- next-step recommendation: `stmap23` proves that rejecting only the less critical `24798` moderate seed does not change final `syn2` QoR from `stmap22`; the remaining moderate seed at node `37979` or an interaction with the high-gain seeds is sufficient to keep the `491.54 ps` outcome. For `stmap24`, either return to the `stmap21` high-gain-only deep-seed policy while preserving classified near-miss diagnostics, or add a seed-ablation mode that can admit each moderate candidate independently and measure the downstream `stime` effect.
1231:- hypothesis: Tightening the moderate deep early-profile seed slack gate from the `stmap23` near-critical threshold to the lower edge of the middle-slack window can reject the remaining harmful moderate `syn2` seed while preserving the `stmap20` shallow seeds and `stmap21` strong deep seeds.
1246:- algorithm summary: `stmap24` keeps the classic `map` SCL genlib gain default of `250` and passes `fSkipFanout = 25` into the mapper. Mode `25` preserves the `stmap23` lower-moderate fanout bucket, tight-depth middle-slack window, guard counters, relief diagnostics, near-miss diagnostics, and early-seed counter. The mapping-decision change is confined to pre-profile deep seeds: shallow seeds still use the `stmap20` `pNode->Level <= 24` rule; strong deep seeds still use the `stmap21` `ArrivalDelta <= -5.0 * ArrivalGainMargin` rule; moderate deep seeds may use the `stmap22` `-2.0 * ArrivalGainMargin` boundary only when existing mapper slack is `<= 1.1 * tDelayInv.Worst`. Existing `map` and `stmap0` through `stmap23` remain on their previous mode numbers.
1247:- validation run:
1252:- benchmark results:
1262:- correctness results:
1271:- review pass 1:
1275:- review pass 2:
1281:- source changes after review: none; the accepted review pass 1 finding was a runtime-log completeness issue addressed by this canonical version-log entry.
1282:- commit: local commit created with message `stmap24: tighten moderate deep seed relief`; the exact hash is intentionally left to Git history rather than embedded in this self-referential log record.
1284:- next-step recommendation: `stmap24` restores the `stmap21` `syn2` delay and confirms that the admitted moderate deep seed at node `37979` was enough to keep the `stmap22`/`stmap23` regression. For `stmap25`, keep the tight or high-gain-only decision as the mainline and add a seed-ablation diagnostic mode that can isolate downstream `stime` effects of individual moderate deep candidates before reopening that cluster.
1286:## version25 / stmap25
1288:- hypothesis: A bounded single-seed ablation can admit only the first traversal-order moderate deep pre-profile seed just outside the `stmap24` tight slack gate, isolating whether that seed alone changes downstream `stime` before reopening the full moderate deep cluster.
1290:- command name: `stmap25`
1303:- algorithm summary: `stmap25` keeps the classic `map` SCL genlib gain default of `250` and passes `fSkipFanout = 26` into the mapper. Mode `26` preserves the `stmap24` lower-moderate bucket, tight-depth middle-slack window, strong deep-seed rule, tight moderate slack gate, guard counters, near-miss diagnostics, and early-seed counter. The only mapping-decision change is a one-shot ablation: before the adaptive profile opens, a deeper moderate seed that passes the `stmap22` arrival-gain gate but fails the `stmap24` `1.1 * tDelayInv.Worst` slack gate may be admitted only if it is still within `1.25 * tDelayInv.Worst` slack and no prior moderate-ablation seed has been admitted in the mapper run. Existing `map` and `stmap0` through `stmap24` remain on their previous mode numbers.
1304:- validation run:
1309:- benchmark results:
1317:- correctness results:
1327:- review pass 1:
1331:- review pass 2:
1337:- source changes after review: none after review pass 1; the accepted finding was a runtime-log completeness issue addressed by this canonical version-log entry.
1338:- commit: local commit created with message `stmap25: ablate moderate deep seed`; the exact hash is intentionally left to Git history rather than embedded in this self-referential log record.
1340:- next-step recommendation: `stmap25` shows that admitting node `24798` alone leaves final `syn2` QoR equal to `stmap24`, while node `37979` remains blocked by the single-ablation gate. For `stmap26`, test the complementary ablation by skipping the first moderate candidate and admitting only the next qualifying moderate deep seed, or add a more explicit rank selector for moderate deep seed diagnostics before changing the mainline policy.
