======== ABC command line "read_lib 7nm_lvt_ff.lib; read benchmarks/syn2.abc.blif; resyn; resyn2; dch -v; stmap74; topo; buffer; upsize -v; dnsize -v; stime"
Library "ASAP7_7nm_LVT_FF" from "7nm_lvt_ff.lib" has 159 cells (26 skipped: 23 seq; 0 tri-state; 3 no func; 0 dont_use; 0 with 2 outputs; 0 with 3+ outputs).  Time =     0.23 sec
Warning: Detected 2 multi-output cells (for example, "FAx1_ASAP7_75t_L").
Hierarchy reader converted 4 instances of blackboxes.
Starting:  syn2            : pi =   450  po =   321  lat =  1512  and =   25570  lev =  67
Rewrite:   syn2            : pi =   450  po =   321  lat =  1512  and =   25403  lev =  67
Refactor:  syn2            : pi =   450  po =   321  lat =  1512  and =   25150  lev =  67
Balance:   syn2            : pi =   450  po =   321  lat =  1512  and =   25132  lev =  67
RewriteZ:  syn2            : pi =   450  po =   321  lat =  1512  and =   25006  lev =  67
Starting:  syn2            : pi =   450  po =   321  lat =  1512  and =   25006  lev =  67
Rewrite:   syn2            : pi =   450  po =   321  lat =  1512  and =   24948  lev =  67
Refactor:  syn2            : pi =   450  po =   321  lat =  1512  and =   24842  lev =  67
Balance:   syn2            : pi =   450  po =   321  lat =  1512  and =   24835  lev =  67
Rewrite:   syn2            : pi =   450  po =   321  lat =  1512  and =   24782  lev =  67
RewriteZ:  syn2            : pi =   450  po =   321  lat =  1512  and =   24739  lev =  67
Balance:   syn2            : pi =   450  po =   321  lat =  1512  and =   24735  lev =  67
RefactorZ: syn2            : pi =   450  po =   321  lat =  1512  and =   24578  lev =  67
RewriteZ:  syn2            : pi =   450  po =   321  lat =  1512  and =   24476  lev =  67
Balance:   syn2            : pi =   450  po =   321  lat =  1512  and =   24470  lev =  67
Parameters: Sim words = 8. Conf limit = 1000. SAT var max = 5000.
AIG nodes : Total =  68304. Dangling =  45536. Main =  22768. ( 33.33 %)
SAT solver: Vars = 1905. Max cone = 5246. Recycles = 8.
SAT calls : All =  12993. Unsat =   4111. Sat =   8882. Fail =      0.
Choices   : Lits =  21248. Reprs =     0. Equivs =     0. Choices =     0.
Choicing runtime statistics:
Sim init    =     0.01 sec (  0.59 %)
Sim SAT     =     0.60 sec ( 28.71 %)
SAT solving =     1.44 sec ( 69.08 %)
  sat       =     1.31 sec ( 62.75 %)
  unsat     =     0.14 sec (  6.55 %)
  undecided =     0.00 sec (  0.00 %)
Choice      =     0.00 sec (  0.00 %)
Other       =     0.03 sec (  1.62 %)
TOTAL       =     2.09 sec (100.00 %)
Synthesis   =     0.93 sec
Old choice computation time =     2.09 sec
STATS:  Ands:   68304  ->   47143.  Reprs:  19635  ->   3665.  Choices =   3066.
stmap74 diagnostic: inherited-policy = stmap65  final-critical-lineage = 1  source = downstream-stime-critical-nodes  mapping-policy-change = 0
stmap35 relief diag: index = 1  profile-open = 0  node = 2318  level = 29  refs = 5  leaves = 4  phase = 0  slack = 7.430023  area-save = 0.930000  arrival-delta = -10.130005  arrival-gain-margin = 1.585000  area-margin = 0.921593
stmap35 strong penalty seed diag: index = 1  node = 2318  level = 29  refs = 5  leaves = 4  phase = 0  slack = 7.430023  area-save = 0.930000  arrival-delta = -10.130005  arrival-gain-margin = 1.585000  penalty-factor = 0.317  area-margin = 0.921593  cut-leaf-load-avg = 6.750  fanout-limit = 1  load-drive-ratio = 6.750
stmap35 near-miss diag: index = 1  reason = arrival-gate  profile-open = 0  node = 5785  level = 44  refs = 4  leaves = 4  phase = 0  slack = 10.839981  area-save = 0.930000  arrival-delta = -0.800003  arrival-gain-margin = 1.585000  area-margin = 1.400000  one-inv-area = 0.700000
stmap35 near-miss diag: index = 2  reason = moderate-gain-gate  profile-open = 0  node = 5785  level = 44  refs = 4  leaves = 4  phase = 1  slack = 7.619980  area-save = 0.930000  arrival-delta = -2.760010  arrival-gain-margin = 1.585000  area-margin = 1.400000  one-inv-area = 0.700000
stmap35 near-miss diag: index = 3  reason = arrival-gate  profile-open = 0  node = 5785  level = 44  refs = 4  leaves = 5  phase = 1  slack = 7.619980  area-save = 0.930000  arrival-delta = -1.260010  arrival-gain-margin = 1.585000  area-margin = 1.400000  one-inv-area = 0.700000
stmap35 relief diag: index = 2  profile-open = 0  node = 21363  level = 49  refs = 4  leaves = 4  phase = 0  slack = 11.790039  area-save = 0.930000  arrival-delta = -8.349991  arrival-gain-margin = 1.585000  area-margin = 0.700000
stmap35 near-miss diag: index = 4  reason = moderate-gain-gate  profile-open = 0  node = 23628  level = 38  refs = 4  leaves = 4  phase = 0  slack = 6.520020  area-save = 0.930000  arrival-delta = -1.750000  arrival-gain-margin = 1.585000  area-margin = 1.400000  one-inv-area = 0.700000
stmap35 near-miss diag: index = 5  reason = arrival-gate  profile-open = 0  node = 23628  level = 38  refs = 4  leaves = 4  phase = 1  slack = 7.550034  area-save = 1.170000  arrival-delta = -1.049988  arrival-gain-margin = 1.585000  area-margin = 1.400000  one-inv-area = 0.700000
stmap35 near-miss diag: index = 6  reason = arrival-gate  profile-open = 0  node = 23628  level = 38  refs = 4  leaves = 5  phase = 1  slack = 7.550034  area-save = 1.170000  arrival-delta = -0.029999  arrival-gain-margin = 1.585000  area-margin = 1.400000  one-inv-area = 0.700000
stmap35 relief diag: index = 3  profile-open = 0  node = 23673  level = 37  refs = 4  leaves = 5  phase = 1  slack = 7.850021  area-save = 0.930000  arrival-delta = -11.840012  arrival-gain-margin = 1.585000  area-margin = 0.700000
stmap35 relief diag: index = 4  profile-open = 0  node = 24798  level = 46  refs = 4  leaves = 4  phase = 1  slack = 7.919983  area-save = 0.940000  arrival-delta = -3.179993  arrival-gain-margin = 1.585000  area-margin = 0.700000
stmap35 near-miss diag: index = 7  reason = arrival-gate  profile-open = 0  node = 27904  level = 57  refs = 4  leaves = 5  phase = 1  slack = 9.659973  area-save = 0.930000  arrival-delta = -1.459991  arrival-gain-margin = 1.585000  area-margin = 1.400000  one-inv-area = 0.700000
stmap35 near-miss diag: index = 8  reason = moderate-gain-gate  profile-open = 0  node = 35068  level = 45  refs = 4  leaves = 4  phase = 0  slack = 11.949997  area-save = 0.930000  arrival-delta = -2.119980  arrival-gain-margin = 1.585000  area-margin = 1.400000  one-inv-area = 0.700000
stmap35 near-miss diag: index = 9  reason = moderate-gain-gate  profile-open = 0  node = 35068  level = 45  refs = 4  leaves = 4  phase = 0  slack = 11.949997  area-save = 0.930000  arrival-delta = -2.119980  arrival-gain-margin = 1.585000  area-margin = 1.400000  one-inv-area = 0.700000
stmap35 moderate penalty block diag: index = 1  node = 37979  level = 42  refs = 5  leaves = 4  phase = 1  slack = 7.170013  area-save = 0.930000  arrival-delta = -3.699997  arrival-gain-margin = 1.585000  penalty-factor = 0.349  area-margin = 0.944093
stmap35 near-miss diag: index = 10  reason = continuous-penalty-area-gate  profile-open = 0  node = 37979  level = 42  refs = 5  leaves = 4  phase = 1  slack = 7.170013  area-save = 0.930000  arrival-delta = -3.699997  arrival-gain-margin = 1.585000  area-margin = 0.944093  one-inv-area = 0.700000
stmap35 moderate penalty block diag: index = 2  node = 37979  level = 42  refs = 5  leaves = 4  phase = 1  slack = 7.170013  area-save = 0.930000  arrival-delta = -3.699997  arrival-gain-margin = 1.585000  penalty-factor = 0.349  area-margin = 0.944093
stmap35 near-miss diag: index = 11  reason = continuous-penalty-area-gate  profile-open = 0  node = 37979  level = 42  refs = 5  leaves = 4  phase = 1  slack = 7.170013  area-save = 0.930000  arrival-delta = -3.699997  arrival-gain-margin = 1.585000  area-margin = 0.944093  one-inv-area = 0.700000
stmap35 near-miss diag: index = 12  reason = moderate-gain-gate  profile-open = 0  node = 37979  level = 42  refs = 5  leaves = 5  phase = 1  slack = 7.170013  area-save = 0.930000  arrival-delta = -2.199997  arrival-gain-margin = 1.585000  area-margin = 1.400000  one-inv-area = 0.700000
stmap35 relief diag: index = 5  profile-open = 1  node = 25927  level = 7  refs = 4  leaves = 5  phase = 0  slack = 6.619999  area-save = 0.940000  arrival-delta = -1.600002  arrival-gain-margin = 1.585000  area-margin = 0.700000
stmap35 guard stats: exact-risk = 98465  highest = 48767  lower-mod = 38540  upper-mod = 11158  middle-slack = 1992  middle-relief = 5  reject-slack = 35970  reject-highest = 28279  reject-arrival = 16695  reject-area = 17179
stmap35 near-miss stats: near-miss = 12
stmap35 early-seed stats: early-seed = 4
stmap35 penalty stats: moderate-penalty-seed = 0  moderate-penalty-blocked = 2  strong-penalty-seed = 1  strong-penalty-blocked = 0
stmap65 feedback-load stats: nodes = 20805  matched = 20740  fanout-pins = 54992  over-max = 133  avg-load-ratio = 0.083  max-load-ratio = 11.716
stmap65 feedback-load criticality: timing-delay = 3122.294  critical-nodes = 2346  avg-criticality = 0.066  max-criticality = 1.000
stmap65 feedback-load top: rank = 1  node = 20772  gate = NAND2xp33_ASAP7_75t_L  fanouts = 306  load = 134.970  max-cap = 11.520  load-ratio = 11.716
stmap65 feedback-load top: rank = 2  node = 16040  gate = NOR2xp33_ASAP7_75t_L  fanouts = 300  load = 131.852  max-cap = 11.520  load-ratio = 11.445
stmap65 feedback-load top: rank = 3  node = 11524  gate = NAND2xp33_ASAP7_75t_L  fanouts = 289  load = 124.835  max-cap = 11.520  load-ratio = 10.836
stmap65 feedback-load top: rank = 4  node = 11554  gate = NOR2xp33_ASAP7_75t_L  fanouts = 277  load = 122.915  max-cap = 11.520  load-ratio = 10.670
stmap65 feedback-load top: rank = 5  node = 11476  gate = AOI22xp33_ASAP7_75t_L  fanouts = 283  load = 122.350  max-cap = 11.520  load-ratio = 10.621
stmap65 sink-pressure stats: roots = 133  consumer-fanin = 319126  consumer-fanout = 35406  raw-pressure-entries = 8980  raw-pressure-updates = 7261  sink-pressure-entries = 8980  sink-pressure-updates = 7463  pressure-missed = 0  pressure-capacity = 65536  tracked-aig = 27645  tracked-node = -1  tracked-raw-ratio = 0.000  tracked-sink-ratio = 0.000
stmap65 sink-pressure: rank = 1  aig-id = 9165  mapped-node = 7343  sink-pressure-ratio = 9.203
stmap65 sink-pressure: rank = 2  aig-id = 10356  mapped-node = 8201  sink-pressure-ratio = 8.569
stmap65 sink-pressure: rank = 3  aig-id = 9135  mapped-node = 7308  sink-pressure-ratio = 8.283
stmap65 sink-pressure: rank = 4  aig-id = 9166  mapped-node = 7614  sink-pressure-ratio = 7.978
stmap65 sink-pressure: rank = 5  aig-id = 9131  mapped-node = 7305  sink-pressure-ratio = 7.915
stmap65 sink-pressure: rank = 6  aig-id = 16080  mapped-node = 9405  sink-pressure-ratio = 7.860
stmap65 sink-pressure: rank = 7  aig-id = 19095  mapped-node = 11619  sink-pressure-ratio = 7.794
stmap65 sink-pressure: rank = 8  aig-id = 19100  mapped-node = 11611  sink-pressure-ratio = 7.770
stmap65 sink-pressure: rank = 9  aig-id = 19121  mapped-node = 11605  sink-pressure-ratio = 7.707
stmap65 sink-pressure: rank = 10  aig-id = 15688  mapped-node = 10070  sink-pressure-ratio = 7.506
stmap65 feedback: remap = 1  active = 1  max-load-ratio = 11.716  over-max-frac = 0.006413  severity = 0.884  raw-pressure-entries = 8980  sink-pressure-entries = 8980  pressure-capacity = 65536
stmap65 blended-gain: base-gain = 250.00  blend-gain = 225.00  selected-gain = 225.00  severity-threshold = 0.850  raw-pressure-threshold = 8000  selected-blend-gain = 1
stmap65 bounded-pressure stats: severe-transfer = 1  raw-weight = 0.72  ratio-cap = 2.100  bounded-pressure-entries = 8980  lifted = 3540  capped = 6316  raw-only = 0  sink-fallback = 5440  tracked-aig = 27645  tracked-raw-ratio = 0.000  tracked-sink-ratio = 0.000  tracked-bounded-ratio = 0.000
stmap65 mapper-mode: bounded-pressure-transfer-mode = 57  cut-only-before-moderate = 0  load-drop-cut-only-guard = 0  strong-node-load-drop-guard = 1  strong-node-pressure-min = 1.250  blended-gain = 225.00  pressure-feed = bounded-raw  raw-weight = 0.72  bounded-ratio-cap = 2.100  inherited-cut-only-area-save-cap = 1.35x-inverter  tracked-near-miss-node = 23628  cut-only-gate-diag = 1
stmap56 strong penalty block diag: index = 1  node = 2318  aig-id = 5548  level = 29  refs = 5  leaves = 4  phase = 0  slack = 6.809982  area-save = 0.930000  arrival-delta = -16.480011  arrival-gain-margin = 1.510000  penalty-factor = 0.599  area-margin = 1.119019  cut-leaf-load-avg = 6.750  fanout-limit = 1  load-drive-ratio = 6.750  node-sink-pressure-ratio = 1.911  cut-sink-pressure-ratio = 1.712  scl-feedback = 0.884
stmap56 near-miss diag: index = 1  reason = relaxed-cap-cut-only-strong-penalty-gate  profile-open = 0  node = 2318  level = 29  refs = 5  leaves = 4  phase = 0  slack = 6.809982  area-save = 0.930000  arrival-delta = -16.480011  arrival-gain-margin = 1.510000  area-margin = 1.119019  one-inv-area = 0.700000
stmap56 strong penalty block diag: index = 2  node = 2318  aig-id = 5548  level = 29  refs = 5  leaves = 4  phase = 0  slack = 6.809982  area-save = 0.930000  arrival-delta = -11.389999  arrival-gain-margin = 1.510000  penalty-factor = 0.428  area-margin = 0.999807  cut-leaf-load-avg = 5.500  fanout-limit = 1  load-drive-ratio = 5.500  node-sink-pressure-ratio = 1.911  cut-sink-pressure-ratio = 1.552  scl-feedback = 0.884
stmap56 near-miss diag: index = 2  reason = relaxed-cap-cut-only-strong-penalty-gate  profile-open = 0  node = 2318  level = 29  refs = 5  leaves = 4  phase = 0  slack = 6.809982  area-save = 0.930000  arrival-delta = -11.389999  arrival-gain-margin = 1.510000  area-margin = 0.999807  one-inv-area = 0.700000
stmap56 near-miss diag: index = 3  reason = cut-only-moderate-block  profile-open = 0  node = 3821  level = 41  refs = 4  leaves = 4  phase = 0  slack = 8.899994  area-save = 0.930000  arrival-delta = -11.220001  arrival-gain-margin = 1.510000  area-margin = 1.400000  one-inv-area = 0.700000
stmap56 near-miss diag: index = 4  reason = arrival-gate  profile-open = 0  node = 5785  level = 44  refs = 4  leaves = 4  phase = 0  slack = 11.249969  area-save = 0.930000  arrival-delta = -0.529999  arrival-gain-margin = 1.510000  area-margin = 1.400000  one-inv-area = 0.700000
stmap56 near-miss diag: index = 5  reason = moderate-gain-gate  profile-open = 0  node = 5785  level = 44  refs = 4  leaves = 4  phase = 1  slack = 8.079941  area-save = 0.930000  arrival-delta = -3.009995  arrival-gain-margin = 1.510000  area-margin = 1.400000  one-inv-area = 0.700000
stmap56 near-miss diag: index = 6  reason = moderate-gain-gate  profile-open = 0  node = 5785  level = 44  refs = 4  leaves = 4  phase = 1  slack = 8.079941  area-save = 0.930000  arrival-delta = -3.009995  arrival-gain-margin = 1.510000  area-margin = 1.400000  one-inv-area = 0.700000
stmap56 near-miss diag: index = 7  reason = moderate-gain-gate  profile-open = 0  node = 5785  level = 44  refs = 4  leaves = 5  phase = 1  slack = 8.079941  area-save = 0.930000  arrival-delta = -1.619995  arrival-gain-margin = 1.510000  area-margin = 1.400000  one-inv-area = 0.700000
stmap56 near-miss diag: index = 8  reason = moderate-gain-gate  profile-open = 0  node = 5785  level = 44  refs = 4  leaves = 5  phase = 1  slack = 8.079941  area-save = 0.930000  arrival-delta = -1.619995  arrival-gain-margin = 1.510000  area-margin = 1.400000  one-inv-area = 0.700000
stmap56 moderate penalty block diag: index = 1  node = 12167  aig-id = 13915  level = 55  refs = 5  leaves = 4  phase = 1  slack = 6.739990  area-save = 0.930000  arrival-delta = -4.720001  arrival-gain-margin = 1.510000  penalty-factor = 0.000  area-margin = 1.400000  node-sink-pressure-ratio = 1.165  cut-sink-pressure-ratio = 2.100  area-cap = 0  scl-feedback = 0.884
stmap56 near-miss diag: index = 9  reason = cut-only-moderate-block  profile-open = 0  node = 12167  level = 55  refs = 5  leaves = 4  phase = 1  slack = 6.739990  area-save = 0.930000  arrival-delta = -4.720001  arrival-gain-margin = 1.510000  area-margin = 1.400000  one-inv-area = 0.700000
stmap56 near-miss diag: index = 10  reason = cut-only-moderate-block  profile-open = 0  node = 23595  level = 34  refs = 4  leaves = 5  phase = 1  slack = 10.410019  area-save = 0.930000  arrival-delta = -3.619995  arrival-gain-margin = 1.510000  area-margin = 1.400000  one-inv-area = 0.700000
stmap56 near-miss diag: index = 11  reason = cut-only-moderate-block  profile-open = 0  node = 23595  level = 34  refs = 4  leaves = 5  phase = 1  slack = 10.410019  area-save = 0.930000  arrival-delta = -7.480011  arrival-gain-margin = 1.510000  area-margin = 1.400000  one-inv-area = 0.700000
stmap56 near-miss diag: index = 12  reason = cut-only-moderate-block  profile-open = 0  node = 23595  level = 34  refs = 4  leaves = 5  phase = 1  slack = 10.410019  area-save = 0.930000  arrival-delta = -3.619995  arrival-gain-margin = 1.510000  area-margin = 1.400000  one-inv-area = 0.700000
stmap56 relief diag: index = 1  profile-open = 0  node = 23595  level = 34  refs = 4  leaves = 5  phase = 1  slack = 10.410019  area-save = 0.930000  arrival-delta = -8.000000  arrival-gain-margin = 1.510000  area-margin = 0.700000
stmap61 cut-only gate diag: index = 1  near-miss-index = 13  tracked-node = 23628  node-aig-id = 27645  phase = 0  reason = moderate-gain-gate  first-blocker = soft-seed  profile-open = 0  early-depth = 0  soft-seed = 0  moderate-candidate = 0  tight-critical = 0  slack-1p25-pass = 1  pressure-agreement = 0  pressure-near = 0  primitive-pass = 0  raw-expected = 0  raw-pass = 0  area-cap-pass = 1  area-cap-blocked = 0  accepted = 0  severe-feedback-pass = 1  pressure-entries = 8980  pressure-entries-pass = 1  moderate-gain-pass = 0  node-zero-pass = 1  cut-band-pass = 0  arrival-strength-pass = 0  slack-pass = 1  node-sink-pressure-ratio = 0.000  cut-sink-pressure-ratio = 0.000  slack = 6.719986  slack-margin = 6.040000  area-save = 0.930000  area-save-cap = 0.945000  arrival-delta = -2.330002  arrival-gain-margin = 1.510000  area-margin = 1.400000  one-inv-area = 0.700000  scl-feedback = 0.884
stmap60 near-miss leaf diag: index = 1  near-miss-index = 13  tracked-node = 23628  node-aig-id = 27645  phase = 0  leaf-index = 0  leaf-node = 23506  leaf-aig-id = 26909  leaf-pressure-ratio = 2.100  node-sink-pressure-ratio = 0.000  cut-sink-pressure-ratio = 0.000  reason = moderate-gain-gate
stmap60 near-miss leaf diag: index = 1  near-miss-index = 13  tracked-node = 23628  node-aig-id = 27645  phase = 0  leaf-index = 1  leaf-node = 23582  leaf-aig-id = 27022  leaf-pressure-ratio = 1.712  node-sink-pressure-ratio = 0.000  cut-sink-pressure-ratio = 0.000  reason = moderate-gain-gate
stmap60 near-miss leaf diag: index = 1  near-miss-index = 13  tracked-node = 23628  node-aig-id = 27645  phase = 0  leaf-index = 2  leaf-node = 23616  leaf-aig-id = 26972  leaf-pressure-ratio = 2.100  node-sink-pressure-ratio = 0.000  cut-sink-pressure-ratio = 0.000  reason = moderate-gain-gate
stmap60 near-miss leaf diag: index = 1  near-miss-index = 13  tracked-node = 23628  node-aig-id = 27645  phase = 0  leaf-index = 3  leaf-node = 23626  leaf-aig-id = 27065  leaf-pressure-ratio = 2.100  node-sink-pressure-ratio = 0.000  cut-sink-pressure-ratio = 0.000  reason = moderate-gain-gate
stmap60 near-miss leaf summary: index = 1  near-miss-index = 13  tracked-node = 23628  node-aig-id = 27645  phase = 0  leaves = 4  max-leaf-node = 23506  max-leaf-aig-id = 26909  max-leaf-pressure-ratio = 2.100  node-sink-pressure-ratio = 0.000  cut-sink-pressure-ratio = 0.000  slack = 6.719986  area-save = 0.930000  arrival-delta = -2.330002  arrival-gain-margin = 1.510000  area-margin = 1.400000  scl-feedback = 0.884
stmap56 near-miss diag: index = 13  reason = moderate-gain-gate  profile-open = 0  node = 23628  level = 38  refs = 4  leaves = 4  phase = 0  slack = 6.719986  area-save = 0.930000  arrival-delta = -2.330002  arrival-gain-margin = 1.510000  area-margin = 1.400000  one-inv-area = 0.700000
stmap61 cut-only gate diag: index = 2  near-miss-index = 14  tracked-node = 23628  node-aig-id = 27645  phase = 0  reason = cut-only-moderate-block  first-blocker = moderate-candidate  profile-open = 0  early-depth = 0  soft-seed = 1  moderate-candidate = 0  tight-critical = 1  slack-1p25-pass = 1  pressure-agreement = 0  pressure-near = 0  primitive-pass = 1  raw-expected = 0  raw-pass = 0  area-cap-pass = 1  area-cap-blocked = 0  accepted = 0  severe-feedback-pass = 1  pressure-entries = 8980  pressure-entries-pass = 1  moderate-gain-pass = 1  node-zero-pass = 1  cut-band-pass = 1  arrival-strength-pass = 1  slack-pass = 1  node-sink-pressure-ratio = 0.000  cut-sink-pressure-ratio = 2.100  slack = 6.719986  slack-margin = 6.040000  area-save = 0.930000  area-save-cap = 0.945000  arrival-delta = -12.100006  arrival-gain-margin = 1.510000  area-margin = 1.400000  one-inv-area = 0.700000  scl-feedback = 0.884
stmap60 near-miss leaf diag: index = 2  near-miss-index = 14  tracked-node = 23628  node-aig-id = 27645  phase = 0  leaf-index = 0  leaf-node = 23582  leaf-aig-id = 27022  leaf-pressure-ratio = 1.712  node-sink-pressure-ratio = 0.000  cut-sink-pressure-ratio = 2.100  reason = cut-only-moderate-block
stmap60 near-miss leaf diag: index = 2  near-miss-index = 14  tracked-node = 23628  node-aig-id = 27645  phase = 0  leaf-index = 1  leaf-node = 23617  leaf-aig-id = 27058  leaf-pressure-ratio = 2.100  node-sink-pressure-ratio = 0.000  cut-sink-pressure-ratio = 2.100  reason = cut-only-moderate-block
stmap60 near-miss leaf diag: index = 2  near-miss-index = 14  tracked-node = 23628  node-aig-id = 27645  phase = 0  leaf-index = 2  leaf-node = 23619  leaf-aig-id = 27011  leaf-pressure-ratio = 2.100  node-sink-pressure-ratio = 0.000  cut-sink-pressure-ratio = 2.100  reason = cut-only-moderate-block
stmap60 near-miss leaf diag: index = 2  near-miss-index = 14  tracked-node = 23628  node-aig-id = 27645  phase = 0  leaf-index = 3  leaf-node = 23625  leaf-aig-id = 27064  leaf-pressure-ratio = 0.000  node-sink-pressure-ratio = 0.000  cut-sink-pressure-ratio = 2.100  reason = cut-only-moderate-block
stmap60 near-miss leaf summary: index = 2  near-miss-index = 14  tracked-node = 23628  node-aig-id = 27645  phase = 0  leaves = 4  max-leaf-node = 23617  max-leaf-aig-id = 27058  max-leaf-pressure-ratio = 2.100  node-sink-pressure-ratio = 0.000  cut-sink-pressure-ratio = 2.100  slack = 6.719986  area-save = 0.930000  arrival-delta = -12.100006  arrival-gain-margin = 1.510000  area-margin = 1.400000  scl-feedback = 0.884
stmap56 near-miss diag: index = 14  reason = cut-only-moderate-block  profile-open = 0  node = 23628  level = 38  refs = 4  leaves = 4  phase = 0  slack = 6.719986  area-save = 0.930000  arrival-delta = -12.100006  arrival-gain-margin = 1.510000  area-margin = 1.400000  one-inv-area = 0.700000
stmap56 near-miss diag: index = 15  reason = cut-only-moderate-block  profile-open = 0  node = 23629  level = 34  refs = 5  leaves = 5  phase = 1  slack = 10.309967  area-save = 0.930000  arrival-delta = -8.000000  arrival-gain-margin = 1.510000  area-margin = 1.400000  one-inv-area = 0.700000
stmap56 near-miss diag: index = 16  reason = cut-only-moderate-block  profile-open = 0  node = 23629  level = 34  refs = 5  leaves = 5  phase = 1  slack = 10.309967  area-save = 0.930000  arrival-delta = -11.759995  arrival-gain-margin = 1.510000  area-margin = 1.400000  one-inv-area = 0.700000
stmap56 near-miss diag: index = 17  reason = cut-only-moderate-block  profile-open = 0  node = 23629  level = 34  refs = 5  leaves = 5  phase = 1  slack = 10.309967  area-save = 0.930000  arrival-delta = -7.480011  arrival-gain-margin = 1.510000  area-margin = 1.400000  one-inv-area = 0.700000
stmap56 near-miss diag: index = 18  reason = cut-only-moderate-block  profile-open = 0  node = 35068  level = 45  refs = 4  leaves = 4  phase = 0  slack = 11.810013  area-save = 0.930000  arrival-delta = -4.309998  arrival-gain-margin = 1.510000  area-margin = 1.400000  one-inv-area = 0.700000
stmap56 guard stats: exact-risk = 98177  highest = 48853  lower-mod = 38104  upper-mod = 11220  middle-slack = 1662  middle-relief = 1  reject-slack = 35874  reject-highest = 28166  reject-arrival = 16631  reject-area = 17173
stmap56 near-miss stats: near-miss = 18
stmap56 early-seed stats: early-seed = 1
stmap56 penalty stats: pressure-near-exception-seed = 0  pressure-near-exception-blocked = 0  cut-only-exception-seed = 0  cut-only-exception-blocked = 0  cut-only-area-cap-blocked = 0  moderate-penalty-seed = 0  moderate-penalty-blocked = 1  strong-penalty-seed = 0  strong-penalty-blocked = 2
stmap60 near-miss leaf stats: tracked-node = 23628  hits = 2  leaf-rows = 8  max-leaf-node = 23506  max-leaf-aig-id = 26909  max-leaf-pressure-ratio = 2.100
stmap61 cut-only gate stats: tracked-node = 23628  hits = 2  primitive-pass = 1  raw-pass = 0  raw-blocked-by-moderate = 1  raw-blocked-by-primitive = 0  area-cap-pass = 0  area-cap-blocked = 0  accepted = 0  soft-seed-fail = 1  moderate-candidate-fail = 2  feedback-fail = 0  entry-fail = 0  agreement-blocked = 0  node-zero-fail = 0  cut-band-fail = 1  arrival-fail = 1  slack-fail = 0
stmap65 scl-load stats: nodes = 21304  matched = 21239  fanout-pins = 56498  over-max = 136  avg-load-ratio = 0.084  max-load-ratio = 11.594
stmap65 scl-load criticality: timing-delay = 3467.331  critical-nodes = 1224  avg-criticality = 0.045  max-criticality = 1.000
stmap65 scl-load top: rank = 1  node = 16443  gate = NOR2xp33_ASAP7_75t_L  fanouts = 304  load = 133.564  max-cap = 11.520  load-ratio = 11.594
stmap65 scl-load top: rank = 2  node = 11664  gate = NAND2xp33_ASAP7_75t_L  fanouts = 308  load = 133.291  max-cap = 11.520  load-ratio = 11.570
stmap65 scl-load top: rank = 3  node = 21249  gate = NAND2xp33_ASAP7_75t_L  fanouts = 296  load = 130.403  max-cap = 11.520  load-ratio = 11.320
stmap65 scl-load top: rank = 4  node = 11728  gate = NOR2xp33_ASAP7_75t_L  fanouts = 280  load = 124.298  max-cap = 11.520  load-ratio = 10.790
stmap65 scl-load top: rank = 5  node = 7302  gate = NAND2xp33_ASAP7_75t_L  fanouts = 282  load = 122.755  max-cap = 11.520  load-ratio = 10.656
Parameters: Iters = 1000.  Time win =  1 %. Update ratio = 10 %. UseDept = 1. UseWL = 0. Target =    0 ps. DelayGap =  0 ps. Timeout =   0 sec
   0 Win:  1. PO:    40. Path:    281. Gate:   28. TFO:   8303. A: 22968.76 ( +0.1 %)  D: 605.94 ps ( -5.5 %)  B: 605.94 ps ( -5.5 %)    0.00 sec    
   1 Win:  1. PO:    40. Path:    267. Gate:   26. TFO:   8275. A: 22993.26 ( +0.2 %)  D: 597.42 ps ( -6.8 %)  B: 597.42 ps ( -6.8 %)    0.01 sec    
   2 Win:  1. PO:    22. Path:    171. Gate:   17. TFO:   7720. A: 23006.33 ( +0.3 %)  D: 584.22 ps ( -8.9 %)  B: 584.22 ps ( -8.9 %)    0.01 sec    
   3 Win:  1. PO:    20. Path:    115. Gate:   11. TFO:   3853. A: 23014.03 ( +0.3 %)  D: 570.55 ps (-11.0 %)  B: 570.55 ps (-11.0 %)    0.01 sec    
   4 Win:  1. PO:    40. Path:    218. Gate:   21. TFO:   8745. A: 23030.37 ( +0.4 %)  D: 561.72 ps (-12.4 %)  B: 561.72 ps (-12.4 %)    0.01 sec    
   5 Win:  1. PO:    40. Path:    266. Gate:   26. TFO:   7764. A: 23052.07 ( +0.5 %)  D: 554.75 ps (-13.5 %)  B: 554.75 ps (-13.5 %)    0.02 sec    
   6 Win:  2. PO:    81. Path:    807. Gate:   80. TFO:  16373. A: 23105.04 ( +0.7 %)  D: 542.89 ps (-15.3 %)  B: 542.89 ps (-15.3 %)    0.02 sec    
   7 Win:  1. PO:    20. Path:    183. Gate:   18. TFO:   3731. A: 23123.48 ( +0.8 %)  D: 538.63 ps (-16.0 %)  B: 538.63 ps (-16.0 %)    0.02 sec    
   8 Win:  1. PO:    20. Path:    122. Gate:   12. TFO:   3499. A: 23136.08 ( +0.8 %)  D: 532.14 ps (-17.0 %)  B: 532.14 ps (-17.0 %)    0.02 sec    
   9 Win:  1. PO:    60. Path:    397. Gate:   39. TFO:  10804. A: 23166.65 ( +1.0 %)  D: 526.71 ps (-17.9 %)  B: 526.71 ps (-17.9 %)    0.03 sec    
  10 Win:  1. PO:    41. Path:    298. Gate:   29. TFO:   7480. A: 23189.52 ( +1.1 %)  D: 524.00 ps (-18.3 %)  B: 524.00 ps (-18.3 %)    0.03 sec    
  11 Win:  1. PO:    40. Path:    228. Gate:   22. TFO:   7747. A: 23214.02 ( +1.2 %)  D: 516.05 ps (-19.5 %)  B: 516.05 ps (-19.5 %)    0.03 sec    
  12 Win:  1. PO:    80. Path:    589. Gate:   58. TFO:  15205. A: 23257.19 ( +1.4 %)  D: 509.19 ps (-20.6 %)  B: 509.19 ps (-20.6 %)    0.04 sec    
  13 Win:  2. PO:    81. Path:   1702. Gate:  170. TFO:  16582. A: 23379.71 ( +1.9 %)  D: 501.52 ps (-21.8 %)  B: 501.52 ps (-21.8 %)    0.05 sec    
  14 Win:  1. PO:    60. Path:    430. Gate:   43. TFO:  10443. A: 23418.21 ( +2.1 %)  D: 495.28 ps (-22.8 %)  B: 495.28 ps (-22.8 %)    0.05 sec    
  15 Win:  1. PO:    57. Path:    405. Gate:   40. TFO:  11019. A: 23449.25 ( +2.2 %)  D: 493.81 ps (-23.0 %)  B: 493.81 ps (-23.0 %)    0.06 sec    
  16 Win:  1. PO:    41. Path:    496. Gate:   49. TFO:  10145. A: 23491.49 ( +2.4 %)  D: 493.73 ps (-23.0 %)  B: 493.73 ps (-23.0 %)    0.06 sec    
  17 Win:  1. PO:    60. Path:    336. Gate:   33. TFO:  10666. A: 23523.46 ( +2.5 %)  D: 490.50 ps (-23.5 %)  B: 490.50 ps (-23.5 %)    0.07 sec    
  18 Win:  1. PO:    61. Path:    581. Gate:   58. TFO:  11847. A: 23567.56 ( +2.7 %)  D: 491.14 ps (-23.4 %)  B: 490.50 ps (-23.5 %)    0.07 sec    
  19 Win:  1. PO:    20. Path:    163. Gate:   16. TFO:   3444. A: 23580.63 ( +2.8 %)  D: 492.74 ps (-23.2 %)  B: 490.50 ps (-23.5 %)    0.07 sec    
  20 Win:  2. PO:    77. Path:    812. Gate:   81. TFO:  15000. A: 23635.47 ( +3.0 %)  D: 489.15 ps (-23.7 %)  B: 489.15 ps (-23.7 %)    0.08 sec    
  21 Win:  1. PO:    40. Path:    253. Gate:   25. TFO:   6782. A: 23649.94 ( +3.1 %)  D: 485.85 ps (-24.2 %)  B: 485.85 ps (-24.2 %)    0.08 sec    
  22 Win:  1. PO:    40. Path:    540. Gate:   48. TFO:   7065. A: 23686.34 ( +3.2 %)  D: 484.85 ps (-24.4 %)  B: 484.85 ps (-24.4 %)    0.08 sec    
  23 Win:  1. PO:    42. Path:    666. Gate:   66. TFO:  11495. A: 23728.35 ( +3.4 %)  D: 490.12 ps (-23.6 %)  B: 484.85 ps (-24.4 %)    0.09 sec    
  24 Win:  1. PO:    21. Path:    151. Gate:   15. TFO:   4226. A: 23737.45 ( +3.5 %)  D: 485.18 ps (-24.3 %)  B: 484.85 ps (-24.4 %)    0.09 sec    
  25 Win:  1. PO:    40. Path:    291. Gate:   15. TFO:   3312. A: 23749.12 ( +3.5 %)  D: 483.79 ps (-24.6 %)  B: 483.79 ps (-24.6 %)    0.09 sec    
  26 Win:  1. PO:    40. Path:    362. Gate:   20. TFO:   5606. A: 23763.82 ( +3.6 %)  D: 483.67 ps (-24.6 %)  B: 483.67 ps (-24.6 %)    0.09 sec    
  27 Win:  2. PO:    63. Path:   1115. Gate:  111. TFO:  15765. A: 23828.69 ( +3.9 %)  D: 482.84 ps (-24.7 %)  B: 482.84 ps (-24.7 %)    0.10 sec    
  28 Win:  1. PO:    40. Path:    275. Gate:   13. TFO:   7590. A: 23839.89 ( +3.9 %)  D: 483.58 ps (-24.6 %)  B: 482.84 ps (-24.7 %)    0.10 sec    
  29 Win:  1. PO:    40. Path:    254. Gate:    3. TFO:    576. A: 23840.83 ( +3.9 %)  D: 483.58 ps (-24.6 %)  B: 482.84 ps (-24.7 %)    0.10 sec    
  30 Win:  1. PO:    40. Path:    252. Gate:    1. TFO:   2738. A: 23840.83 ( +3.9 %)  D: 484.32 ps (-24.5 %)  B: 482.84 ps (-24.7 %)    0.11 sec    
  31 Win:  1. PO:    20. Path:    199. Gate:    3. TFO:   3311. A: 23840.59 ( +3.9 %)  D: 483.34 ps (-24.6 %)  B: 482.84 ps (-24.7 %)    0.11 sec    
  32 Win:  1. PO:    40. Path:    279. Gate:    1. TFO:   2772. A: 23842.46 ( +3.9 %)  D: 482.49 ps (-24.8 %)  B: 482.49 ps (-24.8 %)    0.11 sec    
  33 Win:  1. PO:    40. Path:    303. Gate:    7. TFO:   7587. A: 23840.83 ( +3.9 %)  D: 480.34 ps (-25.1 %)  B: 480.34 ps (-25.1 %)    0.11 sec    
  34 Win:  2. PO:    82. Path:   1333. Gate:  133. TFO:  16400. A: 23898.47 ( +4.2 %)  D: 486.75 ps (-24.1 %)  B: 480.34 ps (-25.1 %)    0.12 sec    
  35 Win:  1. PO:    40. Path:    129. Gate:    3. TFO:   4421. A: 23904.30 ( +4.2 %)  D: 483.08 ps (-24.7 %)  B: 480.34 ps (-25.1 %)    0.12 sec    
  36 Win:  1. PO:    40. Path:    304. Gate:    8. TFO:   3447. A: 23909.20 ( +4.2 %)  D: 484.24 ps (-24.5 %)  B: 480.34 ps (-25.1 %)    0.12 sec    
  37 Win:  1. PO:    40. Path:    309. Gate:    3. TFO:   1091. A: 23912.00 ( +4.2 %)  D: 484.24 ps (-24.5 %)  B: 480.34 ps (-25.1 %)    0.12 sec    
  38 Win:  1. PO:    40. Path:    311. Gate:    2. TFO:   3256. A: 23915.50 ( +4.2 %)  D: 485.37 ps (-24.3 %)  B: 480.34 ps (-25.1 %)    0.12 sec    
  39 Win:  1. PO:    40. Path:    281. Gate:    3. TFO:   2773. A: 23915.50 ( +4.2 %)  D: 483.52 ps (-24.6 %)  B: 480.34 ps (-25.1 %)    0.13 sec    
  40 Win:  1. PO:    40. Path:    313. Gate:    8. TFO:   4701. A: 23912.47 ( +4.2 %)  D: 485.13 ps (-24.3 %)  B: 480.34 ps (-25.1 %)    0.13 sec    
  41 Win:  2. PO:    41. Path:    643. Gate:   46. TFO:   7757. A: 23929.98 ( +4.3 %)  D: 486.63 ps (-24.1 %)  B: 480.34 ps (-25.1 %)    0.13 sec    
  42 Win:  1. PO:    20. Path:    171. Gate:    4. TFO:   3174. A: 23929.98 ( +4.3 %)  D: 485.67 ps (-24.3 %)  B: 480.34 ps (-25.1 %)    0.13 sec    
  43 Win:  1. PO:    40. Path:    216. Gate:    6. TFO:   6474. A: 23932.78 ( +4.3 %)  D: 484.98 ps (-24.4 %)  B: 480.34 ps (-25.1 %)    0.14 sec    
  44 Win:  1. PO:    40. Path:    230. Gate:    4. TFO:   5167. A: 23938.14 ( +4.3 %)  D: 483.84 ps (-24.5 %)  B: 480.34 ps (-25.1 %)    0.14 sec    
  45 Win:  1. PO:    40. Path:    251. Gate:    2. TFO:   3256. A: 23942.34 ( +4.3 %)  D: 483.84 ps (-24.5 %)  B: 480.34 ps (-25.1 %)    0.14 sec    
  46 Win:  1. PO:    40. Path:    247. Gate:    4. TFO:   3321. A: 23946.54 ( +4.4 %)  D: 483.53 ps (-24.6 %)  B: 480.34 ps (-25.1 %)    0.14 sec    
  47 Win:  1. PO:    40. Path:    227. Gate:    2. TFO:   2841. A: 23947.94 ( +4.4 %)  D: 482.23 ps (-24.8 %)  B: 480.34 ps (-25.1 %)    0.14 sec    
  48 Win:  2. PO:    41. Path:    707. Gate:   48. TFO:   7134. A: 23972.68 ( +4.5 %)  D: 484.94 ps (-24.4 %)  B: 480.34 ps (-25.1 %)    0.15 sec    
  49 Win:  1. PO:    20. Path:    261. Gate:    4. TFO:   3359. A: 23968.48 ( +4.5 %)  D: 489.74 ps (-23.6 %)  B: 480.34 ps (-25.1 %)    0.15 sec    
  50 Win:  1. PO:    20. Path:     91. Gate:    2. TFO:    440. A: 23972.22 ( +4.5 %)  D: 489.74 ps (-23.6 %)  B: 480.34 ps (-25.1 %)    0.15 sec    
  51 Win:  2. PO:    21. Path:    347. Gate:    5. TFO:   3191. A: 23971.05 ( +4.5 %)  D: 490.06 ps (-23.6 %)  B: 480.34 ps (-25.1 %)    0.15 sec    
  52 Win:  2. PO:    21. Path:    368. Gate:    3. TFO:   3299. A: 23968.95 ( +4.5 %)  D: 491.21 ps (-23.4 %)  B: 480.34 ps (-25.1 %)    0.15 sec    
  53 Win:  1. PO:    20. Path:    105. Gate:    3. TFO:   3626. A: 23970.35 ( +4.5 %)  D: 484.85 ps (-24.4 %)  B: 480.34 ps (-25.1 %)    0.15 sec    
  54 Win:  1. PO:    20. Path:    254. Gate:   13. TFO:   3398. A: 23973.15 ( +4.5 %)  D: 483.63 ps (-24.6 %)  B: 480.34 ps (-25.1 %)    0.15 sec    
  55 Win:  2. PO:    41. Path:    665. Gate:   36. TFO:   6283. A: 23983.65 ( +4.5 %)  D: 486.17 ps (-24.2 %)  B: 480.34 ps (-25.1 %)    0.16 sec    
  56 Win:  1. PO:    20. Path:    165. Gate:    7. TFO:   2454. A: 23986.69 ( +4.5 %)  D: 486.17 ps (-24.2 %)  B: 480.34 ps (-25.1 %)    0.16 sec    
  57 Win:  1. PO:    20. Path:    153. Gate:    5. TFO:   3310. A: 23988.79 ( +4.5 %)  D: 486.88 ps (-24.1 %)  B: 480.34 ps (-25.1 %)    0.16 sec    
  58 Win:  2. PO:    21. Path:    377. Gate:   11. TFO:   3626. A: 23999.99 ( +4.6 %)  D: 488.06 ps (-23.9 %)  B: 480.34 ps (-25.1 %)    0.16 sec    
  59 Win:  1. PO:    20. Path:    206. Gate:    7. TFO:   3414. A: 24001.39 ( +4.6 %)  D: 488.86 ps (-23.8 %)  B: 480.34 ps (-25.1 %)    0.16 sec    
  60 Win:  1. PO:    20. Path:    155. Gate:    5. TFO:   3402. A: 24004.43 ( +4.6 %)  D: 488.32 ps (-23.8 %)  B: 480.34 ps (-25.1 %)    0.16 sec    
  61 Win:  1. PO:    20. Path:    151. Gate:    1. TFO:   1190. A: 24002.79 ( +4.6 %)  D: 491.79 ps (-23.3 %)  B: 480.34 ps (-25.1 %)    0.17 sec    
  62 Win:  2. PO:    21. Path:    286. Gate:   12. TFO:   3399. A: 24008.86 ( +4.6 %)  D: 488.93 ps (-23.7 %)  B: 480.34 ps (-25.1 %)    0.17 sec    
  63 Win:  1. PO:    20. Path:    149. Gate:    3. TFO:   2867. A: 24006.53 ( +4.6 %)  D: 487.69 ps (-23.9 %)  B: 480.34 ps (-25.1 %)    0.17 sec    
  64 Win:  1. PO:    20. Path:    153. Gate:    3. TFO:   3323. A: 24005.36 ( +4.6 %)  D: 485.82 ps (-24.2 %)  B: 480.34 ps (-25.1 %)    0.17 sec    
  65 Win:  1. PO:    20. Path:    162. Gate:    4. TFO:   2277. A: 24009.33 ( +4.6 %)  D: 485.82 ps (-24.2 %)  B: 480.34 ps (-25.1 %)    0.17 sec    
  66 Win:  1. PO:    20. Path:    158. Gate:    1. TFO:   1228. A: 24010.96 ( +4.6 %)  D: 482.85 ps (-24.7 %)  B: 480.34 ps (-25.1 %)    0.17 sec    
  67 Win:  1. PO:    20. Path:    273. Gate:   10. TFO:   3369. A: 24011.89 ( +4.6 %)  D: 483.53 ps (-24.6 %)  B: 480.34 ps (-25.1 %)    0.17 sec    
  68 Win:  1. PO:    20. Path:    260. Gate:    6. TFO:   2407. A: 24011.19 ( +4.6 %)  D: 483.19 ps (-24.6 %)  B: 480.34 ps (-25.1 %)    0.17 sec    
  69 Win:  2. PO:    41. Path:    749. Gate:   39. TFO:   6784. A: 24027.29 ( +4.7 %)  D: 488.19 ps (-23.9 %)  B: 480.34 ps (-25.1 %)    0.18 sec    
  70 Win:  1. PO:    20. Path:    197. Gate:    2. TFO:   3284. A: 24028.23 ( +4.7 %)  D: 488.19 ps (-23.9 %)  B: 480.34 ps (-25.1 %)    0.18 sec    
  71 Win:  1. PO:    20. Path:    197. Gate:    2. TFO:   2441. A: 24027.29 ( +4.7 %)  D: 492.24 ps (-23.2 %)  B: 480.34 ps (-25.1 %)    0.18 sec    
  72 Win:  1. PO:    20. Path:     77. Gate:    1. TFO:     45. A: 24026.83 ( +4.7 %)  D: 492.24 ps (-23.2 %)  B: 480.34 ps (-25.1 %)    0.18 sec    
  73 Win:  2. PO:    21. Path:    260. Gate:    2. TFO:   2727. A: 24028.70 ( +4.7 %)  D: 492.96 ps (-23.1 %)  B: 480.34 ps (-25.1 %)    0.18 sec    
  74 Win:  1. PO:    20. Path:     77. Gate:    1. TFO:   1134. A: 24029.16 ( +4.7 %)  D: 487.96 ps (-23.9 %)  B: 480.34 ps (-25.1 %)    0.18 sec    
  75 Win:  1. PO:    20. Path:    260. Gate:    3. TFO:   3497. A: 24027.29 ( +4.7 %)  D: 486.07 ps (-24.2 %)  B: 480.34 ps (-25.1 %)    0.18 sec    
  76 Win:  2. PO:    41. Path:    537. Gate:   15. TFO:   6213. A: 24026.60 ( +4.7 %)  D: 489.56 ps (-23.7 %)  B: 480.34 ps (-25.1 %)    0.19 sec    
  77 Win:  2. PO:    21. Path:    303. Gate:    1. TFO:    181. A: 24024.73 ( +4.7 %)  D: 489.56 ps (-23.7 %)  B: 480.34 ps (-25.1 %)    0.19 sec    
  78 Win:  2. PO:    21. Path:    303. Gate:    1. TFO:    449. A: 24022.87 ( +4.7 %)  D: 489.56 ps (-23.7 %)  B: 480.34 ps (-25.1 %)    0.19 sec    
  79 Win:  4. PO:    64. Path:   1478. Gate:  147. TFO:  11287. A: 24083.08 ( +5.0 %)  D: 496.37 ps (-22.6 %)  B: 480.34 ps (-25.1 %)    0.20 sec    
  80 Win:  1. PO:    20. Path:     98. Gate:    3. TFO:   3331. A: 24086.35 ( +5.0 %)  D: 495.88 ps (-22.7 %)  B: 480.34 ps (-25.1 %)    0.20 sec    
  81 Win:  1. PO:    20. Path:    101. Gate:    2. TFO:   1689. A: 24088.68 ( +5.0 %)  D: 495.78 ps (-22.7 %)  B: 480.34 ps (-25.1 %)    0.20 sec    
  82 Win:  1. PO:    20. Path:     82. Gate:    1. TFO:   1266. A: 24090.31 ( +5.0 %)  D: 492.10 ps (-23.3 %)  B: 480.34 ps (-25.1 %)    0.20 sec    
  83 Win:  2. PO:    21. Path:    455. Gate:   20. TFO:   3629. A: 24099.19 ( +5.0 %)  D: 493.57 ps (-23.0 %)  B: 480.34 ps (-25.1 %)    0.20 sec    
  84 Win:  1. PO:    20. Path:    230. Gate:    6. TFO:   3628. A: 24101.75 ( +5.0 %)  D: 493.90 ps (-23.0 %)  B: 480.34 ps (-25.1 %)    0.21 sec    
  84 Win:  1. PO:    35. Path:    352. Gate:   22. TFO:   5525. A: 23840.52 ( +3.9 %)  D: 480.34 ps (-25.1 %)  B: 480.34 ps (-25.1 %)    0.21 sec    
Runtime: Critical path =     0.00 sec (  0.83 %)
Runtime: Sizing eval   =     0.07 sec ( 33.77 %)
Runtime: Timing update =     0.13 sec ( 63.66 %)
Runtime: Other         =     0.00 sec (  1.74 %)
Runtime: TOTAL         =     0.21 sec (100.00 %)
Parameters: Iters =    5.  UseDept = 1. UseWL = 0. Target =    0 ps. DelayGap =1000 ps. Timeout =   0 sec
    0 : Try = 23285  Over = 16311  Fail =  6730  Win =   244  A: 23662.77 ( -0.7 %)  D: 480.34 ps ( +0.0 %)      0.03 sec    
    1 : Try = 16311  Over = 12083  Fail =  4014  Win =   214  A: 23533.34 ( -1.3 %)  D: 480.34 ps ( +0.0 %)      0.05 sec    
    2 : Try = 12083  Over =  9314  Fail =  2576  Win =   193  A: 23434.00 ( -1.7 %)  D: 480.34 ps ( +0.0 %)      0.07 sec    
    3 : Try =  9314  Over =  7372  Fail =  1775  Win =   167  A: 23357.29 ( -2.0 %)  D: 480.34 ps ( +0.0 %)      0.09 sec    
    4 : Try =  7372  Over =  5811  Fail =  1406  Win =   155  A: 23295.05 ( -2.3 %)  D: 479.84 ps ( -0.1 %)      0.11 sec    
    5 : Try =  5811  Over =  4717  Fail =   952  Win =   142  A: 23241.45 ( -2.5 %)  D: 479.84 ps ( -0.1 %)      0.12 sec    
    6 : Try =  4717  Over =  3902  Fail =   676  Win =   139  A: 23193.22 ( -2.7 %)  D: 479.39 ps ( -0.2 %)      0.13 sec    
    7 : Try =  3902  Over =  3261  Fail =   512  Win =   129  A: 23150.82 ( -2.9 %)  D: 478.72 ps ( -0.3 %)      0.15 sec    
    8 : Try =  3261  Over =  2718  Fail =   431  Win =   112  A: 23114.72 ( -3.0 %)  D: 478.72 ps ( -0.3 %)      0.16 sec    
    9 : Try =  2718  Over =  2361  Fail =   239  Win =   118  A: 23079.09 ( -3.2 %)  D: 478.72 ps ( -0.3 %)      0.17 sec    
   10 : Try =  2361  Over =  2050  Fail =   209  Win =   102  A: 23047.42 ( -3.3 %)  D: 478.15 ps ( -0.5 %)      0.18 sec    
   11 : Try =  2050  Over =  1835  Fail =   118  Win =    97  A: 23016.67 ( -3.5 %)  D: 479.10 ps ( -0.3 %)      0.18 sec    
   12 : Try =  1835  Over =  1631  Fail =   108  Win =    96  A: 22988.03 ( -3.6 %)  D: 478.54 ps ( -0.4 %)      0.19 sec    
   13 : Try =  1631  Over =  1428  Fail =   117  Win =    86  A: 22962.19 ( -3.7 %)  D: 478.54 ps ( -0.4 %)      0.20 sec    
   14 : Try =  1428  Over =  1261  Fail =    88  Win =    79  A: 22939.84 ( -3.8 %)  D: 478.54 ps ( -0.4 %)      0.21 sec    
   15 : Try =  1261  Over =  1103  Fail =    80  Win =    78  A: 22919.13 ( -3.9 %)  D: 478.25 ps ( -0.4 %)      0.21 sec    
   16 : Try =  1103  Over =   988  Fail =    42  Win =    73  A: 22898.18 ( -4.0 %)  D: 478.25 ps ( -0.4 %)      0.22 sec    
   17 : Try =   988  Over =   867  Fail =    57  Win =    64  A: 22882.14 ( -4.0 %)  D: 478.67 ps ( -0.3 %)      0.22 sec    
   18 : Try =   867  Over =   726  Fail =    76  Win =    65  A: 22866.09 ( -4.1 %)  D: 478.67 ps ( -0.3 %)      0.23 sec    
   19 : Try =   726  Over =   627  Fail =    41  Win =    58  A: 22851.44 ( -4.1 %)  D: 478.67 ps ( -0.3 %)      0.23 sec    
   20 : Try =   627  Over =   545  Fail =    27  Win =    55  A: 22837.48 ( -4.2 %)  D: 478.67 ps ( -0.3 %)      0.24 sec    
   21 : Try =   545  Over =   467  Fail =    33  Win =    45  A: 22827.03 ( -4.3 %)  D: 478.67 ps ( -0.3 %)      0.24 sec    
   22 : Try =   467  Over =   411  Fail =    15  Win =    41  A: 22817.50 ( -4.3 %)  D: 478.67 ps ( -0.3 %)      0.24 sec    
   23 : Try =   411  Over =   355  Fail =    17  Win =    39  A: 22807.73 ( -4.3 %)  D: 478.67 ps ( -0.3 %)      0.25 sec    
   24 : Try =   355  Over =   296  Fail =    21  Win =    38  A: 22797.72 ( -4.4 %)  D: 478.67 ps ( -0.3 %)      0.25 sec    
   25 : Try =   296  Over =   242  Fail =    20  Win =    34  A: 22788.88 ( -4.4 %)  D: 478.67 ps ( -0.3 %)      0.25 sec    
   26 : Try =   242  Over =   203  Fail =     6  Win =    33  A: 22781.21 ( -4.4 %)  D: 478.67 ps ( -0.3 %)      0.25 sec    
   27 : Try =   203  Over =   172  Fail =     4  Win =    27  A: 22774.71 ( -4.5 %)  D: 478.67 ps ( -0.3 %)      0.26 sec    
   28 : Try =   172  Over =   135  Fail =    14  Win =    23  A: 22769.12 ( -4.5 %)  D: 478.67 ps ( -0.3 %)      0.26 sec    
   29 : Try =   135  Over =   115  Fail =     3  Win =    17  A: 22765.17 ( -4.5 %)  D: 478.67 ps ( -0.3 %)      0.26 sec    
   30 : Try =   115  Over =    93  Fail =     5  Win =    17  A: 22761.22 ( -4.5 %)  D: 478.23 ps ( -0.4 %)      0.26 sec    
   31 : Try =    93  Over =    76  Fail =     3  Win =    14  A: 22757.73 ( -4.5 %)  D: 478.23 ps ( -0.4 %)      0.26 sec    
   32 : Try =    76  Over =    58  Fail =     0  Win =    18  A: 22753.32 ( -4.6 %)  D: 478.23 ps ( -0.4 %)      0.26 sec    
   33 : Try =    58  Over =    42  Fail =     3  Win =    13  A: 22750.29 ( -4.6 %)  D: 478.23 ps ( -0.4 %)      0.26 sec    
   34 : Try =    42  Over =    30  Fail =     3  Win =     9  A: 22748.20 ( -4.6 %)  D: 478.23 ps ( -0.4 %)      0.26 sec    
   35 : Try =    30  Over =    18  Fail =     5  Win =     7  A: 22746.34 ( -4.6 %)  D: 478.23 ps ( -0.4 %)      0.26 sec    
   36 : Try =    18  Over =    10  Fail =     0  Win =     8  A: 22744.48 ( -4.6 %)  D: 478.23 ps ( -0.4 %)      0.26 sec    
   37 : Try =    10  Over =     4  Fail =     2  Win =     4  A: 22743.55 ( -4.6 %)  D: 478.23 ps ( -0.4 %)      0.26 sec    
   38 : Try =     4  Over =     2  Fail =     0  Win =     2  A: 22743.09 ( -4.6 %)  D: 478.23 ps ( -0.4 %)      0.26 sec    
   39 : Try =     2  Over =     0  Fail =     0  Win =     2  A: 22742.62 ( -4.6 %)  D: 478.23 ps ( -0.4 %)      0.26 sec    
Total : Try =106925  Over = 83640  Fail = 20428  Win =  2857  A: 22742.62 ( -4.6 %)  D: 478.23 ps ( -0.4 %)      0.26 sec    
    0 : Try = 23285  Over = 13764  Fail =  9373  Win =   148  A: 22674.55 ( -4.9 %)  D: 480.78 ps ( +0.1 %)      0.29 sec    
    1 : Try = 13764  Over =  9178  Fail =  4447  Win =   139  A: 22623.76 ( -5.1 %)  D: 480.78 ps ( +0.1 %)      0.32 sec    
    2 : Try =  9178  Over =  6235  Fail =  2827  Win =   116  A: 22587.19 ( -5.3 %)  D: 479.67 ps ( -0.1 %)      0.33 sec    
    3 : Try =  6235  Over =  4531  Fail =  1598  Win =   106  A: 22555.76 ( -5.4 %)  D: 479.46 ps ( -0.2 %)      0.35 sec    
    4 : Try =  4531  Over =  3439  Fail =   995  Win =    97  A: 22529.23 ( -5.5 %)  D: 479.46 ps ( -0.2 %)      0.36 sec    
    5 : Try =  3439  Over =  2745  Fail =   603  Win =    91  A: 22504.56 ( -5.6 %)  D: 479.46 ps ( -0.2 %)      0.37 sec    
    6 : Try =  2745  Over =  2277  Fail =   383  Win =    85  A: 22481.53 ( -5.7 %)  D: 478.99 ps ( -0.3 %)      0.38 sec    
    7 : Try =  2277  Over =  1925  Fail =   270  Win =    82  A: 22459.65 ( -5.8 %)  D: 478.99 ps ( -0.3 %)      0.38 sec    
    8 : Try =  1925  Over =  1613  Fail =   235  Win =    77  A: 22439.88 ( -5.9 %)  D: 478.99 ps ( -0.3 %)      0.39 sec    
    9 : Try =  1613  Over =  1411  Fail =   132  Win =    70  A: 22421.74 ( -6.0 %)  D: 479.45 ps ( -0.2 %)      0.40 sec    
   10 : Try =  1411  Over =  1187  Fail =   162  Win =    62  A: 22405.92 ( -6.0 %)  D: 479.45 ps ( -0.2 %)      0.40 sec    
   11 : Try =  1187  Over =  1003  Fail =   120  Win =    64  A: 22390.11 ( -6.1 %)  D: 479.45 ps ( -0.2 %)      0.41 sec    
   12 : Try =  1003  Over =   848  Fail =   106  Win =    49  A: 22377.78 ( -6.1 %)  D: 479.45 ps ( -0.2 %)      0.41 sec    
   13 : Try =   848  Over =   707  Fail =    94  Win =    47  A: 22366.39 ( -6.2 %)  D: 479.45 ps ( -0.2 %)      0.42 sec    
   14 : Try =   707  Over =   547  Fail =   119  Win =    41  A: 22356.39 ( -6.2 %)  D: 479.45 ps ( -0.2 %)      0.42 sec    
   15 : Try =   547  Over =   417  Fail =    92  Win =    38  A: 22347.56 ( -6.3 %)  D: 479.89 ps ( -0.1 %)      0.43 sec    
   16 : Try =   417  Over =   319  Fail =    70  Win =    28  A: 22341.05 ( -6.3 %)  D: 479.89 ps ( -0.1 %)      0.43 sec    
   17 : Try =   319  Over =   262  Fail =    30  Win =    27  A: 22334.78 ( -6.3 %)  D: 479.89 ps ( -0.1 %)      0.43 sec    
   18 : Try =   262  Over =   189  Fail =    50  Win =    23  A: 22329.43 ( -6.3 %)  D: 479.89 ps ( -0.1 %)      0.43 sec    
   19 : Try =   189  Over =   155  Fail =    12  Win =    22  A: 22324.32 ( -6.4 %)  D: 479.89 ps ( -0.1 %)      0.43 sec    
   20 : Try =   155  Over =   122  Fail =    13  Win =    20  A: 22319.67 ( -6.4 %)  D: 479.89 ps ( -0.1 %)      0.43 sec    
   21 : Try =   122  Over =    97  Fail =     8  Win =    17  A: 22315.72 ( -6.4 %)  D: 479.89 ps ( -0.1 %)      0.44 sec    
   22 : Try =    97  Over =    77  Fail =     8  Win =    12  A: 22312.93 ( -6.4 %)  D: 479.89 ps ( -0.1 %)      0.44 sec    
   23 : Try =    77  Over =    53  Fail =    10  Win =    14  A: 22309.68 ( -6.4 %)  D: 479.89 ps ( -0.1 %)      0.44 sec    
   24 : Try =    53  Over =    36  Fail =     8  Win =     9  A: 22307.58 ( -6.4 %)  D: 479.89 ps ( -0.1 %)      0.44 sec    
   25 : Try =    36  Over =    24  Fail =     5  Win =     7  A: 22305.96 ( -6.4 %)  D: 479.89 ps ( -0.1 %)      0.44 sec    
   26 : Try =    24  Over =    12  Fail =     9  Win =     3  A: 22305.26 ( -6.4 %)  D: 479.89 ps ( -0.1 %)      0.44 sec    
   27 : Try =    12  Over =     6  Fail =     2  Win =     4  A: 22304.33 ( -6.4 %)  D: 479.89 ps ( -0.1 %)      0.44 sec    
   28 : Try =     6  Over =     2  Fail =     3  Win =     1  A: 22304.10 ( -6.4 %)  D: 479.89 ps ( -0.1 %)      0.44 sec    
   29 : Try =     2  Over =     1  Fail =     0  Win =     1  A: 22303.87 ( -6.4 %)  D: 479.89 ps ( -0.1 %)      0.44 sec    
   30 : Try =     1  Over =     0  Fail =     1  Win =     0  A: 22301.57 ( -6.5 %)  D: 479.89 ps ( -0.1 %)      0.44 sec    
Total : Try = 76467  Over = 53182  Fail = 21785  Win =  1500  A: 22301.57 ( -6.5 %)  D: 479.89 ps ( -0.1 %)      0.44 sec    
    0 : Try = 23285  Over =  7525  Fail = 15700  Win =    60  A: 22278.73 ( -6.6 %)  D: 479.89 ps ( -0.1 %)      0.47 sec    
    1 : Try =  7525  Over =  3147  Fail =  4326  Win =    52  A: 22261.95 ( -6.6 %)  D: 479.89 ps ( -0.1 %)      0.49 sec    
    2 : Try =  3147  Over =  1747  Fail =  1360  Win =    40  A: 22251.02 ( -6.7 %)  D: 479.89 ps ( -0.1 %)      0.50 sec    
    3 : Try =  1747  Over =   985  Fail =   736  Win =    26  A: 22244.27 ( -6.7 %)  D: 479.90 ps ( -0.1 %)      0.50 sec    
    4 : Try =   985  Over =   589  Fail =   376  Win =    20  A: 22238.92 ( -6.7 %)  D: 479.69 ps ( -0.1 %)      0.51 sec    
    5 : Try =   589  Over =   382  Fail =   190  Win =    17  A: 22234.73 ( -6.7 %)  D: 479.53 ps ( -0.2 %)      0.51 sec    
    6 : Try =   382  Over =   227  Fail =   149  Win =     6  A: 22233.34 ( -6.7 %)  D: 479.53 ps ( -0.2 %)      0.51 sec    
    7 : Try =   227  Over =   166  Fail =    54  Win =     7  A: 22231.71 ( -6.7 %)  D: 479.53 ps ( -0.2 %)      0.51 sec    
    8 : Try =   166  Over =   100  Fail =    62  Win =     4  A: 22230.78 ( -6.8 %)  D: 479.53 ps ( -0.2 %)      0.51 sec    
    9 : Try =   100  Over =    59  Fail =    38  Win =     3  A: 22230.08 ( -6.8 %)  D: 479.53 ps ( -0.2 %)      0.51 sec    
   10 : Try =    59  Over =    43  Fail =    13  Win =     3  A: 22229.39 ( -6.8 %)  D: 479.53 ps ( -0.2 %)      0.51 sec    
   11 : Try =    43  Over =    19  Fail =    22  Win =     2  A: 22228.92 ( -6.8 %)  D: 479.53 ps ( -0.2 %)      0.52 sec    
   12 : Try =    19  Over =     2  Fail =    16  Win =     1  A: 22228.69 ( -6.8 %)  D: 479.53 ps ( -0.2 %)      0.52 sec    
   13 : Try =     2  Over =     0  Fail =     2  Win =     0  A: 22228.55 ( -6.8 %)  D: 479.53 ps ( -0.2 %)      0.52 sec    
Total : Try = 38276  Over = 14991  Fail = 23044  Win =   241  A: 22228.55 ( -6.8 %)  D: 479.53 ps ( -0.2 %)      0.52 sec    
    0 : Try = 23285  Over =  4069  Fail = 19191  Win =    25  A: 22221.80 ( -6.8 %)  D: 479.42 ps ( -0.2 %)      0.55 sec    
    1 : Try =  4069  Over =  1186  Fail =  2865  Win =    18  A: 22217.62 ( -6.8 %)  D: 479.67 ps ( -0.1 %)      0.56 sec    
    2 : Try =  1186  Over =   416  Fail =   757  Win =    13  A: 22214.60 ( -6.8 %)  D: 479.67 ps ( -0.1 %)      0.57 sec    
    3 : Try =   416  Over =   142  Fail =   267  Win =     7  A: 22212.97 ( -6.8 %)  D: 479.67 ps ( -0.1 %)      0.57 sec    
    4 : Try =   142  Over =    48  Fail =    91  Win =     3  A: 22212.27 ( -6.8 %)  D: 479.67 ps ( -0.1 %)      0.57 sec    
    5 : Try =    48  Over =    27  Fail =    19  Win =     2  A: 22211.81 ( -6.8 %)  D: 479.67 ps ( -0.1 %)      0.57 sec    
    6 : Try =    27  Over =    12  Fail =    14  Win =     1  A: 22211.58 ( -6.8 %)  D: 479.67 ps ( -0.1 %)      0.57 sec    
    7 : Try =    12  Over =     7  Fail =     4  Win =     1  A: 22211.34 ( -6.8 %)  D: 479.67 ps ( -0.1 %)      0.57 sec    
    8 : Try =     7  Over =     0  Fail =     7  Win =     0  A: 22211.29 ( -6.8 %)  D: 479.75 ps ( -0.1 %)      0.57 sec    
Total : Try = 29192  Over =  5907  Fail = 23215  Win =    70  A: 22211.29 ( -6.8 %)  D: 479.75 ps ( -0.1 %)      0.57 sec    
    0 : Try = 23285  Over =  2783  Fail = 20482  Win =    20  A: 22206.64 ( -6.9 %)  D: 479.75 ps ( -0.1 %)      0.61 sec    
    1 : Try =  2783  Over =   447  Fail =  2328  Win =     8  A: 22204.78 ( -6.9 %)  D: 479.75 ps ( -0.1 %)      0.61 sec    
    2 : Try =   447  Over =    90  Fail =   354  Win =     3  A: 22204.08 ( -6.9 %)  D: 479.75 ps ( -0.1 %)      0.61 sec    
    3 : Try =    90  Over =    15  Fail =    73  Win =     2  A: 22203.62 ( -6.9 %)  D: 479.75 ps ( -0.1 %)      0.61 sec    
    4 : Try =    15  Over =     0  Fail =    15  Win =     0  A: 22203.59 ( -6.9 %)  D: 479.78 ps ( -0.1 %)      0.62 sec    
Total : Try = 26620  Over =  3335  Fail = 23252  Win =    33  A: 22203.59 ( -6.9 %)  D: 479.78 ps ( -0.1 %)      0.62 sec    
Runtime: Critical path =     0.18 sec ( 28.42 %)
Runtime: Sizing eval   =     0.11 sec ( 18.31 %)
Runtime: Timing update =     0.24 sec ( 38.67 %)
Runtime: Other         =     0.09 sec ( 14.60 %)
Runtime: TOTAL         =     0.62 sec (100.00 %)
WireLoad = "none"  [1;33mGates =  23350[0m ( 24.2 %)   [1;32mCap =  1.1 ff[0m (  1.6 %)   [1;36mArea =    22203.59[0m ( 91.3 %)   [1;35mDelay =   479.78 ps[0m  ( 13.1 %)               
stmap74 final-critical stats: nodes = 23350  final-delay = 479.776  criticality-ge-0p50 = 12814  criticality-ge-0p75 = 10110  slack-le-5ps = 1771
stmap74 final-critical lineage: rank = 1  final-node = 11965  aig-id = 18002  phase = 1  final-gate = NOR2xp33_ASAP7_75t_L  final-fanouts = 6  final-criticality = 1.000  final-slack = 0.000000  final-arrival = 35.844803  final-departure = 443.931244  final-slew = 42.055748  final-load = 2.701  final-max-cap = 11.520  final-load-ratio = 0.234
stmap74 final-critical lineage: rank = 2  final-node = 12497  aig-id = 18837  phase = 0  final-gate = OAI311xp33_ASAP7_75t_L  final-fanouts = 4  final-criticality = 1.000  final-slack = 0.000000  final-arrival = 159.004181  final-departure = 321.502960  final-slew = 46.803215  final-load = 2.558  final-max-cap = 11.520  final-load-ratio = 0.222
stmap74 final-critical lineage: rank = 3  final-node = 12342  aig-id = 18805  phase = 1  final-gate = AOI311xp33_ASAP7_75t_L  final-fanouts = 5  final-criticality = 1.000  final-slack = 0.000000  final-arrival = 109.251358  final-departure = 379.116211  final-slew = 43.549774  final-load = 2.348  final-max-cap = 11.520  final-load-ratio = 0.204
stmap74 final-critical lineage: rank = 4  final-node = 13195  aig-id = -1  phase = -1  final-gate = HB1xp67_ASAP7_75t_L  final-fanouts = 10  final-criticality = 1.000  final-slack = 0.000000  final-arrival = 332.490784  final-departure = 156.874908  final-slew = 35.794483  final-load = 4.464  final-max-cap = 23.040  final-load-ratio = 0.194
stmap74 final-critical lineage: rank = 5  final-node = 15249  aig-id = 26156  phase = 0  final-gate = NAND5xp2_ASAP7_75t_L  final-fanouts = 5  final-criticality = 1.000  final-slack = 0.000000  final-arrival = 406.444061  final-departure = 85.067131  final-slew = 48.800625  final-load = 2.107  final-max-cap = 11.520  final-load-ratio = 0.183
stmap74 final-critical lineage: rank = 6  final-node = 15488  aig-id = 26160  phase = 1  final-gate = NOR5xp2_ASAP7_75t_L  final-fanouts = 4  final-criticality = 1.000  final-slack = 0.000000  final-arrival = 428.136414  final-departure = 51.639633  final-slew = 61.785431  final-load = 1.925  final-max-cap = 11.520  final-load-ratio = 0.167
stmap74 final-critical lineage: rank = 7  final-node = 12170  aig-id = 18467  phase = 1  final-gate = AOI32xp33_ASAP7_75t_L  final-fanouts = 3  final-criticality = 1.000  final-slack = 0.000000  final-arrival = 57.958366  final-departure = 421.817688  final-slew = 33.072838  final-load = 1.400  final-max-cap = 11.520  final-load-ratio = 0.121
stmap74 final-critical lineage: rank = 8  final-node = 15949  aig-id = 26163  phase = 0  final-gate = NAND4xp25_ASAP7_75t_L  final-fanouts = 2  final-criticality = 1.000  final-slack = 0.000000  final-arrival = 447.003235  final-departure = 37.298203  final-slew = 34.583309  final-load = 1.236  final-max-cap = 11.520  final-load-ratio = 0.107
stmap74 final-critical lineage: rank = 9  final-node = 12341  aig-id = 18520  phase = 0  final-gate = NAND3x1_ASAP7_75t_L  final-fanouts = 9  final-criticality = 1.000  final-slack = 0.000000  final-arrival = 84.733170  final-departure = 395.042877  final-slew = 32.571884  final-load = 4.674  final-max-cap = 46.080  final-load-ratio = 0.101
stmap74 final-critical lineage: rank = 10  final-node = 12530  aig-id = 18856  phase = 1  final-gate = AOI21xp5_ASAP7_75t_L  final-fanouts = 5  final-criticality = 1.000  final-slack = 0.000000  final-arrival = 193.885071  final-departure = 293.606293  final-slew = 27.216019  final-load = 2.200  final-max-cap = 23.040  final-load-ratio = 0.095
stmap74 final-critical lineage: rank = 11  final-node = 12507  aig-id = 18846  phase = 0  final-gate = NAND4xp75_ASAP7_75t_L  final-fanouts = 9  final-criticality = 1.000  final-slack = 0.000000  final-arrival = 177.050201  final-departure = 307.804077  final-slew = 33.405388  final-load = 3.957  final-max-cap = 46.080  final-load-ratio = 0.086
stmap74 final-critical lineage: rank = 12  final-node = 12675  aig-id = 19094  phase = 1  final-gate = NOR2x1_ASAP7_75t_L  final-fanouts = 10  final-criticality = 1.000  final-slack = 0.000000  final-arrival = 285.233459  final-departure = 202.807571  final-slew = 23.080772  final-load = 3.879  final-max-cap = 46.080  final-load-ratio = 0.084
