build.log: present
help.log: present
smoke_i10.log: present
metrics.csv: present
comparison.csv: present
guard_stats.csv: present
relief_diag.csv: present
near_miss_stats.csv: present
near_miss_diag.csv: present
summary.json: present
baseline_benchmarks_i10_aig.log: present
candidate_benchmarks_i10_aig.log: present
cec_benchmarks_i10_aig.log: present
baseline_benchmarks_ode_abc_blif.log: present
candidate_benchmarks_ode_abc_blif.log: present
cec_benchmarks_ode_abc_blif.log: present
baseline_benchmarks_or1200_abc_blif.log: present
candidate_benchmarks_or1200_abc_blif.log: present
cec_benchmarks_or1200_abc_blif.log: present
baseline_benchmarks_syn2_abc_blif.log: present
candidate_benchmarks_syn2_abc_blif.log: present
cec_benchmarks_syn2_abc_blif.log: present
