OK file .autoeda/runtime/results/stmap43/build.log
OK file .autoeda/runtime/results/stmap43/help.log
OK file .autoeda/runtime/results/stmap43/smoke_i10.log
OK file .autoeda/runtime/results/stmap43/eval_driver.log
OK file .autoeda/runtime/results/stmap43/summary.json
OK file .autoeda/runtime/results/stmap43/metrics.csv
OK file .autoeda/runtime/results/stmap43/comparison.csv
OK file .autoeda/runtime/results/stmap43/cec_summary.json
OK file .autoeda/runtime/results/stmap43/guard_stats.csv
OK file .autoeda/runtime/results/stmap43/near_miss_stats.csv
OK file .autoeda/runtime/results/stmap43/early_seed_stats.csv
OK file .autoeda/runtime/results/stmap43/penalty_stats.csv
OK file .autoeda/runtime/results/stmap43/feedback_load_stats.csv
OK file .autoeda/runtime/results/stmap43/feedback_load_criticality.csv
OK file .autoeda/runtime/results/stmap43/feedback_load_top.csv
OK file .autoeda/runtime/results/stmap43/scl_load_stats.csv
OK file .autoeda/runtime/results/stmap43/scl_load_criticality.csv
OK file .autoeda/runtime/results/stmap43/scl_load_top.csv
OK file .autoeda/runtime/results/stmap43/sink_pressure_stats.csv
OK file .autoeda/runtime/results/stmap43/sink_pressure_top.csv
OK file .autoeda/runtime/results/stmap43/moderate_penalty_seed_diag.csv
OK file .autoeda/runtime/results/stmap43/moderate_penalty_block_diag.csv
OK file .autoeda/runtime/results/stmap43/strong_penalty_seed_diag.csv
OK file .autoeda/runtime/results/stmap43/strong_penalty_block_diag.csv
OK file .autoeda/runtime/results/stmap43/review_prompt1.txt
OK file .autoeda/runtime/results/stmap43/review_prompt2.txt
OK file .autoeda/runtime/results/stmap43/review_pass1.log
OK file .autoeda/runtime/results/stmap43/review_pass1_supported.log
OK file .autoeda/runtime/results/stmap43/review_pass2.log
OK file .autoeda/runtime/results/stmap43/review_pass2_supported.log
OK file .autoeda/runtime/results/stmap43/review_summary.md
OK file .autoeda/runtime/results/stmap43/run_stmap43_eval.py
OK file .autoeda/runtime/results/stmap43/build.exit
OK exit .autoeda/runtime/results/stmap43/build.exit == 0
OK file .autoeda/runtime/results/stmap43/help.exit
OK exit .autoeda/runtime/results/stmap43/help.exit == 0
OK file .autoeda/runtime/results/stmap43/smoke_i10.exit
OK exit .autoeda/runtime/results/stmap43/smoke_i10.exit == 0
OK file .autoeda/runtime/results/stmap43/eval_driver.exit
OK exit .autoeda/runtime/results/stmap43/eval_driver.exit == 0
OK file .autoeda/runtime/results/stmap43/review_pass1.exit
OK exit .autoeda/runtime/results/stmap43/review_pass1.exit == 2
OK file .autoeda/runtime/results/stmap43/review_pass1_supported.exit
OK exit .autoeda/runtime/results/stmap43/review_pass1_supported.exit == 0
OK file .autoeda/runtime/results/stmap43/review_pass2.exit
OK exit .autoeda/runtime/results/stmap43/review_pass2.exit == 2
OK file .autoeda/runtime/results/stmap43/review_pass2_supported.exit
OK exit .autoeda/runtime/results/stmap43/review_pass2_supported.exit == 0
OK file .autoeda/runtime/results/stmap43/baseline_benchmarks_i10_aig.exit
OK exit .autoeda/runtime/results/stmap43/baseline_benchmarks_i10_aig.exit == 0
OK file .autoeda/runtime/results/stmap43/candidate_benchmarks_i10_aig.exit
OK exit .autoeda/runtime/results/stmap43/candidate_benchmarks_i10_aig.exit == 0
OK file .autoeda/runtime/results/stmap43/cec_benchmarks_i10_aig.exit
OK exit .autoeda/runtime/results/stmap43/cec_benchmarks_i10_aig.exit == 0
OK file .autoeda/runtime/results/stmap43/cec_benchmarks_i10_aig_orig.aig
OK file .autoeda/runtime/results/stmap43/cec_benchmarks_i10_aig_stmap43.aig
OK file .autoeda/runtime/results/stmap43/baseline_benchmarks_ode_abc_blif.exit
OK exit .autoeda/runtime/results/stmap43/baseline_benchmarks_ode_abc_blif.exit == 0
OK file .autoeda/runtime/results/stmap43/candidate_benchmarks_ode_abc_blif.exit
OK exit .autoeda/runtime/results/stmap43/candidate_benchmarks_ode_abc_blif.exit == 0
OK file .autoeda/runtime/results/stmap43/cec_benchmarks_ode_abc_blif.exit
OK exit .autoeda/runtime/results/stmap43/cec_benchmarks_ode_abc_blif.exit == 0
OK file .autoeda/runtime/results/stmap43/cec_benchmarks_ode_abc_blif_orig.aig
OK file .autoeda/runtime/results/stmap43/cec_benchmarks_ode_abc_blif_stmap43.aig
OK file .autoeda/runtime/results/stmap43/baseline_benchmarks_or1200_abc_blif.exit
OK exit .autoeda/runtime/results/stmap43/baseline_benchmarks_or1200_abc_blif.exit == 0
OK file .autoeda/runtime/results/stmap43/candidate_benchmarks_or1200_abc_blif.exit
OK exit .autoeda/runtime/results/stmap43/candidate_benchmarks_or1200_abc_blif.exit == 0
OK file .autoeda/runtime/results/stmap43/cec_benchmarks_or1200_abc_blif.exit
OK exit .autoeda/runtime/results/stmap43/cec_benchmarks_or1200_abc_blif.exit == 0
OK file .autoeda/runtime/results/stmap43/cec_benchmarks_or1200_abc_blif_orig.aig
OK file .autoeda/runtime/results/stmap43/cec_benchmarks_or1200_abc_blif_stmap43.aig
OK file .autoeda/runtime/results/stmap43/baseline_benchmarks_syn2_abc_blif.exit
OK exit .autoeda/runtime/results/stmap43/baseline_benchmarks_syn2_abc_blif.exit == 0
OK file .autoeda/runtime/results/stmap43/candidate_benchmarks_syn2_abc_blif.exit
OK exit .autoeda/runtime/results/stmap43/candidate_benchmarks_syn2_abc_blif.exit == 0
OK file .autoeda/runtime/results/stmap43/cec_benchmarks_syn2_abc_blif.exit
OK exit .autoeda/runtime/results/stmap43/cec_benchmarks_syn2_abc_blif.exit == 0
OK file .autoeda/runtime/results/stmap43/cec_benchmarks_syn2_abc_blif_orig.aig
OK file .autoeda/runtime/results/stmap43/cec_benchmarks_syn2_abc_blif_stmap43.aig
OK stmap43 artifact check complete
