======== ABC command line "read_lib 7nm_lvt_ff.lib; read benchmarks/syn2.abc.blif; resyn; resyn2; dch -v; stmap14; topo; buffer; upsize -v; dnsize -v; stime"
Library "ASAP7_7nm_LVT_FF" from "7nm_lvt_ff.lib" has 159 cells (26 skipped: 23 seq; 0 tri-state; 3 no func; 0 dont_use; 0 with 2 outputs; 0 with 3+ outputs).  Time =     0.24 sec
Warning: Detected 2 multi-output cells (for example, "FAx1_ASAP7_75t_L").
Hierarchy reader converted 4 instances of blackboxes.
Starting:  syn2            : pi =   450  po =   321  lat =  1512  and =   25570  lev =  67
Rewrite:   syn2            : pi =   450  po =   321  lat =  1512  and =   25403  lev =  67
Refactor:  syn2            : pi =   450  po =   321  lat =  1512  and =   25150  lev =  67
Balance:   syn2            : pi =   450  po =   321  lat =  1512  and =   25132  lev =  67
RewriteZ:  syn2            : pi =   450  po =   321  lat =  1512  and =   25006  lev =  67
Starting:  syn2            : pi =   450  po =   321  lat =  1512  and =   25006  lev =  67
Rewrite:   syn2            : pi =   450  po =   321  lat =  1512  and =   24948  lev =  67
Refactor:  syn2            : pi =   450  po =   321  lat =  1512  and =   24842  lev =  67
Balance:   syn2            : pi =   450  po =   321  lat =  1512  and =   24835  lev =  67
Rewrite:   syn2            : pi =   450  po =   321  lat =  1512  and =   24782  lev =  67
RewriteZ:  syn2            : pi =   450  po =   321  lat =  1512  and =   24739  lev =  67
Balance:   syn2            : pi =   450  po =   321  lat =  1512  and =   24735  lev =  67
RefactorZ: syn2            : pi =   450  po =   321  lat =  1512  and =   24578  lev =  67
RewriteZ:  syn2            : pi =   450  po =   321  lat =  1512  and =   24476  lev =  67
Balance:   syn2            : pi =   450  po =   321  lat =  1512  and =   24470  lev =  67
Parameters: Sim words = 8. Conf limit = 1000. SAT var max = 5000.
AIG nodes : Total =  68304. Dangling =  45536. Main =  22768. ( 33.33 %)
SAT solver: Vars = 1905. Max cone = 5246. Recycles = 8.
SAT calls : All =  12993. Unsat =   4111. Sat =   8882. Fail =      0.
Choices   : Lits =  21248. Reprs =     0. Equivs =     0. Choices =     0.
Choicing runtime statistics:
Sim init    =     0.01 sec (  0.59 %)
Sim SAT     =     0.58 sec ( 28.46 %)
SAT solving =     1.42 sec ( 69.44 %)
  sat       =     1.29 sec ( 63.06 %)
  unsat     =     0.13 sec (  6.61 %)
  undecided =     0.00 sec (  0.00 %)
Choice      =     0.00 sec (  0.00 %)
Other       =     0.03 sec (  1.51 %)
TOTAL       =     2.04 sec (100.00 %)
Synthesis   =     0.94 sec
Old choice computation time =     2.04 sec
STATS:  Ands:   68304  ->   47143.  Reprs:  19635  ->   3665.  Choices =   3066.
stmap14 guard stats: exact-risk = 98466  highest = 48768  lower-mod = 38545  upper-mod = 11153  middle-slack = 2009  middle-relief = 1  reject-slack = 35920  reject-highest = 28320  reject-arrival = 16668  reject-area = 17217
Parameters: Iters = 1000.  Time win =  1 %. Update ratio = 10 %. UseDept = 1. UseWL = 0. Target =    0 ps. DelayGap =  0 ps. Timeout =   0 sec
   0 Win:  1. PO:    40. Path:    180. Gate:   18. TFO:   7285. A: 22363.63 ( +0.1 %)  D: 630.35 ps ( -1.4 %)  B: 630.35 ps ( -1.4 %)    0.00 sec    
   1 Win:  1. PO:    20. Path:    170. Gate:   17. TFO:   4345. A: 22377.63 ( +0.1 %)  D: 623.04 ps ( -2.6 %)  B: 623.04 ps ( -2.6 %)    0.00 sec    
   2 Win:  1. PO:    20. Path:    235. Gate:   23. TFO:   3809. A: 22401.44 ( +0.3 %)  D: 609.03 ps ( -4.8 %)  B: 609.03 ps ( -4.8 %)    0.01 sec    
   3 Win:  1. PO:    20. Path:    118. Gate:   11. TFO:   3212. A: 22412.17 ( +0.3 %)  D: 596.07 ps ( -6.8 %)  B: 596.07 ps ( -6.8 %)    0.01 sec    
   4 Win:  1. PO:    20. Path:    169. Gate:   16. TFO:   3338. A: 22424.54 ( +0.4 %)  D: 584.21 ps ( -8.7 %)  B: 584.21 ps ( -8.7 %)    0.01 sec    
   5 Win:  1. PO:    60. Path:    310. Gate:   31. TFO:  10394. A: 22449.98 ( +0.5 %)  D: 578.25 ps ( -9.6 %)  B: 578.25 ps ( -9.6 %)    0.01 sec    
   6 Win:  2. PO:    60. Path:    616. Gate:   61. TFO:  11697. A: 22495.48 ( +0.7 %)  D: 562.82 ps (-12.0 %)  B: 562.82 ps (-12.0 %)    0.02 sec    
   7 Win:  1. PO:    20. Path:    261. Gate:   26. TFO:   4147. A: 22507.15 ( +0.7 %)  D: 556.55 ps (-13.0 %)  B: 556.55 ps (-13.0 %)    0.02 sec    
   8 Win:  1. PO:    20. Path:     90. Gate:    9. TFO:   3848. A: 22516.25 ( +0.8 %)  D: 550.94 ps (-13.9 %)  B: 550.94 ps (-13.9 %)    0.02 sec    
   9 Win:  1. PO:    34. Path:    309. Gate:   30. TFO:   8263. A: 22530.02 ( +0.8 %)  D: 539.31 ps (-15.7 %)  B: 539.31 ps (-15.7 %)    0.02 sec    
  10 Win:  1. PO:    74. Path:    288. Gate:   28. TFO:  13714. A: 22554.99 ( +0.9 %)  D: 536.14 ps (-16.2 %)  B: 536.14 ps (-16.2 %)    0.03 sec    
  11 Win:  1. PO:    20. Path:    161. Gate:   16. TFO:   4283. A: 22563.62 ( +1.0 %)  D: 531.60 ps (-16.9 %)  B: 531.60 ps (-16.9 %)    0.03 sec    
  12 Win:  1. PO:    70. Path:    352. Gate:   35. TFO:  15192. A: 22589.76 ( +1.1 %)  D: 532.49 ps (-16.7 %)  B: 531.60 ps (-16.9 %)    0.04 sec    
  13 Win:  2. PO:    82. Path:   1137. Gate:  113. TFO:  15970. A: 22676.34 ( +1.5 %)  D: 519.70 ps (-18.7 %)  B: 519.70 ps (-18.7 %)    0.04 sec    
  14 Win:  1. PO:    40. Path:    255. Gate:   25. TFO:   7311. A: 22697.34 ( +1.6 %)  D: 516.97 ps (-19.2 %)  B: 516.97 ps (-19.2 %)    0.05 sec    
  15 Win:  1. PO:    41. Path:    366. Gate:   36. TFO:  11462. A: 22724.42 ( +1.7 %)  D: 510.50 ps (-20.2 %)  B: 510.50 ps (-20.2 %)    0.05 sec    
  16 Win:  1. PO:    70. Path:    675. Gate:   67. TFO:  14600. A: 22778.32 ( +1.9 %)  D: 516.42 ps (-19.3 %)  B: 510.50 ps (-20.2 %)    0.06 sec    
  17 Win:  1. PO:    20. Path:     81. Gate:    8. TFO:   4337. A: 22780.43 ( +1.9 %)  D: 514.72 ps (-19.5 %)  B: 510.50 ps (-20.2 %)    0.06 sec    
  18 Win:  1. PO:    20. Path:     87. Gate:    8. TFO:   3490. A: 22785.56 ( +2.0 %)  D: 513.34 ps (-19.7 %)  B: 510.50 ps (-20.2 %)    0.06 sec    
  19 Win:  1. PO:    20. Path:    131. Gate:   13. TFO:   3976. A: 22793.96 ( +2.0 %)  D: 507.29 ps (-20.7 %)  B: 507.29 ps (-20.7 %)    0.06 sec    
  20 Win:  2. PO:    82. Path:   1613. Gate:  161. TFO:  15366. A: 22902.02 ( +2.5 %)  D: 503.25 ps (-21.3 %)  B: 503.25 ps (-21.3 %)    0.07 sec    
  21 Win:  1. PO:    60. Path:    310. Gate:   31. TFO:  10038. A: 22926.29 ( +2.6 %)  D: 500.38 ps (-21.8 %)  B: 500.38 ps (-21.8 %)    0.07 sec    
  22 Win:  1. PO:    20. Path:    154. Gate:   15. TFO:   4314. A: 22932.82 ( +2.6 %)  D: 495.60 ps (-22.5 %)  B: 495.60 ps (-22.5 %)    0.07 sec    
  23 Win:  1. PO:    60. Path:    298. Gate:   29. TFO:  10801. A: 22944.25 ( +2.7 %)  D: 499.14 ps (-22.0 %)  B: 495.60 ps (-22.5 %)    0.08 sec    
  24 Win:  1. PO:    20. Path:    123. Gate:   12. TFO:   3544. A: 22960.81 ( +2.8 %)  D: 497.00 ps (-22.3 %)  B: 495.60 ps (-22.5 %)    0.08 sec    
  25 Win:  1. PO:    20. Path:    143. Gate:   14. TFO:   3462. A: 22969.21 ( +2.8 %)  D: 495.73 ps (-22.5 %)  B: 495.60 ps (-22.5 %)    0.08 sec    
  26 Win:  1. PO:    20. Path:    141. Gate:   12. TFO:   3550. A: 22972.25 ( +2.8 %)  D: 495.53 ps (-22.5 %)  B: 495.53 ps (-22.5 %)    0.08 sec    
  27 Win:  2. PO:    62. Path:    617. Gate:   61. TFO:  12807. A: 23008.42 ( +3.0 %)  D: 500.94 ps (-21.7 %)  B: 495.53 ps (-22.5 %)    0.09 sec    
  28 Win:  1. PO:    20. Path:    113. Gate:    7. TFO:   3735. A: 23013.55 ( +3.0 %)  D: 498.20 ps (-22.1 %)  B: 495.53 ps (-22.5 %)    0.09 sec    
  29 Win:  1. PO:    20. Path:     91. Gate:    3. TFO:   3583. A: 23019.15 ( +3.0 %)  D: 499.73 ps (-21.9 %)  B: 495.53 ps (-22.5 %)    0.09 sec    
  30 Win:  1. PO:    20. Path:     83. Gate:    3. TFO:   3182. A: 23020.79 ( +3.0 %)  D: 497.75 ps (-22.2 %)  B: 495.53 ps (-22.5 %)    0.09 sec    
  31 Win:  1. PO:    20. Path:    102. Gate:    2. TFO:     92. A: 23022.89 ( +3.0 %)  D: 497.75 ps (-22.2 %)  B: 495.53 ps (-22.5 %)    0.09 sec    
  32 Win:  1. PO:    20. Path:     99. Gate:    2. TFO:   3506. A: 23026.15 ( +3.0 %)  D: 493.63 ps (-22.8 %)  B: 493.63 ps (-22.8 %)    0.09 sec    
  33 Win:  1. PO:    40. Path:    175. Gate:   16. TFO:   7100. A: 23033.39 ( +3.1 %)  D: 496.69 ps (-22.3 %)  B: 493.63 ps (-22.8 %)    0.09 sec    
  34 Win:  2. PO:    61. Path:    586. Gate:   58. TFO:  10903. A: 23063.49 ( +3.2 %)  D: 498.22 ps (-22.1 %)  B: 493.63 ps (-22.8 %)    0.10 sec    
  35 Win:  1. PO:    40. Path:    287. Gate:   26. TFO:   6751. A: 23074.46 ( +3.3 %)  D: 497.93 ps (-22.1 %)  B: 493.63 ps (-22.8 %)    0.10 sec    
  36 Win:  1. PO:    40. Path:    278. Gate:   26. TFO:   3608. A: 23093.36 ( +3.4 %)  D: 503.22 ps (-21.3 %)  B: 493.63 ps (-22.8 %)    0.10 sec    
  37 Win:  1. PO:    20. Path:    111. Gate:    9. TFO:   3534. A: 23100.59 ( +3.4 %)  D: 497.93 ps (-22.1 %)  B: 493.63 ps (-22.8 %)    0.10 sec    
  38 Win:  1. PO:    40. Path:    299. Gate:   29. TFO:   7862. A: 23117.16 ( +3.5 %)  D: 498.29 ps (-22.1 %)  B: 493.63 ps (-22.8 %)    0.11 sec    
  39 Win:  1. PO:    40. Path:    302. Gate:   18. TFO:   6724. A: 23132.80 ( +3.5 %)  D: 498.02 ps (-22.1 %)  B: 493.63 ps (-22.8 %)    0.11 sec    
  40 Win:  1. PO:    20. Path:    117. Gate:    6. TFO:   3193. A: 23132.80 ( +3.5 %)  D: 498.89 ps (-22.0 %)  B: 493.63 ps (-22.8 %)    0.11 sec    
  41 Win:  2. PO:    41. Path:    420. Gate:   39. TFO:   7202. A: 23148.90 ( +3.6 %)  D: 499.92 ps (-21.8 %)  B: 493.63 ps (-22.8 %)    0.11 sec    
  42 Win:  2. PO:    21. Path:    231. Gate:    9. TFO:   2222. A: 23155.90 ( +3.6 %)  D: 501.69 ps (-21.6 %)  B: 493.63 ps (-22.8 %)    0.12 sec    
  43 Win:  1. PO:    20. Path:     93. Gate:    2. TFO:   3507. A: 23158.00 ( +3.6 %)  D: 497.57 ps (-22.2 %)  B: 493.63 ps (-22.8 %)    0.12 sec    
  44 Win:  1. PO:    20. Path:     88. Gate:    1. TFO:   3049. A: 23158.47 ( +3.6 %)  D: 498.33 ps (-22.1 %)  B: 493.63 ps (-22.8 %)    0.12 sec    
  45 Win:  1. PO:    20. Path:     87. Gate:    3. TFO:    316. A: 23161.27 ( +3.7 %)  D: 498.33 ps (-22.1 %)  B: 493.63 ps (-22.8 %)    0.12 sec    
  46 Win:  1. PO:    20. Path:     90. Gate:    4. TFO:   1301. A: 23164.07 ( +3.7 %)  D: 498.06 ps (-22.1 %)  B: 493.63 ps (-22.8 %)    0.12 sec    
  47 Win:  1. PO:    20. Path:     81. Gate:    1. TFO:     45. A: 23164.54 ( +3.7 %)  D: 498.06 ps (-22.1 %)  B: 493.63 ps (-22.8 %)    0.12 sec    
  48 Win:  2. PO:    21. Path:    265. Gate:   18. TFO:   4177. A: 23174.57 ( +3.7 %)  D: 502.48 ps (-21.4 %)  B: 493.63 ps (-22.8 %)    0.12 sec    
  49 Win:  2. PO:    21. Path:    215. Gate:    8. TFO:   3465. A: 23177.84 ( +3.7 %)  D: 501.84 ps (-21.5 %)  B: 493.63 ps (-22.8 %)    0.12 sec    
  50 Win:  1. PO:    20. Path:     96. Gate:    3. TFO:    208. A: 23177.61 ( +3.7 %)  D: 501.84 ps (-21.5 %)  B: 493.63 ps (-22.8 %)    0.12 sec    
  51 Win:  2. PO:    21. Path:    206. Gate:    7. TFO:   1402. A: 23174.10 ( +3.7 %)  D: 502.11 ps (-21.5 %)  B: 493.63 ps (-22.8 %)    0.12 sec    
  52 Win:  1. PO:    20. Path:     83. Gate:    1. TFO:     72. A: 23174.10 ( +3.7 %)  D: 502.11 ps (-21.5 %)  B: 493.63 ps (-22.8 %)    0.12 sec    
  53 Win:  1. PO:    20. Path:     78. Gate:    3. TFO:   3521. A: 23178.30 ( +3.7 %)  D: 497.99 ps (-22.1 %)  B: 493.63 ps (-22.8 %)    0.12 sec    
  54 Win:  2. PO:    21. Path:    213. Gate:    5. TFO:    617. A: 23178.07 ( +3.7 %)  D: 497.99 ps (-22.1 %)  B: 493.63 ps (-22.8 %)    0.13 sec    
  55 Win:  2. PO:    21. Path:    212. Gate:    4. TFO:   1617. A: 23182.50 ( +3.7 %)  D: 498.29 ps (-22.1 %)  B: 493.63 ps (-22.8 %)    0.13 sec    
  56 Win:  1. PO:    20. Path:     79. Gate:    2. TFO:   1336. A: 23184.84 ( +3.8 %)  D: 498.02 ps (-22.1 %)  B: 493.63 ps (-22.8 %)    0.13 sec    
  57 Win:  1. PO:    20. Path:     79. Gate:    1. TFO:    129. A: 23185.30 ( +3.8 %)  D: 498.02 ps (-22.1 %)  B: 493.63 ps (-22.8 %)    0.13 sec    
  58 Win:  1. PO:    20. Path:     79. Gate:    1. TFO:   3508. A: 23183.44 ( +3.8 %)  D: 502.14 ps (-21.5 %)  B: 493.63 ps (-22.8 %)    0.13 sec    
  59 Win:  2. PO:    21. Path:    199. Gate:    4. TFO:    259. A: 23181.34 ( +3.7 %)  D: 502.14 ps (-21.5 %)  B: 493.63 ps (-22.8 %)    0.13 sec    
  60 Win:  2. PO:    21. Path:    200. Gate:    1. TFO:     64. A: 23180.87 ( +3.7 %)  D: 502.14 ps (-21.5 %)  B: 493.63 ps (-22.8 %)    0.13 sec    
  61 Win:  2. PO:    21. Path:    201. Gate:    4. TFO:   1340. A: 23175.04 ( +3.7 %)  D: 502.41 ps (-21.4 %)  B: 493.63 ps (-22.8 %)    0.13 sec    
  62 Win:  2. PO:    21. Path:    185. Gate:    3. TFO:    215. A: 23173.63 ( +3.7 %)  D: 502.41 ps (-21.4 %)  B: 493.63 ps (-22.8 %)    0.13 sec    
  63 Win:  1. PO:    20. Path:     86. Gate:    2. TFO:   3508. A: 23175.73 ( +3.7 %)  D: 498.29 ps (-22.1 %)  B: 493.63 ps (-22.8 %)    0.13 sec    
  64 Win:  1. PO:    20. Path:     88. Gate:    3. TFO:    249. A: 23180.17 ( +3.7 %)  D: 498.29 ps (-22.1 %)  B: 493.63 ps (-22.8 %)    0.13 sec    
  65 Win:  2. PO:    21. Path:    216. Gate:    5. TFO:   1758. A: 23180.17 ( +3.7 %)  D: 498.29 ps (-22.1 %)  B: 493.63 ps (-22.8 %)    0.13 sec    
  66 Win:  1. PO:    20. Path:     86. Gate:    2. TFO:   1337. A: 23182.50 ( +3.7 %)  D: 498.02 ps (-22.1 %)  B: 493.63 ps (-22.8 %)    0.13 sec    
  67 Win:  2. PO:    21. Path:    223. Gate:    2. TFO:    169. A: 23182.74 ( +3.8 %)  D: 498.02 ps (-22.1 %)  B: 493.63 ps (-22.8 %)    0.13 sec    
  68 Win:  1. PO:    20. Path:     86. Gate:    2. TFO:   3508. A: 23181.10 ( +3.7 %)  D: 502.14 ps (-21.5 %)  B: 493.63 ps (-22.8 %)    0.13 sec    
  69 Win:  2. PO:    21. Path:    201. Gate:    4. TFO:    268. A: 23176.20 ( +3.7 %)  D: 502.14 ps (-21.5 %)  B: 493.63 ps (-22.8 %)    0.13 sec    
  70 Win:  2. PO:    21. Path:    201. Gate:    1. TFO:    153. A: 23178.07 ( +3.7 %)  D: 502.14 ps (-21.5 %)  B: 493.63 ps (-22.8 %)    0.14 sec    
  71 Win:  2. PO:    21. Path:    204. Gate:    3. TFO:   1338. A: 23175.27 ( +3.7 %)  D: 502.41 ps (-21.4 %)  B: 493.63 ps (-22.8 %)    0.14 sec    
  72 Win:  4. PO:    83. Path:   2001. Gate:  200. TFO:  15188. A: 23254.39 ( +4.1 %)  D: 503.87 ps (-21.2 %)  B: 493.63 ps (-22.8 %)    0.15 sec    
  73 Win:  1. PO:    20. Path:    116. Gate:    3. TFO:   3508. A: 23256.26 ( +4.1 %)  D: 499.75 ps (-21.9 %)  B: 493.63 ps (-22.8 %)    0.15 sec    
  74 Win:  1. PO:    20. Path:    132. Gate:    4. TFO:   3275. A: 23258.82 ( +4.1 %)  D: 499.45 ps (-21.9 %)  B: 493.63 ps (-22.8 %)    0.15 sec    
  75 Win:  1. PO:    20. Path:    121. Gate:    1. TFO:    126. A: 23260.69 ( +4.1 %)  D: 499.45 ps (-21.9 %)  B: 493.63 ps (-22.8 %)    0.15 sec    
  76 Win:  2. PO:    61. Path:    405. Gate:   27. TFO:   9722. A: 23276.56 ( +4.2 %)  D: 499.18 ps (-21.9 %)  B: 493.63 ps (-22.8 %)    0.15 sec    
  77 Win:  1. PO:    40. Path:    198. Gate:   10. TFO:   4244. A: 23284.96 ( +4.2 %)  D: 499.18 ps (-21.9 %)  B: 493.63 ps (-22.8 %)    0.16 sec    
  78 Win:  1. PO:    20. Path:    116. Gate:    6. TFO:   3698. A: 23285.19 ( +4.2 %)  D: 503.30 ps (-21.3 %)  B: 493.63 ps (-22.8 %)    0.16 sec    
  79 Win:  2. PO:    21. Path:    220. Gate:    3. TFO:     71. A: 23283.32 ( +4.2 %)  D: 503.30 ps (-21.3 %)  B: 493.63 ps (-22.8 %)    0.16 sec    
  80 Win:  2. PO:    21. Path:    220. Gate:    1. TFO:    120. A: 23281.46 ( +4.2 %)  D: 503.30 ps (-21.3 %)  B: 493.63 ps (-22.8 %)    0.16 sec    
  81 Win:  1. PO:    20. Path:    103. Gate:    1. TFO:    158. A: 23283.32 ( +4.2 %)  D: 503.30 ps (-21.3 %)  B: 493.63 ps (-22.8 %)    0.16 sec    
  82 Win:  2. PO:    21. Path:    220. Gate:    4. TFO:    169. A: 23284.72 ( +4.2 %)  D: 503.30 ps (-21.3 %)  B: 493.63 ps (-22.8 %)    0.16 sec    
  83 Win:  2. PO:    21. Path:    221. Gate:    6. TFO:   3535. A: 23286.36 ( +4.2 %)  D: 499.18 ps (-21.9 %)  B: 493.63 ps (-22.8 %)    0.16 sec    
  83 Win:  1. PO:    30. Path:    252. Gate:   18. TFO:   4554. A: 23025.90 ( +3.0 %)  D: 493.63 ps (-22.8 %)  B: 493.63 ps (-22.8 %)    0.16 sec    
Runtime: Critical path =     0.00 sec (  0.92 %)
Runtime: Sizing eval   =     0.05 sec ( 29.05 %)
Runtime: Timing update =     0.11 sec ( 67.84 %)
Runtime: Other         =     0.00 sec (  2.19 %)
Runtime: TOTAL         =     0.16 sec (100.00 %)
Parameters: Iters =    5.  UseDept = 1. UseWL = 0. Target =    0 ps. DelayGap =1000 ps. Timeout =   0 sec
    0 : Try = 22751  Over = 15324  Fail =  7194  Win =   233  A: 22863.09 ( -0.7 %)  D: 493.30 ps ( -0.1 %)      0.03 sec    
    1 : Try = 15324  Over = 11748  Fail =  3367  Win =   209  A: 22751.16 ( -1.2 %)  D: 492.62 ps ( -0.2 %)      0.05 sec    
    2 : Try = 11748  Over =  8608  Fail =  2967  Win =   173  A: 22667.69 ( -1.6 %)  D: 492.96 ps ( -0.1 %)      0.07 sec    
    3 : Try =  8608  Over =  6832  Fail =  1605  Win =   171  A: 22598.46 ( -1.9 %)  D: 492.35 ps ( -0.3 %)      0.09 sec    
    4 : Try =  6832  Over =  5325  Fail =  1356  Win =   151  A: 22541.59 ( -2.1 %)  D: 492.53 ps ( -0.2 %)      0.11 sec    
    5 : Try =  5325  Over =  4252  Fail =   940  Win =   133  A: 22494.29 ( -2.3 %)  D: 491.94 ps ( -0.3 %)      0.12 sec    
    6 : Try =  4252  Over =  3551  Fail =   568  Win =   133  A: 22448.38 ( -2.5 %)  D: 492.62 ps ( -0.2 %)      0.13 sec    
    7 : Try =  3551  Over =  2994  Fail =   435  Win =   122  A: 22408.79 ( -2.7 %)  D: 491.65 ps ( -0.4 %)      0.14 sec    
    8 : Try =  2994  Over =  2585  Fail =   291  Win =   118  A: 22371.29 ( -2.8 %)  D: 491.59 ps ( -0.4 %)      0.15 sec    
    9 : Try =  2585  Over =  2222  Fail =   262  Win =   101  A: 22339.85 ( -3.0 %)  D: 492.65 ps ( -0.2 %)      0.16 sec    
   10 : Try =  2222  Over =  1939  Fail =   185  Win =    98  A: 22312.38 ( -3.1 %)  D: 492.65 ps ( -0.2 %)      0.17 sec    
   11 : Try =  1939  Over =  1738  Fail =   100  Win =   101  A: 22285.16 ( -3.2 %)  D: 492.52 ps ( -0.2 %)      0.18 sec    
   12 : Try =  1738  Over =  1537  Fail =   116  Win =    85  A: 22261.65 ( -3.3 %)  D: 492.48 ps ( -0.2 %)      0.19 sec    
   13 : Try =  1537  Over =  1361  Fail =    91  Win =    85  A: 22238.15 ( -3.4 %)  D: 492.48 ps ( -0.2 %)      0.19 sec    
   14 : Try =  1361  Over =  1213  Fail =    72  Win =    76  A: 22218.61 ( -3.5 %)  D: 492.07 ps ( -0.3 %)      0.20 sec    
   15 : Try =  1213  Over =  1040  Fail =   103  Win =    70  A: 22199.99 ( -3.6 %)  D: 492.18 ps ( -0.3 %)      0.21 sec    
   16 : Try =  1040  Over =   891  Fail =    83  Win =    66  A: 22182.78 ( -3.7 %)  D: 492.18 ps ( -0.3 %)      0.21 sec    
   17 : Try =   891  Over =   780  Fail =    47  Win =    64  A: 22166.73 ( -3.7 %)  D: 492.18 ps ( -0.3 %)      0.22 sec    
   18 : Try =   780  Over =   658  Fail =    65  Win =    57  A: 22152.31 ( -3.8 %)  D: 492.41 ps ( -0.2 %)      0.22 sec    
   19 : Try =   658  Over =   569  Fail =    39  Win =    50  A: 22139.99 ( -3.8 %)  D: 492.41 ps ( -0.2 %)      0.23 sec    
   20 : Try =   569  Over =   482  Fail =    44  Win =    43  A: 22129.06 ( -3.9 %)  D: 492.41 ps ( -0.2 %)      0.23 sec    
   21 : Try =   482  Over =   398  Fail =    41  Win =    43  A: 22118.12 ( -3.9 %)  D: 492.41 ps ( -0.2 %)      0.23 sec    
   22 : Try =   398  Over =   338  Fail =    26  Win =    34  A: 22110.22 ( -4.0 %)  D: 492.41 ps ( -0.2 %)      0.24 sec    
   23 : Try =   338  Over =   290  Fail =    12  Win =    36  A: 22101.62 ( -4.0 %)  D: 492.41 ps ( -0.2 %)      0.24 sec    
   24 : Try =   290  Over =   239  Fail =    17  Win =    34  A: 22092.78 ( -4.1 %)  D: 492.41 ps ( -0.2 %)      0.24 sec    
   25 : Try =   239  Over =   198  Fail =    11  Win =    30  A: 22085.34 ( -4.1 %)  D: 492.41 ps ( -0.2 %)      0.24 sec    
   26 : Try =   198  Over =   163  Fail =     9  Win =    26  A: 22078.83 ( -4.1 %)  D: 492.41 ps ( -0.2 %)      0.24 sec    
   27 : Try =   163  Over =   129  Fail =     5  Win =    29  A: 22072.09 ( -4.1 %)  D: 492.41 ps ( -0.2 %)      0.25 sec    
   28 : Try =   129  Over =    99  Fail =     7  Win =    23  A: 22066.51 ( -4.2 %)  D: 492.41 ps ( -0.2 %)      0.25 sec    
   29 : Try =    99  Over =    74  Fail =     7  Win =    18  A: 22062.32 ( -4.2 %)  D: 492.41 ps ( -0.2 %)      0.25 sec    
   30 : Try =    74  Over =    52  Fail =     5  Win =    17  A: 22058.37 ( -4.2 %)  D: 492.41 ps ( -0.2 %)      0.25 sec    
   31 : Try =    52  Over =    41  Fail =     0  Win =    11  A: 22055.82 ( -4.2 %)  D: 492.41 ps ( -0.2 %)      0.25 sec    
   32 : Try =    41  Over =    29  Fail =     2  Win =    10  A: 22053.49 ( -4.2 %)  D: 492.41 ps ( -0.2 %)      0.25 sec    
   33 : Try =    29  Over =    17  Fail =     3  Win =     9  A: 22051.40 ( -4.2 %)  D: 492.41 ps ( -0.2 %)      0.25 sec    
   34 : Try =    17  Over =    10  Fail =     3  Win =     4  A: 22050.24 ( -4.2 %)  D: 492.41 ps ( -0.2 %)      0.25 sec    
   35 : Try =    10  Over =     6  Fail =     1  Win =     3  A: 22049.54 ( -4.2 %)  D: 492.41 ps ( -0.2 %)      0.25 sec    
   36 : Try =     6  Over =     4  Fail =     0  Win =     2  A: 22049.07 ( -4.2 %)  D: 492.41 ps ( -0.2 %)      0.25 sec    
   37 : Try =     4  Over =     3  Fail =     0  Win =     1  A: 22048.84 ( -4.2 %)  D: 492.41 ps ( -0.2 %)      0.25 sec    
   38 : Try =     3  Over =     2  Fail =     0  Win =     1  A: 22048.61 ( -4.2 %)  D: 492.41 ps ( -0.2 %)      0.25 sec    
   39 : Try =     2  Over =     1  Fail =     0  Win =     1  A: 22048.38 ( -4.2 %)  D: 492.41 ps ( -0.2 %)      0.25 sec    
   40 : Try =     1  Over =     0  Fail =     0  Win =     1  A: 22048.14 ( -4.2 %)  D: 492.41 ps ( -0.2 %)      0.25 sec    
Total : Try =100493  Over = 77742  Fail = 20079  Win =  2672  A: 22048.14 ( -4.2 %)  D: 492.41 ps ( -0.2 %)      0.25 sec    
    0 : Try = 22751  Over = 12543  Fail = 10076  Win =   132  A: 21988.00 ( -4.5 %)  D: 492.49 ps ( -0.2 %)      0.28 sec    
    1 : Try = 12543  Over =  7876  Fail =  4537  Win =   130  A: 21943.74 ( -4.7 %)  D: 492.73 ps ( -0.2 %)      0.30 sec    
    2 : Try =  7876  Over =  5557  Fail =  2197  Win =   122  A: 21904.85 ( -4.9 %)  D: 494.07 ps ( +0.1 %)      0.32 sec    
    3 : Try =  5557  Over =  4112  Fail =  1340  Win =   105  A: 21874.82 ( -5.0 %)  D: 494.05 ps ( +0.1 %)      0.33 sec    
    4 : Try =  4112  Over =  3244  Fail =   774  Win =    94  A: 21848.52 ( -5.1 %)  D: 494.05 ps ( +0.1 %)      0.34 sec    
    5 : Try =  3244  Over =  2582  Fail =   576  Win =    86  A: 21826.19 ( -5.2 %)  D: 494.05 ps ( +0.1 %)      0.35 sec    
    6 : Try =  2582  Over =  2101  Fail =   390  Win =    91  A: 21804.10 ( -5.3 %)  D: 494.05 ps ( +0.1 %)      0.36 sec    
    7 : Try =  2101  Over =  1728  Fail =   292  Win =    81  A: 21783.64 ( -5.4 %)  D: 494.05 ps ( +0.1 %)      0.37 sec    
    8 : Try =  1728  Over =  1472  Fail =   184  Win =    72  A: 21765.96 ( -5.5 %)  D: 494.05 ps ( +0.1 %)      0.38 sec    
    9 : Try =  1472  Over =  1249  Fail =   154  Win =    69  A: 21749.46 ( -5.5 %)  D: 494.02 ps ( +0.1 %)      0.38 sec    
   10 : Try =  1249  Over =  1033  Fail =   160  Win =    56  A: 21735.97 ( -5.6 %)  D: 494.01 ps ( +0.1 %)      0.39 sec    
   11 : Try =  1033  Over =   844  Fail =   134  Win =    55  A: 21723.19 ( -5.7 %)  D: 493.42 ps ( -0.0 %)      0.39 sec    
   12 : Try =   844  Over =   687  Fail =   108  Win =    49  A: 21711.80 ( -5.7 %)  D: 493.42 ps ( -0.0 %)      0.40 sec    
   13 : Try =   687  Over =   552  Fail =    91  Win =    44  A: 21701.58 ( -5.8 %)  D: 493.42 ps ( -0.0 %)      0.40 sec    
   14 : Try =   552  Over =   453  Fail =    63  Win =    36  A: 21693.21 ( -5.8 %)  D: 493.42 ps ( -0.0 %)      0.40 sec    
   15 : Try =   453  Over =   361  Fail =    53  Win =    39  A: 21684.14 ( -5.8 %)  D: 493.42 ps ( -0.0 %)      0.41 sec    
   16 : Try =   361  Over =   288  Fail =    45  Win =    28  A: 21677.64 ( -5.9 %)  D: 493.42 ps ( -0.0 %)      0.41 sec    
   17 : Try =   288  Over =   217  Fail =    47  Win =    24  A: 21672.06 ( -5.9 %)  D: 493.42 ps ( -0.0 %)      0.41 sec    
   18 : Try =   217  Over =   165  Fail =    28  Win =    24  A: 21666.48 ( -5.9 %)  D: 493.42 ps ( -0.0 %)      0.41 sec    
   19 : Try =   165  Over =   123  Fail =    24  Win =    18  A: 21662.30 ( -5.9 %)  D: 493.42 ps ( -0.0 %)      0.41 sec    
   20 : Try =   123  Over =    92  Fail =    12  Win =    19  A: 21657.88 ( -5.9 %)  D: 493.42 ps ( -0.0 %)      0.42 sec    
   21 : Try =    92  Over =    68  Fail =    12  Win =    12  A: 21655.09 ( -6.0 %)  D: 493.42 ps ( -0.0 %)      0.42 sec    
   22 : Try =    68  Over =    51  Fail =     5  Win =    12  A: 21652.30 ( -6.0 %)  D: 493.42 ps ( -0.0 %)      0.42 sec    
   23 : Try =    51  Over =    35  Fail =     6  Win =    10  A: 21649.98 ( -6.0 %)  D: 493.42 ps ( -0.0 %)      0.42 sec    
   24 : Try =    35  Over =    24  Fail =     3  Win =     8  A: 21648.12 ( -6.0 %)  D: 493.42 ps ( -0.0 %)      0.42 sec    
   25 : Try =    24  Over =    12  Fail =     5  Win =     7  A: 21646.49 ( -6.0 %)  D: 493.42 ps ( -0.0 %)      0.42 sec    
   26 : Try =    12  Over =     5  Fail =     4  Win =     3  A: 21645.79 ( -6.0 %)  D: 493.42 ps ( -0.0 %)      0.42 sec    
   27 : Try =     5  Over =     2  Fail =     1  Win =     2  A: 21645.33 ( -6.0 %)  D: 493.42 ps ( -0.0 %)      0.42 sec    
   28 : Try =     2  Over =     1  Fail =     0  Win =     1  A: 21645.10 ( -6.0 %)  D: 493.42 ps ( -0.0 %)      0.42 sec    
   29 : Try =     1  Over =     0  Fail =     1  Win =     0  A: 21642.79 ( -6.0 %)  D: 493.38 ps ( -0.1 %)      0.42 sec    
Total : Try = 70228  Over = 47477  Fail = 21322  Win =  1429  A: 21642.79 ( -6.0 %)  D: 493.38 ps ( -0.1 %)      0.42 sec    
    0 : Try = 22751  Over =  6815  Fail = 15883  Win =    53  A: 21623.68 ( -6.1 %)  D: 492.96 ps ( -0.1 %)      0.46 sec    
    1 : Try =  6815  Over =  3036  Fail =  3734  Win =    45  A: 21608.31 ( -6.2 %)  D: 492.96 ps ( -0.1 %)      0.47 sec    
    2 : Try =  3036  Over =  1329  Fail =  1677  Win =    30  A: 21599.46 ( -6.2 %)  D: 493.03 ps ( -0.1 %)      0.48 sec    
    3 : Try =  1329  Over =   629  Fail =   683  Win =    17  A: 21595.04 ( -6.2 %)  D: 493.03 ps ( -0.1 %)      0.48 sec    
    4 : Try =   629  Over =   420  Fail =   195  Win =    14  A: 21591.55 ( -6.2 %)  D: 493.03 ps ( -0.1 %)      0.48 sec    
    5 : Try =   420  Over =   275  Fail =   134  Win =    11  A: 21589.00 ( -6.2 %)  D: 493.03 ps ( -0.1 %)      0.49 sec    
    6 : Try =   275  Over =   193  Fail =    73  Win =     9  A: 21586.90 ( -6.2 %)  D: 493.03 ps ( -0.1 %)      0.49 sec    
    7 : Try =   193  Over =   134  Fail =    53  Win =     6  A: 21585.51 ( -6.3 %)  D: 493.03 ps ( -0.1 %)      0.49 sec    
    8 : Try =   134  Over =    73  Fail =    56  Win =     5  A: 21584.35 ( -6.3 %)  D: 493.03 ps ( -0.1 %)      0.49 sec    
    9 : Try =    73  Over =    20  Fail =    51  Win =     2  A: 21583.88 ( -6.3 %)  D: 493.03 ps ( -0.1 %)      0.49 sec    
   10 : Try =    20  Over =     2  Fail =    17  Win =     1  A: 21583.65 ( -6.3 %)  D: 493.03 ps ( -0.1 %)      0.49 sec    
   11 : Try =     2  Over =     0  Fail =     2  Win =     0  A: 21583.53 ( -6.3 %)  D: 493.07 ps ( -0.1 %)      0.50 sec    
Total : Try = 35677  Over = 12926  Fail = 22558  Win =   193  A: 21583.53 ( -6.3 %)  D: 493.07 ps ( -0.1 %)      0.50 sec    
    0 : Try = 22751  Over =  4643  Fail = 18076  Win =    32  A: 21573.75 ( -6.3 %)  D: 493.07 ps ( -0.1 %)      0.53 sec    
    1 : Try =  4643  Over =  1251  Fail =  3372  Win =    20  A: 21568.87 ( -6.3 %)  D: 493.07 ps ( -0.1 %)      0.54 sec    
    2 : Try =  1251  Over =   405  Fail =   835  Win =    11  A: 21565.85 ( -6.3 %)  D: 493.07 ps ( -0.1 %)      0.54 sec    
    3 : Try =   405  Over =   155  Fail =   246  Win =     4  A: 21564.92 ( -6.3 %)  D: 493.07 ps ( -0.1 %)      0.54 sec    
    4 : Try =   155  Over =    32  Fail =   122  Win =     1  A: 21564.68 ( -6.3 %)  D: 493.07 ps ( -0.1 %)      0.54 sec    
    5 : Try =    32  Over =     0  Fail =    32  Win =     0  A: 21564.64 ( -6.3 %)  D: 493.07 ps ( -0.1 %)      0.55 sec    
Total : Try = 29237  Over =  6486  Fail = 22683  Win =    68  A: 21564.64 ( -6.3 %)  D: 493.07 ps ( -0.1 %)      0.55 sec    
    0 : Try = 22751  Over =  2442  Fail = 20291  Win =    18  A: 21557.18 ( -6.4 %)  D: 493.07 ps ( -0.1 %)      0.58 sec    
    1 : Try =  2442  Over =   607  Fail =  1826  Win =     9  A: 21555.09 ( -6.4 %)  D: 493.07 ps ( -0.1 %)      0.59 sec    
    2 : Try =   607  Over =    36  Fail =   569  Win =     2  A: 21554.39 ( -6.4 %)  D: 493.07 ps ( -0.1 %)      0.59 sec    
    3 : Try =    36  Over =     0  Fail =    36  Win =     0  A: 21554.37 ( -6.4 %)  D: 493.07 ps ( -0.1 %)      0.59 sec    
Total : Try = 25836  Over =  3085  Fail = 22722  Win =    29  A: 21554.37 ( -6.4 %)  D: 493.07 ps ( -0.1 %)      0.59 sec    
Runtime: Critical path =     0.17 sec ( 28.27 %)
Runtime: Sizing eval   =     0.10 sec ( 17.67 %)
Runtime: Timing update =     0.23 sec ( 39.25 %)
Runtime: Other         =     0.09 sec ( 14.81 %)
Runtime: TOTAL         =     0.59 sec (100.00 %)
WireLoad = "none"  [1;33mGates =  22816[0m ( 24.4 %)   [1;32mCap =  1.1 ff[0m (  1.5 %)   [1;36mArea =    21554.37[0m ( 91.8 %)   [1;35mDelay =   493.07 ps[0m  ( 11.6 %)               
